==============================================================================
  Part1 surrogate evaluation — models_part1_fix184_s45
  MLP-Attention-LSTM (Part1, KAN ablation control), 3 ensemble member(s), split mode hash
==============================================================================

  [train]  141 simulations
    thermocouples   R2  0.8563   RMSE   56.50 degC
      External_LV1     R2  0.8679   RMSE   61.84 degC
      External_LV2     R2  0.8348   RMSE   50.61 degC
    HRR channels
      HRR              R2  0.9360   RMSE   356.3 kW
      Q_RADI           R2  0.9417   RMSE    98.8 kW
      Q_CONV           R2  0.9450   RMSE   234.9 kW
      Q_COND           R2  0.8888   RMSE     1.6 kW
      Q_TOTAL          R2  0.0969   RMSE    16.5 kW
    per geometry
      baseline             n=17  TC R2  0.8525  RMSE   57.52 degC   HRR R2  0.9523
      noair                n=18  TC R2  0.8817  RMSE   49.69 degC   HRR R2  0.9506
      nogap                n=18  TC R2  0.8489  RMSE   58.06 degC   HRR R2  0.9562
      noair_nogap          n=21  TC R2  0.8751  RMSE   50.89 degC   HRR R2  0.9463
      nocb                 n=14  TC R2  0.8225  RMSE   65.22 degC   HRR R2  0.9024
      noair_nocb           n=17  TC R2  0.8869  RMSE   47.75 degC   HRR R2  0.9467
      nogap_nocb           n=18  TC R2  0.7915  RMSE   71.37 degC   HRR R2  0.8918
      noair_nogap_nocb     n=18  TC R2  0.8793  RMSE   49.68 degC   HRR R2  0.9494
    physics                          model      FDS truth
      sub-ambient points                0              0   PASS
      worst growth drop degC      -155.05        -440.12   PASS
      growth 0.1pct step degC      -53.44        -137.10
      max late rise degC/step       16.28         107.25   PASS

  [valid]  20 simulations
    thermocouples   R2  0.7759   RMSE   72.83 degC
      External_LV1     R2  0.7908   RMSE   79.51 degC
      External_LV2     R2  0.7496   RMSE   65.46 degC
    HRR channels
      HRR              R2  0.9178   RMSE   415.5 kW
      Q_RADI           R2  0.8898   RMSE   140.6 kW
      Q_CONV           R2  0.8961   RMSE   332.3 kW
      Q_COND           R2  0.7756   RMSE     2.5 kW
      Q_TOTAL          R2  0.0861   RMSE    17.9 kW
    per geometry
      baseline             n= 4  TC R2  0.7994  RMSE   67.16 degC   HRR R2  0.9512
      noair                n= 2  TC R2  0.9046  RMSE   42.80 degC   HRR R2  0.9669
      nogap                n= 3  TC R2  0.7042  RMSE   90.83 degC   HRR R2  0.9152
      noair_nogap          n= 2  TC R2  0.8902  RMSE   36.71 degC   HRR R2  0.9711
      nocb                 n= 2  TC R2  0.5802  RMSE  112.73 degC   HRR R2  0.8685
      noair_nocb           n= 2  TC R2  0.8748  RMSE   39.83 degC   HRR R2  0.9649
      nogap_nocb           n= 3  TC R2  0.7476  RMSE   79.54 degC   HRR R2  0.8452
      noair_nogap_nocb     n= 2  TC R2  0.8263  RMSE   68.39 degC   HRR R2  0.9393
    physics                          model      FDS truth
      sub-ambient points                0              0   PASS
      worst growth drop degC      -181.19        -363.72   PASS
      growth 0.1pct step degC      -68.75        -161.64
      max late rise degC/step       15.89          67.88   PASS

  [test]  23 simulations
    thermocouples   R2  0.8029   RMSE   63.40 degC
      External_LV1     R2  0.8174   RMSE   69.80 degC
      External_LV2     R2  0.7757   RMSE   56.27 degC
    HRR channels
      HRR              R2  0.9234   RMSE   381.1 kW
      Q_RADI           R2  0.9271   RMSE   107.4 kW
      Q_CONV           R2  0.9324   RMSE   256.6 kW
      Q_COND           R2  0.7586   RMSE     2.4 kW
      Q_TOTAL          R2  0.0748   RMSE    19.1 kW
    per geometry
      baseline             n= 4  TC R2  0.8948  RMSE   41.25 degC   HRR R2  0.9608
      noair                n= 3  TC R2  0.8582  RMSE   48.26 degC   HRR R2  0.9235
      nogap                n= 1  TC R2  0.7883  RMSE   69.95 degC   HRR R2  0.9280
      noair_nogap          n= 2  TC R2  0.8639  RMSE   51.47 degC   HRR R2  0.9368
      nocb                 n= 5  TC R2  0.6646  RMSE   94.98 degC   HRR R2  0.8912
      noair_nocb           n= 3  TC R2  0.7475  RMSE   72.11 degC   HRR R2  0.8884
      nogap_nocb           n= 3  TC R2  0.9059  RMSE   37.18 degC   HRR R2  0.9701
      noair_nogap_nocb     n= 2  TC R2  0.8903  RMSE   42.44 degC   HRR R2  0.9710
    physics                          model      FDS truth
      sub-ambient points                0              0   PASS
      worst growth drop degC      -139.88        -291.74   PASS
      growth 0.1pct step degC      -45.47        -116.59
      max late rise degC/step       17.11          93.58   PASS

  combined valid+test TC R2: 0.7894
  (checkpoint ranking uses this, never test alone)

  written: models_part1_fix184_s45\evaluation_part1.json
