==============================================================================
  Part1 surrogate evaluation — models_part1_bal_s48_r2
  MLP-Attention-LSTM (Part1, KAN ablation control), 3 ensemble member(s), split mode hash
==============================================================================

  [train]  141 simulations
    thermocouples   R2  0.8607   RMSE   55.64 degC
      External_LV1     R2  0.8564   RMSE   64.48 degC
      External_LV2     R2  0.8688   RMSE   45.09 degC
    HRR channels
      HRR              R2  0.9314   RMSE   368.7 kW
      Q_RADI           R2  0.9546   RMSE    87.2 kW
      Q_CONV           R2  0.9580   RMSE   205.3 kW
      Q_COND           R2  0.9014   RMSE     1.5 kW
      Q_TOTAL          R2  0.0946   RMSE    16.5 kW
    per geometry
      baseline             n=17  TC R2  0.8502  RMSE   57.98 degC   HRR R2  0.9585
      noair                n=18  TC R2  0.8852  RMSE   48.94 degC   HRR R2  0.9512
      nogap                n=18  TC R2  0.8525  RMSE   57.36 degC   HRR R2  0.9582
      noair_nogap          n=21  TC R2  0.8813  RMSE   49.60 degC   HRR R2  0.9493
      nocb                 n=14  TC R2  0.8289  RMSE   64.02 degC   HRR R2  0.8939
      noair_nocb           n=17  TC R2  0.8913  RMSE   46.82 degC   HRR R2  0.9517
      nogap_nocb           n=18  TC R2  0.7986  RMSE   70.14 degC   HRR R2  0.8566
      noair_nogap_nocb     n=18  TC R2  0.8856  RMSE   48.36 degC   HRR R2  0.9477
    physics                          model      FDS truth
      sub-ambient points                0              0   PASS
      worst growth drop degC      -178.28        -440.12   PASS
      growth 0.1pct step degC      -58.98        -137.10
      max late rise degC/step       51.67         107.25   PASS

  [valid]  20 simulations
    thermocouples   R2  0.7746   RMSE   73.04 degC
      External_LV1     R2  0.7743   RMSE   82.60 degC
      External_LV2     R2  0.7751   RMSE   62.03 degC
    HRR channels
      HRR              R2  0.9145   RMSE   423.5 kW
      Q_RADI           R2  0.9084   RMSE   128.2 kW
      Q_CONV           R2  0.9160   RMSE   298.8 kW
      Q_COND           R2  0.7746   RMSE     2.5 kW
      Q_TOTAL          R2  0.0789   RMSE    17.9 kW
    per geometry
      baseline             n= 4  TC R2  0.8211  RMSE   63.43 degC   HRR R2  0.9439
      noair                n= 2  TC R2  0.9170  RMSE   39.93 degC   HRR R2  0.9713
      nogap                n= 3  TC R2  0.7171  RMSE   88.83 degC   HRR R2  0.9098
      noair_nogap          n= 2  TC R2  0.9193  RMSE   31.47 degC   HRR R2  0.9777
      nocb                 n= 2  TC R2  0.5155  RMSE  121.12 degC   HRR R2  0.8438
      noair_nocb           n= 2  TC R2  0.8902  RMSE   37.30 degC   HRR R2  0.9724
      nogap_nocb           n= 3  TC R2  0.7403  RMSE   80.69 degC   HRR R2  0.8558
      noair_nogap_nocb     n= 2  TC R2  0.8122  RMSE   71.11 degC   HRR R2  0.9357
    physics                          model      FDS truth
      sub-ambient points                0              0   PASS
      worst growth drop degC      -175.88        -363.72   PASS
      growth 0.1pct step degC      -71.99        -161.64
      max late rise degC/step       37.49          67.88   PASS

  [test]  23 simulations
    thermocouples   R2  0.8053   RMSE   63.02 degC
      External_LV1     R2  0.8078   RMSE   71.61 degC
      External_LV2     R2  0.8006   RMSE   53.05 degC
    HRR channels
      HRR              R2  0.9245   RMSE   378.4 kW
      Q_RADI           R2  0.9327   RMSE   103.2 kW
      Q_CONV           R2  0.9363   RMSE   248.9 kW
      Q_COND           R2  0.7697   RMSE     2.3 kW
      Q_TOTAL          R2  0.0768   RMSE    19.1 kW
    per geometry
      baseline             n= 4  TC R2  0.9048  RMSE   39.25 degC   HRR R2  0.9703
      noair                n= 3  TC R2  0.8715  RMSE   45.94 degC   HRR R2  0.9432
      nogap                n= 1  TC R2  0.7643  RMSE   73.81 degC   HRR R2  0.9285
      noair_nogap          n= 2  TC R2  0.8580  RMSE   52.57 degC   HRR R2  0.9377
      nocb                 n= 5  TC R2  0.6660  RMSE   94.78 degC   HRR R2  0.8898
      noair_nocb           n= 3  TC R2  0.7283  RMSE   74.80 degC   HRR R2  0.8679
      nogap_nocb           n= 3  TC R2  0.9264  RMSE   32.87 degC   HRR R2  0.9764
      noair_nogap_nocb     n= 2  TC R2  0.9108  RMSE   38.27 degC   HRR R2  0.9763
    physics                          model      FDS truth
      sub-ambient points                0              0   PASS
      worst growth drop degC      -165.59        -291.74   PASS
      growth 0.1pct step degC      -44.62        -116.59
      max late rise degC/step       40.08          93.58   PASS

  combined valid+test TC R2: 0.7899
  (checkpoint ranking uses this, never test alone)

  written: models_part1_bal_s48_r2\evaluation_part1.json
