==============================================================================
  Part1 surrogate evaluation — models_part1_bal_s42_r2
  MLP-Attention-LSTM (Part1, KAN ablation control), 3 ensemble member(s), split mode hash
==============================================================================

  [train]  141 simulations
    thermocouples   R2  0.7875   RMSE   68.72 degC
      External_LV1     R2  0.8266   RMSE   70.84 degC
      External_LV2     R2  0.7145   RMSE   66.52 degC
    HRR channels
      HRR              R2  0.9622   RMSE   273.6 kW
      Q_RADI           R2  0.9604   RMSE    81.4 kW
      Q_CONV           R2  0.9623   RMSE   194.5 kW
      Q_COND           R2  0.8916   RMSE     1.6 kW
      Q_TOTAL          R2  0.1325   RMSE    16.2 kW
    per geometry
      baseline             n=17  TC R2  0.7750  RMSE   71.05 degC   HRR R2  0.9864
      noair                n=18  TC R2  0.8198  RMSE   61.32 degC   HRR R2  0.9758
      nogap                n=18  TC R2  0.7767  RMSE   70.58 degC   HRR R2  0.9758
      noair_nogap          n=21  TC R2  0.8154  RMSE   61.86 degC   HRR R2  0.9680
      nocb                 n=14  TC R2  0.7385  RMSE   79.17 degC   HRR R2  0.9411
      noair_nocb           n=17  TC R2  0.8281  RMSE   58.87 degC   HRR R2  0.9705
      nogap_nocb           n=18  TC R2  0.7085  RMSE   84.38 degC   HRR R2  0.9154
      noair_nogap_nocb     n=18  TC R2  0.8167  RMSE   61.23 degC   HRR R2  0.9762
    physics                          model      FDS truth
      sub-ambient points                0              0   PASS
      worst growth drop degC      -155.75        -440.12   PASS
      growth 0.1pct step degC      -60.44        -137.10
      max late rise degC/step       16.57         107.25   PASS

  [valid]  20 simulations
    thermocouples   R2  0.7108   RMSE   82.74 degC
      External_LV1     R2  0.7541   RMSE   86.20 degC
      External_LV2     R2  0.6342   RMSE   79.12 degC
    HRR channels
      HRR              R2  0.9321   RMSE   377.6 kW
      Q_RADI           R2  0.9255   RMSE   115.6 kW
      Q_CONV           R2  0.9324   RMSE   268.1 kW
      Q_COND           R2  0.7957   RMSE     2.4 kW
      Q_TOTAL          R2  0.1363   RMSE    17.4 kW
    per geometry
      baseline             n= 4  TC R2  0.7474  RMSE   75.36 degC   HRR R2  0.9292
      noair                n= 2  TC R2  0.8526  RMSE   53.19 degC   HRR R2  0.9904
      nogap                n= 3  TC R2  0.6473  RMSE   99.18 degC   HRR R2  0.9485
      noair_nogap          n= 2  TC R2  0.8486  RMSE   43.11 degC   HRR R2  0.9917
      nocb                 n= 2  TC R2  0.5087  RMSE  121.96 degC   HRR R2  0.8279
      noair_nocb           n= 2  TC R2  0.7563  RMSE   55.58 degC   HRR R2  0.9895
      nogap_nocb           n= 3  TC R2  0.6387  RMSE   95.16 degC   HRR R2  0.9296
      noair_nogap_nocb     n= 2  TC R2  0.7731  RMSE   78.16 degC   HRR R2  0.9378
    physics                          model      FDS truth
      sub-ambient points                0              0   PASS
      worst growth drop degC      -153.78        -363.72   PASS
      growth 0.1pct step degC      -72.02        -161.64
      max late rise degC/step       15.01          67.88   PASS

  [test]  23 simulations
    thermocouples   R2  0.7201   RMSE   75.56 degC
      External_LV1     R2  0.7676   RMSE   78.74 degC
      External_LV2     R2  0.6302   RMSE   72.24 degC
    HRR channels
      HRR              R2  0.9491   RMSE   310.8 kW
      Q_RADI           R2  0.9372   RMSE    99.7 kW
      Q_CONV           R2  0.9423   RMSE   236.9 kW
      Q_COND           R2  0.7917   RMSE     2.2 kW
      Q_TOTAL          R2  0.1176   RMSE    18.7 kW
    per geometry
      baseline             n= 4  TC R2  0.8321  RMSE   52.12 degC   HRR R2  0.9898
      noair                n= 3  TC R2  0.8222  RMSE   54.04 degC   HRR R2  0.9925
      nogap                n= 1  TC R2  0.6758  RMSE   86.56 degC   HRR R2  0.9856
      noair_nogap          n= 2  TC R2  0.7969  RMSE   62.88 degC   HRR R2  0.9512
      nocb                 n= 5  TC R2  0.5228  RMSE  113.29 degC   HRR R2  0.8733
      noair_nocb           n= 3  TC R2  0.6711  RMSE   82.29 degC   HRR R2  0.9700
      nogap_nocb           n= 3  TC R2  0.8510  RMSE   46.78 degC   HRR R2  0.9915
      noair_nogap_nocb     n= 2  TC R2  0.8404  RMSE   51.19 degC   HRR R2  0.9906
    physics                          model      FDS truth
      sub-ambient points                0              0   PASS
      worst growth drop degC      -116.88        -291.74   PASS
      growth 0.1pct step degC      -49.58        -116.59
      max late rise degC/step       14.94          93.58   PASS

  combined valid+test TC R2: 0.7154
  (checkpoint ranking uses this, never test alone)

  written: models_part1_bal_s42_r2\evaluation_part1.json
