==============================================================================
  Part1 surrogate evaluation — models_part1_mlp_r4_s52
  MLP-Attention-LSTM (Part1, KAN ablation control), 3 ensemble member(s), split mode hash
==============================================================================

  [train]  142 simulations
    thermocouples   R2  0.8664   RMSE   54.55 degC
      External_LV1     R2  0.8586   RMSE   64.02 degC
      External_LV2     R2  0.8809   RMSE   43.04 degC
    HRR channels
      HRR              R2  0.9293   RMSE   374.6 kW
      Q_RADI           R2  0.9539   RMSE    87.9 kW
      Q_CONV           R2  0.9571   RMSE   207.6 kW
      Q_COND           R2  0.9094   RMSE     1.4 kW
      Q_TOTAL          R2  0.0981   RMSE    16.6 kW
    per geometry
      baseline             n=18  TC R2  0.8511  RMSE   58.32 degC   HRR R2  0.9527
      noair                n=18  TC R2  0.8952  RMSE   46.77 degC   HRR R2  0.9544
      nogap                n=18  TC R2  0.8589  RMSE   56.11 degC   HRR R2  0.9543
      noair_nogap          n=21  TC R2  0.8890  RMSE   47.96 degC   HRR R2  0.9513
      nocb                 n=14  TC R2  0.8318  RMSE   63.49 degC   HRR R2  0.8749
      noair_nocb           n=17  TC R2  0.9003  RMSE   44.83 degC   HRR R2  0.9524
      nogap_nocb           n=18  TC R2  0.8028  RMSE   69.40 degC   HRR R2  0.8544
      noair_nogap_nocb     n=18  TC R2  0.8923  RMSE   46.93 degC   HRR R2  0.9503
    physics                          model      FDS truth
      sub-ambient points                0              0   PASS
      worst growth drop degC      -171.10        -440.12   PASS
      growth 0.1pct step degC      -52.97        -137.46
      max late rise degC/step       30.46         107.25   PASS

  [valid]  20 simulations
    thermocouples   R2  0.7783   RMSE   72.43 degC
      External_LV1     R2  0.7756   RMSE   82.35 degC
      External_LV2     R2  0.7831   RMSE   60.92 degC
    HRR channels
      HRR              R2  0.9063   RMSE   443.4 kW
      Q_RADI           R2  0.9072   RMSE   129.0 kW
      Q_CONV           R2  0.9190   RMSE   293.3 kW
      Q_COND           R2  0.7487   RMSE     2.6 kW
      Q_TOTAL          R2  0.0903   RMSE    17.8 kW
    per geometry
      baseline             n= 4  TC R2  0.8175  RMSE   64.06 degC   HRR R2  0.9381
      noair                n= 2  TC R2  0.9166  RMSE   40.01 degC   HRR R2  0.9719
      nogap                n= 3  TC R2  0.7224  RMSE   87.99 degC   HRR R2  0.9071
      noair_nogap          n= 2  TC R2  0.9372  RMSE   27.76 degC   HRR R2  0.9791
      nocb                 n= 2  TC R2  0.5249  RMSE  119.93 degC   HRR R2  0.8173
      noair_nocb           n= 2  TC R2  0.8949  RMSE   36.49 degC   HRR R2  0.9730
      nogap_nocb           n= 3  TC R2  0.7397  RMSE   80.78 degC   HRR R2  0.8389
      noair_nogap_nocb     n= 2  TC R2  0.8230  RMSE   69.04 degC   HRR R2  0.9349
    physics                          model      FDS truth
      sub-ambient points                0              0   PASS
      worst growth drop degC      -172.60        -363.72   PASS
      growth 0.1pct step degC      -64.45        -161.64
      max late rise degC/step       18.27          67.88   PASS

  [test]  23 simulations
    thermocouples   R2  0.8095   RMSE   62.33 degC
      External_LV1     R2  0.8097   RMSE   71.25 degC
      External_LV2     R2  0.8091   RMSE   51.91 degC
    HRR channels
      HRR              R2  0.9163   RMSE   398.5 kW
      Q_RADI           R2  0.9335   RMSE   102.6 kW
      Q_CONV           R2  0.9402   RMSE   241.3 kW
      Q_COND           R2  0.7285   RMSE     2.5 kW
      Q_TOTAL          R2  0.0866   RMSE    19.0 kW
    per geometry
      baseline             n= 4  TC R2  0.9081  RMSE   38.55 degC   HRR R2  0.9709
      noair                n= 3  TC R2  0.8966  RMSE   41.20 degC   HRR R2  0.9610
      nogap                n= 1  TC R2  0.7843  RMSE   70.61 degC   HRR R2  0.9390
      noair_nogap          n= 2  TC R2  0.8632  RMSE   51.60 degC   HRR R2  0.9390
      nocb                 n= 5  TC R2  0.6574  RMSE   95.99 degC   HRR R2  0.8568
      noair_nocb           n= 3  TC R2  0.7367  RMSE   73.62 degC   HRR R2  0.8613
      nogap_nocb           n= 3  TC R2  0.9394  RMSE   29.83 degC   HRR R2  0.9758
      noair_nogap_nocb     n= 2  TC R2  0.9081  RMSE   38.84 degC   HRR R2  0.9754
    physics                          model      FDS truth
      sub-ambient points                0              0   PASS
      worst growth drop degC       -81.41        -291.74   PASS
      growth 0.1pct step degC      -38.26        -116.59
      max late rise degC/step       20.25          93.58   PASS

  combined valid+test TC R2: 0.7939
  (checkpoint ranking uses this, never test alone)

  written: models_part1_mlp_r4_s52\evaluation_part1.json
