D:\VS_projects\bs8414_MLP_surrogate\venv\Lib\site-packages\torch\nn\modules\rnn.py:1123: UserWarning: RNN module weights are not part of single contiguous chunk of memory. This means they need to be compacted at every call, possibly greatly increasing memory usage. To compact weights again call flatten_parameters(). (Triggered internally at C:\actions-runner\_work\pytorch\pytorch\builder\windows\pytorch\aten\src\ATen\native\cudnn\RNN.cpp:1410.)
  result = _VF.lstm(
  [split] configuration-grouped split active (mesh siblings move together)
  [split] configuration-grouped split active (mesh siblings move together)
  [split] configuration-grouped split active (mesh siblings move together)
  Scanning for simulations...
  [training_data/] 60 folders, 60 with DEVC CSV
  Total: 60 discovered, 60 with output data

  Summary:
    Complete:   60 simulations
    Partial:    0 simulations (padded + masked)
    Total:      60 usable
    No output:  0
    Too short:  0 (< 30 timesteps)
    Bad params: 0
    Input:  (60, 16)
    Output: (60, 181, 24)

Data splits (deterministic, hash-based):
  Train: 42 samples
    - Test_1_PE_PIR HRR1333 M008  [DCLG_Test_1_PE_PIR_HRR1333_M008_0_1]
    - Test_1_PE_PIR HRR1333 M009  [DCLG_Test_1_PE_PIR_HRR1333_M009_0_1]
    - Test_1_PE_PIR HRR1333 M010  [DCLG_Test_1_PE_PIR_HRR1333_M010_0_1]
    - Test_1_PE_PIR HRR1667 M008  [DCLG_Test_1_PE_PIR_HRR1667_M008_0_1]
    - Test_1_PE_PIR HRR1667 M009  [DCLG_Test_1_PE_PIR_HRR1667_M009_0_1]
    - Test_1_PE_PIR HRR1667 M010  [DCLG_Test_1_PE_PIR_HRR1667_M010_0_1]
    - Test_1_PE_PIR HRR2000 M008  [DCLG_Test_1_PE_PIR_HRR2000_M008_0_1]
    - Test_1_PE_PIR HRR2000 M009  [DCLG_Test_1_PE_PIR_HRR2000_M009_0_1]
    - Test_1_PE_PIR HRR2000 M010  [DCLG_Test_1_PE_PIR_HRR2000_M010_0_1]
    - Test_3_FRPE_PIR HRR1333 M008  [DCLG_Test_3_FRPE_PIR_HRR1333_M008_0_1]
    - Test_3_FRPE_PIR HRR1333 M009  [DCLG_Test_3_FRPE_PIR_HRR1333_M009_0_1]
    - Test_3_FRPE_PIR HRR1333 M010  [DCLG_Test_3_FRPE_PIR_HRR1333_M010_0_1]
    - Test_3_FRPE_PIR HRR2000 M008  [DCLG_Test_3_FRPE_PIR_HRR2000_M008_0_1]
    - Test_3_FRPE_PIR HRR2000 M009  [DCLG_Test_3_FRPE_PIR_HRR2000_M009_0_1]
    - Test_3_FRPE_PIR HRR2000 M010  [DCLG_Test_3_FRPE_PIR_HRR2000_M010_0_1]
    - Test_3_FRPE_PIR HRR2100 M008  [DCLG_Test_3_FRPE_PIR_HRR2100_M008_0_1]
    - Test_3_FRPE_PIR HRR2100 M009  [DCLG_Test_3_FRPE_PIR_HRR2100_M009_0_1]
    - Test_3_FRPE_PIR HRR2100 M010  [DCLG_Test_3_FRPE_PIR_HRR2100_M010_0_1]
    - Test_5_LCM_PIR HRR1667 M008  [DCLG_Test_5_LCM_PIR_HRR1667_M008_0_1]
    - Test_5_LCM_PIR HRR1667 M009  [DCLG_Test_5_LCM_PIR_HRR1667_M009_0_1]
    - Test_5_LCM_PIR HRR1667 M010  [DCLG_Test_5_LCM_PIR_HRR1667_M010_0_1]
    - Test_5_LCM_PIR HRR2000 M008  [DCLG_Test_5_LCM_PIR_HRR2000_M008_0_1]
    - Test_5_LCM_PIR HRR2000 M009  [DCLG_Test_5_LCM_PIR_HRR2000_M009_0_1]
    - Test_5_LCM_PIR HRR2000 M010  [DCLG_Test_5_LCM_PIR_HRR2000_M010_0_1]
    - Test_5_LCM_PIR HRR2100 M008  [DCLG_Test_5_LCM_PIR_HRR2100_M008_0_1]
    - Test_5_LCM_PIR HRR2100 M009  [DCLG_Test_5_LCM_PIR_HRR2100_M009_0_1]
    - Test_5_LCM_PIR HRR2100 M010  [DCLG_Test_5_LCM_PIR_HRR2100_M010_0_1]
    - Test_7_FRPE_Phenolic HRR2333 M008  [DCLG_Test_7_FRPE_Phenolic_0_08]
    - Test_7_FRPE_Phenolic HRR2333 M009  [DCLG_Test_7_FRPE_Phenolic_0_09]
    - Test_7_FRPE_Phenolic HRR2333 M010  [DCLG_Test_7_FRPE_Phenolic_0_1]
    - Test_7_FRPE_Phenolic HRR1333 M008  [DCLG_Test_7_FRPE_Phenolic_HRR1333_M008_0_1]
    - Test_7_FRPE_Phenolic HRR1333 M009  [DCLG_Test_7_FRPE_Phenolic_HRR1333_M009_0_1]
    - Test_7_FRPE_Phenolic HRR1333 M010  [DCLG_Test_7_FRPE_Phenolic_HRR1333_M010_0_1]
    - Test_7_FRPE_Phenolic HRR1667 M008  [DCLG_Test_7_FRPE_Phenolic_HRR1667_M008_0_1]
    - Test_7_FRPE_Phenolic HRR1667 M009  [DCLG_Test_7_FRPE_Phenolic_HRR1667_M009_0_1]
    - Test_7_FRPE_Phenolic HRR1667 M010  [DCLG_Test_7_FRPE_Phenolic_HRR1667_M010_0_1]
    - Test_7_FRPE_Phenolic HRR2000 M008  [DCLG_Test_7_FRPE_Phenolic_HRR2000_M008_0_1]
    - Test_7_FRPE_Phenolic HRR2000 M009  [DCLG_Test_7_FRPE_Phenolic_HRR2000_M009_0_1]
    - Test_7_FRPE_Phenolic HRR2000 M010  [DCLG_Test_7_FRPE_Phenolic_HRR2000_M010_0_1]
    - Test_7_FRPE_Phenolic HRR2100 M008  [DCLG_Test_7_FRPE_Phenolic_HRR2100_M008_0_1]
    - Test_7_FRPE_Phenolic HRR2100 M009  [DCLG_Test_7_FRPE_Phenolic_HRR2100_M009_0_1]
    - Test_7_FRPE_Phenolic HRR2100 M010  [DCLG_Test_7_FRPE_Phenolic_HRR2100_M010_0_1]
  Valid: 9 samples
    - Test_1_PE_PIR HRR2100 M008  [DCLG_Test_1_PE_PIR_HRR2100_M008_0_1]
    - Test_1_PE_PIR HRR2100 M009  [DCLG_Test_1_PE_PIR_HRR2100_M009_0_1]
    - Test_1_PE_PIR HRR2100 M010  [DCLG_Test_1_PE_PIR_HRR2100_M010_0_1]
    - Test_3_FRPE_PIR HRR2333 M008  [DCLG_Test_3_FRPE_PIR_0_08]
    - Test_3_FRPE_PIR HRR2333 M009  [DCLG_Test_3_FRPE_PIR_0_09]
    - Test_3_FRPE_PIR HRR2333 M010  [DCLG_Test_3_FRPE_PIR_0_1]
    - Test_5_LCM_PIR HRR1333 M008  [DCLG_Test_5_LCM_PIR_HRR1333_M008_0_1]
    - Test_5_LCM_PIR HRR1333 M009  [DCLG_Test_5_LCM_PIR_HRR1333_M009_0_1]
    - Test_5_LCM_PIR HRR1333 M010  [DCLG_Test_5_LCM_PIR_HRR1333_M010_0_1]
  Test:  9 samples
    - Test_1_PE_PIR HRR2333 M008  [DCLG_Test_1_new_version02_0_08]
    - Test_1_PE_PIR HRR2333 M009  [DCLG_Test_1_new_version02_0_09]
    - Test_1_PE_PIR HRR2333 M010  [DCLG_Test_1_new_version02_0_1]
    - Test_3_FRPE_PIR HRR1667 M008  [DCLG_Test_3_FRPE_PIR_HRR1667_M008_0_1]
    - Test_3_FRPE_PIR HRR1667 M009  [DCLG_Test_3_FRPE_PIR_HRR1667_M009_0_1]
    - Test_3_FRPE_PIR HRR1667 M010  [DCLG_Test_3_FRPE_PIR_HRR1667_M010_0_1]
    - Test_5_LCM_PIR HRR2333 M008  [DCLG_Test_5_LCM_PIR_08]
    - Test_5_LCM_PIR HRR2333 M009  [DCLG_Test_5_LCM_PIR_0_09]
    - Test_5_LCM_PIR HRR2333 M010  [DCLG_Test_5_LCM_PIR_0_1]
==========================================================================
  ADDITIVE-FEATURE ATTRIBUTION -- models_mlp_70_15_15_grouped
==========================================================================
  ensemble member 1 of 5 (weight 0.216); 39 features; 9 held-out sims
  target: mean predicted temperature (degC) over 24 sensors x 181 steps
  4 background draws of 10 training simulations each

  [FAIL] deep SHAP              UserWarning: unrecognized nn.Module: LSTM
  [ok]   kernel SHAP            4/4 draws
  [ok]   gradient SHAP          4/4 draws
  [ok]   integrated gradients   4/4 draws

  reporting: kernel SHAP (mean over draws)

  top 12 features by mean |phi|   (phi in degC)
  feature                        mean|phi|       sd    share
  ----------------------------------------------------------
  hrr_mw                            17.592    2.055    22.2 %
  cladding_id                       11.107    0.873    14.0 %
  t_ignition_phys                   10.244    0.714    12.9 %
  reac_heat_of_combustion            9.562    0.759    12.1 %
  hrr_mesh                           7.426    1.865     9.4 %
  hrr_inv                            5.989    0.350     7.5 %
  core_co_yield                      4.850    0.476     6.1 %
  hrr_norm                           3.088    0.238     3.9 %
  dstar_over_dx                      2.853    0.494     3.6 %
  reac_soot_yield                    1.732    1.068     2.2 %
  mesh_norm                          1.412    0.323     1.8 %
  core_thermal_diffusivity           0.769    0.057     1.0 %

  by feature family
  family                              n   sum|phi|    share
  ----------------------------------------------------------
  cladding system                     2     11.504    14.5 %
  source strength                     3     26.670    33.6 %
  mesh resolution                     2      4.266     5.4 %
  source x resolution                 1      7.426     9.4 %
  material properties                30     19.226    24.2 %
  derived thermal                     1     10.244    12.9 %

  effective dimension: 9 of 39 features carry 90 % of attributed
  importance; 4 carry 50 %; 18 of 39 features attract < 0.1 % each

  stability -- Spearman rank correlation of the 39-feature ranking
    between background draws (kernel SHAP): 0.878  [0.816, 0.948]
    kernel SHAP vs gradient SHAP: 0.731
    kernel SHAP vs integrated gradients: 0.719
    gradient SHAP vs integrated gradients: 0.976

  deep SHAP did not run -- UserWarning: unrecognized nn.Module: LSTM

  saved models_mlp_70_15_15_grouped\shap_attribution.npz
