=== models_mlp_70_15_15_grouped member 0 ===
  ADDITIVE-FEATURE ATTRIBUTION -- models_mlp_70_15_15_grouped
==========================================================================
  ensemble member 1 of 5 (weight 0.216); 39 features; 9 held-out sims
  target: mean predicted temperature (degC) over 24 sensors x 181 steps
  4 background draws of 10 training simulations each

  [ok]   kernel SHAP            4/4 draws

  reporting: kernel SHAP (mean over draws)

  top 12 features by mean |phi|   (phi in degC)
  feature                        mean|phi|       sd    share
  ----------------------------------------------------------
  hrr_mw                            18.753    2.498    23.0 %
  cladding_id                       11.053    1.038    13.6 %
  reac_heat_of_combustion            9.918    0.526    12.2 %
  t_ignition_phys                    9.790    0.925    12.0 %
  hrr_mesh                           7.846    2.052     9.6 %
  hrr_inv                            6.204    0.645     7.6 %
  core_co_yield                      5.121    0.353     6.3 %
  dstar_over_dx                      2.994    0.399     3.7 %
  hrr_norm                           2.879    0.139     3.5 %
  reac_soot_yield                    1.910    1.046     2.3 %
  mesh_norm                          1.555    0.295     1.9 %
  core_reference_rate                0.635    0.177     0.8 %

  by feature family
  family                              n   sum|phi|    share
  ----------------------------------------------------------
  cladding system                     2     11.337    13.9 %
  source strength                     3     27.836    34.1 %
  mesh resolution                     2      4.549     5.6 %
  source x resolution                 1      7.846     9.6 %
  material properties                30     20.154    24.7 %
  derived thermal                     1      9.790    12.0 %

  effective dimension: 9 of 39 features carry 90 % of attributed
  importance; 4 carry 50 %; 18 of 39 features attract < 0.1 % each

  stability -- Spearman rank correlation of the 39-feature ranking
    between background draws (kernel SHAP): 0.832  [0.710, 0.901]

  saved models_mlp_70_15_15_grouped\shap_attribution.npz
=== models_mlp_70_15_15_grouped member 1 ===
  ADDITIVE-FEATURE ATTRIBUTION -- models_mlp_70_15_15_grouped
==========================================================================
  ensemble member 2 of 5 (weight 0.201); 39 features; 9 held-out sims
  target: mean predicted temperature (degC) over 24 sensors x 181 steps
  4 background draws of 10 training simulations each

  [ok]   kernel SHAP            4/4 draws

  reporting: kernel SHAP (mean over draws)

  top 12 features by mean |phi|   (phi in degC)
  feature                        mean|phi|       sd    share
  ----------------------------------------------------------
  hrr_mw                            18.840    2.114    22.5 %
  cladding_id                       12.034    0.870    14.4 %
  t_ignition_phys                   11.857    1.542    14.1 %
  reac_heat_of_combustion           10.470    0.655    12.5 %
  hrr_mesh                           8.175    1.454     9.8 %
  hrr_inv                            6.000    1.039     7.2 %
  core_co_yield                      5.703    0.253     6.8 %
  dstar_over_dx                      2.679    0.367     3.2 %
  reac_soot_yield                    2.117    1.229     2.5 %
  hrr_norm                           2.025    0.199     2.4 %
  core_ref_temperature               1.414    0.236     1.7 %
  mesh_norm                          1.322    0.463     1.6 %

  by feature family
  family                              n   sum|phi|    share
  ----------------------------------------------------------
  cladding system                     2     12.279    14.6 %
  source strength                     3     26.864    32.0 %
  mesh resolution                     2      4.002     4.8 %
  source x resolution                 1      8.175     9.8 %
  material properties                30     20.658    24.6 %
  derived thermal                     1     11.857    14.1 %

  effective dimension: 8 of 39 features carry 90 % of attributed
  importance; 3 carry 50 %; 23 of 39 features attract < 0.1 % each

  stability -- Spearman rank correlation of the 39-feature ranking
    between background draws (kernel SHAP): 0.835  [0.750, 0.901]

  saved models_mlp_70_15_15_grouped\shap_attribution.npz
=== models_mlp_70_15_15_grouped member 2 ===
  ADDITIVE-FEATURE ATTRIBUTION -- models_mlp_70_15_15_grouped
==========================================================================
  ensemble member 3 of 5 (weight 0.186); 39 features; 9 held-out sims
  target: mean predicted temperature (degC) over 24 sensors x 181 steps
  4 background draws of 10 training simulations each

  [ok]   kernel SHAP            4/4 draws

  reporting: kernel SHAP (mean over draws)

  top 12 features by mean |phi|   (phi in degC)
  feature                        mean|phi|       sd    share
  ----------------------------------------------------------
  hrr_mw                            24.690    4.138    26.8 %
  reac_heat_of_combustion           15.302    1.247    16.6 %
  t_ignition_phys                   10.269    1.117    11.2 %
  cladding_id                        8.653    0.626     9.4 %
  core_co_yield                      7.518    0.372     8.2 %
  hrr_mesh                           6.757    1.284     7.3 %
  reac_soot_yield                    4.414    1.351     4.8 %
  hrr_inv                            3.868    0.244     4.2 %
  dstar_over_dx                      3.030    0.217     3.3 %
  hrr_norm                           2.167    0.112     2.4 %
  mesh_norm                          1.821    0.463     2.0 %
  anchor_confidence                  0.846    0.357     0.9 %

  by feature family
  family                              n   sum|phi|    share
  ----------------------------------------------------------
  cladding system                     2      9.499    10.3 %
  source strength                     3     30.725    33.4 %
  mesh resolution                     2      4.851     5.3 %
  source x resolution                 1      6.757     7.3 %
  material properties                30     29.946    32.5 %
  derived thermal                     1     10.269    11.2 %

  effective dimension: 9 of 39 features carry 90 % of attributed
  importance; 3 carry 50 %; 21 of 39 features attract < 0.1 % each

  stability -- Spearman rank correlation of the 39-feature ranking
    between background draws (kernel SHAP): 0.875  [0.843, 0.927]

  saved models_mlp_70_15_15_grouped\shap_attribution.npz
=== models_mlp_70_15_15_grouped member 3 ===
  ADDITIVE-FEATURE ATTRIBUTION -- models_mlp_70_15_15_grouped
==========================================================================
  ensemble member 4 of 5 (weight 0.207); 39 features; 9 held-out sims
  target: mean predicted temperature (degC) over 24 sensors x 181 steps
  4 background draws of 10 training simulations each

  [ok]   kernel SHAP            4/4 draws

  reporting: kernel SHAP (mean over draws)

  top 12 features by mean |phi|   (phi in degC)
  feature                        mean|phi|       sd    share
  ----------------------------------------------------------
  hrr_mw                            23.255    2.971    27.4 %
  cladding_id                       15.036    0.656    17.7 %
  reac_heat_of_combustion           10.541    0.396    12.4 %
  hrr_mesh                           7.778    1.773     9.2 %
  t_ignition_phys                    7.754    0.869     9.1 %
  core_co_yield                      5.340    0.206     6.3 %
  hrr_inv                            3.364    0.292     4.0 %
  dstar_over_dx                      3.155    0.324     3.7 %
  reac_soot_yield                    1.851    0.938     2.2 %
  hrr_norm                           1.806    0.243     2.1 %
  mesh_norm                          1.694    0.223     2.0 %
  anchor_confidence                  0.821    0.282     1.0 %

  by feature family
  family                              n   sum|phi|    share
  ----------------------------------------------------------
  cladding system                     2     15.857    18.7 %
  source strength                     3     28.425    33.5 %
  mesh resolution                     2      4.849     5.7 %
  source x resolution                 1      7.778     9.2 %
  material properties                30     20.181    23.8 %
  derived thermal                     1      7.754     9.1 %

  effective dimension: 9 of 39 features carry 90 % of attributed
  importance; 3 carry 50 %; 19 of 39 features attract < 0.1 % each

  stability -- Spearman rank correlation of the 39-feature ranking
    between background draws (kernel SHAP): 0.835  [0.738, 0.926]

  saved models_mlp_70_15_15_grouped\shap_attribution.npz
=== models_mlp_70_15_15_grouped member 4 ===
  ADDITIVE-FEATURE ATTRIBUTION -- models_mlp_70_15_15_grouped
==========================================================================
  ensemble member 5 of 5 (weight 0.189); 39 features; 9 held-out sims
  target: mean predicted temperature (degC) over 24 sensors x 181 steps
  4 background draws of 10 training simulations each

  [ok]   kernel SHAP            4/4 draws

  reporting: kernel SHAP (mean over draws)

  top 12 features by mean |phi|   (phi in degC)
  feature                        mean|phi|       sd    share
  ----------------------------------------------------------
  hrr_mw                            27.146    4.773    33.1 %
  cladding_id                       11.229    1.091    13.7 %
  t_ignition_phys                    8.208    1.077    10.0 %
  reac_heat_of_combustion            7.312    0.541     8.9 %
  hrr_mesh                           5.549    0.320     6.8 %
  core_co_yield                      5.466    0.323     6.7 %
  hrr_inv                            4.215    0.397     5.1 %
  dstar_over_dx                      2.617    0.361     3.2 %
  hrr_norm                           2.463    0.148     3.0 %
  reac_soot_yield                    1.720    0.902     2.1 %
  core_ref_temperature               1.661    0.173     2.0 %
  mesh_norm                          0.921    0.466     1.1 %

  by feature family
  family                              n   sum|phi|    share
  ----------------------------------------------------------
  cladding system                     2     11.428    13.9 %
  source strength                     3     33.823    41.2 %
  mesh resolution                     2      3.538     4.3 %
  source x resolution                 1      5.549     6.8 %
  material properties                30     19.487    23.8 %
  derived thermal                     1      8.208    10.0 %

  effective dimension: 9 of 39 features carry 90 % of attributed
  importance; 3 carry 50 %; 18 of 39 features attract < 0.1 % each

  stability -- Spearman rank correlation of the 39-feature ranking
    between background draws (kernel SHAP): 0.827  [0.757, 0.885]

  saved models_mlp_70_15_15_grouped\shap_attribution.npz
=== models_mlp_70_15_15_grouped_seed1337 member 0 ===
  ADDITIVE-FEATURE ATTRIBUTION -- models_mlp_70_15_15_grouped_seed1337
==========================================================================
  ensemble member 1 of 3 (weight 0.367); 39 features; 9 held-out sims
  target: mean predicted temperature (degC) over 24 sensors x 181 steps
  4 background draws of 10 training simulations each

  [ok]   kernel SHAP            4/4 draws

  reporting: kernel SHAP (mean over draws)

  top 12 features by mean |phi|   (phi in degC)
  feature                        mean|phi|       sd    share
  ----------------------------------------------------------
  hrr_mw                            17.139    2.442    20.6 %
  cladding_id                       14.325    0.893    17.2 %
  reac_heat_of_combustion           10.426    0.274    12.5 %
  t_ignition_phys                   10.235    0.683    12.3 %
  hrr_mesh                           7.781    1.533     9.3 %
  hrr_inv                            5.450    1.009     6.5 %
  reac_soot_yield                    4.473    1.201     5.4 %
  core_co_yield                      3.967    0.362     4.8 %
  dstar_over_dx                      2.374    0.201     2.8 %
  hrr_norm                           2.062    0.205     2.5 %
  core_heating_rate                  1.703    0.316     2.0 %
  mesh_norm                          0.813    0.174     1.0 %

  by feature family
  family                              n   sum|phi|    share
  ----------------------------------------------------------
  cladding system                     2     14.354    17.2 %
  source strength                     3     24.651    29.6 %
  mesh resolution                     2      3.186     3.8 %
  source x resolution                 1      7.781     9.3 %
  material properties                30     23.120    27.7 %
  derived thermal                     1     10.235    12.3 %

  effective dimension: 9 of 39 features carry 90 % of attributed
  importance; 3 carry 50 %; 19 of 39 features attract < 0.1 % each

  stability -- Spearman rank correlation of the 39-feature ranking
    between background draws (kernel SHAP): 0.804  [0.736, 0.863]

  saved models_mlp_70_15_15_grouped_seed1337\shap_attribution.npz
=== models_mlp_70_15_15_grouped_seed1337 member 1 ===
  ADDITIVE-FEATURE ATTRIBUTION -- models_mlp_70_15_15_grouped_seed1337
==========================================================================
  ensemble member 2 of 3 (weight 0.317); 39 features; 9 held-out sims
  target: mean predicted temperature (degC) over 24 sensors x 181 steps
  4 background draws of 10 training simulations each

  [ok]   kernel SHAP            4/4 draws

  reporting: kernel SHAP (mean over draws)

  top 12 features by mean |phi|   (phi in degC)
  feature                        mean|phi|       sd    share
  ----------------------------------------------------------
  hrr_mw                            26.403    3.448    30.4 %
  cladding_id                       13.774    1.286    15.8 %
  hrr_mesh                          10.498    2.179    12.1 %
  reac_heat_of_combustion            8.300    0.408     9.5 %
  t_ignition_phys                    7.292    1.119     8.4 %
  hrr_inv                            3.529    0.328     4.1 %
  core_co_yield                      3.168    0.286     3.6 %
  core_emissivity                    2.343    0.242     2.7 %
  dstar_over_dx                      2.082    0.572     2.4 %
  core_is_reactive                   2.055    0.540     2.4 %
  hrr_norm                           1.674    0.201     1.9 %
  reac_soot_yield                    1.424    0.924     1.6 %

  by feature family
  family                              n   sum|phi|    share
  ----------------------------------------------------------
  cladding system                     2     14.202    16.3 %
  source strength                     3     31.606    36.4 %
  mesh resolution                     2      3.299     3.8 %
  source x resolution                 1     10.498    12.1 %
  material properties                30     20.016    23.0 %
  derived thermal                     1      7.292     8.4 %

  effective dimension: 10 of 39 features carry 90 % of attributed
  importance; 3 carry 50 %; 18 of 39 features attract < 0.1 % each

  stability -- Spearman rank correlation of the 39-feature ranking
    between background draws (kernel SHAP): 0.823  [0.772, 0.856]

  saved models_mlp_70_15_15_grouped_seed1337\shap_attribution.npz
=== models_mlp_70_15_15_grouped_seed1337 member 2 ===
  ADDITIVE-FEATURE ATTRIBUTION -- models_mlp_70_15_15_grouped_seed1337
==========================================================================
  ensemble member 3 of 3 (weight 0.316); 39 features; 9 held-out sims
  target: mean predicted temperature (degC) over 24 sensors x 181 steps
  4 background draws of 10 training simulations each

  [ok]   kernel SHAP            4/4 draws

  reporting: kernel SHAP (mean over draws)

  top 12 features by mean |phi|   (phi in degC)
  feature                        mean|phi|       sd    share
  ----------------------------------------------------------
  hrr_mw                            23.554    4.226    26.3 %
  hrr_mesh                          11.578    2.264    12.9 %
  reac_heat_of_combustion           11.382    0.865    12.7 %
  cladding_id                       10.767    0.872    12.0 %
  t_ignition_phys                    9.306    1.241    10.4 %
  core_co_yield                      6.814    0.570     7.6 %
  hrr_inv                            3.364    0.364     3.8 %
  dstar_over_dx                      2.932    0.169     3.3 %
  mesh_norm                          1.965    0.430     2.2 %
  hrr_norm                           1.881    0.258     2.1 %
  reac_soot_yield                    1.658    0.830     1.9 %
  anchor_confidence                  1.012    0.213     1.1 %

  by feature family
  family                              n   sum|phi|    share
  ----------------------------------------------------------
  cladding system                     2     11.779    13.2 %
  source strength                     3     28.799    32.2 %
  mesh resolution                     2      4.897     5.5 %
  source x resolution                 1     11.578    12.9 %
  material properties                30     23.058    25.8 %
  derived thermal                     1      9.306    10.4 %

  effective dimension: 9 of 39 features carry 90 % of attributed
  importance; 3 carry 50 %; 16 of 39 features attract < 0.1 % each

  stability -- Spearman rank correlation of the 39-feature ranking
    between background draws (kernel SHAP): 0.888  [0.859, 0.979]

  saved models_mlp_70_15_15_grouped_seed1337\shap_attribution.npz
=== models_mlp_70_15_15_grouped_seed1337 member 3 ===
  ADDITIVE-FEATURE ATTRIBUTION -- models_mlp_70_15_15_grouped_seed1337
==========================================================================
  ensemble member 3 of 3 (weight 0.316); 39 features; 9 held-out sims
  target: mean predicted temperature (degC) over 24 sensors x 181 steps
  4 background draws of 10 training simulations each

  [ok]   kernel SHAP            4/4 draws

  reporting: kernel SHAP (mean over draws)

  top 12 features by mean |phi|   (phi in degC)
  feature                        mean|phi|       sd    share
  ----------------------------------------------------------
  hrr_mw                            23.601    4.223    26.1 %
  hrr_mesh                          11.649    2.026    12.9 %
  reac_heat_of_combustion           11.620    0.948    12.8 %
  cladding_id                       11.068    1.111    12.2 %
  t_ignition_phys                    9.437    1.310    10.4 %
  core_co_yield                      6.996    0.591     7.7 %
  hrr_inv                            3.548    0.429     3.9 %
  dstar_over_dx                      2.795    0.165     3.1 %
  mesh_norm                          2.150    0.169     2.4 %
  hrr_norm                           1.843    0.127     2.0 %
  reac_soot_yield                    1.805    1.075     2.0 %
  anchor_confidence                  0.909    0.123     1.0 %

  by feature family
  family                              n   sum|phi|    share
  ----------------------------------------------------------
  cladding system                     2     11.977    13.2 %
  source strength                     3     28.993    32.0 %
  mesh resolution                     2      4.945     5.5 %
  source x resolution                 1     11.649    12.9 %
  material properties                30     23.534    26.0 %
  derived thermal                     1      9.437    10.4 %

  effective dimension: 9 of 39 features carry 90 % of attributed
  importance; 3 carry 50 %; 21 of 39 features attract < 0.1 % each

  stability -- Spearman rank correlation of the 39-feature ranking
    between background draws (kernel SHAP): 0.806  [0.724, 0.853]

  saved models_mlp_70_15_15_grouped_seed1337\shap_attribution.npz
=== models_mlp_70_15_15_grouped_seed1337 member 4 ===
  ADDITIVE-FEATURE ATTRIBUTION -- models_mlp_70_15_15_grouped_seed1337
==========================================================================
  ensemble member 3 of 3 (weight 0.316); 39 features; 9 held-out sims
  target: mean predicted temperature (degC) over 24 sensors x 181 steps
  4 background draws of 10 training simulations each

  [ok]   kernel SHAP            4/4 draws

  reporting: kernel SHAP (mean over draws)

  top 12 features by mean |phi|   (phi in degC)
  feature                        mean|phi|       sd    share
  ----------------------------------------------------------
  hrr_mw                            23.659    4.343    26.3 %
  reac_heat_of_combustion           11.694    0.924    13.0 %
  hrr_mesh                          11.668    2.239    12.9 %
  cladding_id                       10.831    1.034    12.0 %
  t_ignition_phys                    9.261    1.307    10.3 %
  core_co_yield                      6.907    0.356     7.7 %
  hrr_inv                            3.442    0.344     3.8 %
  dstar_over_dx                      2.754    0.236     3.1 %
  hrr_norm                           1.992    0.245     2.2 %
  mesh_norm                          1.963    0.374     2.2 %
  reac_soot_yield                    1.642    0.863     1.8 %
  anchor_confidence                  0.964    0.405     1.1 %

  by feature family
  family                              n   sum|phi|    share
  ----------------------------------------------------------
  cladding system                     2     11.795    13.1 %
  source strength                     3     29.093    32.3 %
  mesh resolution                     2      4.717     5.2 %
  source x resolution                 1     11.668    12.9 %
  material properties                30     23.583    26.2 %
  derived thermal                     1      9.261    10.3 %

  effective dimension: 9 of 39 features carry 90 % of attributed
  importance; 3 carry 50 %; 20 of 39 features attract < 0.1 % each

  stability -- Spearman rank correlation of the 39-feature ranking
    between background draws (kernel SHAP): 0.887  [0.838, 0.929]

  saved models_mlp_70_15_15_grouped_seed1337\shap_attribution.npz
=== models_mlp_70_15_15_grouped_seed2024 member 0 ===
  ADDITIVE-FEATURE ATTRIBUTION -- models_mlp_70_15_15_grouped_seed2024
==========================================================================
  ensemble member 1 of 4 (weight 0.250); 39 features; 9 held-out sims
  target: mean predicted temperature (degC) over 24 sensors x 181 steps
  4 background draws of 10 training simulations each

  [ok]   kernel SHAP            4/4 draws

  reporting: kernel SHAP (mean over draws)

  top 12 features by mean |phi|   (phi in degC)
  feature                        mean|phi|       sd    share
  ----------------------------------------------------------
  hrr_mw                            19.085    2.000    22.4 %
  cladding_id                       14.231    1.360    16.7 %
  t_ignition_phys                   11.065    1.345    13.0 %
  reac_heat_of_combustion            9.449    0.629    11.1 %
  hrr_mesh                           8.231    1.042     9.7 %
  hrr_inv                            5.583    1.007     6.6 %
  core_co_yield                      3.797    0.165     4.5 %
  reac_soot_yield                    3.093    1.525     3.6 %
  dstar_over_dx                      2.651    0.109     3.1 %
  hrr_norm                           2.621    0.223     3.1 %
  mesh_norm                          1.594    0.319     1.9 %
  core_emissivity                    1.293    0.396     1.5 %

  by feature family
  family                              n   sum|phi|    share
  ----------------------------------------------------------
  cladding system                     2     15.278    18.0 %
  source strength                     3     27.288    32.1 %
  mesh resolution                     2      4.244     5.0 %
  source x resolution                 1      8.231     9.7 %
  material properties                30     18.985    22.3 %
  derived thermal                     1     11.065    13.0 %

  effective dimension: 9 of 39 features carry 90 % of attributed
  importance; 3 carry 50 %; 23 of 39 features attract < 0.1 % each

  stability -- Spearman rank correlation of the 39-feature ranking
    between background draws (kernel SHAP): 0.822  [0.784, 0.930]

  saved models_mlp_70_15_15_grouped_seed2024\shap_attribution.npz
=== models_mlp_70_15_15_grouped_seed2024 member 1 ===
  ADDITIVE-FEATURE ATTRIBUTION -- models_mlp_70_15_15_grouped_seed2024
==========================================================================
  ensemble member 2 of 4 (weight 0.254); 39 features; 9 held-out sims
  target: mean predicted temperature (degC) over 24 sensors x 181 steps
  4 background draws of 10 training simulations each

  [ok]   kernel SHAP            4/4 draws

  reporting: kernel SHAP (mean over draws)

  top 12 features by mean |phi|   (phi in degC)
  feature                        mean|phi|       sd    share
  ----------------------------------------------------------
  hrr_mw                            23.691    3.081    27.1 %
  cladding_id                       13.310    0.935    15.3 %
  t_ignition_phys                   11.818    1.209    13.5 %
  reac_heat_of_combustion            9.276    0.468    10.6 %
  core_co_yield                      6.936    0.345     7.9 %
  hrr_mesh                           6.846    1.423     7.8 %
  hrr_inv                            4.233    0.515     4.9 %
  dstar_over_dx                      2.964    0.325     3.4 %
  hrr_norm                           2.386    0.475     2.7 %
  reac_soot_yield                    1.678    0.613     1.9 %
  mesh_norm                          1.595    0.317     1.8 %
  core_ref_temperature               1.064    0.217     1.2 %

  by feature family
  family                              n   sum|phi|    share
  ----------------------------------------------------------
  cladding system                     2     13.784    15.8 %
  source strength                     3     30.310    34.7 %
  mesh resolution                     2      4.559     5.2 %
  source x resolution                 1      6.846     7.8 %
  material properties                30     19.952    22.9 %
  derived thermal                     1     11.818    13.5 %

  effective dimension: 8 of 39 features carry 90 % of attributed
  importance; 3 carry 50 %; 21 of 39 features attract < 0.1 % each

  stability -- Spearman rank correlation of the 39-feature ranking
    between background draws (kernel SHAP): 0.822  [0.782, 0.907]

  saved models_mlp_70_15_15_grouped_seed2024\shap_attribution.npz
=== models_mlp_70_15_15_grouped_seed2024 member 2 ===
  ADDITIVE-FEATURE ATTRIBUTION -- models_mlp_70_15_15_grouped_seed2024
==========================================================================
  ensemble member 3 of 4 (weight 0.249); 39 features; 9 held-out sims
  target: mean predicted temperature (degC) over 24 sensors x 181 steps
  4 background draws of 10 training simulations each

  [ok]   kernel SHAP            4/4 draws

  reporting: kernel SHAP (mean over draws)

  top 12 features by mean |phi|   (phi in degC)
  feature                        mean|phi|       sd    share
  ----------------------------------------------------------
  hrr_mw                            13.382    1.529    15.8 %
  t_ignition_phys                   13.212    1.374    15.6 %
  cladding_id                       11.569    0.556    13.7 %
  reac_heat_of_combustion           11.039    0.525    13.0 %
  hrr_mesh                           9.752    1.439    11.5 %
  hrr_inv                            5.585    0.708     6.6 %
  reac_soot_yield                    5.505    0.705     6.5 %
  core_co_yield                      4.404    0.177     5.2 %
  dstar_over_dx                      2.539    0.082     3.0 %
  hrr_norm                           2.345    0.156     2.8 %
  mesh_norm                          1.069    0.489     1.3 %
  core_heating_rate                  1.061    0.297     1.3 %

  by feature family
  family                              n   sum|phi|    share
  ----------------------------------------------------------
  cladding system                     2     11.660    13.8 %
  source strength                     3     21.312    25.2 %
  mesh resolution                     2      3.608     4.3 %
  source x resolution                 1      9.752    11.5 %
  material properties                30     25.168    29.7 %
  derived thermal                     1     13.212    15.6 %

  effective dimension: 9 of 39 features carry 90 % of attributed
  importance; 4 carry 50 %; 15 of 39 features attract < 0.1 % each

  stability -- Spearman rank correlation of the 39-feature ranking
    between background draws (kernel SHAP): 0.815  [0.702, 0.984]

  saved models_mlp_70_15_15_grouped_seed2024\shap_attribution.npz
=== models_mlp_70_15_15_grouped_seed2024 member 3 ===
  ADDITIVE-FEATURE ATTRIBUTION -- models_mlp_70_15_15_grouped_seed2024
==========================================================================
  ensemble member 4 of 4 (weight 0.247); 39 features; 9 held-out sims
  target: mean predicted temperature (degC) over 24 sensors x 181 steps
  4 background draws of 10 training simulations each

  [ok]   kernel SHAP            4/4 draws

  reporting: kernel SHAP (mean over draws)

  top 12 features by mean |phi|   (phi in degC)
  feature                        mean|phi|       sd    share
  ----------------------------------------------------------
  hrr_mw                            20.470    4.623    24.2 %
  cladding_id                       16.308    1.140    19.2 %
  reac_heat_of_combustion            9.970    0.704    11.8 %
  t_ignition_phys                    8.134    0.998     9.6 %
  hrr_mesh                           6.731    0.822     7.9 %
  reac_soot_yield                    4.358    1.156     5.1 %
  hrr_inv                            4.007    0.243     4.7 %
  core_co_yield                      3.864    0.379     4.6 %
  dstar_over_dx                      2.856    0.469     3.4 %
  hrr_norm                           2.250    0.142     2.7 %
  mesh_norm                          1.433    0.424     1.7 %
  core_is_reactive                   0.931    0.431     1.1 %

  by feature family
  family                              n   sum|phi|    share
  ----------------------------------------------------------
  cladding system                     2     17.227    20.3 %
  source strength                     3     26.727    31.5 %
  mesh resolution                     2      4.289     5.1 %
  source x resolution                 1      6.731     7.9 %
  material properties                30     21.643    25.5 %
  derived thermal                     1      8.134     9.6 %

  effective dimension: 9 of 39 features carry 90 % of attributed
  importance; 3 carry 50 %; 17 of 39 features attract < 0.1 % each

  stability -- Spearman rank correlation of the 39-feature ranking
    between background draws (kernel SHAP): 0.759  [0.707, 0.818]

  saved models_mlp_70_15_15_grouped_seed2024\shap_attribution.npz
=== models_mlp_70_15_15_grouped_seed2024 member 4 ===
  ADDITIVE-FEATURE ATTRIBUTION -- models_mlp_70_15_15_grouped_seed2024
==========================================================================
  ensemble member 4 of 4 (weight 0.247); 39 features; 9 held-out sims
  target: mean predicted temperature (degC) over 24 sensors x 181 steps
  4 background draws of 10 training simulations each

  [ok]   kernel SHAP            4/4 draws

  reporting: kernel SHAP (mean over draws)

  top 12 features by mean |phi|   (phi in degC)
  feature                        mean|phi|       sd    share
  ----------------------------------------------------------
  hrr_mw                            20.868    4.303    25.3 %
  cladding_id                       16.122    1.136    19.5 %
  reac_heat_of_combustion            9.710    0.736    11.8 %
  t_ignition_phys                    7.906    0.866     9.6 %
  hrr_mesh                           6.229    1.063     7.6 %
  hrr_inv                            4.016    0.356     4.9 %
  core_co_yield                      3.885    0.231     4.7 %
  reac_soot_yield                    3.131    1.323     3.8 %
  dstar_over_dx                      2.690    0.263     3.3 %
  hrr_norm                           2.128    0.251     2.6 %
  mesh_norm                          1.500    0.290     1.8 %
  anchor_confidence                  0.958    0.136     1.2 %

  by feature family
  family                              n   sum|phi|    share
  ----------------------------------------------------------
  cladding system                     2     17.080    20.7 %
  source strength                     3     27.011    32.7 %
  mesh resolution                     2      4.190     5.1 %
  source x resolution                 1      6.229     7.6 %
  material properties                30     20.086    24.3 %
  derived thermal                     1      7.906     9.6 %

  effective dimension: 9 of 39 features carry 90 % of attributed
  importance; 3 carry 50 %; 21 of 39 features attract < 0.1 % each

  stability -- Spearman rank correlation of the 39-feature ranking
    between background draws (kernel SHAP): 0.838  [0.781, 0.891]

  saved models_mlp_70_15_15_grouped_seed2024\shap_attribution.npz
