  device: NVIDIA GeForce RTX 4090

  building dataset ...
  corpus: D:\Bs8414_05052026\Part1\_completed
  185 usable, 1 rejected
    - BS8414_DCLG_Test1_adv_debug: excluded: debug case; Core_MATERIAL HEAT_OF_REACTION=1500 vs 2300 in every other DCLG_Test1_adv deck, so it is a different system under the same name
  params (185, 16)  tc (185, 181, 16)  hrr (185, 181, 5)
  partial: BS8414_HPL_WC_noair_nogap (180/181 steps, padded+masked)

  split mode: hash
    train  142 sims  41 systems  8/8 geometries
    valid   20 sims  16 systems  8/8 geometries
    test    23 sims  20 systems  8/8 geometries

  target: 16 thermocouples (External_LV1 x8 + External_LV2 x8)
          5 HRR channels (HRR, Q_RADI, Q_CONV, Q_COND, Q_TOTAL)
  model:  MLP-Attention-LSTM (Part1, KAN ablation control)
  loss:   tc + 0.3 * hrr  (no weight penalty)

  === member 1/3 (seed 45) ===
    [sentinel] weights moved after epoch 0: |dW| = 3.3843e+00
    epoch    0  train 1.99726 (tc 1.55034 hrr 1.48976)  valid 1.49929 (tc 1.17620 hrr 1.07697)  lr 1.00e-03  *
    epoch    1  train 1.25643 (tc 1.02234 hrr 0.78029)  valid 1.28953 (tc 1.08675 hrr 0.67594)  lr 1.00e-03  *
    epoch    2  train 1.12819 (tc 0.96148 hrr 0.55569)  valid 1.23228 (tc 1.05100 hrr 0.60429)  lr 1.00e-03  *
    epoch    3  train 1.07380 (tc 0.91870 hrr 0.51698)  valid 1.19702 (tc 1.02092 hrr 0.58703)  lr 1.00e-03  *
    epoch    4  train 1.03532 (tc 0.88417 hrr 0.50383)  valid 1.16309 (tc 0.98993 hrr 0.57720)  lr 1.00e-03  *
    epoch    5  train 0.99783 (tc 0.85094 hrr 0.48963)  valid 1.14315 (tc 0.97312 hrr 0.56677)  lr 1.00e-03  *
    epoch    6  train 0.95955 (tc 0.81544 hrr 0.48035)  valid 1.11751 (tc 0.94974 hrr 0.55921)  lr 1.00e-03  *
    epoch    7  train 0.92865 (tc 0.78804 hrr 0.46870)  valid 1.09408 (tc 0.92847 hrr 0.55205)  lr 1.00e-03  *
    epoch    8  train 0.90328 (tc 0.76517 hrr 0.46037)  valid 1.05508 (tc 0.89187 hrr 0.54402)  lr 1.00e-03  *
    epoch    9  train 0.88876 (tc 0.75187 hrr 0.45629)  valid 1.04522 (tc 0.88173 hrr 0.54497)  lr 1.00e-03  *
    epoch   10  train 0.87347 (tc 0.73716 hrr 0.45437)  valid 1.03781 (tc 0.87511 hrr 0.54233)  lr 1.00e-03  *
    epoch   11  train 0.86177 (tc 0.72718 hrr 0.44866)  valid 1.02397 (tc 0.86464 hrr 0.53111)  lr 1.00e-03  *
    epoch   12  train 0.84829 (tc 0.71459 hrr 0.44566)  valid 1.00989 (tc 0.85054 hrr 0.53116)  lr 1.00e-03  *
    epoch   14  train 0.82782 (tc 0.69932 hrr 0.42832)  valid 0.99287 (tc 0.83763 hrr 0.51744)  lr 1.00e-03  *
    epoch   17  train 0.81416 (tc 0.68667 hrr 0.42496)  valid 0.99151 (tc 0.83687 hrr 0.51547)  lr 1.00e-03  *
    epoch   20  train 0.78215 (tc 0.66031 hrr 0.40612)  valid 0.97028 (tc 0.82062 hrr 0.49887)  lr 1.00e-03  *
    epoch   21  train 0.77719 (tc 0.65684 hrr 0.40119)  valid 0.96578 (tc 0.81689 hrr 0.49628)  lr 1.00e-03  *
    epoch   24  train 0.76499 (tc 0.64608 hrr 0.39637)  valid 0.95458 (tc 0.80849 hrr 0.48697)  lr 1.00e-03  *
    epoch   27  train 0.74897 (tc 0.63309 hrr 0.38626)  valid 0.94258 (tc 0.79550 hrr 0.49027)  lr 1.00e-03  *
    epoch   29  train 0.73018 (tc 0.61668 hrr 0.37835)  valid 0.93309 (tc 0.78994 hrr 0.47718)  lr 1.00e-03  *
    epoch   30  train 0.72477 (tc 0.61200 hrr 0.37591)  valid 0.92677 (tc 0.78666 hrr 0.46702)  lr 1.00e-03  *
    epoch   32  train 0.71391 (tc 0.60233 hrr 0.37191)  valid 0.90925 (tc 0.76923 hrr 0.46672)  lr 1.00e-03  *
    epoch   34  train 0.70567 (tc 0.59518 hrr 0.36832)  valid 0.90287 (tc 0.76357 hrr 0.46433)  lr 1.00e-03  *
    epoch   36  train 0.68661 (tc 0.57827 hrr 0.36113)  valid 0.89926 (tc 0.75994 hrr 0.46440)  lr 1.00e-03  *
    epoch   37  train 0.68319 (tc 0.57515 hrr 0.36014)  valid 0.89743 (tc 0.75709 hrr 0.46781)  lr 1.00e-03  *
    epoch   38  train 0.68016 (tc 0.57143 hrr 0.36243)  valid 0.88820 (tc 0.75086 hrr 0.45781)  lr 1.00e-03  *
    epoch   40  train 0.67729 (tc 0.56824 hrr 0.36348)  valid 0.89270 (tc 0.75741 hrr 0.45098)  lr 1.00e-03
    epoch   43  train 0.66069 (tc 0.55436 hrr 0.35444)  valid 0.87377 (tc 0.73660 hrr 0.45723)  lr 1.00e-03  *
    epoch   44  train 0.64962 (tc 0.54417 hrr 0.35150)  valid 0.84821 (tc 0.71372 hrr 0.44830)  lr 1.00e-03  *
    epoch   45  train 0.63745 (tc 0.53293 hrr 0.34839)  valid 0.84595 (tc 0.71221 hrr 0.44579)  lr 1.00e-03  *
    epoch   46  train 0.62659 (tc 0.52310 hrr 0.34497)  valid 0.83834 (tc 0.70649 hrr 0.43951)  lr 1.00e-03  *
    epoch   48  train 0.61279 (tc 0.51065 hrr 0.34047)  valid 0.83567 (tc 0.70493 hrr 0.43580)  lr 1.00e-03  *
    epoch   49  train 0.60579 (tc 0.50376 hrr 0.34013)  valid 0.82972 (tc 0.69891 hrr 0.43603)  lr 1.00e-03  *
    epoch   50  train 0.60046 (tc 0.49847 hrr 0.33995)  valid 0.81961 (tc 0.68812 hrr 0.43831)  lr 1.00e-03  *
    epoch   51  train 0.59380 (tc 0.49244 hrr 0.33787)  valid 0.81240 (tc 0.68146 hrr 0.43647)  lr 1.00e-03  *
    epoch   52  train 0.58650 (tc 0.48525 hrr 0.33749)  valid 0.79600 (tc 0.66678 hrr 0.43074)  lr 1.00e-03  *
    epoch   54  train 0.57209 (tc 0.47216 hrr 0.33310)  valid 0.78756 (tc 0.66006 hrr 0.42500)  lr 1.00e-03  *
    epoch   55  train 0.56685 (tc 0.46652 hrr 0.33442)  valid 0.78420 (tc 0.65453 hrr 0.43223)  lr 1.00e-03  *
    epoch   57  train 0.55501 (tc 0.45523 hrr 0.33261)  valid 0.76924 (tc 0.63913 hrr 0.43371)  lr 1.00e-03  *
    epoch   58  train 0.54953 (tc 0.44952 hrr 0.33338)  valid 0.76669 (tc 0.63622 hrr 0.43492)  lr 1.00e-03  *
    epoch   60  train 0.53502 (tc 0.43649 hrr 0.32840)  valid 0.75059 (tc 0.62172 hrr 0.42955)  lr 1.00e-03  *
    epoch   61  train 0.52954 (tc 0.43119 hrr 0.32782)  valid 0.74912 (tc 0.61904 hrr 0.43358)  lr 1.00e-03  *
    epoch   62  train 0.52217 (tc 0.42394 hrr 0.32745)  valid 0.74063 (tc 0.61298 hrr 0.42553)  lr 1.00e-03  *
    epoch   63  train 0.51666 (tc 0.41886 hrr 0.32600)  valid 0.73230 (tc 0.60483 hrr 0.42492)  lr 1.00e-03  *
    epoch   64  train 0.51084 (tc 0.41335 hrr 0.32497)  valid 0.72830 (tc 0.59978 hrr 0.42842)  lr 1.00e-03  *
    epoch   65  train 0.50386 (tc 0.40706 hrr 0.32267)  valid 0.71711 (tc 0.58954 hrr 0.42524)  lr 1.00e-03  *
    epoch   66  train 0.49929 (tc 0.40248 hrr 0.32268)  valid 0.70573 (tc 0.57970 hrr 0.42011)  lr 1.00e-03  *
    epoch   68  train 0.48974 (tc 0.39284 hrr 0.32302)  valid 0.70412 (tc 0.57587 hrr 0.42749)  lr 1.00e-03  *
    epoch   69  train 0.48454 (tc 0.38834 hrr 0.32066)  valid 0.69744 (tc 0.57116 hrr 0.42093)  lr 1.00e-03  *
    epoch   70  train 0.48033 (tc 0.38426 hrr 0.32024)  valid 0.70379 (tc 0.57752 hrr 0.42092)  lr 1.00e-03
    epoch   71  train 0.47635 (tc 0.38021 hrr 0.32049)  valid 0.68710 (tc 0.56113 hrr 0.41990)  lr 1.00e-03  *
    epoch   72  train 0.47259 (tc 0.37689 hrr 0.31898)  valid 0.68320 (tc 0.55706 hrr 0.42047)  lr 1.00e-03  *
    epoch   74  train 0.47117 (tc 0.37473 hrr 0.32146)  valid 0.66812 (tc 0.54133 hrr 0.42264)  lr 1.00e-03  *
    epoch   75  train 0.46197 (tc 0.36570 hrr 0.32089)  valid 0.66473 (tc 0.53976 hrr 0.41656)  lr 1.00e-03  *
    epoch   77  train 0.45142 (tc 0.35633 hrr 0.31698)  valid 0.65372 (tc 0.52866 hrr 0.41686)  lr 1.00e-03  *
    epoch   79  train 0.44325 (tc 0.34899 hrr 0.31419)  valid 0.64701 (tc 0.52271 hrr 0.41435)  lr 1.00e-03  *
    epoch   80  train 0.43970 (tc 0.34566 hrr 0.31344)  valid 0.64250 (tc 0.51881 hrr 0.41229)  lr 1.00e-03  *
    epoch   81  train 0.43604 (tc 0.34233 hrr 0.31237)  valid 0.64079 (tc 0.51726 hrr 0.41179)  lr 1.00e-03  *
    epoch   82  train 0.43208 (tc 0.33895 hrr 0.31042)  valid 0.63353 (tc 0.51068 hrr 0.40949)  lr 1.00e-03  *
    epoch   84  train 0.42533 (tc 0.33274 hrr 0.30864)  valid 0.63030 (tc 0.50521 hrr 0.41698)  lr 1.00e-03  *
    epoch   86  train 0.42177 (tc 0.32931 hrr 0.30822)  valid 0.62099 (tc 0.49999 hrr 0.40333)  lr 1.00e-03  *
    epoch   88  train 0.41602 (tc 0.32433 hrr 0.30564)  valid 0.61610 (tc 0.49452 hrr 0.40527)  lr 1.00e-03  *
    epoch   90  train 0.41189 (tc 0.32085 hrr 0.30349)  valid 0.61257 (tc 0.49229 hrr 0.40091)  lr 1.00e-03  *
    epoch   91  train 0.40976 (tc 0.31892 hrr 0.30280)  valid 0.60993 (tc 0.49029 hrr 0.39879)  lr 1.00e-03  *
    epoch   92  train 0.40765 (tc 0.31709 hrr 0.30185)  valid 0.60471 (tc 0.48534 hrr 0.39792)  lr 1.00e-03  *
    epoch   94  train 0.40476 (tc 0.31453 hrr 0.30075)  valid 0.60274 (tc 0.48325 hrr 0.39832)  lr 1.00e-03  *
    epoch   95  train 0.40330 (tc 0.31328 hrr 0.30006)  valid 0.60214 (tc 0.48229 hrr 0.39950)  lr 1.00e-03  *
    epoch   99  train 0.39841 (tc 0.30880 hrr 0.29870)  valid 0.60146 (tc 0.48415 hrr 0.39104)  lr 1.00e-03  *
    epoch  100  train 0.39728 (tc 0.30795 hrr 0.29776)  valid 0.59960 (tc 0.48023 hrr 0.39789)  lr 1.00e-03  *
    epoch  102  train 0.39574 (tc 0.30685 hrr 0.29633)  valid 0.59626 (tc 0.47737 hrr 0.39629)  lr 1.00e-03  *
    epoch  103  train 0.39333 (tc 0.30450 hrr 0.29611)  valid 0.58859 (tc 0.47002 hrr 0.39524)  lr 1.00e-03  *
    epoch  107  train 0.38840 (tc 0.30053 hrr 0.29288)  valid 0.58699 (tc 0.46952 hrr 0.39157)  lr 1.00e-03  *
    epoch  108  train 0.38669 (tc 0.29889 hrr 0.29268)  valid 0.58698 (tc 0.46969 hrr 0.39099)  lr 1.00e-03  *
    epoch  109  train 0.38567 (tc 0.29804 hrr 0.29212)  valid 0.58505 (tc 0.46875 hrr 0.38768)  lr 1.00e-03  *
    epoch  110  train 0.38570 (tc 0.29809 hrr 0.29203)  valid 0.58878 (tc 0.47083 hrr 0.39317)  lr 1.00e-03
    epoch  112  train 0.38438 (tc 0.29652 hrr 0.29289)  valid 0.58104 (tc 0.46535 hrr 0.38565)  lr 1.00e-03  *
    epoch  113  train 0.38343 (tc 0.29592 hrr 0.29170)  valid 0.57869 (tc 0.46021 hrr 0.39493)  lr 1.00e-03  *
    epoch  116  train 0.38260 (tc 0.29496 hrr 0.29215)  valid 0.57854 (tc 0.46164 hrr 0.38965)  lr 1.00e-03  *
    epoch  120  train 0.37485 (tc 0.28871 hrr 0.28711)  valid 0.57834 (tc 0.45904 hrr 0.39768)  lr 1.00e-03  *
    epoch  121  train 0.37544 (tc 0.28951 hrr 0.28645)  valid 0.57304 (tc 0.45881 hrr 0.38075)  lr 1.00e-03  *
    epoch  125  train 0.37166 (tc 0.28573 hrr 0.28643)  valid 0.55957 (tc 0.44596 hrr 0.37869)  lr 1.00e-03  *
    epoch  127  train 0.36843 (tc 0.28317 hrr 0.28420)  valid 0.55510 (tc 0.44188 hrr 0.37740)  lr 1.00e-03  *
    epoch  130  train 0.36468 (tc 0.28005 hrr 0.28210)  valid 0.56612 (tc 0.45112 hrr 0.38333)  lr 1.00e-03
    epoch  137  train 0.35502 (tc 0.27184 hrr 0.27728)  valid 0.55319 (tc 0.43903 hrr 0.38052)  lr 1.00e-03  *
    epoch  138  train 0.35441 (tc 0.27125 hrr 0.27720)  valid 0.55112 (tc 0.43569 hrr 0.38477)  lr 1.00e-03  *
    epoch  140  train 0.35286 (tc 0.26970 hrr 0.27719)  valid 0.55173 (tc 0.43834 hrr 0.37797)  lr 1.00e-03
    epoch  141  train 0.35345 (tc 0.27026 hrr 0.27730)  valid 0.54761 (tc 0.43381 hrr 0.37934)  lr 1.00e-03  *
    epoch  143  train 0.35720 (tc 0.27348 hrr 0.27905)  valid 0.54460 (tc 0.43235 hrr 0.37416)  lr 1.00e-03  *
    epoch  146  train 0.35786 (tc 0.27397 hrr 0.27963)  valid 0.54182 (tc 0.42947 hrr 0.37448)  lr 1.00e-03  *
    epoch  150  train 0.34908 (tc 0.26690 hrr 0.27394)  valid 0.53750 (tc 0.42361 hrr 0.37963)  lr 1.00e-03  *
    epoch  155  train 0.35546 (tc 0.27055 hrr 0.28304)  valid 0.52652 (tc 0.41682 hrr 0.36566)  lr 1.00e-03  *
    epoch  160  train 0.34933 (tc 0.26613 hrr 0.27734)  valid 0.53180 (tc 0.42172 hrr 0.36691)  lr 1.00e-03
    epoch  170  train 0.34631 (tc 0.26485 hrr 0.27153)  valid 0.55741 (tc 0.44168 hrr 0.38576)  lr 1.00e-03
    epoch  172  train 0.35694 (tc 0.27300 hrr 0.27978)  valid 0.52555 (tc 0.41506 hrr 0.36833)  lr 5.00e-04  *
    epoch  174  train 0.34116 (tc 0.26014 hrr 0.27005)  valid 0.52455 (tc 0.41318 hrr 0.37123)  lr 5.00e-04  *
    epoch  175  train 0.33688 (tc 0.25667 hrr 0.26737)  valid 0.52167 (tc 0.40908 hrr 0.37531)  lr 5.00e-04  *
    epoch  180  train 0.33168 (tc 0.25232 hrr 0.26452)  valid 0.52493 (tc 0.40959 hrr 0.38447)  lr 5.00e-04
    epoch  185  train 0.33124 (tc 0.25207 hrr 0.26390)  valid 0.52071 (tc 0.40925 hrr 0.37156)  lr 5.00e-04  *
    epoch  186  train 0.33026 (tc 0.25119 hrr 0.26357)  valid 0.51841 (tc 0.40806 hrr 0.36783)  lr 5.00e-04  *
    epoch  187  train 0.32960 (tc 0.25064 hrr 0.26320)  valid 0.51825 (tc 0.40673 hrr 0.37173)  lr 5.00e-04  *
    epoch  190  train 0.32953 (tc 0.25069 hrr 0.26281)  valid 0.52430 (tc 0.41383 hrr 0.36825)  lr 5.00e-04
    epoch  191  train 0.32938 (tc 0.25059 hrr 0.26262)  valid 0.51708 (tc 0.40802 hrr 0.36354)  lr 5.00e-04  *
    epoch  200  train 0.32667 (tc 0.24836 hrr 0.26103)  valid 0.53037 (tc 0.41817 hrr 0.37399)  lr 5.00e-04
    epoch  210  train 0.32339 (tc 0.24569 hrr 0.25900)  valid 0.52522 (tc 0.41331 hrr 0.37303)  lr 2.50e-04
    epoch  220  train 0.32176 (tc 0.24427 hrr 0.25829)  valid 0.52613 (tc 0.41207 hrr 0.38017)  lr 2.50e-04
    epoch  230  train 0.32083 (tc 0.24364 hrr 0.25729)  valid 0.52351 (tc 0.41024 hrr 0.37757)  lr 1.25e-04
    epoch  240  train 0.32094 (tc 0.24378 hrr 0.25718)  valid 0.52566 (tc 0.41338 hrr 0.37428)  lr 6.25e-05
    epoch  250  train 0.32004 (tc 0.24300 hrr 0.25680)  valid 0.52033 (tc 0.40766 hrr 0.37554)  lr 6.25e-05
    early stop at epoch 251 (best 0.51708 @ 191)
    saved models_part1_mlp_r2_seed45\part1_member0.pt  (1.2 min)

  === member 2/3 (seed 46) ===
    [sentinel] weights moved after epoch 0: |dW| = 3.2880e+00
    epoch    0  train 1.85901 (tc 1.43497 hrr 1.41348)  valid 1.42001 (tc 1.19585 hrr 0.74720)  lr 1.00e-03  *
    epoch    1  train 1.23340 (tc 1.03424 hrr 0.66385)  valid 1.32187 (tc 1.13018 hrr 0.63898)  lr 1.00e-03  *
    epoch    2  train 1.12836 (tc 0.96511 hrr 0.54416)  valid 1.24210 (tc 1.05981 hrr 0.60762)  lr 1.00e-03  *
    epoch    3  train 1.05669 (tc 0.89838 hrr 0.52770)  valid 1.18408 (tc 1.00674 hrr 0.59114)  lr 1.00e-03  *
    epoch    4  train 1.01495 (tc 0.86240 hrr 0.50852)  valid 1.15332 (tc 0.97769 hrr 0.58544)  lr 1.00e-03  *
    epoch    5  train 0.97082 (tc 0.81941 hrr 0.50470)  valid 1.11525 (tc 0.94107 hrr 0.58061)  lr 1.00e-03  *
    epoch    6  train 0.93291 (tc 0.78503 hrr 0.49293)  valid 1.09022 (tc 0.91984 hrr 0.56793)  lr 1.00e-03  *
    epoch    7  train 0.91110 (tc 0.76797 hrr 0.47711)  valid 1.07613 (tc 0.91036 hrr 0.55257)  lr 1.00e-03  *
    epoch    8  train 0.89142 (tc 0.75059 hrr 0.46944)  valid 1.06505 (tc 0.89845 hrr 0.55533)  lr 1.00e-03  *
    epoch    9  train 0.87380 (tc 0.73565 hrr 0.46050)  valid 1.04837 (tc 0.88538 hrr 0.54330)  lr 1.00e-03  *
    epoch   10  train 0.86367 (tc 0.72672 hrr 0.45649)  valid 1.03604 (tc 0.87429 hrr 0.53918)  lr 1.00e-03  *
    epoch   11  train 0.85351 (tc 0.71800 hrr 0.45170)  valid 1.01613 (tc 0.85518 hrr 0.53650)  lr 1.00e-03  *
    epoch   12  train 0.83903 (tc 0.70598 hrr 0.44349)  valid 1.00314 (tc 0.84416 hrr 0.52994)  lr 1.00e-03  *
    epoch   13  train 0.83033 (tc 0.69941 hrr 0.43643)  valid 1.00209 (tc 0.84637 hrr 0.51906)  lr 1.00e-03  *
    epoch   14  train 0.82462 (tc 0.69465 hrr 0.43321)  valid 0.99035 (tc 0.83370 hrr 0.52217)  lr 1.00e-03  *
    epoch   17  train 0.81219 (tc 0.68372 hrr 0.42822)  valid 0.98495 (tc 0.83085 hrr 0.51367)  lr 1.00e-03  *
    epoch   18  train 0.81128 (tc 0.68327 hrr 0.42668)  valid 0.97908 (tc 0.82925 hrr 0.49943)  lr 1.00e-03  *
    epoch   19  train 0.79246 (tc 0.66753 hrr 0.41642)  valid 0.97329 (tc 0.82295 hrr 0.50115)  lr 1.00e-03  *
    epoch   20  train 0.78452 (tc 0.66221 hrr 0.40770)  valid 0.95660 (tc 0.81084 hrr 0.48588)  lr 1.00e-03  *
    epoch   21  train 0.77598 (tc 0.65575 hrr 0.40078)  valid 0.95471 (tc 0.81091 hrr 0.47934)  lr 1.00e-03  *
    epoch   22  train 0.76735 (tc 0.64804 hrr 0.39770)  valid 0.94734 (tc 0.80419 hrr 0.47714)  lr 1.00e-03  *
    epoch   23  train 0.75672 (tc 0.63939 hrr 0.39110)  valid 0.92158 (tc 0.78275 hrr 0.46276)  lr 1.00e-03  *
    epoch   24  train 0.74029 (tc 0.62448 hrr 0.38603)  valid 0.90789 (tc 0.77136 hrr 0.45511)  lr 1.00e-03  *
    epoch   25  train 0.72263 (tc 0.60834 hrr 0.38096)  valid 0.89448 (tc 0.75742 hrr 0.45686)  lr 1.00e-03  *
    epoch   26  train 0.70551 (tc 0.59131 hrr 0.38065)  valid 0.87777 (tc 0.74217 hrr 0.45201)  lr 1.00e-03  *
    epoch   27  train 0.69410 (tc 0.57972 hrr 0.38127)  valid 0.87541 (tc 0.73793 hrr 0.45828)  lr 1.00e-03  *
    epoch   30  train 0.68467 (tc 0.57078 hrr 0.37962)  valid 0.88610 (tc 0.74882 hrr 0.45759)  lr 1.00e-03
    epoch   31  train 0.67525 (tc 0.56248 hrr 0.37590)  valid 0.85453 (tc 0.72146 hrr 0.44358)  lr 1.00e-03  *
    epoch   32  train 0.67285 (tc 0.56107 hrr 0.37258)  valid 0.84569 (tc 0.71309 hrr 0.44198)  lr 1.00e-03  *
    epoch   34  train 0.66156 (tc 0.55138 hrr 0.36725)  valid 0.84454 (tc 0.71286 hrr 0.43892)  lr 1.00e-03  *
    epoch   35  train 0.64897 (tc 0.54057 hrr 0.36134)  valid 0.84186 (tc 0.71115 hrr 0.43571)  lr 1.00e-03  *
    epoch   36  train 0.64116 (tc 0.53339 hrr 0.35925)  valid 0.83145 (tc 0.70159 hrr 0.43289)  lr 1.00e-03  *
    epoch   38  train 0.64595 (tc 0.53755 hrr 0.36131)  valid 0.83064 (tc 0.70100 hrr 0.43212)  lr 1.00e-03  *
    epoch   40  train 0.63863 (tc 0.53145 hrr 0.35728)  valid 0.81919 (tc 0.68853 hrr 0.43555)  lr 1.00e-03  *
    epoch   44  train 0.61935 (tc 0.51553 hrr 0.34607)  valid 0.81111 (tc 0.68222 hrr 0.42963)  lr 1.00e-03  *
    epoch   46  train 0.61521 (tc 0.51189 hrr 0.34437)  valid 0.80393 (tc 0.67682 hrr 0.42371)  lr 1.00e-03  *
    epoch   50  train 0.60697 (tc 0.50504 hrr 0.33976)  valid 0.80445 (tc 0.67674 hrr 0.42571)  lr 1.00e-03
    epoch   53  train 0.60451 (tc 0.50305 hrr 0.33821)  valid 0.80055 (tc 0.67214 hrr 0.42803)  lr 1.00e-03  *
    epoch   54  train 0.60626 (tc 0.50456 hrr 0.33902)  valid 0.79840 (tc 0.67157 hrr 0.42278)  lr 1.00e-03  *
    epoch   56  train 0.60131 (tc 0.50208 hrr 0.33078)  valid 0.78696 (tc 0.66330 hrr 0.41219)  lr 1.00e-03  *
    epoch   60  train 0.58066 (tc 0.48353 hrr 0.32375)  valid 0.77762 (tc 0.65275 hrr 0.41622)  lr 1.00e-03  *
    epoch   61  train 0.57721 (tc 0.48093 hrr 0.32094)  valid 0.77037 (tc 0.64772 hrr 0.40884)  lr 1.00e-03  *
    epoch   67  train 0.57485 (tc 0.47965 hrr 0.31733)  valid 0.76519 (tc 0.64290 hrr 0.40762)  lr 1.00e-03  *
    epoch   70  train 0.56788 (tc 0.47355 hrr 0.31442)  valid 0.76927 (tc 0.64724 hrr 0.40679)  lr 1.00e-03
    epoch   71  train 0.56775 (tc 0.47300 hrr 0.31585)  valid 0.75864 (tc 0.63934 hrr 0.39766)  lr 1.00e-03  *
    epoch   74  train 0.55764 (tc 0.46490 hrr 0.30912)  valid 0.75070 (tc 0.63313 hrr 0.39192)  lr 1.00e-03  *
    epoch   77  train 0.55412 (tc 0.46248 hrr 0.30547)  valid 0.74816 (tc 0.63114 hrr 0.39006)  lr 1.00e-03  *
    epoch   78  train 0.55154 (tc 0.46024 hrr 0.30434)  valid 0.74130 (tc 0.62635 hrr 0.38318)  lr 1.00e-03  *
    epoch   80  train 0.55185 (tc 0.46123 hrr 0.30207)  valid 0.74506 (tc 0.62870 hrr 0.38785)  lr 1.00e-03
    epoch   85  train 0.55236 (tc 0.46173 hrr 0.30208)  valid 0.73988 (tc 0.62480 hrr 0.38359)  lr 1.00e-03  *
    epoch   90  train 0.54463 (tc 0.45496 hrr 0.29890)  valid 0.74181 (tc 0.62565 hrr 0.38721)  lr 1.00e-03
    epoch   91  train 0.54046 (tc 0.45095 hrr 0.29834)  valid 0.73102 (tc 0.61520 hrr 0.38607)  lr 1.00e-03  *
    epoch   92  train 0.53615 (tc 0.44740 hrr 0.29583)  valid 0.73004 (tc 0.61483 hrr 0.38402)  lr 1.00e-03  *
    epoch   94  train 0.53435 (tc 0.44670 hrr 0.29215)  valid 0.72883 (tc 0.61621 hrr 0.37539)  lr 1.00e-03  *
    epoch   99  train 0.53378 (tc 0.44645 hrr 0.29109)  valid 0.72854 (tc 0.61213 hrr 0.38802)  lr 1.00e-03  *
    epoch  100  train 0.53120 (tc 0.44451 hrr 0.28897)  valid 0.73855 (tc 0.62347 hrr 0.38359)  lr 1.00e-03
    epoch  101  train 0.52799 (tc 0.44209 hrr 0.28633)  valid 0.72574 (tc 0.61303 hrr 0.37571)  lr 1.00e-03  *
    epoch  104  train 0.52567 (tc 0.44015 hrr 0.28507)  valid 0.72557 (tc 0.61288 hrr 0.37561)  lr 1.00e-03  *
    epoch  105  train 0.52700 (tc 0.44165 hrr 0.28449)  valid 0.71409 (tc 0.60543 hrr 0.36218)  lr 1.00e-03  *
    epoch  107  train 0.52441 (tc 0.43954 hrr 0.28291)  valid 0.71014 (tc 0.60223 hrr 0.35971)  lr 1.00e-03  *
    epoch  109  train 0.51919 (tc 0.43478 hrr 0.28137)  valid 0.70677 (tc 0.59643 hrr 0.36780)  lr 1.00e-03  *
    epoch  110  train 0.51531 (tc 0.43146 hrr 0.27951)  valid 0.70987 (tc 0.60016 hrr 0.36570)  lr 1.00e-03
    epoch  111  train 0.51300 (tc 0.42914 hrr 0.27954)  valid 0.70238 (tc 0.59386 hrr 0.36174)  lr 1.00e-03  *
    epoch  112  train 0.50978 (tc 0.42664 hrr 0.27715)  valid 0.69952 (tc 0.59114 hrr 0.36125)  lr 1.00e-03  *
    epoch  113  train 0.51015 (tc 0.42723 hrr 0.27642)  valid 0.69594 (tc 0.59034 hrr 0.35198)  lr 1.00e-03  *
    epoch  115  train 0.50777 (tc 0.42527 hrr 0.27500)  valid 0.69571 (tc 0.58716 hrr 0.36183)  lr 1.00e-03  *
    epoch  118  train 0.50231 (tc 0.42062 hrr 0.27229)  valid 0.69331 (tc 0.58421 hrr 0.36369)  lr 1.00e-03  *
    epoch  120  train 0.49901 (tc 0.41775 hrr 0.27086)  valid 0.69513 (tc 0.58846 hrr 0.35555)  lr 1.00e-03
    epoch  121  train 0.49762 (tc 0.41633 hrr 0.27096)  valid 0.69222 (tc 0.58306 hrr 0.36388)  lr 1.00e-03  *
    epoch  126  train 0.49310 (tc 0.41301 hrr 0.26697)  valid 0.69088 (tc 0.58295 hrr 0.35979)  lr 1.00e-03  *
    epoch  127  train 0.49029 (tc 0.41038 hrr 0.26638)  valid 0.68988 (tc 0.58259 hrr 0.35764)  lr 1.00e-03  *
    epoch  128  train 0.48798 (tc 0.40824 hrr 0.26581)  valid 0.68974 (tc 0.58181 hrr 0.35978)  lr 1.00e-03  *
    epoch  129  train 0.48563 (tc 0.40643 hrr 0.26399)  valid 0.68603 (tc 0.57977 hrr 0.35419)  lr 1.00e-03  *
    epoch  130  train 0.48507 (tc 0.40599 hrr 0.26359)  valid 0.68313 (tc 0.57664 hrr 0.35494)  lr 1.00e-03  *
    epoch  131  train 0.48407 (tc 0.40512 hrr 0.26315)  valid 0.68169 (tc 0.57529 hrr 0.35467)  lr 1.00e-03  *
    epoch  132  train 0.48271 (tc 0.40401 hrr 0.26231)  valid 0.67784 (tc 0.57300 hrr 0.34949)  lr 1.00e-03  *
    epoch  136  train 0.48295 (tc 0.40427 hrr 0.26227)  valid 0.67557 (tc 0.57022 hrr 0.35118)  lr 1.00e-03  *
    epoch  137  train 0.48272 (tc 0.40404 hrr 0.26229)  valid 0.67128 (tc 0.56785 hrr 0.34476)  lr 1.00e-03  *
    epoch  140  train 0.47672 (tc 0.39911 hrr 0.25868)  valid 0.66493 (tc 0.56311 hrr 0.33939)  lr 1.00e-03  *
    epoch  144  train 0.47279 (tc 0.39547 hrr 0.25773)  valid 0.66411 (tc 0.56337 hrr 0.33579)  lr 1.00e-03  *
    epoch  145  train 0.47254 (tc 0.39557 hrr 0.25658)  valid 0.66327 (tc 0.56221 hrr 0.33688)  lr 1.00e-03  *
    epoch  146  train 0.47155 (tc 0.39470 hrr 0.25616)  valid 0.65771 (tc 0.55765 hrr 0.33351)  lr 1.00e-03  *
    epoch  147  train 0.47083 (tc 0.39425 hrr 0.25527)  valid 0.65755 (tc 0.55768 hrr 0.33291)  lr 1.00e-03  *
    epoch  150  train 0.46641 (tc 0.39029 hrr 0.25372)  valid 0.66232 (tc 0.55941 hrr 0.34302)  lr 1.00e-03
    epoch  152  train 0.46653 (tc 0.39055 hrr 0.25328)  valid 0.65383 (tc 0.55448 hrr 0.33118)  lr 1.00e-03  *
    epoch  158  train 0.46489 (tc 0.38922 hrr 0.25224)  valid 0.65118 (tc 0.55071 hrr 0.33490)  lr 1.00e-03  *
    epoch  159  train 0.46324 (tc 0.38770 hrr 0.25180)  valid 0.64862 (tc 0.54995 hrr 0.32889)  lr 1.00e-03  *
    epoch  160  train 0.46349 (tc 0.38791 hrr 0.25191)  valid 0.66820 (tc 0.56224 hrr 0.35321)  lr 1.00e-03
    epoch  169  train 0.46337 (tc 0.38705 hrr 0.25439)  valid 0.63832 (tc 0.53865 hrr 0.33223)  lr 1.00e-03  *
    epoch  170  train 0.46065 (tc 0.38480 hrr 0.25286)  valid 0.63510 (tc 0.53496 hrr 0.33379)  lr 1.00e-03  *
    epoch  171  train 0.45748 (tc 0.38210 hrr 0.25129)  valid 0.63431 (tc 0.53129 hrr 0.34340)  lr 1.00e-03  *
    epoch  172  train 0.45273 (tc 0.37753 hrr 0.25065)  valid 0.61807 (tc 0.51795 hrr 0.33376)  lr 1.00e-03  *
    epoch  173  train 0.43510 (tc 0.35972 hrr 0.25129)  valid 0.59811 (tc 0.49511 hrr 0.34335)  lr 1.00e-03  *
    epoch  174  train 0.41453 (tc 0.33934 hrr 0.25061)  valid 0.59391 (tc 0.48803 hrr 0.35293)  lr 1.00e-03  *
    epoch  175  train 0.40121 (tc 0.32589 hrr 0.25105)  valid 0.58211 (tc 0.47649 hrr 0.35205)  lr 1.00e-03  *
    epoch  176  train 0.39294 (tc 0.31786 hrr 0.25025)  valid 0.56799 (tc 0.46448 hrr 0.34503)  lr 1.00e-03  *
    epoch  177  train 0.38501 (tc 0.31046 hrr 0.24850)  valid 0.56137 (tc 0.45841 hrr 0.34318)  lr 1.00e-03  *
    epoch  178  train 0.37921 (tc 0.30494 hrr 0.24758)  valid 0.55272 (tc 0.45155 hrr 0.33723)  lr 1.00e-03  *
    epoch  180  train 0.37216 (tc 0.29849 hrr 0.24555)  valid 0.54583 (tc 0.44457 hrr 0.33754)  lr 1.00e-03  *
    epoch  181  train 0.36994 (tc 0.29631 hrr 0.24545)  valid 0.54176 (tc 0.44297 hrr 0.32930)  lr 1.00e-03  *
    epoch  182  train 0.36857 (tc 0.29496 hrr 0.24536)  valid 0.53879 (tc 0.44086 hrr 0.32642)  lr 1.00e-03  *
    epoch  184  train 0.36831 (tc 0.29452 hrr 0.24596)  valid 0.53470 (tc 0.43416 hrr 0.33512)  lr 1.00e-03  *
    epoch  190  train 0.36281 (tc 0.28923 hrr 0.24525)  valid 0.54040 (tc 0.43852 hrr 0.33961)  lr 1.00e-03
    epoch  191  train 0.36126 (tc 0.28808 hrr 0.24391)  valid 0.53234 (tc 0.43269 hrr 0.33218)  lr 1.00e-03  *
    epoch  193  train 0.36270 (tc 0.28957 hrr 0.24377)  valid 0.52488 (tc 0.42684 hrr 0.32681)  lr 1.00e-03  *
    epoch  197  train 0.35645 (tc 0.28393 hrr 0.24173)  valid 0.52442 (tc 0.42639 hrr 0.32679)  lr 1.00e-03  *
    epoch  198  train 0.35663 (tc 0.28403 hrr 0.24201)  valid 0.51916 (tc 0.42301 hrr 0.32053)  lr 1.00e-03  *
    epoch  199  train 0.35758 (tc 0.28506 hrr 0.24177)  valid 0.51902 (tc 0.42309 hrr 0.31978)  lr 1.00e-03  *
    epoch  200  train 0.35832 (tc 0.28553 hrr 0.24265)  valid 0.52597 (tc 0.42762 hrr 0.32785)  lr 1.00e-03
    epoch  205  train 0.35811 (tc 0.28492 hrr 0.24398)  valid 0.51483 (tc 0.41713 hrr 0.32567)  lr 1.00e-03  *
    epoch  210  train 0.35710 (tc 0.28423 hrr 0.24291)  valid 0.51962 (tc 0.42229 hrr 0.32443)  lr 1.00e-03
    epoch  220  train 0.35792 (tc 0.28469 hrr 0.24409)  valid 0.52286 (tc 0.41853 hrr 0.34778)  lr 1.00e-03
    epoch  230  train 0.34489 (tc 0.27406 hrr 0.23609)  valid 0.52139 (tc 0.42244 hrr 0.32985)  lr 5.00e-04
    epoch  233  train 0.34368 (tc 0.27306 hrr 0.23540)  valid 0.51418 (tc 0.41740 hrr 0.32257)  lr 5.00e-04  *
    epoch  237  train 0.34341 (tc 0.27294 hrr 0.23492)  valid 0.51167 (tc 0.41628 hrr 0.31795)  lr 5.00e-04  *
    epoch  238  train 0.34298 (tc 0.27257 hrr 0.23468)  valid 0.50960 (tc 0.41460 hrr 0.31667)  lr 5.00e-04  *
    epoch  240  train 0.34208 (tc 0.27178 hrr 0.23432)  valid 0.51704 (tc 0.41769 hrr 0.33116)  lr 5.00e-04
    epoch  250  train 0.34281 (tc 0.27258 hrr 0.23413)  valid 0.51641 (tc 0.41675 hrr 0.33220)  lr 5.00e-04
    epoch  254  train 0.34043 (tc 0.27038 hrr 0.23348)  valid 0.50432 (tc 0.40841 hrr 0.31970)  lr 5.00e-04  *
    epoch  255  train 0.33971 (tc 0.26969 hrr 0.23343)  valid 0.50404 (tc 0.40884 hrr 0.31734)  lr 5.00e-04  *
    epoch  256  train 0.33966 (tc 0.26969 hrr 0.23323)  valid 0.50243 (tc 0.40809 hrr 0.31447)  lr 5.00e-04  *
    epoch  260  train 0.34261 (tc 0.27252 hrr 0.23365)  valid 0.50838 (tc 0.41245 hrr 0.31977)  lr 5.00e-04
    epoch  270  train 0.33931 (tc 0.26935 hrr 0.23320)  valid 0.50901 (tc 0.41054 hrr 0.32824)  lr 5.00e-04
    epoch  280  train 0.33592 (tc 0.26659 hrr 0.23108)  valid 0.50681 (tc 0.40850 hrr 0.32768)  lr 2.50e-04
    epoch  290  train 0.33529 (tc 0.26612 hrr 0.23059)  valid 0.50592 (tc 0.40849 hrr 0.32479)  lr 1.25e-04
    epoch  300  train 0.33419 (tc 0.26511 hrr 0.23027)  valid 0.50624 (tc 0.40791 hrr 0.32778)  lr 1.25e-04
    epoch  310  train 0.33361 (tc 0.26462 hrr 0.22995)  valid 0.50774 (tc 0.40866 hrr 0.33026)  lr 6.25e-05
    early stop at epoch 316 (best 0.50243 @ 256)
    saved models_part1_mlp_r2_seed45\part1_member1.pt  (1.4 min)

  === member 3/3 (seed 47) ===
    [sentinel] weights moved after epoch 0: |dW| = 3.2362e+00
    epoch    0  train 1.86611 (tc 1.47829 hrr 1.29274)  valid 1.44946 (tc 1.15874 hrr 0.96904)  lr 1.00e-03  *
    epoch    1  train 1.20638 (tc 1.01604 hrr 0.63445)  valid 1.26407 (tc 1.08025 hrr 0.61271)  lr 1.00e-03  *
    epoch    2  train 1.08941 (tc 0.93128 hrr 0.52710)  valid 1.20190 (tc 1.02294 hrr 0.59653)  lr 1.00e-03  *
    epoch    3  train 1.01962 (tc 0.86758 hrr 0.50682)  valid 1.14983 (tc 0.97637 hrr 0.57821)  lr 1.00e-03  *
    epoch    4  train 0.96169 (tc 0.81294 hrr 0.49583)  valid 1.09327 (tc 0.92204 hrr 0.57077)  lr 1.00e-03  *
    epoch    5  train 0.91652 (tc 0.77165 hrr 0.48288)  valid 1.06812 (tc 0.90246 hrr 0.55220)  lr 1.00e-03  *
    epoch    6  train 0.88690 (tc 0.74710 hrr 0.46599)  valid 1.06546 (tc 0.90123 hrr 0.54742)  lr 1.00e-03  *
    epoch    7  train 0.88145 (tc 0.74178 hrr 0.46555)  valid 1.03675 (tc 0.87521 hrr 0.53849)  lr 1.00e-03  *
    epoch    9  train 0.85258 (tc 0.71616 hrr 0.45474)  valid 1.03294 (tc 0.87302 hrr 0.53308)  lr 1.00e-03  *
    epoch   10  train 0.84422 (tc 0.70984 hrr 0.44795)  valid 1.01994 (tc 0.86215 hrr 0.52595)  lr 1.00e-03  *
    epoch   11  train 0.83693 (tc 0.70421 hrr 0.44240)  valid 1.00809 (tc 0.85307 hrr 0.51670)  lr 1.00e-03  *
    epoch   12  train 0.82850 (tc 0.69774 hrr 0.43587)  valid 1.00644 (tc 0.85259 hrr 0.51282)  lr 1.00e-03  *
    epoch   13  train 0.81858 (tc 0.69004 hrr 0.42845)  valid 0.99775 (tc 0.84525 hrr 0.50833)  lr 1.00e-03  *
    epoch   15  train 0.81209 (tc 0.68505 hrr 0.42346)  valid 0.98595 (tc 0.83693 hrr 0.49673)  lr 1.00e-03  *
    epoch   17  train 0.79793 (tc 0.67405 hrr 0.41290)  valid 0.98491 (tc 0.83695 hrr 0.49321)  lr 1.00e-03  *
    epoch   18  train 0.78734 (tc 0.66566 hrr 0.40560)  valid 0.97729 (tc 0.83254 hrr 0.48250)  lr 1.00e-03  *
    epoch   20  train 0.78765 (tc 0.66579 hrr 0.40621)  valid 0.95375 (tc 0.80941 hrr 0.48115)  lr 1.00e-03  *
    epoch   22  train 0.76721 (tc 0.64863 hrr 0.39529)  valid 0.94713 (tc 0.80631 hrr 0.46940)  lr 1.00e-03  *
    epoch   23  train 0.76397 (tc 0.64603 hrr 0.39315)  valid 0.93971 (tc 0.80210 hrr 0.45871)  lr 1.00e-03  *
    epoch   24  train 0.75854 (tc 0.64128 hrr 0.39087)  valid 0.92656 (tc 0.78957 hrr 0.45662)  lr 1.00e-03  *
    epoch   30  train 0.74350 (tc 0.62895 hrr 0.38184)  valid 0.92966 (tc 0.79264 hrr 0.45673)  lr 1.00e-03
    epoch   31  train 0.72469 (tc 0.61307 hrr 0.37205)  valid 0.92051 (tc 0.78788 hrr 0.44208)  lr 1.00e-03  *
    epoch   32  train 0.71412 (tc 0.60378 hrr 0.36782)  valid 0.90767 (tc 0.77354 hrr 0.44711)  lr 1.00e-03  *
    epoch   34  train 0.70025 (tc 0.59111 hrr 0.36377)  valid 0.90311 (tc 0.77056 hrr 0.44181)  lr 1.00e-03  *
    epoch   36  train 0.69017 (tc 0.58245 hrr 0.35904)  valid 0.88981 (tc 0.75970 hrr 0.43371)  lr 1.00e-03  *
    epoch   38  train 0.67449 (tc 0.56846 hrr 0.35345)  valid 0.88003 (tc 0.74768 hrr 0.44118)  lr 1.00e-03  *
    epoch   39  train 0.66828 (tc 0.56328 hrr 0.35000)  valid 0.87093 (tc 0.74216 hrr 0.42923)  lr 1.00e-03  *
    epoch   40  train 0.66032 (tc 0.55630 hrr 0.34675)  valid 0.87726 (tc 0.74714 hrr 0.43375)  lr 1.00e-03
    epoch   42  train 0.65177 (tc 0.54893 hrr 0.34279)  valid 0.86294 (tc 0.73468 hrr 0.42754)  lr 1.00e-03  *
    epoch   43  train 0.64784 (tc 0.54494 hrr 0.34298)  valid 0.85946 (tc 0.73125 hrr 0.42738)  lr 1.00e-03  *
    epoch   45  train 0.63496 (tc 0.53316 hrr 0.33936)  valid 0.84699 (tc 0.71819 hrr 0.42936)  lr 1.00e-03  *
    epoch   48  train 0.61866 (tc 0.51770 hrr 0.33655)  valid 0.83007 (tc 0.70324 hrr 0.42276)  lr 1.00e-03  *
    epoch   49  train 0.60952 (tc 0.50933 hrr 0.33398)  valid 0.82290 (tc 0.69608 hrr 0.42273)  lr 1.00e-03  *
    epoch   50  train 0.60387 (tc 0.50455 hrr 0.33104)  valid 0.83795 (tc 0.71008 hrr 0.42626)  lr 1.00e-03
    epoch   52  train 0.59141 (tc 0.49320 hrr 0.32735)  valid 0.81765 (tc 0.69151 hrr 0.42048)  lr 1.00e-03  *
    epoch   53  train 0.58721 (tc 0.48890 hrr 0.32771)  valid 0.81414 (tc 0.68638 hrr 0.42586)  lr 1.00e-03  *
    epoch   54  train 0.58372 (tc 0.48513 hrr 0.32862)  valid 0.81401 (tc 0.68884 hrr 0.41723)  lr 1.00e-03  *
    epoch   56  train 0.57226 (tc 0.47432 hrr 0.32646)  valid 0.77495 (tc 0.65330 hrr 0.40549)  lr 1.00e-03  *
    epoch   60  train 0.54456 (tc 0.44803 hrr 0.32177)  valid 0.77860 (tc 0.65454 hrr 0.41354)  lr 1.00e-03
    epoch   61  train 0.53672 (tc 0.44042 hrr 0.32098)  valid 0.75946 (tc 0.63615 hrr 0.41104)  lr 1.00e-03  *
    epoch   62  train 0.52982 (tc 0.43413 hrr 0.31898)  valid 0.75053 (tc 0.62735 hrr 0.41058)  lr 1.00e-03  *
    epoch   64  train 0.51333 (tc 0.41861 hrr 0.31572)  valid 0.72264 (tc 0.60191 hrr 0.40245)  lr 1.00e-03  *
    epoch   65  train 0.50519 (tc 0.41103 hrr 0.31387)  valid 0.72202 (tc 0.60049 hrr 0.40508)  lr 1.00e-03  *
    epoch   66  train 0.49979 (tc 0.40600 hrr 0.31262)  valid 0.71319 (tc 0.59344 hrr 0.39917)  lr 1.00e-03  *
    epoch   68  train 0.48989 (tc 0.39632 hrr 0.31189)  valid 0.71096 (tc 0.59020 hrr 0.40253)  lr 1.00e-03  *
    epoch   70  train 0.48206 (tc 0.38834 hrr 0.31241)  valid 0.69622 (tc 0.57688 hrr 0.39778)  lr 1.00e-03  *
    epoch   72  train 0.47519 (tc 0.38110 hrr 0.31363)  valid 0.68997 (tc 0.57002 hrr 0.39984)  lr 1.00e-03  *
    epoch   77  train 0.46256 (tc 0.36998 hrr 0.30858)  valid 0.68253 (tc 0.56065 hrr 0.40626)  lr 1.00e-03  *
    epoch   78  train 0.45740 (tc 0.36543 hrr 0.30658)  valid 0.68124 (tc 0.56235 hrr 0.39629)  lr 1.00e-03  *
    epoch   79  train 0.45494 (tc 0.36312 hrr 0.30606)  valid 0.67986 (tc 0.56158 hrr 0.39425)  lr 1.00e-03  *
    epoch   80  train 0.45180 (tc 0.35987 hrr 0.30643)  valid 0.65792 (tc 0.54124 hrr 0.38895)  lr 1.00e-03  *
    epoch   83  train 0.44601 (tc 0.35485 hrr 0.30387)  valid 0.64542 (tc 0.52665 hrr 0.39590)  lr 1.00e-03  *
    epoch   86  train 0.43704 (tc 0.34660 hrr 0.30147)  valid 0.63798 (tc 0.52260 hrr 0.38460)  lr 1.00e-03  *
    epoch   88  train 0.43061 (tc 0.34104 hrr 0.29857)  valid 0.63591 (tc 0.52073 hrr 0.38393)  lr 1.00e-03  *
    epoch   90  train 0.42506 (tc 0.33633 hrr 0.29576)  valid 0.66095 (tc 0.54333 hrr 0.39207)  lr 1.00e-03
    epoch  100  train 0.41599 (tc 0.32819 hrr 0.29265)  valid 0.64246 (tc 0.52068 hrr 0.40593)  lr 1.00e-03
    epoch  103  train 0.42621 (tc 0.33438 hrr 0.30610)  valid 0.61077 (tc 0.49487 hrr 0.38633)  lr 1.00e-03  *
    epoch  110  train 0.41085 (tc 0.32295 hrr 0.29300)  valid 0.63234 (tc 0.51793 hrr 0.38135)  lr 1.00e-03
    epoch  111  train 0.40660 (tc 0.31919 hrr 0.29138)  valid 0.60529 (tc 0.49423 hrr 0.37023)  lr 1.00e-03  *
    epoch  113  train 0.39848 (tc 0.31257 hrr 0.28636)  valid 0.60222 (tc 0.48947 hrr 0.37581)  lr 1.00e-03  *
    epoch  114  train 0.39454 (tc 0.30873 hrr 0.28602)  valid 0.59433 (tc 0.48427 hrr 0.36686)  lr 1.00e-03  *
    epoch  115  train 0.39150 (tc 0.30606 hrr 0.28481)  valid 0.59031 (tc 0.48090 hrr 0.36468)  lr 1.00e-03  *
    epoch  117  train 0.38623 (tc 0.30137 hrr 0.28286)  valid 0.58486 (tc 0.47535 hrr 0.36503)  lr 1.00e-03  *
    epoch  118  train 0.38383 (tc 0.29933 hrr 0.28166)  valid 0.58303 (tc 0.47225 hrr 0.36926)  lr 1.00e-03  *
    epoch  120  train 0.38254 (tc 0.29839 hrr 0.28050)  valid 0.59103 (tc 0.47977 hrr 0.37089)  lr 1.00e-03
    epoch  123  train 0.37910 (tc 0.29534 hrr 0.27918)  valid 0.58146 (tc 0.47049 hrr 0.36987)  lr 1.00e-03  *
    epoch  124  train 0.37812 (tc 0.29447 hrr 0.27883)  valid 0.57797 (tc 0.46626 hrr 0.37237)  lr 1.00e-03  *
    epoch  126  train 0.37328 (tc 0.29025 hrr 0.27674)  valid 0.57124 (tc 0.46219 hrr 0.36350)  lr 1.00e-03  *
    epoch  130  train 0.36898 (tc 0.28664 hrr 0.27448)  valid 0.57271 (tc 0.46322 hrr 0.36499)  lr 1.00e-03
    epoch  131  train 0.36708 (tc 0.28506 hrr 0.27340)  valid 0.56766 (tc 0.46012 hrr 0.35847)  lr 1.00e-03  *
    epoch  133  train 0.36383 (tc 0.28224 hrr 0.27196)  valid 0.55827 (tc 0.45264 hrr 0.35208)  lr 1.00e-03  *
    epoch  134  train 0.36264 (tc 0.28125 hrr 0.27132)  valid 0.55746 (tc 0.45234 hrr 0.35037)  lr 1.00e-03  *
    epoch  135  train 0.36179 (tc 0.28058 hrr 0.27071)  valid 0.55693 (tc 0.45150 hrr 0.35142)  lr 1.00e-03  *
    epoch  139  train 0.35732 (tc 0.27695 hrr 0.26791)  valid 0.55460 (tc 0.44987 hrr 0.34909)  lr 1.00e-03  *
    epoch  140  train 0.35685 (tc 0.27657 hrr 0.26761)  valid 0.55717 (tc 0.45167 hrr 0.35166)  lr 1.00e-03
    epoch  145  train 0.36333 (tc 0.28131 hrr 0.27338)  valid 0.55413 (tc 0.45002 hrr 0.34703)  lr 1.00e-03  *
    epoch  146  train 0.35997 (tc 0.27882 hrr 0.27049)  valid 0.55370 (tc 0.44973 hrr 0.34658)  lr 1.00e-03  *
    epoch  148  train 0.35426 (tc 0.27403 hrr 0.26744)  valid 0.53115 (tc 0.42839 hrr 0.34251)  lr 1.00e-03  *
    epoch  150  train 0.34983 (tc 0.27049 hrr 0.26449)  valid 0.54011 (tc 0.43765 hrr 0.34154)  lr 1.00e-03
    epoch  159  train 0.34383 (tc 0.26564 hrr 0.26060)  valid 0.52046 (tc 0.41972 hrr 0.33581)  lr 1.00e-03  *
    epoch  160  train 0.34195 (tc 0.26409 hrr 0.25954)  valid 0.52236 (tc 0.42071 hrr 0.33883)  lr 1.00e-03
    epoch  161  train 0.34061 (tc 0.26291 hrr 0.25899)  valid 0.52014 (tc 0.41962 hrr 0.33507)  lr 1.00e-03  *
    epoch  170  train 0.34161 (tc 0.26420 hrr 0.25803)  valid 0.53511 (tc 0.43146 hrr 0.34550)  lr 1.00e-03
    epoch  180  train 0.33194 (tc 0.25673 hrr 0.25070)  valid 0.52590 (tc 0.42389 hrr 0.34004)  lr 5.00e-04
    epoch  190  train 0.32767 (tc 0.25311 hrr 0.24854)  valid 0.53330 (tc 0.42947 hrr 0.34610)  lr 5.00e-04
    epoch  200  train 0.32366 (tc 0.24988 hrr 0.24592)  valid 0.53457 (tc 0.42813 hrr 0.35481)  lr 2.50e-04
    epoch  205  train 0.32456 (tc 0.25091 hrr 0.24552)  valid 0.51843 (tc 0.41774 hrr 0.33561)  lr 2.50e-04  *
    epoch  206  train 0.32389 (tc 0.25020 hrr 0.24564)  valid 0.51435 (tc 0.41421 hrr 0.33379)  lr 2.50e-04  *
    epoch  210  train 0.32284 (tc 0.24947 hrr 0.24455)  valid 0.51325 (tc 0.41243 hrr 0.33608)  lr 2.50e-04  *
    epoch  211  train 0.32251 (tc 0.24917 hrr 0.24445)  valid 0.51158 (tc 0.41169 hrr 0.33299)  lr 2.50e-04  *
    epoch  220  train 0.32213 (tc 0.24893 hrr 0.24400)  valid 0.51476 (tc 0.41121 hrr 0.34516)  lr 2.50e-04
    epoch  221  train 0.32184 (tc 0.24871 hrr 0.24377)  valid 0.50662 (tc 0.40482 hrr 0.33930)  lr 2.50e-04  *
    epoch  230  train 0.31944 (tc 0.24675 hrr 0.24229)  valid 0.51060 (tc 0.41273 hrr 0.32624)  lr 2.50e-04
    epoch  240  train 0.31909 (tc 0.24657 hrr 0.24175)  valid 0.51409 (tc 0.41645 hrr 0.32547)  lr 1.25e-04
    epoch  250  train 0.31698 (tc 0.24475 hrr 0.24074)  valid 0.50967 (tc 0.41307 hrr 0.32202)  lr 1.25e-04
    epoch  260  train 0.31608 (tc 0.24403 hrr 0.24017)  valid 0.51037 (tc 0.41303 hrr 0.32446)  lr 6.25e-05
    epoch  270  train 0.31542 (tc 0.24346 hrr 0.23987)  valid 0.50892 (tc 0.41149 hrr 0.32477)  lr 3.13e-05
    epoch  280  train 0.31520 (tc 0.24325 hrr 0.23982)  valid 0.51013 (tc 0.41249 hrr 0.32547)  lr 3.13e-05
    early stop at epoch 281 (best 0.50662 @ 221)
    saved models_part1_mlp_r2_seed45\part1_member2.pt  (1.0 min)

  done. 3 member(s) in models_part1_mlp_r2_seed45
  next: python evaluate_part1.py --model-dir models_part1_mlp_r2_seed45
