  device: NVIDIA GeForce RTX 4090

  building dataset ...
  corpus: D:\Bs8414_05052026\Part1\_completed
  184 usable, 2 rejected
    - BS8414_DCLG_Test1_adv_debug: excluded: debug case; Core_MATERIAL HEAT_OF_REACTION=1500 vs 2300 in every other DCLG_Test1_adv deck, so it is a different system under the same name
    - BS8414_DCLG_Test7: excluded: declares insulation system PF like 33 other decks, but its Phenolic_Foam MATL is inert - HEAT_OF_REACTION absent (0 kJ/kg) with REFERENCE_TEMPERATURE=429 degC - where every other PF deck decomposes at HEAT_OF_REACTION=400 with no explicit reference temperature (cp 1.2 vs 1.5, k 0.020 vs 0.022, rho 32 vs 39). Same defect class as the debug case above: a different system under the same name. Found 2026-08-19 by explain_part1.check_group_determinism, which verifies that an insulation id fixes its material block; this was the only violation in 185 cases
  params (184, 16)  tc (184, 181, 16)  hrr (184, 181, 5)
  partial: BS8414_HPL_WC_noair_nogap (180/181 steps, padded+masked)

  split mode: hash
    train  141 sims  40 systems  8/8 geometries
    valid   20 sims  16 systems  8/8 geometries
    test    23 sims  20 systems  8/8 geometries

  target: 16 thermocouples (External_LV1 x8 + External_LV2 x8)
          5 HRR channels (HRR, Q_RADI, Q_CONV, Q_COND, Q_TOTAL)
  model:  MLP-Attention-LSTM (Part1, KAN ablation control)
  loss:   tc + 0.3 * hrr  (no weight penalty)
  physics constraints: off

  === member 1/3 (seed 45) ===
    [sentinel] weights moved after epoch 0: |dW| = 3.2853e+00
    epoch    0  train 1.99053 (tc 1.55697 hrr 1.44522)  valid 1.46447 (tc 1.20452 hrr 0.86650)  lr 1.00e-03  *
    epoch    1  train 1.23315 (tc 1.02754 hrr 0.68536)  valid 1.26174 (tc 1.06625 hrr 0.65163)  lr 1.00e-03  *
    epoch    2  train 1.10472 (tc 0.94461 hrr 0.53371)  valid 1.22548 (tc 1.04708 hrr 0.59466)  lr 1.00e-03  *
    epoch    3  train 1.05947 (tc 0.90776 hrr 0.50572)  valid 1.18672 (tc 1.01288 hrr 0.57948)  lr 1.00e-03  *
    epoch    4  train 1.01383 (tc 0.86750 hrr 0.48779)  valid 1.16519 (tc 0.99232 hrr 0.57622)  lr 1.00e-03  *
    epoch    5  train 0.97264 (tc 0.82840 hrr 0.48079)  valid 1.14098 (tc 0.97084 hrr 0.56712)  lr 1.00e-03  *
    epoch    7  train 0.92826 (tc 0.78865 hrr 0.46536)  valid 1.10785 (tc 0.94027 hrr 0.55863)  lr 1.00e-03  *
    epoch    8  train 0.90693 (tc 0.76682 hrr 0.46704)  valid 1.07450 (tc 0.90722 hrr 0.55759)  lr 1.00e-03  *
    epoch    9  train 0.88172 (tc 0.74503 hrr 0.45562)  valid 1.03797 (tc 0.87366 hrr 0.54769)  lr 1.00e-03  *
    epoch   10  train 0.86752 (tc 0.73366 hrr 0.44622)  valid 1.04278 (tc 0.87873 hrr 0.54682)  lr 1.00e-03
    epoch   11  train 0.85492 (tc 0.72236 hrr 0.44188)  valid 1.01553 (tc 0.85551 hrr 0.53342)  lr 1.00e-03  *
    epoch   13  train 0.83554 (tc 0.70580 hrr 0.43247)  valid 1.00062 (tc 0.84376 hrr 0.52286)  lr 1.00e-03  *
    epoch   15  train 0.82793 (tc 0.70007 hrr 0.42621)  valid 0.99955 (tc 0.84664 hrr 0.50972)  lr 1.00e-03  *
    epoch   16  train 0.81696 (tc 0.69150 hrr 0.41820)  valid 0.97760 (tc 0.82584 hrr 0.50586)  lr 1.00e-03  *
    epoch   17  train 0.79658 (tc 0.67342 hrr 0.41054)  valid 0.96731 (tc 0.81817 hrr 0.49711)  lr 1.00e-03  *
    epoch   19  train 0.78519 (tc 0.66450 hrr 0.40229)  valid 0.96499 (tc 0.81584 hrr 0.49718)  lr 1.00e-03  *
    epoch   20  train 0.78525 (tc 0.66491 hrr 0.40115)  valid 0.97521 (tc 0.82454 hrr 0.50224)  lr 1.00e-03
    epoch   21  train 0.77472 (tc 0.65483 hrr 0.39962)  valid 0.94797 (tc 0.80262 hrr 0.48451)  lr 1.00e-03  *
    epoch   22  train 0.76748 (tc 0.65004 hrr 0.39149)  valid 0.94269 (tc 0.79746 hrr 0.48408)  lr 1.00e-03  *
    epoch   30  train 0.73961 (tc 0.62530 hrr 0.38106)  valid 0.95488 (tc 0.80932 hrr 0.48521)  lr 1.00e-03
    epoch   32  train 0.71965 (tc 0.60849 hrr 0.37052)  valid 0.92885 (tc 0.78857 hrr 0.46763)  lr 1.00e-03  *
    epoch   33  train 0.71265 (tc 0.60202 hrr 0.36876)  valid 0.92861 (tc 0.78771 hrr 0.46969)  lr 1.00e-03  *
    epoch   34  train 0.70421 (tc 0.59475 hrr 0.36487)  valid 0.92703 (tc 0.78666 hrr 0.46792)  lr 1.00e-03  *
    epoch   35  train 0.69792 (tc 0.58858 hrr 0.36446)  valid 0.90605 (tc 0.76735 hrr 0.46233)  lr 1.00e-03  *
    epoch   37  train 0.68724 (tc 0.58008 hrr 0.35721)  valid 0.90295 (tc 0.76638 hrr 0.45525)  lr 1.00e-03  *
    epoch   38  train 0.67855 (tc 0.57172 hrr 0.35608)  valid 0.89828 (tc 0.75945 hrr 0.46276)  lr 1.00e-03  *
    epoch   39  train 0.67370 (tc 0.56745 hrr 0.35416)  valid 0.89199 (tc 0.75671 hrr 0.45091)  lr 1.00e-03  *
    epoch   40  train 0.66658 (tc 0.56102 hrr 0.35184)  valid 0.90298 (tc 0.76489 hrr 0.46029)  lr 1.00e-03
    epoch   41  train 0.65978 (tc 0.55472 hrr 0.35019)  valid 0.88826 (tc 0.75237 hrr 0.45295)  lr 1.00e-03  *
    epoch   42  train 0.65402 (tc 0.54966 hrr 0.34786)  valid 0.88110 (tc 0.74621 hrr 0.44964)  lr 1.00e-03  *
    epoch   43  train 0.64734 (tc 0.54375 hrr 0.34529)  valid 0.87118 (tc 0.73737 hrr 0.44603)  lr 1.00e-03  *
    epoch   44  train 0.64235 (tc 0.53883 hrr 0.34505)  valid 0.86969 (tc 0.73444 hrr 0.45083)  lr 1.00e-03  *
    epoch   45  train 0.63794 (tc 0.53445 hrr 0.34496)  valid 0.86540 (tc 0.73085 hrr 0.44849)  lr 1.00e-03  *
    epoch   46  train 0.62998 (tc 0.52706 hrr 0.34307)  valid 0.85137 (tc 0.71731 hrr 0.44687)  lr 1.00e-03  *
    epoch   47  train 0.62275 (tc 0.52082 hrr 0.33978)  valid 0.84262 (tc 0.70878 hrr 0.44612)  lr 1.00e-03  *
    epoch   48  train 0.61776 (tc 0.51564 hrr 0.34043)  valid 0.83848 (tc 0.70659 hrr 0.43961)  lr 1.00e-03  *
    epoch   49  train 0.61513 (tc 0.51293 hrr 0.34066)  valid 0.83254 (tc 0.70193 hrr 0.43539)  lr 1.00e-03  *
    epoch   50  train 0.60688 (tc 0.50513 hrr 0.33917)  valid 0.82540 (tc 0.69320 hrr 0.44065)  lr 1.00e-03  *
    epoch   51  train 0.59728 (tc 0.49653 hrr 0.33582)  valid 0.81059 (tc 0.68092 hrr 0.43224)  lr 1.00e-03  *
    epoch   52  train 0.59121 (tc 0.49113 hrr 0.33361)  valid 0.80516 (tc 0.67425 hrr 0.43636)  lr 1.00e-03  *
    epoch   53  train 0.58427 (tc 0.48470 hrr 0.33191)  valid 0.79995 (tc 0.67084 hrr 0.43036)  lr 1.00e-03  *
    epoch   54  train 0.57617 (tc 0.47715 hrr 0.33007)  valid 0.78792 (tc 0.65678 hrr 0.43714)  lr 1.00e-03  *
    epoch   55  train 0.57079 (tc 0.47190 hrr 0.32963)  valid 0.78320 (tc 0.65320 hrr 0.43333)  lr 1.00e-03  *
    epoch   56  train 0.56456 (tc 0.46600 hrr 0.32852)  valid 0.77469 (tc 0.64595 hrr 0.42912)  lr 1.00e-03  *
    epoch   57  train 0.55934 (tc 0.46110 hrr 0.32748)  valid 0.76896 (tc 0.63984 hrr 0.43040)  lr 1.00e-03  *
    epoch   58  train 0.55389 (tc 0.45583 hrr 0.32688)  valid 0.76778 (tc 0.63962 hrr 0.42719)  lr 1.00e-03  *
    epoch   59  train 0.54822 (tc 0.45049 hrr 0.32576)  valid 0.75734 (tc 0.62925 hrr 0.42698)  lr 1.00e-03  *
    epoch   60  train 0.54256 (tc 0.44499 hrr 0.32522)  valid 0.75448 (tc 0.62625 hrr 0.42743)  lr 1.00e-03  *
    epoch   61  train 0.53544 (tc 0.43828 hrr 0.32384)  valid 0.74423 (tc 0.61526 hrr 0.42992)  lr 1.00e-03  *
    epoch   62  train 0.52993 (tc 0.43297 hrr 0.32317)  valid 0.74105 (tc 0.61404 hrr 0.42334)  lr 1.00e-03  *
    epoch   63  train 0.52497 (tc 0.42849 hrr 0.32160)  valid 0.73310 (tc 0.60738 hrr 0.41904)  lr 1.00e-03  *
    epoch   67  train 0.52321 (tc 0.42294 hrr 0.33423)  valid 0.71535 (tc 0.58820 hrr 0.42382)  lr 1.00e-03  *
    epoch   69  train 0.50582 (tc 0.40870 hrr 0.32374)  valid 0.70745 (tc 0.57592 hrr 0.43843)  lr 1.00e-03  *
    epoch   70  train 0.49875 (tc 0.40226 hrr 0.32163)  valid 0.71254 (tc 0.58110 hrr 0.43812)  lr 1.00e-03
    epoch   71  train 0.49409 (tc 0.39829 hrr 0.31936)  valid 0.69781 (tc 0.57230 hrr 0.41837)  lr 1.00e-03  *
    epoch   72  train 0.49200 (tc 0.39677 hrr 0.31745)  valid 0.69229 (tc 0.56697 hrr 0.41772)  lr 1.00e-03  *
    epoch   75  train 0.48260 (tc 0.38794 hrr 0.31552)  valid 0.68803 (tc 0.56273 hrr 0.41767)  lr 1.00e-03  *
    epoch   77  train 0.47573 (tc 0.38193 hrr 0.31267)  valid 0.67665 (tc 0.55388 hrr 0.40921)  lr 1.00e-03  *
    epoch   80  train 0.47053 (tc 0.37676 hrr 0.31257)  valid 0.69252 (tc 0.56664 hrr 0.41957)  lr 1.00e-03
    epoch   84  train 0.46608 (tc 0.37296 hrr 0.31040)  valid 0.67620 (tc 0.54832 hrr 0.42626)  lr 1.00e-03  *
    epoch   86  train 0.46048 (tc 0.36784 hrr 0.30878)  valid 0.67028 (tc 0.54866 hrr 0.40541)  lr 1.00e-03  *
    epoch   88  train 0.45320 (tc 0.36135 hrr 0.30616)  valid 0.66657 (tc 0.54201 hrr 0.41521)  lr 1.00e-03  *
    epoch   90  train 0.44919 (tc 0.35821 hrr 0.30329)  valid 0.65788 (tc 0.53655 hrr 0.40442)  lr 1.00e-03  *
    epoch   91  train 0.44843 (tc 0.35727 hrr 0.30387)  valid 0.65524 (tc 0.53221 hrr 0.41009)  lr 1.00e-03  *
    epoch   96  train 0.44071 (tc 0.35085 hrr 0.29951)  valid 0.64647 (tc 0.52486 hrr 0.40537)  lr 1.00e-03  *
    epoch   97  train 0.43717 (tc 0.34737 hrr 0.29936)  valid 0.64517 (tc 0.52460 hrr 0.40190)  lr 1.00e-03  *
    epoch   98  train 0.43553 (tc 0.34591 hrr 0.29874)  valid 0.64434 (tc 0.52416 hrr 0.40062)  lr 1.00e-03  *
    epoch  100  train 0.43248 (tc 0.34312 hrr 0.29788)  valid 0.64251 (tc 0.52120 hrr 0.40436)  lr 1.00e-03  *
    epoch  101  train 0.43243 (tc 0.34283 hrr 0.29867)  valid 0.63586 (tc 0.51700 hrr 0.39618)  lr 1.00e-03  *
    epoch  104  train 0.42874 (tc 0.33987 hrr 0.29622)  valid 0.63523 (tc 0.51581 hrr 0.39805)  lr 1.00e-03  *
    epoch  107  train 0.42931 (tc 0.34043 hrr 0.29624)  valid 0.63327 (tc 0.51600 hrr 0.39088)  lr 1.00e-03  *
    epoch  109  train 0.42298 (tc 0.33479 hrr 0.29395)  valid 0.62364 (tc 0.50483 hrr 0.39600)  lr 1.00e-03  *
    epoch  110  train 0.41919 (tc 0.33163 hrr 0.29189)  valid 0.62940 (tc 0.50853 hrr 0.40290)  lr 1.00e-03
    epoch  118  train 0.41694 (tc 0.32998 hrr 0.28988)  valid 0.61375 (tc 0.49779 hrr 0.38653)  lr 1.00e-03  *
    epoch  120  train 0.43674 (tc 0.34498 hrr 0.30585)  valid 0.62573 (tc 0.50442 hrr 0.40434)  lr 1.00e-03
    epoch  124  train 0.42188 (tc 0.33186 hrr 0.30007)  valid 0.61008 (tc 0.49307 hrr 0.39004)  lr 1.00e-03  *
    epoch  126  train 0.41475 (tc 0.32736 hrr 0.29129)  valid 0.59292 (tc 0.48234 hrr 0.36860)  lr 1.00e-03  *
    epoch  130  train 0.40650 (tc 0.32000 hrr 0.28833)  valid 0.60117 (tc 0.48526 hrr 0.38638)  lr 1.00e-03
    epoch  140  train 0.39948 (tc 0.31439 hrr 0.28362)  valid 0.62449 (tc 0.50452 hrr 0.39989)  lr 1.00e-03
    epoch  142  train 0.40069 (tc 0.31526 hrr 0.28475)  valid 0.58180 (tc 0.46971 hrr 0.37365)  lr 1.00e-03  *
    epoch  150  train 0.39696 (tc 0.31144 hrr 0.28506)  valid 0.60402 (tc 0.48866 hrr 0.38455)  lr 1.00e-03
    epoch  154  train 0.38345 (tc 0.30092 hrr 0.27510)  valid 0.57941 (tc 0.46381 hrr 0.38533)  lr 1.00e-03  *
    epoch  156  train 0.37955 (tc 0.29725 hrr 0.27434)  valid 0.56748 (tc 0.45717 hrr 0.36769)  lr 1.00e-03  *
    epoch  160  train 0.38338 (tc 0.30007 hrr 0.27768)  valid 0.58057 (tc 0.46427 hrr 0.38767)  lr 1.00e-03
    epoch  161  train 0.37783 (tc 0.29502 hrr 0.27601)  valid 0.56387 (tc 0.45061 hrr 0.37753)  lr 1.00e-03  *
    epoch  163  train 0.37188 (tc 0.28997 hrr 0.27305)  valid 0.55332 (tc 0.44211 hrr 0.37069)  lr 1.00e-03  *
    epoch  168  train 0.36939 (tc 0.28804 hrr 0.27116)  valid 0.55325 (tc 0.44606 hrr 0.35729)  lr 1.00e-03  *
    epoch  169  train 0.36538 (tc 0.28433 hrr 0.27017)  valid 0.55264 (tc 0.44531 hrr 0.35777)  lr 1.00e-03  *
    epoch  170  train 0.36278 (tc 0.28185 hrr 0.26974)  valid 0.54609 (tc 0.43670 hrr 0.36461)  lr 1.00e-03  *
    epoch  171  train 0.36099 (tc 0.28051 hrr 0.26827)  valid 0.54248 (tc 0.43545 hrr 0.35679)  lr 1.00e-03  *
    epoch  172  train 0.35961 (tc 0.27931 hrr 0.26766)  valid 0.53995 (tc 0.43034 hrr 0.36536)  lr 1.00e-03  *
    epoch  180  train 0.35501 (tc 0.27501 hrr 0.26667)  valid 0.56971 (tc 0.45445 hrr 0.38422)  lr 1.00e-03
    epoch  186  train 0.35491 (tc 0.27528 hrr 0.26544)  valid 0.53093 (tc 0.42214 hrr 0.36264)  lr 1.00e-03  *
    epoch  190  train 0.34375 (tc 0.26480 hrr 0.26316)  valid 0.56069 (tc 0.44729 hrr 0.37799)  lr 1.00e-03
    epoch  200  train 0.33660 (tc 0.25811 hrr 0.26161)  valid 0.52577 (tc 0.41839 hrr 0.35795)  lr 1.00e-03  *
    epoch  201  train 0.33876 (tc 0.26013 hrr 0.26211)  valid 0.52495 (tc 0.41080 hrr 0.38051)  lr 1.00e-03  *
    epoch  210  train 0.34012 (tc 0.26129 hrr 0.26278)  valid 0.53418 (tc 0.42142 hrr 0.37586)  lr 1.00e-03
    epoch  220  train 0.32491 (tc 0.24884 hrr 0.25357)  valid 0.53154 (tc 0.41794 hrr 0.37866)  lr 5.00e-04
    epoch  230  train 0.32161 (tc 0.24648 hrr 0.25043)  valid 0.53356 (tc 0.42362 hrr 0.36646)  lr 5.00e-04
    epoch  240  train 0.31830 (tc 0.24376 hrr 0.24847)  valid 0.53135 (tc 0.42073 hrr 0.36873)  lr 2.50e-04
    epoch  250  train 0.31676 (tc 0.24243 hrr 0.24774)  valid 0.53194 (tc 0.41991 hrr 0.37342)  lr 1.25e-04
    epoch  260  train 0.31597 (tc 0.24181 hrr 0.24719)  valid 0.52563 (tc 0.41513 hrr 0.36831)  lr 1.25e-04
    epoch  261  train 0.31572 (tc 0.24161 hrr 0.24702)  valid 0.52491 (tc 0.41465 hrr 0.36755)  lr 1.25e-04  *
    epoch  270  train 0.31520 (tc 0.24129 hrr 0.24639)  valid 0.52522 (tc 0.41509 hrr 0.36712)  lr 6.25e-05
    epoch  273  train 0.31477 (tc 0.24085 hrr 0.24640)  valid 0.52474 (tc 0.41507 hrr 0.36556)  lr 6.25e-05  *
    epoch  274  train 0.31490 (tc 0.24092 hrr 0.24662)  valid 0.52406 (tc 0.41457 hrr 0.36496)  lr 6.25e-05  *
    epoch  275  train 0.31470 (tc 0.24083 hrr 0.24626)  valid 0.52383 (tc 0.41434 hrr 0.36497)  lr 6.25e-05  *
    epoch  280  train 0.31464 (tc 0.24080 hrr 0.24615)  valid 0.52516 (tc 0.41507 hrr 0.36697)  lr 6.25e-05
    epoch  290  train 0.31427 (tc 0.24049 hrr 0.24593)  valid 0.52421 (tc 0.41490 hrr 0.36434)  lr 6.25e-05
    epoch  300  train 0.31391 (tc 0.24018 hrr 0.24576)  valid 0.52421 (tc 0.41483 hrr 0.36461)  lr 3.13e-05
    epoch  310  train 0.31362 (tc 0.23994 hrr 0.24559)  valid 0.52414 (tc 0.41448 hrr 0.36554)  lr 1.56e-05
    epoch  314  train 0.31365 (tc 0.23999 hrr 0.24553)  valid 0.52375 (tc 0.41420 hrr 0.36518)  lr 1.56e-05  *
    epoch  315  train 0.31376 (tc 0.24010 hrr 0.24555)  valid 0.52362 (tc 0.41409 hrr 0.36510)  lr 1.56e-05  *
    epoch  319  train 0.31375 (tc 0.24005 hrr 0.24566)  valid 0.52360 (tc 0.41421 hrr 0.36464)  lr 1.56e-05  *
    epoch  320  train 0.31354 (tc 0.23984 hrr 0.24564)  valid 0.52356 (tc 0.41424 hrr 0.36441)  lr 1.56e-05  *
    epoch  321  train 0.31359 (tc 0.23996 hrr 0.24544)  valid 0.52340 (tc 0.41413 hrr 0.36423)  lr 1.56e-05  *
    epoch  322  train 0.31370 (tc 0.24005 hrr 0.24551)  valid 0.52331 (tc 0.41407 hrr 0.36412)  lr 1.56e-05  *
    epoch  330  train 0.31363 (tc 0.24002 hrr 0.24536)  valid 0.52316 (tc 0.41405 hrr 0.36372)  lr 1.56e-05  *
    epoch  334  train 0.31363 (tc 0.23996 hrr 0.24555)  valid 0.52311 (tc 0.41399 hrr 0.36374)  lr 1.56e-05  *
    epoch  340  train 0.31339 (tc 0.23977 hrr 0.24541)  valid 0.52457 (tc 0.41553 hrr 0.36347)  lr 1.56e-05
    epoch  350  train 0.31333 (tc 0.23974 hrr 0.24531)  valid 0.52498 (tc 0.41592 hrr 0.36354)  lr 7.81e-06
    epoch  360  train 0.31330 (tc 0.23975 hrr 0.24516)  valid 0.52414 (tc 0.41503 hrr 0.36370)  lr 7.81e-06
    epoch  370  train 0.31335 (tc 0.23975 hrr 0.24533)  valid 0.52369 (tc 0.41442 hrr 0.36423)  lr 3.91e-06
    epoch  380  train 0.31320 (tc 0.23963 hrr 0.24525)  valid 0.52335 (tc 0.41417 hrr 0.36393)  lr 3.91e-06
    epoch  390  train 0.31308 (tc 0.23953 hrr 0.24516)  valid 0.52326 (tc 0.41408 hrr 0.36392)  lr 1.95e-06
    early stop at epoch 394 (best 0.52311 @ 334)
    saved models_part1_bal_s45_r3\part1_member0.pt  (2.0 min)

  === member 2/3 (seed 46) ===
    [sentinel] weights moved after epoch 0: |dW| = 3.2595e+00
    epoch    0  train 1.92959 (tc 1.53204 hrr 1.32517)  valid 1.51236 (tc 1.25463 hrr 0.85912)  lr 1.00e-03  *
    epoch    1  train 1.29346 (tc 1.10863 hrr 0.61607)  valid 1.35633 (tc 1.16840 hrr 0.62645)  lr 1.00e-03  *
    epoch    2  train 1.18367 (tc 1.02381 hrr 0.53286)  valid 1.28675 (tc 1.10711 hrr 0.59879)  lr 1.00e-03  *
    epoch    3  train 1.12817 (tc 0.97602 hrr 0.50716)  valid 1.25784 (tc 1.08085 hrr 0.58994)  lr 1.00e-03  *
    epoch    4  train 1.08447 (tc 0.93425 hrr 0.50073)  valid 1.21436 (tc 1.03864 hrr 0.58571)  lr 1.00e-03  *
    epoch    5  train 1.04002 (tc 0.89363 hrr 0.48795)  valid 1.17083 (tc 0.99826 hrr 0.57525)  lr 1.00e-03  *
    epoch    6  train 1.01889 (tc 0.87354 hrr 0.48449)  valid 1.16536 (tc 0.98940 hrr 0.58651)  lr 1.00e-03  *
    epoch    7  train 0.99121 (tc 0.84827 hrr 0.47649)  valid 1.12082 (tc 0.95389 hrr 0.55646)  lr 1.00e-03  *
    epoch    8  train 0.96486 (tc 0.82671 hrr 0.46050)  valid 1.10154 (tc 0.93555 hrr 0.55330)  lr 1.00e-03  *
    epoch    9  train 0.95174 (tc 0.81572 hrr 0.45341)  valid 1.08682 (tc 0.92237 hrr 0.54818)  lr 1.00e-03  *
    epoch   10  train 0.94078 (tc 0.80538 hrr 0.45133)  valid 1.06873 (tc 0.90994 hrr 0.52929)  lr 1.00e-03  *
    epoch   11  train 0.92576 (tc 0.79369 hrr 0.44023)  valid 1.06095 (tc 0.90241 hrr 0.52847)  lr 1.00e-03  *
    epoch   13  train 0.90767 (tc 0.77857 hrr 0.43035)  valid 1.04060 (tc 0.88659 hrr 0.51338)  lr 1.00e-03  *
    epoch   15  train 0.87275 (tc 0.74769 hrr 0.41689)  valid 1.01667 (tc 0.86621 hrr 0.50153)  lr 1.00e-03  *
    epoch   16  train 0.85028 (tc 0.72695 hrr 0.41110)  valid 0.99958 (tc 0.85030 hrr 0.49761)  lr 1.00e-03  *
    epoch   17  train 0.82734 (tc 0.70601 hrr 0.40444)  valid 0.97882 (tc 0.83299 hrr 0.48611)  lr 1.00e-03  *
    epoch   20  train 0.80958 (tc 0.68722 hrr 0.40787)  valid 0.95612 (tc 0.81043 hrr 0.48566)  lr 1.00e-03  *
    epoch   22  train 0.75068 (tc 0.63232 hrr 0.39452)  valid 0.93816 (tc 0.79225 hrr 0.48635)  lr 1.00e-03  *
    epoch   23  train 0.72973 (tc 0.61200 hrr 0.39244)  valid 0.91786 (tc 0.77554 hrr 0.47438)  lr 1.00e-03  *
    epoch   24  train 0.71437 (tc 0.59855 hrr 0.38607)  valid 0.91441 (tc 0.77304 hrr 0.47124)  lr 1.00e-03  *
    epoch   25  train 0.71003 (tc 0.59484 hrr 0.38398)  valid 0.89091 (tc 0.75303 hrr 0.45960)  lr 1.00e-03  *
    epoch   29  train 0.67958 (tc 0.56709 hrr 0.37497)  valid 0.85952 (tc 0.72379 hrr 0.45245)  lr 1.00e-03  *
    epoch   30  train 0.67309 (tc 0.56118 hrr 0.37303)  valid 0.85242 (tc 0.71951 hrr 0.44305)  lr 1.00e-03  *
    epoch   33  train 0.66360 (tc 0.55132 hrr 0.37427)  valid 0.84153 (tc 0.70623 hrr 0.45100)  lr 1.00e-03  *
    epoch   36  train 0.64417 (tc 0.53601 hrr 0.36054)  valid 0.84112 (tc 0.70725 hrr 0.44621)  lr 1.00e-03  *
    epoch   38  train 0.62751 (tc 0.52133 hrr 0.35392)  valid 0.82697 (tc 0.69405 hrr 0.44307)  lr 1.00e-03  *
    epoch   39  train 0.62598 (tc 0.52025 hrr 0.35242)  valid 0.82234 (tc 0.69231 hrr 0.43344)  lr 1.00e-03  *
    epoch   40  train 0.62560 (tc 0.52005 hrr 0.35186)  valid 0.81904 (tc 0.68901 hrr 0.43343)  lr 1.00e-03  *
    epoch   42  train 0.62213 (tc 0.51578 hrr 0.35450)  valid 0.80796 (tc 0.67852 hrr 0.43148)  lr 1.00e-03  *
    epoch   44  train 0.60402 (tc 0.50106 hrr 0.34321)  valid 0.79841 (tc 0.67127 hrr 0.42378)  lr 1.00e-03  *
    epoch   45  train 0.60732 (tc 0.50425 hrr 0.34355)  valid 0.78883 (tc 0.66228 hrr 0.42185)  lr 1.00e-03  *
    epoch   50  train 0.59030 (tc 0.48953 hrr 0.33589)  valid 0.79219 (tc 0.66520 hrr 0.42329)  lr 1.00e-03
    epoch   52  train 0.58666 (tc 0.48706 hrr 0.33199)  valid 0.77878 (tc 0.65488 hrr 0.41299)  lr 1.00e-03  *
    epoch   54  train 0.57678 (tc 0.47804 hrr 0.32913)  valid 0.76893 (tc 0.64508 hrr 0.41283)  lr 1.00e-03  *
    epoch   60  train 0.56326 (tc 0.46644 hrr 0.32275)  valid 0.76072 (tc 0.63908 hrr 0.40548)  lr 1.00e-03  *
    epoch   61  train 0.55733 (tc 0.46149 hrr 0.31946)  valid 0.76010 (tc 0.63760 hrr 0.40833)  lr 1.00e-03  *
    epoch   62  train 0.55306 (tc 0.45789 hrr 0.31725)  valid 0.75918 (tc 0.63636 hrr 0.40942)  lr 1.00e-03  *
    epoch   63  train 0.55001 (tc 0.45519 hrr 0.31606)  valid 0.74151 (tc 0.62113 hrr 0.40129)  lr 1.00e-03  *
    epoch   70  train 0.54324 (tc 0.44998 hrr 0.31084)  valid 0.74141 (tc 0.62304 hrr 0.39458)  lr 1.00e-03  *
    epoch   73  train 0.53327 (tc 0.44122 hrr 0.30684)  valid 0.73711 (tc 0.61732 hrr 0.39930)  lr 1.00e-03  *
    epoch   77  train 0.52096 (tc 0.43079 hrr 0.30056)  valid 0.72975 (tc 0.61169 hrr 0.39353)  lr 1.00e-03  *
    epoch   80  train 0.51455 (tc 0.42545 hrr 0.29700)  valid 0.72186 (tc 0.60601 hrr 0.38617)  lr 1.00e-03  *
    epoch   90  train 0.50296 (tc 0.41604 hrr 0.28976)  valid 0.72395 (tc 0.60788 hrr 0.38689)  lr 1.00e-03
    epoch   93  train 0.51071 (tc 0.42362 hrr 0.29029)  valid 0.71572 (tc 0.59888 hrr 0.38949)  lr 1.00e-03  *
    epoch   95  train 0.50118 (tc 0.41456 hrr 0.28876)  valid 0.70347 (tc 0.58850 hrr 0.38323)  lr 1.00e-03  *
    epoch  100  train 0.49900 (tc 0.41263 hrr 0.28790)  valid 0.72346 (tc 0.60827 hrr 0.38396)  lr 1.00e-03
    epoch  108  train 0.49101 (tc 0.40638 hrr 0.28210)  valid 0.69203 (tc 0.57925 hrr 0.37593)  lr 1.00e-03  *
    epoch  110  train 0.48109 (tc 0.39782 hrr 0.27755)  valid 0.69371 (tc 0.58070 hrr 0.37671)  lr 1.00e-03
    epoch  112  train 0.48895 (tc 0.40430 hrr 0.28217)  valid 0.68415 (tc 0.57408 hrr 0.36690)  lr 1.00e-03  *
    epoch  120  train 0.48727 (tc 0.40284 hrr 0.28143)  valid 0.70693 (tc 0.58806 hrr 0.39621)  lr 1.00e-03
    epoch  126  train 0.47137 (tc 0.39052 hrr 0.26948)  valid 0.68061 (tc 0.57095 hrr 0.36554)  lr 1.00e-03  *
    epoch  128  train 0.46489 (tc 0.38504 hrr 0.26616)  valid 0.66818 (tc 0.56051 hrr 0.35890)  lr 1.00e-03  *
    epoch  130  train 0.46079 (tc 0.38135 hrr 0.26479)  valid 0.67233 (tc 0.56375 hrr 0.36192)  lr 1.00e-03
    epoch  138  train 0.45063 (tc 0.37263 hrr 0.26000)  valid 0.66300 (tc 0.55585 hrr 0.35714)  lr 1.00e-03  *
    epoch  140  train 0.45010 (tc 0.37223 hrr 0.25958)  valid 0.66643 (tc 0.55926 hrr 0.35725)  lr 1.00e-03
    epoch  141  train 0.44953 (tc 0.37187 hrr 0.25888)  valid 0.66049 (tc 0.55361 hrr 0.35624)  lr 1.00e-03  *
    epoch  147  train 0.44442 (tc 0.36731 hrr 0.25702)  valid 0.65806 (tc 0.54823 hrr 0.36609)  lr 1.00e-03  *
    epoch  148  train 0.44187 (tc 0.36503 hrr 0.25615)  valid 0.65567 (tc 0.54746 hrr 0.36069)  lr 1.00e-03  *
    epoch  149  train 0.43724 (tc 0.35984 hrr 0.25798)  valid 0.61944 (tc 0.51419 hrr 0.35083)  lr 1.00e-03  *
    epoch  150  train 0.42314 (tc 0.34631 hrr 0.25610)  valid 0.61672 (tc 0.50863 hrr 0.36029)  lr 1.00e-03  *
    epoch  151  train 0.40696 (tc 0.33015 hrr 0.25604)  valid 0.60109 (tc 0.49405 hrr 0.35682)  lr 1.00e-03  *
    epoch  152  train 0.39003 (tc 0.31315 hrr 0.25630)  valid 0.58335 (tc 0.47764 hrr 0.35238)  lr 1.00e-03  *
    epoch  153  train 0.38250 (tc 0.30581 hrr 0.25563)  valid 0.57451 (tc 0.46975 hrr 0.34919)  lr 1.00e-03  *
    epoch  154  train 0.37488 (tc 0.29833 hrr 0.25517)  valid 0.57175 (tc 0.46568 hrr 0.35357)  lr 1.00e-03  *
    epoch  155  train 0.36823 (tc 0.29230 hrr 0.25311)  valid 0.56701 (tc 0.46127 hrr 0.35248)  lr 1.00e-03  *
    epoch  156  train 0.36336 (tc 0.28773 hrr 0.25211)  valid 0.55948 (tc 0.45404 hrr 0.35145)  lr 1.00e-03  *
    epoch  157  train 0.36019 (tc 0.28482 hrr 0.25124)  valid 0.55472 (tc 0.44988 hrr 0.34947)  lr 1.00e-03  *
    epoch  159  train 0.35469 (tc 0.27967 hrr 0.25006)  valid 0.54656 (tc 0.44334 hrr 0.34407)  lr 1.00e-03  *
    epoch  160  train 0.35316 (tc 0.27815 hrr 0.25004)  valid 0.54012 (tc 0.43706 hrr 0.34357)  lr 1.00e-03  *
    epoch  169  train 0.34747 (tc 0.27311 hrr 0.24786)  valid 0.53436 (tc 0.43074 hrr 0.34542)  lr 1.00e-03  *
    epoch  170  train 0.34842 (tc 0.27378 hrr 0.24882)  valid 0.54393 (tc 0.44018 hrr 0.34581)  lr 1.00e-03
    epoch  174  train 0.34851 (tc 0.27402 hrr 0.24828)  valid 0.53191 (tc 0.42862 hrr 0.34430)  lr 1.00e-03  *
    epoch  177  train 0.34380 (tc 0.27000 hrr 0.24600)  valid 0.52400 (tc 0.42312 hrr 0.33626)  lr 1.00e-03  *
    epoch  180  train 0.34500 (tc 0.27081 hrr 0.24732)  valid 0.52609 (tc 0.42570 hrr 0.33464)  lr 1.00e-03
    epoch  190  train 0.33457 (tc 0.26220 hrr 0.24124)  valid 0.52781 (tc 0.42625 hrr 0.33852)  lr 1.00e-03
    epoch  197  train 0.33163 (tc 0.25976 hrr 0.23958)  valid 0.52154 (tc 0.42032 hrr 0.33742)  lr 5.00e-04  *
    epoch  200  train 0.33074 (tc 0.25894 hrr 0.23935)  valid 0.52250 (tc 0.42148 hrr 0.33675)  lr 5.00e-04
    epoch  201  train 0.33051 (tc 0.25878 hrr 0.23909)  valid 0.52119 (tc 0.42026 hrr 0.33643)  lr 5.00e-04  *
    epoch  206  train 0.32914 (tc 0.25757 hrr 0.23857)  valid 0.51875 (tc 0.41817 hrr 0.33525)  lr 5.00e-04  *
    epoch  210  train 0.32811 (tc 0.25671 hrr 0.23800)  valid 0.52214 (tc 0.42073 hrr 0.33802)  lr 5.00e-04
    epoch  220  train 0.32652 (tc 0.25534 hrr 0.23726)  valid 0.52185 (tc 0.41933 hrr 0.34175)  lr 5.00e-04
    epoch  230  train 0.32454 (tc 0.25371 hrr 0.23610)  valid 0.52618 (tc 0.42262 hrr 0.34520)  lr 2.50e-04
    epoch  240  train 0.32293 (tc 0.25229 hrr 0.23546)  valid 0.52151 (tc 0.41946 hrr 0.34016)  lr 1.25e-04
    epoch  250  train 0.32232 (tc 0.25178 hrr 0.23513)  valid 0.51846 (tc 0.41700 hrr 0.33821)  lr 1.25e-04  *
    epoch  260  train 0.32160 (tc 0.25117 hrr 0.23474)  valid 0.51875 (tc 0.41724 hrr 0.33837)  lr 1.25e-04
    epoch  270  train 0.32095 (tc 0.25057 hrr 0.23458)  valid 0.51919 (tc 0.41773 hrr 0.33821)  lr 6.25e-05
    epoch  280  train 0.32044 (tc 0.25016 hrr 0.23426)  valid 0.51887 (tc 0.41752 hrr 0.33784)  lr 6.25e-05
    epoch  282  train 0.32037 (tc 0.25007 hrr 0.23431)  valid 0.51818 (tc 0.41685 hrr 0.33779)  lr 6.25e-05  *
    epoch  283  train 0.32045 (tc 0.25016 hrr 0.23428)  valid 0.51812 (tc 0.41678 hrr 0.33780)  lr 6.25e-05  *
    epoch  284  train 0.32046 (tc 0.25018 hrr 0.23427)  valid 0.51803 (tc 0.41664 hrr 0.33796)  lr 6.25e-05  *
    epoch  288  train 0.32030 (tc 0.24997 hrr 0.23445)  valid 0.51780 (tc 0.41662 hrr 0.33728)  lr 6.25e-05  *
    epoch  289  train 0.32024 (tc 0.25000 hrr 0.23414)  valid 0.51777 (tc 0.41655 hrr 0.33739)  lr 6.25e-05  *
    epoch  290  train 0.32002 (tc 0.24977 hrr 0.23419)  valid 0.51791 (tc 0.41673 hrr 0.33728)  lr 6.25e-05
    epoch  291  train 0.32017 (tc 0.24993 hrr 0.23415)  valid 0.51720 (tc 0.41605 hrr 0.33716)  lr 6.25e-05  *
    epoch  292  train 0.32025 (tc 0.24997 hrr 0.23425)  valid 0.51662 (tc 0.41562 hrr 0.33668)  lr 6.25e-05  *
    epoch  300  train 0.31974 (tc 0.24957 hrr 0.23390)  valid 0.51722 (tc 0.41603 hrr 0.33731)  lr 6.25e-05
    epoch  310  train 0.31999 (tc 0.24979 hrr 0.23401)  valid 0.51749 (tc 0.41624 hrr 0.33753)  lr 3.13e-05
    epoch  320  train 0.31902 (tc 0.24887 hrr 0.23383)  valid 0.51839 (tc 0.41665 hrr 0.33914)  lr 3.13e-05
    epoch  330  train 0.31901 (tc 0.24887 hrr 0.23378)  valid 0.51842 (tc 0.41675 hrr 0.33891)  lr 1.56e-05
    epoch  340  train 0.31879 (tc 0.24873 hrr 0.23355)  valid 0.51776 (tc 0.41633 hrr 0.33812)  lr 7.81e-06
    epoch  350  train 0.31892 (tc 0.24883 hrr 0.23363)  valid 0.51807 (tc 0.41653 hrr 0.33848)  lr 7.81e-06
    early stop at epoch 352 (best 0.51662 @ 292)
    saved models_part1_bal_s45_r3\part1_member1.pt  (1.8 min)

  === member 3/3 (seed 47) ===
    [sentinel] weights moved after epoch 0: |dW| = 3.3185e+00
    epoch    0  train 1.87066 (tc 1.48833 hrr 1.27444)  valid 1.39779 (tc 1.18758 hrr 0.70070)  lr 1.00e-03  *
    epoch    1  train 1.21079 (tc 1.02288 hrr 0.62637)  valid 1.26757 (tc 1.08126 hrr 0.62102)  lr 1.00e-03  *
    epoch    2  train 1.09934 (tc 0.94122 hrr 0.52705)  valid 1.20345 (tc 1.02363 hrr 0.59940)  lr 1.00e-03  *
    epoch    3  train 1.04949 (tc 0.89859 hrr 0.50303)  valid 1.19318 (tc 1.01783 hrr 0.58449)  lr 1.00e-03  *
    epoch    4  train 1.01925 (tc 0.87011 hrr 0.49714)  valid 1.17114 (tc 0.99975 hrr 0.57131)  lr 1.00e-03  *
    epoch    6  train 0.98589 (tc 0.84340 hrr 0.47497)  valid 1.16140 (tc 0.99590 hrr 0.55167)  lr 1.00e-03  *
    epoch    7  train 0.96934 (tc 0.82987 hrr 0.46490)  valid 1.12180 (tc 0.95873 hrr 0.54357)  lr 1.00e-03  *
    epoch    8  train 0.93865 (tc 0.80108 hrr 0.45857)  valid 1.11237 (tc 0.94872 hrr 0.54550)  lr 1.00e-03  *
    epoch    9  train 0.91397 (tc 0.77923 hrr 0.44911)  valid 1.09280 (tc 0.93360 hrr 0.53068)  lr 1.00e-03  *
    epoch   10  train 0.89359 (tc 0.75980 hrr 0.44595)  valid 1.06949 (tc 0.90988 hrr 0.53201)  lr 1.00e-03  *
    epoch   11  train 0.87416 (tc 0.74215 hrr 0.44004)  valid 1.05484 (tc 0.89727 hrr 0.52523)  lr 1.00e-03  *
    epoch   12  train 0.85700 (tc 0.72655 hrr 0.43485)  valid 1.03744 (tc 0.87645 hrr 0.53662)  lr 1.00e-03  *
    epoch   13  train 0.84318 (tc 0.71292 hrr 0.43418)  valid 1.03014 (tc 0.87352 hrr 0.52204)  lr 1.00e-03  *
    epoch   14  train 0.82196 (tc 0.69418 hrr 0.42592)  valid 1.00703 (tc 0.85190 hrr 0.51709)  lr 1.00e-03  *
    epoch   15  train 0.79019 (tc 0.66374 hrr 0.42147)  valid 0.98689 (tc 0.83422 hrr 0.50890)  lr 1.00e-03  *
    epoch   16  train 0.77220 (tc 0.64636 hrr 0.41944)  valid 0.96454 (tc 0.81143 hrr 0.51038)  lr 1.00e-03  *
    epoch   17  train 0.75315 (tc 0.62813 hrr 0.41672)  valid 0.96262 (tc 0.81122 hrr 0.50465)  lr 1.00e-03  *
    epoch   19  train 0.73924 (tc 0.61675 hrr 0.40829)  valid 0.93858 (tc 0.79132 hrr 0.49087)  lr 1.00e-03  *
    epoch   20  train 0.72189 (tc 0.60189 hrr 0.39999)  valid 0.93714 (tc 0.78948 hrr 0.49218)  lr 1.00e-03  *
    epoch   22  train 0.71197 (tc 0.59407 hrr 0.39299)  valid 0.92143 (tc 0.77980 hrr 0.47211)  lr 1.00e-03  *
    epoch   25  train 0.72693 (tc 0.60658 hrr 0.40117)  valid 0.90904 (tc 0.76535 hrr 0.47898)  lr 1.00e-03  *
    epoch   26  train 0.71161 (tc 0.59232 hrr 0.39762)  valid 0.89785 (tc 0.75679 hrr 0.47020)  lr 1.00e-03  *
    epoch   27  train 0.70067 (tc 0.58428 hrr 0.38797)  valid 0.89568 (tc 0.75550 hrr 0.46727)  lr 1.00e-03  *
    epoch   28  train 0.69077 (tc 0.57578 hrr 0.38331)  valid 0.87614 (tc 0.73984 hrr 0.45435)  lr 1.00e-03  *
    epoch   29  train 0.68592 (tc 0.57291 hrr 0.37669)  valid 0.87429 (tc 0.74064 hrr 0.44551)  lr 1.00e-03  *
    epoch   30  train 0.67892 (tc 0.56657 hrr 0.37451)  valid 0.89119 (tc 0.75215 hrr 0.46346)  lr 1.00e-03
    epoch   31  train 0.67719 (tc 0.56516 hrr 0.37344)  valid 0.87161 (tc 0.73649 hrr 0.45040)  lr 1.00e-03  *
    epoch   33  train 0.66940 (tc 0.55825 hrr 0.37050)  valid 0.87016 (tc 0.73713 hrr 0.44341)  lr 1.00e-03  *
    epoch   34  train 0.66776 (tc 0.55742 hrr 0.36779)  valid 0.85696 (tc 0.72486 hrr 0.44033)  lr 1.00e-03  *
    epoch   35  train 0.66152 (tc 0.55162 hrr 0.36634)  valid 0.85549 (tc 0.72230 hrr 0.44397)  lr 1.00e-03  *
    epoch   36  train 0.65722 (tc 0.54794 hrr 0.36428)  valid 0.85139 (tc 0.72087 hrr 0.43504)  lr 1.00e-03  *
    epoch   37  train 0.64930 (tc 0.54119 hrr 0.36035)  valid 0.84744 (tc 0.71519 hrr 0.44085)  lr 1.00e-03  *
    epoch   39  train 0.64353 (tc 0.53723 hrr 0.35434)  valid 0.84665 (tc 0.71455 hrr 0.44032)  lr 1.00e-03  *
    epoch   40  train 0.63832 (tc 0.53255 hrr 0.35256)  valid 0.84575 (tc 0.71316 hrr 0.44199)  lr 1.00e-03  *
    epoch   42  train 0.63848 (tc 0.53211 hrr 0.35457)  valid 0.83994 (tc 0.71037 hrr 0.43190)  lr 1.00e-03  *
    epoch   47  train 0.62382 (tc 0.52076 hrr 0.34354)  valid 0.83653 (tc 0.70707 hrr 0.43152)  lr 1.00e-03  *
    epoch   50  train 0.63286 (tc 0.52759 hrr 0.35091)  valid 0.83875 (tc 0.70865 hrr 0.43366)  lr 1.00e-03
    epoch   51  train 0.62601 (tc 0.52156 hrr 0.34818)  valid 0.83439 (tc 0.70589 hrr 0.42833)  lr 1.00e-03  *
    epoch   52  train 0.62450 (tc 0.52010 hrr 0.34799)  valid 0.82453 (tc 0.69597 hrr 0.42853)  lr 1.00e-03  *
    epoch   56  train 0.60612 (tc 0.50532 hrr 0.33601)  valid 0.82194 (tc 0.69590 hrr 0.42011)  lr 1.00e-03  *
    epoch   58  train 0.60178 (tc 0.50087 hrr 0.33636)  valid 0.81312 (tc 0.68833 hrr 0.41599)  lr 1.00e-03  *
    epoch   60  train 0.59394 (tc 0.49497 hrr 0.32990)  valid 0.81202 (tc 0.68731 hrr 0.41570)  lr 1.00e-03  *
    epoch   62  train 0.58707 (tc 0.48881 hrr 0.32754)  valid 0.80832 (tc 0.68434 hrr 0.41326)  lr 1.00e-03  *
    epoch   67  train 0.57672 (tc 0.48074 hrr 0.31992)  valid 0.79477 (tc 0.67452 hrr 0.40085)  lr 1.00e-03  *
    epoch   70  train 0.57845 (tc 0.48151 hrr 0.32312)  valid 0.80988 (tc 0.68732 hrr 0.40854)  lr 1.00e-03
    epoch   72  train 0.56869 (tc 0.47358 hrr 0.31706)  valid 0.79197 (tc 0.67193 hrr 0.40016)  lr 1.00e-03  *
    epoch   76  train 0.56217 (tc 0.46844 hrr 0.31242)  valid 0.79166 (tc 0.67268 hrr 0.39663)  lr 1.00e-03  *
    epoch   79  train 0.56327 (tc 0.46991 hrr 0.31120)  valid 0.78737 (tc 0.66811 hrr 0.39755)  lr 1.00e-03  *
    epoch   80  train 0.56011 (tc 0.46690 hrr 0.31068)  valid 0.77941 (tc 0.66202 hrr 0.39131)  lr 1.00e-03  *
    epoch   90  train 0.54424 (tc 0.45333 hrr 0.30303)  valid 0.79945 (tc 0.68087 hrr 0.39525)  lr 1.00e-03
    epoch   92  train 0.54401 (tc 0.45272 hrr 0.30431)  valid 0.77607 (tc 0.65895 hrr 0.39039)  lr 1.00e-03  *
    epoch   94  train 0.53965 (tc 0.44982 hrr 0.29944)  valid 0.76763 (tc 0.65178 hrr 0.38618)  lr 1.00e-03  *
    epoch  100  train 0.53797 (tc 0.44818 hrr 0.29931)  valid 0.76287 (tc 0.65004 hrr 0.37610)  lr 1.00e-03  *
    epoch  102  train 0.53669 (tc 0.44746 hrr 0.29743)  valid 0.76236 (tc 0.64927 hrr 0.37697)  lr 1.00e-03  *
    epoch  109  train 0.54872 (tc 0.45593 hrr 0.30930)  valid 0.75679 (tc 0.64036 hrr 0.38809)  lr 1.00e-03  *
    epoch  110  train 0.54471 (tc 0.45257 hrr 0.30712)  valid 0.77126 (tc 0.65383 hrr 0.39143)  lr 1.00e-03
    epoch  111  train 0.53544 (tc 0.44674 hrr 0.29567)  valid 0.74989 (tc 0.63981 hrr 0.36694)  lr 1.00e-03  *
    epoch  112  train 0.52918 (tc 0.44140 hrr 0.29262)  valid 0.74875 (tc 0.63675 hrr 0.37333)  lr 1.00e-03  *
    epoch  120  train 0.51972 (tc 0.43419 hrr 0.28508)  valid 0.77506 (tc 0.66113 hrr 0.37977)  lr 1.00e-03
    epoch  121  train 0.52396 (tc 0.43745 hrr 0.28835)  valid 0.74323 (tc 0.63251 hrr 0.36908)  lr 1.00e-03  *
    epoch  124  train 0.52313 (tc 0.43735 hrr 0.28593)  valid 0.73535 (tc 0.62478 hrr 0.36856)  lr 1.00e-03  *
    epoch  130  train 0.52060 (tc 0.43406 hrr 0.28848)  valid 0.76604 (tc 0.65379 hrr 0.37417)  lr 1.00e-03
    epoch  135  train 0.50818 (tc 0.42531 hrr 0.27623)  valid 0.73256 (tc 0.62659 hrr 0.35325)  lr 1.00e-03  *
    epoch  137  train 0.50557 (tc 0.42292 hrr 0.27551)  valid 0.73180 (tc 0.62560 hrr 0.35398)  lr 1.00e-03  *
    epoch  140  train 0.49907 (tc 0.41724 hrr 0.27277)  valid 0.74292 (tc 0.63679 hrr 0.35376)  lr 1.00e-03
    epoch  142  train 0.49797 (tc 0.41627 hrr 0.27234)  valid 0.72462 (tc 0.61841 hrr 0.35405)  lr 1.00e-03  *
    epoch  143  train 0.49728 (tc 0.41563 hrr 0.27219)  valid 0.71827 (tc 0.61317 hrr 0.35034)  lr 1.00e-03  *
    epoch  150  train 0.49915 (tc 0.41713 hrr 0.27339)  valid 0.74431 (tc 0.63889 hrr 0.35138)  lr 1.00e-03
    epoch  156  train 0.49209 (tc 0.41208 hrr 0.26673)  valid 0.71773 (tc 0.61505 hrr 0.34226)  lr 1.00e-03  *
    epoch  160  train 0.48697 (tc 0.40807 hrr 0.26299)  valid 0.71653 (tc 0.61147 hrr 0.35020)  lr 1.00e-03  *
    epoch  163  train 0.48230 (tc 0.40429 hrr 0.26003)  valid 0.71246 (tc 0.60729 hrr 0.35055)  lr 1.00e-03  *
    epoch  164  train 0.48103 (tc 0.40317 hrr 0.25951)  valid 0.70488 (tc 0.60110 hrr 0.34593)  lr 1.00e-03  *
    epoch  168  train 0.47865 (tc 0.40124 hrr 0.25805)  valid 0.70141 (tc 0.59953 hrr 0.33961)  lr 1.00e-03  *
    epoch  170  train 0.47673 (tc 0.39978 hrr 0.25652)  valid 0.72047 (tc 0.61356 hrr 0.35637)  lr 1.00e-03
    epoch  180  train 0.47848 (tc 0.40218 hrr 0.25435)  valid 0.70200 (tc 0.59891 hrr 0.34366)  lr 1.00e-03
    epoch  186  train 0.47359 (tc 0.39798 hrr 0.25203)  valid 0.69481 (tc 0.59369 hrr 0.33708)  lr 5.00e-04  *
    epoch  189  train 0.46939 (tc 0.39460 hrr 0.24933)  valid 0.69443 (tc 0.59327 hrr 0.33720)  lr 5.00e-04  *
    epoch  190  train 0.46906 (tc 0.39424 hrr 0.24942)  valid 0.69849 (tc 0.59663 hrr 0.33954)  lr 5.00e-04
    epoch  199  train 0.46537 (tc 0.39149 hrr 0.24628)  valid 0.68675 (tc 0.58867 hrr 0.32694)  lr 5.00e-04  *
    epoch  200  train 0.46460 (tc 0.39082 hrr 0.24592)  valid 0.69160 (tc 0.59210 hrr 0.33167)  lr 5.00e-04
    epoch  210  train 0.46126 (tc 0.38826 hrr 0.24334)  valid 0.69095 (tc 0.58995 hrr 0.33665)  lr 5.00e-04
    epoch  211  train 0.46103 (tc 0.38811 hrr 0.24307)  valid 0.68621 (tc 0.58741 hrr 0.32934)  lr 5.00e-04  *
    epoch  217  train 0.46059 (tc 0.38790 hrr 0.24232)  valid 0.68212 (tc 0.58489 hrr 0.32408)  lr 5.00e-04  *
    epoch  220  train 0.45901 (tc 0.38648 hrr 0.24177)  valid 0.69102 (tc 0.59030 hrr 0.33575)  lr 5.00e-04
    epoch  230  train 0.45893 (tc 0.38655 hrr 0.24128)  valid 0.71103 (tc 0.60832 hrr 0.34238)  lr 5.00e-04
    epoch  232  train 0.45758 (tc 0.38541 hrr 0.24059)  valid 0.67931 (tc 0.58443 hrr 0.31625)  lr 5.00e-04  *
    epoch  237  train 0.45585 (tc 0.38406 hrr 0.23930)  valid 0.67552 (tc 0.58005 hrr 0.31824)  lr 5.00e-04  *
    epoch  240  train 0.45477 (tc 0.38309 hrr 0.23893)  valid 0.68880 (tc 0.59090 hrr 0.32635)  lr 5.00e-04
    epoch  250  train 0.45441 (tc 0.38295 hrr 0.23821)  valid 0.69851 (tc 0.59739 hrr 0.33707)  lr 5.00e-04
    epoch  253  train 0.45341 (tc 0.38224 hrr 0.23723)  valid 0.67257 (tc 0.57756 hrr 0.31672)  lr 5.00e-04  *
    epoch  258  train 0.45222 (tc 0.38116 hrr 0.23687)  valid 0.66708 (tc 0.57276 hrr 0.31443)  lr 5.00e-04  *
    epoch  260  train 0.45360 (tc 0.38233 hrr 0.23755)  valid 0.67907 (tc 0.58221 hrr 0.32288)  lr 5.00e-04
    epoch  270  train 0.45626 (tc 0.38480 hrr 0.23822)  valid 0.71460 (tc 0.60712 hrr 0.35825)  lr 5.00e-04
    epoch  280  train 0.45054 (tc 0.37995 hrr 0.23527)  valid 0.69033 (tc 0.59154 hrr 0.32929)  lr 2.50e-04
    epoch  290  train 0.44811 (tc 0.37797 hrr 0.23380)  valid 0.68572 (tc 0.58752 hrr 0.32733)  lr 1.25e-04
    epoch  300  train 0.44674 (tc 0.37679 hrr 0.23317)  valid 0.67727 (tc 0.58151 hrr 0.31918)  lr 1.25e-04
    epoch  310  train 0.44556 (tc 0.37582 hrr 0.23247)  valid 0.67491 (tc 0.57866 hrr 0.32084)  lr 6.25e-05
    early stop at epoch 318 (best 0.66708 @ 258)
    saved models_part1_bal_s45_r3\part1_member2.pt  (1.6 min)

  done. 3 member(s) in models_part1_bal_s45_r3
  next: python evaluate_part1.py --model-dir models_part1_bal_s45_r3
