  device: NVIDIA GeForce RTX 4090

  building dataset ...
  corpus: D:\Bs8414_05052026\Part1\_completed
  184 usable, 2 rejected
    - BS8414_DCLG_Test1_adv_debug: excluded: debug case; Core_MATERIAL HEAT_OF_REACTION=1500 vs 2300 in every other DCLG_Test1_adv deck, so it is a different system under the same name
    - BS8414_DCLG_Test7: excluded: declares insulation system PF like 33 other decks, but its Phenolic_Foam MATL is inert - HEAT_OF_REACTION absent (0 kJ/kg) with REFERENCE_TEMPERATURE=429 degC - where every other PF deck decomposes at HEAT_OF_REACTION=400 with no explicit reference temperature (cp 1.2 vs 1.5, k 0.020 vs 0.022, rho 32 vs 39). Same defect class as the debug case above: a different system under the same name. Found 2026-08-19 by explain_part1.check_group_determinism, which verifies that an insulation id fixes its material block; this was the only violation in 185 cases
  params (184, 16)  tc (184, 181, 16)  hrr (184, 181, 5)
  partial: BS8414_HPL_WC_noair_nogap (180/181 steps, padded+masked)

  split mode: system
    train   97 sims  22 systems  8/8 geometries
    valid   57 sims  12 systems  8/8 geometries
    test    30 sims   6 systems  8/8 geometries

  target: 16 thermocouples (External_LV1 x8 + External_LV2 x8)
          5 HRR channels (HRR, Q_RADI, Q_CONV, Q_COND, Q_TOTAL)
  model:  MLP-Attention-LSTM (Part1, KAN ablation control)
  loss:   tc + 0.3 * hrr  (no weight penalty)
  physics constraints: off

  === member 1/3 (seed 45) ===
    [sentinel] weights moved after epoch 0: |dW| = 2.9483e+00
    epoch    0  train 2.26905 (tc 1.74857 hrr 1.73494)  valid 1.83695 (tc 1.53619 hrr 1.00256)  lr 1.00e-03  *
    epoch    1  train 1.30454 (tc 1.08471 hrr 0.73276)  valid 1.62477 (tc 1.42413 hrr 0.66878)  lr 1.00e-03  *
    epoch    2  train 1.14254 (tc 0.97737 hrr 0.55056)  valid 1.53982 (tc 1.33659 hrr 0.67745)  lr 1.00e-03  *
    epoch    3  train 1.09784 (tc 0.93832 hrr 0.53175)  valid 1.50187 (tc 1.31401 hrr 0.62621)  lr 1.00e-03  *
    epoch   10  train 0.95357 (tc 0.81546 hrr 0.46037)  valid 1.53128 (tc 1.34907 hrr 0.60737)  lr 1.00e-03
    epoch   13  train 0.89330 (tc 0.75902 hrr 0.44759)  valid 1.48647 (tc 1.30560 hrr 0.60289)  lr 1.00e-03  *
    epoch   15  train 0.86765 (tc 0.73696 hrr 0.43564)  valid 1.41299 (tc 1.23467 hrr 0.59440)  lr 1.00e-03  *
    epoch   20  train 0.82201 (tc 0.69367 hrr 0.42780)  valid 1.45332 (tc 1.27654 hrr 0.58928)  lr 1.00e-03
    epoch   30  train 0.77245 (tc 0.65316 hrr 0.39764)  valid 1.39667 (tc 1.22843 hrr 0.56079)  lr 1.00e-03  *
    epoch   40  train 0.74097 (tc 0.62898 hrr 0.37329)  valid 1.37281 (tc 1.21115 hrr 0.53887)  lr 1.00e-03  *
    epoch   50  train 0.68141 (tc 0.57725 hrr 0.34720)  valid 1.37042 (tc 1.21087 hrr 0.53182)  lr 1.00e-03  *
    epoch   51  train 0.68040 (tc 0.57485 hrr 0.35185)  valid 1.36008 (tc 1.20362 hrr 0.52154)  lr 1.00e-03  *
    epoch   53  train 0.67503 (tc 0.56988 hrr 0.35051)  valid 1.35179 (tc 1.19375 hrr 0.52681)  lr 1.00e-03  *
    epoch   56  train 0.66527 (tc 0.56126 hrr 0.34671)  valid 1.32917 (tc 1.17037 hrr 0.52932)  lr 1.00e-03  *
    epoch   60  train 0.64043 (tc 0.53877 hrr 0.33887)  valid 1.39615 (tc 1.23738 hrr 0.52924)  lr 1.00e-03
    epoch   61  train 0.63886 (tc 0.53783 hrr 0.33676)  valid 1.29473 (tc 1.13730 hrr 0.52477)  lr 1.00e-03  *
    epoch   66  train 0.61956 (tc 0.51727 hrr 0.34097)  valid 1.28734 (tc 1.12751 hrr 0.53277)  lr 1.00e-03  *
    epoch   70  train 0.58844 (tc 0.48943 hrr 0.33003)  valid 1.28215 (tc 1.12727 hrr 0.51628)  lr 1.00e-03  *
    epoch   72  train 0.57767 (tc 0.47943 hrr 0.32747)  valid 1.26764 (tc 1.11234 hrr 0.51768)  lr 1.00e-03  *
    epoch   74  train 0.56648 (tc 0.46908 hrr 0.32467)  valid 1.26062 (tc 1.10269 hrr 0.52640)  lr 1.00e-03  *
    epoch   78  train 0.54977 (tc 0.45277 hrr 0.32336)  valid 1.23037 (tc 1.07329 hrr 0.52361)  lr 1.00e-03  *
    epoch   80  train 0.53911 (tc 0.44293 hrr 0.32061)  valid 1.24008 (tc 1.08378 hrr 0.52099)  lr 1.00e-03
    epoch   81  train 0.53511 (tc 0.43950 hrr 0.31870)  valid 1.22504 (tc 1.06902 hrr 0.52004)  lr 1.00e-03  *
    epoch   83  train 0.52597 (tc 0.43080 hrr 0.31723)  valid 1.22270 (tc 1.06674 hrr 0.51989)  lr 1.00e-03  *
    epoch   84  train 0.52127 (tc 0.42661 hrr 0.31553)  valid 1.22177 (tc 1.06533 hrr 0.52145)  lr 1.00e-03  *
    epoch   85  train 0.52216 (tc 0.42692 hrr 0.31747)  valid 1.21491 (tc 1.06086 hrr 0.51351)  lr 1.00e-03  *
    epoch   86  train 0.52137 (tc 0.42509 hrr 0.32093)  valid 1.20744 (tc 1.05056 hrr 0.52293)  lr 1.00e-03  *
    epoch   89  train 0.51692 (tc 0.42120 hrr 0.31907)  valid 1.18924 (tc 1.03420 hrr 0.51682)  lr 1.00e-03  *
    epoch   90  train 0.50953 (tc 0.41460 hrr 0.31642)  valid 1.20386 (tc 1.04969 hrr 0.51391)  lr 1.00e-03
    epoch   93  train 0.49945 (tc 0.40428 hrr 0.31723)  valid 1.16582 (tc 1.01125 hrr 0.51524)  lr 1.00e-03  *
    epoch   95  train 0.49180 (tc 0.39623 hrr 0.31855)  valid 1.16267 (tc 1.01115 hrr 0.50508)  lr 1.00e-03  *
    epoch   98  train 0.47921 (tc 0.38505 hrr 0.31386)  valid 1.15304 (tc 1.00029 hrr 0.50915)  lr 1.00e-03  *
    epoch  100  train 0.47069 (tc 0.37753 hrr 0.31055)  valid 1.17504 (tc 1.02029 hrr 0.51581)  lr 1.00e-03
    epoch  102  train 0.46177 (tc 0.36966 hrr 0.30705)  valid 1.14358 (tc 0.98830 hrr 0.51761)  lr 1.00e-03  *
    epoch  104  train 0.45411 (tc 0.36282 hrr 0.30429)  valid 1.12464 (tc 0.97232 hrr 0.50772)  lr 1.00e-03  *
    epoch  109  train 0.44895 (tc 0.35796 hrr 0.30331)  valid 1.12260 (tc 0.97076 hrr 0.50614)  lr 1.00e-03  *
    epoch  110  train 0.44115 (tc 0.35071 hrr 0.30144)  valid 1.10980 (tc 0.95617 hrr 0.51212)  lr 1.00e-03  *
    epoch  111  train 0.43812 (tc 0.34783 hrr 0.30094)  valid 1.10750 (tc 0.95358 hrr 0.51306)  lr 1.00e-03  *
    epoch  113  train 0.43216 (tc 0.34206 hrr 0.30033)  valid 1.10741 (tc 0.95451 hrr 0.50969)  lr 1.00e-03  *
    epoch  114  train 0.42834 (tc 0.33842 hrr 0.29974)  valid 1.10501 (tc 0.95257 hrr 0.50815)  lr 1.00e-03  *
    epoch  117  train 0.42233 (tc 0.33285 hrr 0.29827)  valid 1.09953 (tc 0.94688 hrr 0.50881)  lr 1.00e-03  *
    epoch  118  train 0.42065 (tc 0.33108 hrr 0.29856)  valid 1.09432 (tc 0.94105 hrr 0.51090)  lr 1.00e-03  *
    epoch  120  train 0.41589 (tc 0.32653 hrr 0.29785)  valid 1.08955 (tc 0.93762 hrr 0.50643)  lr 1.00e-03  *
    epoch  121  train 0.41352 (tc 0.32458 hrr 0.29648)  valid 1.08140 (tc 0.93016 hrr 0.50414)  lr 1.00e-03  *
    epoch  125  train 0.41237 (tc 0.32278 hrr 0.29863)  valid 1.07119 (tc 0.92208 hrr 0.49703)  lr 1.00e-03  *
    epoch  130  train 0.40240 (tc 0.31452 hrr 0.29292)  valid 1.09045 (tc 0.93878 hrr 0.50556)  lr 1.00e-03
    epoch  133  train 0.39818 (tc 0.31079 hrr 0.29129)  valid 1.06310 (tc 0.91324 hrr 0.49952)  lr 1.00e-03  *
    epoch  134  train 0.39719 (tc 0.30978 hrr 0.29136)  valid 1.05803 (tc 0.90546 hrr 0.50855)  lr 1.00e-03  *
    epoch  137  train 0.39158 (tc 0.30488 hrr 0.28901)  valid 1.04818 (tc 0.89883 hrr 0.49782)  lr 1.00e-03  *
    epoch  139  train 0.39212 (tc 0.30530 hrr 0.28939)  valid 1.04200 (tc 0.89303 hrr 0.49657)  lr 1.00e-03  *
    epoch  140  train 0.39081 (tc 0.30419 hrr 0.28873)  valid 1.04949 (tc 0.89970 hrr 0.49928)  lr 1.00e-03
    epoch  150  train 0.38204 (tc 0.29571 hrr 0.28776)  valid 1.07200 (tc 0.91971 hrr 0.50764)  lr 1.00e-03
    epoch  160  train 0.37278 (tc 0.28838 hrr 0.28135)  valid 1.05014 (tc 0.90063 hrr 0.49838)  lr 5.00e-04
    epoch  170  train 0.36821 (tc 0.28455 hrr 0.27886)  valid 1.05269 (tc 0.90344 hrr 0.49749)  lr 5.00e-04
    epoch  180  train 0.36562 (tc 0.28220 hrr 0.27805)  valid 1.04668 (tc 0.89750 hrr 0.49727)  lr 2.50e-04
    epoch  190  train 0.36400 (tc 0.28094 hrr 0.27687)  valid 1.04745 (tc 0.89759 hrr 0.49953)  lr 1.25e-04
    epoch  198  train 0.36311 (tc 0.28012 hrr 0.27662)  valid 1.04142 (tc 0.89208 hrr 0.49781)  lr 1.25e-04  *
    epoch  200  train 0.36323 (tc 0.28023 hrr 0.27666)  valid 1.04591 (tc 0.89612 hrr 0.49927)  lr 1.25e-04
    epoch  206  train 0.36230 (tc 0.27947 hrr 0.27607)  valid 1.04030 (tc 0.89110 hrr 0.49733)  lr 1.25e-04  *
    epoch  210  train 0.36215 (tc 0.27936 hrr 0.27597)  valid 1.04465 (tc 0.89507 hrr 0.49862)  lr 1.25e-04
    epoch  220  train 0.36123 (tc 0.27855 hrr 0.27561)  valid 1.03960 (tc 0.89006 hrr 0.49845)  lr 1.25e-04  *
    epoch  230  train 0.36010 (tc 0.27761 hrr 0.27498)  valid 1.03720 (tc 0.88765 hrr 0.49851)  lr 1.25e-04  *
    epoch  240  train 0.35888 (tc 0.27653 hrr 0.27451)  valid 1.04154 (tc 0.89178 hrr 0.49918)  lr 1.25e-04
    epoch  250  train 0.35823 (tc 0.27595 hrr 0.27426)  valid 1.04098 (tc 0.89135 hrr 0.49876)  lr 6.25e-05
    epoch  260  train 0.35788 (tc 0.27563 hrr 0.27414)  valid 1.03872 (tc 0.88907 hrr 0.49882)  lr 6.25e-05
    epoch  270  train 0.35734 (tc 0.27517 hrr 0.27388)  valid 1.04053 (tc 0.89093 hrr 0.49866)  lr 3.13e-05
    epoch  280  train 0.35714 (tc 0.27501 hrr 0.27376)  valid 1.03898 (tc 0.88948 hrr 0.49834)  lr 1.56e-05
    epoch  290  train 0.35701 (tc 0.27493 hrr 0.27360)  valid 1.03910 (tc 0.88957 hrr 0.49843)  lr 1.56e-05
    early stop at epoch 290 (best 1.03720 @ 230)
    saved models_part1_sys_mlp_seed45\part1_member0.pt  (1.5 min)

  === member 2/3 (seed 46) ===
    [sentinel] weights moved after epoch 0: |dW| = 2.8955e+00
    epoch    0  train 2.06803 (tc 1.59169 hrr 1.58781)  valid 1.80597 (tc 1.47705 hrr 1.09641)  lr 1.00e-03  *
    epoch    1  train 1.36241 (tc 1.12897 hrr 0.77813)  valid 1.60629 (tc 1.39256 hrr 0.71243)  lr 1.00e-03  *
    epoch    2  train 1.23567 (tc 1.06583 hrr 0.56613)  valid 1.57929 (tc 1.38492 hrr 0.64789)  lr 1.00e-03  *
    epoch    4  train 1.14967 (tc 0.99240 hrr 0.52421)  valid 1.50378 (tc 1.30760 hrr 0.65394)  lr 1.00e-03  *
    epoch    5  train 1.10846 (tc 0.95314 hrr 0.51770)  valid 1.45245 (tc 1.26773 hrr 0.61575)  lr 1.00e-03  *
    epoch    6  train 1.06065 (tc 0.91303 hrr 0.49208)  valid 1.42012 (tc 1.23611 hrr 0.61335)  lr 1.00e-03  *
    epoch    7  train 1.02417 (tc 0.87999 hrr 0.48062)  valid 1.41174 (tc 1.23102 hrr 0.60239)  lr 1.00e-03  *
    epoch    8  train 1.00273 (tc 0.86102 hrr 0.47237)  valid 1.38362 (tc 1.20247 hrr 0.60384)  lr 1.00e-03  *
    epoch   10  train 0.97784 (tc 0.83443 hrr 0.47801)  valid 1.35413 (tc 1.17025 hrr 0.61294)  lr 1.00e-03  *
    epoch   13  train 0.93909 (tc 0.80414 hrr 0.44982)  valid 1.35397 (tc 1.17413 hrr 0.59946)  lr 1.00e-03  *
    epoch   14  train 0.93367 (tc 0.80062 hrr 0.44350)  valid 1.35320 (tc 1.17707 hrr 0.58710)  lr 1.00e-03  *
    epoch   16  train 0.91458 (tc 0.78379 hrr 0.43599)  valid 1.33626 (tc 1.16186 hrr 0.58134)  lr 1.00e-03  *
    epoch   18  train 0.89913 (tc 0.77035 hrr 0.42926)  valid 1.31852 (tc 1.14848 hrr 0.56680)  lr 1.00e-03  *
    epoch   20  train 0.88862 (tc 0.76212 hrr 0.42166)  valid 1.33877 (tc 1.16406 hrr 0.58236)  lr 1.00e-03
    epoch   25  train 0.87773 (tc 0.75285 hrr 0.41625)  valid 1.29585 (tc 1.12830 hrr 0.55850)  lr 1.00e-03  *
    epoch   30  train 0.83795 (tc 0.72096 hrr 0.38995)  valid 1.32703 (tc 1.16296 hrr 0.54689)  lr 1.00e-03
    epoch   40  train 0.75802 (tc 0.64792 hrr 0.36700)  valid 1.29381 (tc 1.13324 hrr 0.53525)  lr 1.00e-03  *
    epoch   45  train 0.72185 (tc 0.61285 hrr 0.36335)  valid 1.28014 (tc 1.12112 hrr 0.53008)  lr 1.00e-03  *
    epoch   50  train 0.69398 (tc 0.58706 hrr 0.35640)  valid 1.28961 (tc 1.13319 hrr 0.52141)  lr 1.00e-03
    epoch   51  train 0.69238 (tc 0.58549 hrr 0.35630)  valid 1.25898 (tc 1.10409 hrr 0.51630)  lr 1.00e-03  *
    epoch   57  train 0.66017 (tc 0.55526 hrr 0.34969)  valid 1.25096 (tc 1.09668 hrr 0.51426)  lr 1.00e-03  *
    epoch   60  train 0.63802 (tc 0.53553 hrr 0.34164)  valid 1.25671 (tc 1.10381 hrr 0.50967)  lr 1.00e-03
    epoch   62  train 0.63217 (tc 0.53129 hrr 0.33627)  valid 1.21937 (tc 1.06861 hrr 0.50253)  lr 1.00e-03  *
    epoch   65  train 0.61775 (tc 0.51776 hrr 0.33330)  valid 1.21899 (tc 1.06518 hrr 0.51271)  lr 1.00e-03  *
    epoch   67  train 0.61194 (tc 0.51240 hrr 0.33181)  valid 1.21779 (tc 1.06803 hrr 0.49920)  lr 1.00e-03  *
    epoch   70  train 0.60182 (tc 0.50238 hrr 0.33148)  valid 1.25418 (tc 1.09876 hrr 0.51806)  lr 1.00e-03
    epoch   77  train 0.57797 (tc 0.48054 hrr 0.32475)  valid 1.21545 (tc 1.06056 hrr 0.51631)  lr 1.00e-03  *
    epoch   78  train 0.57724 (tc 0.47879 hrr 0.32816)  valid 1.21361 (tc 1.06241 hrr 0.50399)  lr 1.00e-03  *
    epoch   79  train 0.57252 (tc 0.47489 hrr 0.32545)  valid 1.20991 (tc 1.05646 hrr 0.51152)  lr 1.00e-03  *
    epoch   80  train 0.56419 (tc 0.46811 hrr 0.32029)  valid 1.19776 (tc 1.04362 hrr 0.51381)  lr 1.00e-03  *
    epoch   85  train 0.55235 (tc 0.45541 hrr 0.32312)  valid 1.16232 (tc 1.00940 hrr 0.50974)  lr 1.00e-03  *
    epoch   90  train 0.52793 (tc 0.43226 hrr 0.31892)  valid 1.16149 (tc 1.00707 hrr 0.51475)  lr 1.00e-03  *
    epoch   91  train 0.52343 (tc 0.42821 hrr 0.31738)  valid 1.15076 (tc 0.99866 hrr 0.50699)  lr 1.00e-03  *
    epoch   92  train 0.52046 (tc 0.42457 hrr 0.31961)  valid 1.13715 (tc 0.99138 hrr 0.48588)  lr 1.00e-03  *
    epoch   95  train 0.49453 (tc 0.40104 hrr 0.31165)  valid 1.13130 (tc 0.98552 hrr 0.48593)  lr 1.00e-03  *
    epoch   96  train 0.49269 (tc 0.39871 hrr 0.31327)  valid 1.12856 (tc 0.98446 hrr 0.48031)  lr 1.00e-03  *
    epoch   98  train 0.48782 (tc 0.39521 hrr 0.30870)  valid 1.10719 (tc 0.96138 hrr 0.48603)  lr 1.00e-03  *
    epoch  100  train 0.48791 (tc 0.39353 hrr 0.31461)  valid 1.11906 (tc 0.97200 hrr 0.49019)  lr 1.00e-03
    epoch  101  train 0.48295 (tc 0.38903 hrr 0.31308)  valid 1.07433 (tc 0.92934 hrr 0.48330)  lr 1.00e-03  *
    epoch  110  train 0.46367 (tc 0.36990 hrr 0.31257)  valid 1.09858 (tc 0.95548 hrr 0.47702)  lr 1.00e-03
    epoch  120  train 0.43728 (tc 0.34743 hrr 0.29950)  valid 1.11604 (tc 0.97104 hrr 0.48332)  lr 5.00e-04
    epoch  130  train 0.43189 (tc 0.34236 hrr 0.29843)  valid 1.09606 (tc 0.95136 hrr 0.48236)  lr 5.00e-04
    epoch  140  train 0.42477 (tc 0.33629 hrr 0.29490)  valid 1.10749 (tc 0.96329 hrr 0.48064)  lr 2.50e-04
    epoch  150  train 0.41778 (tc 0.33020 hrr 0.29194)  valid 1.09620 (tc 0.95271 hrr 0.47830)  lr 1.25e-04
    epoch  160  train 0.41481 (tc 0.32754 hrr 0.29092)  valid 1.09851 (tc 0.95466 hrr 0.47950)  lr 1.25e-04
    early stop at epoch 161 (best 1.07433 @ 101)
    saved models_part1_sys_mlp_seed45\part1_member1.pt  (0.8 min)

  === member 3/3 (seed 47) ===
    [sentinel] weights moved after epoch 0: |dW| = 2.8960e+00
    epoch    0  train 2.01836 (tc 1.58361 hrr 1.44914)  valid 1.98815 (tc 1.63604 hrr 1.17368)  lr 1.00e-03  *
    epoch    1  train 1.31273 (tc 1.05990 hrr 0.84276)  valid 1.62907 (tc 1.42765 hrr 0.67138)  lr 1.00e-03  *
    epoch    2  train 1.10557 (tc 0.93795 hrr 0.55874)  valid 1.57115 (tc 1.37754 hrr 0.64538)  lr 1.00e-03  *
    epoch    3  train 1.05812 (tc 0.90205 hrr 0.52024)  valid 1.53003 (tc 1.33883 hrr 0.63733)  lr 1.00e-03  *
    epoch   10  train 0.95464 (tc 0.81827 hrr 0.45456)  valid 1.61947 (tc 1.44066 hrr 0.59606)  lr 1.00e-03
    epoch   12  train 0.93997 (tc 0.80651 hrr 0.44485)  valid 1.52848 (tc 1.34998 hrr 0.59500)  lr 1.00e-03  *
    epoch   19  train 0.84805 (tc 0.72112 hrr 0.42310)  valid 1.43959 (tc 1.26965 hrr 0.56648)  lr 1.00e-03  *
    epoch   20  train 0.82457 (tc 0.69810 hrr 0.42154)  valid 1.42770 (tc 1.25778 hrr 0.56640)  lr 1.00e-03  *
    epoch   22  train 0.78682 (tc 0.66001 hrr 0.42269)  valid 1.38913 (tc 1.21773 hrr 0.57133)  lr 1.00e-03  *
    epoch   26  train 0.74645 (tc 0.62525 hrr 0.40400)  valid 1.34670 (tc 1.18026 hrr 0.55479)  lr 1.00e-03  *
    epoch   30  train 0.71810 (tc 0.60090 hrr 0.39066)  valid 1.39359 (tc 1.22680 hrr 0.55596)  lr 1.00e-03
    epoch   31  train 0.72436 (tc 0.60752 hrr 0.38948)  valid 1.33562 (tc 1.17065 hrr 0.54990)  lr 1.00e-03  *
    epoch   38  train 0.68686 (tc 0.57608 hrr 0.36924)  valid 1.32693 (tc 1.16781 hrr 0.53040)  lr 1.00e-03  *
    epoch   40  train 0.68696 (tc 0.57607 hrr 0.36963)  valid 1.33748 (tc 1.17204 hrr 0.55148)  lr 1.00e-03
    epoch   50  train 0.65629 (tc 0.54926 hrr 0.35677)  valid 1.32711 (tc 1.16814 hrr 0.52989)  lr 1.00e-03
    epoch   52  train 0.66236 (tc 0.55387 hrr 0.36162)  valid 1.32310 (tc 1.16359 hrr 0.53170)  lr 1.00e-03  *
    epoch   60  train 0.63398 (tc 0.53138 hrr 0.34199)  valid 1.33369 (tc 1.18005 hrr 0.51213)  lr 1.00e-03
    epoch   68  train 0.63659 (tc 0.53395 hrr 0.34214)  valid 1.31175 (tc 1.15692 hrr 0.51608)  lr 1.00e-03  *
    epoch   70  train 0.61688 (tc 0.51699 hrr 0.33294)  valid 1.33740 (tc 1.18300 hrr 0.51466)  lr 1.00e-03
    epoch   71  train 0.61479 (tc 0.51477 hrr 0.33340)  valid 1.28814 (tc 1.13540 hrr 0.50914)  lr 1.00e-03  *
    epoch   73  train 0.61538 (tc 0.51589 hrr 0.33161)  valid 1.25791 (tc 1.10746 hrr 0.50150)  lr 1.00e-03  *
    epoch   80  train 0.61316 (tc 0.51340 hrr 0.33253)  valid 1.31173 (tc 1.16063 hrr 0.50368)  lr 1.00e-03
    epoch   90  train 0.58913 (tc 0.49333 hrr 0.31933)  valid 1.27911 (tc 1.13200 hrr 0.49035)  lr 5.00e-04
    epoch  100  train 0.58269 (tc 0.48975 hrr 0.30980)  valid 1.33181 (tc 1.18521 hrr 0.48867)  lr 5.00e-04
    epoch  110  train 0.57999 (tc 0.48796 hrr 0.30675)  valid 1.33265 (tc 1.18648 hrr 0.48725)  lr 2.50e-04
    epoch  120  train 0.56574 (tc 0.47459 hrr 0.30382)  valid 1.29233 (tc 1.14798 hrr 0.48119)  lr 2.50e-04
    epoch  130  train 0.56276 (tc 0.47183 hrr 0.30311)  valid 1.30357 (tc 1.15830 hrr 0.48423)  lr 1.25e-04
    early stop at epoch 133 (best 1.25791 @ 73)
    saved models_part1_sys_mlp_seed45\part1_member2.pt  (0.6 min)

  done. 3 member(s) in models_part1_sys_mlp_seed45
  next: python evaluate_part1.py --model-dir models_part1_sys_mlp_seed45
