  device: NVIDIA GeForce RTX 4090

  building dataset ...
  corpus: D:\Bs8414_05052026\Part1\_completed
  184 usable, 2 rejected
    - BS8414_DCLG_Test1_adv_debug: excluded: debug case; Core_MATERIAL HEAT_OF_REACTION=1500 vs 2300 in every other DCLG_Test1_adv deck, so it is a different system under the same name
    - BS8414_DCLG_Test7: excluded: declares insulation system PF like 33 other decks, but its Phenolic_Foam MATL is inert - HEAT_OF_REACTION absent (0 kJ/kg) with REFERENCE_TEMPERATURE=429 degC - where every other PF deck decomposes at HEAT_OF_REACTION=400 with no explicit reference temperature (cp 1.2 vs 1.5, k 0.020 vs 0.022, rho 32 vs 39). Same defect class as the debug case above: a different system under the same name. Found 2026-08-19 by explain_part1.check_group_determinism, which verifies that an insulation id fixes its material block; this was the only violation in 185 cases
  params (184, 16)  tc (184, 181, 16)  hrr (184, 181, 5)
  partial: BS8414_HPL_WC_noair_nogap (180/181 steps, padded+masked)

  split mode: hash
    train  141 sims  40 systems  8/8 geometries
    valid   20 sims  16 systems  8/8 geometries
    test    23 sims  20 systems  8/8 geometries

  target: 16 thermocouples (External_LV1 x8 + External_LV2 x8)
          5 HRR channels (HRR, Q_RADI, Q_CONV, Q_COND, Q_TOTAL)
  model:  MLP-Attention-LSTM (Part1, KAN ablation control)
  loss:   tc + 0.3 * hrr  (no weight penalty)
  physics constraints: off

  === member 1/3 (seed 42) ===
    [sentinel] weights moved after epoch 0: |dW| = 3.2321e+00
    epoch    0  train 1.86396 (tc 1.43355 hrr 1.43469)  valid 1.43005 (tc 1.18255 hrr 0.82500)  lr 1.00e-03  *
    epoch    1  train 1.15900 (tc 0.97507 hrr 0.61310)  valid 1.24211 (tc 1.04778 hrr 0.64777)  lr 1.00e-03  *
    epoch    2  train 1.05543 (tc 0.89348 hrr 0.53982)  valid 1.18277 (tc 0.99677 hrr 0.62000)  lr 1.00e-03  *
    epoch    3  train 0.99792 (tc 0.84159 hrr 0.52109)  valid 1.13509 (tc 0.95582 hrr 0.59758)  lr 1.00e-03  *
    epoch    4  train 0.95969 (tc 0.80908 hrr 0.50202)  valid 1.09979 (tc 0.92377 hrr 0.58674)  lr 1.00e-03  *
    epoch    5  train 0.92531 (tc 0.77761 hrr 0.49232)  valid 1.07744 (tc 0.90410 hrr 0.57780)  lr 1.00e-03  *
    epoch    6  train 0.89859 (tc 0.75448 hrr 0.48036)  valid 1.07220 (tc 0.90010 hrr 0.57368)  lr 1.00e-03  *
    epoch    7  train 0.88332 (tc 0.74197 hrr 0.47116)  valid 1.03972 (tc 0.87209 hrr 0.55876)  lr 1.00e-03  *
    epoch    8  train 0.86202 (tc 0.72263 hrr 0.46462)  valid 1.03150 (tc 0.86466 hrr 0.55614)  lr 1.00e-03  *
    epoch    9  train 0.83801 (tc 0.70036 hrr 0.45885)  valid 1.01189 (tc 0.84830 hrr 0.54530)  lr 1.00e-03  *
    epoch   10  train 0.81253 (tc 0.67666 hrr 0.45291)  valid 0.98692 (tc 0.82265 hrr 0.54755)  lr 1.00e-03  *
    epoch   11  train 0.79725 (tc 0.66234 hrr 0.44972)  valid 0.97887 (tc 0.81466 hrr 0.54739)  lr 1.00e-03  *
    epoch   12  train 0.77652 (tc 0.64202 hrr 0.44835)  valid 0.95689 (tc 0.79663 hrr 0.53421)  lr 1.00e-03  *
    epoch   13  train 0.76212 (tc 0.62968 hrr 0.44148)  valid 0.93865 (tc 0.77815 hrr 0.53500)  lr 1.00e-03  *
    epoch   14  train 0.75318 (tc 0.62153 hrr 0.43883)  valid 0.93384 (tc 0.77760 hrr 0.52078)  lr 1.00e-03  *
    epoch   15  train 0.74178 (tc 0.61236 hrr 0.43139)  valid 0.91862 (tc 0.76044 hrr 0.52727)  lr 1.00e-03  *
    epoch   16  train 0.72692 (tc 0.59788 hrr 0.43015)  valid 0.91222 (tc 0.75728 hrr 0.51646)  lr 1.00e-03  *
    epoch   19  train 0.73012 (tc 0.60210 hrr 0.42672)  valid 0.90972 (tc 0.75598 hrr 0.51245)  lr 1.00e-03  *
    epoch   20  train 0.71216 (tc 0.58681 hrr 0.41782)  valid 0.90660 (tc 0.75306 hrr 0.51179)  lr 1.00e-03  *
    epoch   21  train 0.71063 (tc 0.58387 hrr 0.42252)  valid 0.89194 (tc 0.73732 hrr 0.51539)  lr 1.00e-03  *
    epoch   22  train 0.69985 (tc 0.57529 hrr 0.41520)  valid 0.88949 (tc 0.73830 hrr 0.50395)  lr 1.00e-03  *
    epoch   23  train 0.69212 (tc 0.57015 hrr 0.40656)  valid 0.87944 (tc 0.72906 hrr 0.50128)  lr 1.00e-03  *
    epoch   28  train 0.69816 (tc 0.57883 hrr 0.39775)  valid 0.86992 (tc 0.72272 hrr 0.49067)  lr 1.00e-03  *
    epoch   29  train 0.68030 (tc 0.56084 hrr 0.39820)  valid 0.86892 (tc 0.71922 hrr 0.49899)  lr 1.00e-03  *
    epoch   30  train 0.67424 (tc 0.55486 hrr 0.39793)  valid 0.85495 (tc 0.70782 hrr 0.49045)  lr 1.00e-03  *
    epoch   31  train 0.66290 (tc 0.54543 hrr 0.39157)  valid 0.85466 (tc 0.70747 hrr 0.49062)  lr 1.00e-03  *
    epoch   32  train 0.66246 (tc 0.54571 hrr 0.38914)  valid 0.85004 (tc 0.70846 hrr 0.47194)  lr 1.00e-03  *
    epoch   33  train 0.65345 (tc 0.53854 hrr 0.38300)  valid 0.84863 (tc 0.70796 hrr 0.46888)  lr 1.00e-03  *
    epoch   39  train 0.63374 (tc 0.52305 hrr 0.36899)  valid 0.84388 (tc 0.70507 hrr 0.46272)  lr 1.00e-03  *
    epoch   40  train 0.63670 (tc 0.52594 hrr 0.36919)  valid 0.86661 (tc 0.72494 hrr 0.47224)  lr 1.00e-03
    epoch   46  train 0.63116 (tc 0.52141 hrr 0.36583)  valid 0.84010 (tc 0.70305 hrr 0.45682)  lr 1.00e-03  *
    epoch   49  train 0.60578 (tc 0.50007 hrr 0.35238)  valid 0.83162 (tc 0.69713 hrr 0.44832)  lr 1.00e-03  *
    epoch   50  train 0.60185 (tc 0.49696 hrr 0.34962)  valid 0.82768 (tc 0.69480 hrr 0.44294)  lr 1.00e-03  *
    epoch   51  train 0.59833 (tc 0.49390 hrr 0.34809)  valid 0.82665 (tc 0.69423 hrr 0.44141)  lr 1.00e-03  *
    epoch   56  train 0.60538 (tc 0.50031 hrr 0.35023)  valid 0.79971 (tc 0.66850 hrr 0.43738)  lr 1.00e-03  *
    epoch   60  train 0.58218 (tc 0.48063 hrr 0.33849)  valid 0.81825 (tc 0.68571 hrr 0.44183)  lr 1.00e-03
    epoch   64  train 0.57776 (tc 0.47729 hrr 0.33491)  valid 0.79042 (tc 0.66392 hrr 0.42167)  lr 1.00e-03  *
    epoch   65  train 0.57584 (tc 0.47616 hrr 0.33225)  valid 0.78407 (tc 0.65964 hrr 0.41478)  lr 1.00e-03  *
    epoch   68  train 0.57433 (tc 0.47445 hrr 0.33293)  valid 0.77462 (tc 0.64853 hrr 0.42032)  lr 1.00e-03  *
    epoch   70  train 0.56627 (tc 0.46786 hrr 0.32802)  valid 0.78766 (tc 0.66045 hrr 0.42404)  lr 1.00e-03
    epoch   72  train 0.56717 (tc 0.46955 hrr 0.32541)  valid 0.76643 (tc 0.63938 hrr 0.42353)  lr 1.00e-03  *
    epoch   76  train 0.57004 (tc 0.47277 hrr 0.32424)  valid 0.76212 (tc 0.63921 hrr 0.40970)  lr 1.00e-03  *
    epoch   80  train 0.56516 (tc 0.46847 hrr 0.32232)  valid 0.78680 (tc 0.65908 hrr 0.42574)  lr 1.00e-03
    epoch   84  train 0.56466 (tc 0.47003 hrr 0.31545)  valid 0.74990 (tc 0.62767 hrr 0.40744)  lr 1.00e-03  *
    epoch   88  train 0.54290 (tc 0.45040 hrr 0.30833)  valid 0.74539 (tc 0.62565 hrr 0.39914)  lr 1.00e-03  *
    epoch   89  train 0.53977 (tc 0.44805 hrr 0.30573)  valid 0.73643 (tc 0.61731 hrr 0.39708)  lr 1.00e-03  *
    epoch   90  train 0.53722 (tc 0.44635 hrr 0.30291)  valid 0.73306 (tc 0.61469 hrr 0.39459)  lr 1.00e-03  *
    epoch   96  train 0.53539 (tc 0.44515 hrr 0.30080)  valid 0.72361 (tc 0.60700 hrr 0.38868)  lr 1.00e-03  *
    epoch  100  train 0.53071 (tc 0.44264 hrr 0.29358)  valid 0.73482 (tc 0.61909 hrr 0.38573)  lr 1.00e-03
    epoch  110  train 0.53463 (tc 0.44675 hrr 0.29292)  valid 0.73760 (tc 0.62690 hrr 0.36901)  lr 1.00e-03
    epoch  113  train 0.52817 (tc 0.44284 hrr 0.28444)  valid 0.71811 (tc 0.60930 hrr 0.36269)  lr 5.00e-04  *
    epoch  114  train 0.51830 (tc 0.43427 hrr 0.28008)  valid 0.71100 (tc 0.60180 hrr 0.36402)  lr 5.00e-04  *
    epoch  115  train 0.51464 (tc 0.43136 hrr 0.27760)  valid 0.70478 (tc 0.59722 hrr 0.35854)  lr 5.00e-04  *
    epoch  117  train 0.51141 (tc 0.42866 hrr 0.27585)  valid 0.70188 (tc 0.59432 hrr 0.35856)  lr 5.00e-04  *
    epoch  118  train 0.51145 (tc 0.42898 hrr 0.27490)  valid 0.70187 (tc 0.59360 hrr 0.36089)  lr 5.00e-04  *
    epoch  120  train 0.51109 (tc 0.42875 hrr 0.27446)  valid 0.71098 (tc 0.59975 hrr 0.37077)  lr 5.00e-04
    epoch  130  train 0.50980 (tc 0.42883 hrr 0.26991)  valid 0.70896 (tc 0.60274 hrr 0.35405)  lr 5.00e-04
    epoch  133  train 0.50012 (tc 0.42024 hrr 0.26626)  valid 0.69907 (tc 0.59360 hrr 0.35156)  lr 5.00e-04  *
    epoch  134  train 0.49790 (tc 0.41817 hrr 0.26575)  valid 0.69076 (tc 0.58606 hrr 0.34902)  lr 5.00e-04  *
    epoch  139  train 0.49535 (tc 0.41666 hrr 0.26230)  valid 0.69002 (tc 0.58654 hrr 0.34495)  lr 5.00e-04  *
    epoch  140  train 0.49507 (tc 0.41647 hrr 0.26200)  valid 0.69528 (tc 0.59065 hrr 0.34877)  lr 5.00e-04
    epoch  145  train 0.49296 (tc 0.41535 hrr 0.25870)  valid 0.67765 (tc 0.57836 hrr 0.33098)  lr 5.00e-04  *
    epoch  150  train 0.49021 (tc 0.41335 hrr 0.25619)  valid 0.69421 (tc 0.59151 hrr 0.34234)  lr 5.00e-04
    epoch  160  train 0.48618 (tc 0.41088 hrr 0.25099)  valid 0.68417 (tc 0.58482 hrr 0.33115)  lr 5.00e-04
    epoch  169  train 0.48233 (tc 0.40799 hrr 0.24778)  valid 0.67692 (tc 0.57892 hrr 0.32667)  lr 2.50e-04  *
    epoch  170  train 0.48288 (tc 0.40856 hrr 0.24772)  valid 0.67738 (tc 0.57905 hrr 0.32778)  lr 2.50e-04
    epoch  180  train 0.48242 (tc 0.40864 hrr 0.24593)  valid 0.68444 (tc 0.58462 hrr 0.33274)  lr 2.50e-04
    epoch  190  train 0.48397 (tc 0.41047 hrr 0.24499)  valid 0.70550 (tc 0.60088 hrr 0.34871)  lr 1.25e-04
    epoch  200  train 0.47895 (tc 0.40602 hrr 0.24312)  valid 0.68004 (tc 0.58177 hrr 0.32757)  lr 1.25e-04
    epoch  202  train 0.47795 (tc 0.40517 hrr 0.24259)  valid 0.67678 (tc 0.57946 hrr 0.32441)  lr 6.25e-05  *
    epoch  203  train 0.47755 (tc 0.40481 hrr 0.24244)  valid 0.67624 (tc 0.57893 hrr 0.32436)  lr 6.25e-05  *
    epoch  204  train 0.47675 (tc 0.40408 hrr 0.24222)  valid 0.67576 (tc 0.57839 hrr 0.32458)  lr 6.25e-05  *
    epoch  205  train 0.47668 (tc 0.40400 hrr 0.24224)  valid 0.67571 (tc 0.57818 hrr 0.32511)  lr 6.25e-05  *
    epoch  206  train 0.47631 (tc 0.40367 hrr 0.24214)  valid 0.67562 (tc 0.57805 hrr 0.32523)  lr 6.25e-05  *
    epoch  207  train 0.47638 (tc 0.40383 hrr 0.24186)  valid 0.67545 (tc 0.57799 hrr 0.32488)  lr 6.25e-05  *
    epoch  208  train 0.47610 (tc 0.40348 hrr 0.24208)  valid 0.67341 (tc 0.57660 hrr 0.32268)  lr 6.25e-05  *
    epoch  209  train 0.47613 (tc 0.40355 hrr 0.24195)  valid 0.67228 (tc 0.57586 hrr 0.32138)  lr 6.25e-05  *
    epoch  210  train 0.47575 (tc 0.40320 hrr 0.24183)  valid 0.67094 (tc 0.57502 hrr 0.31974)  lr 6.25e-05  *
    epoch  211  train 0.47545 (tc 0.40289 hrr 0.24185)  valid 0.66986 (tc 0.57447 hrr 0.31798)  lr 6.25e-05  *
    epoch  212  train 0.47546 (tc 0.40291 hrr 0.24185)  valid 0.66968 (tc 0.57434 hrr 0.31780)  lr 6.25e-05  *
    epoch  217  train 0.47489 (tc 0.40248 hrr 0.24136)  valid 0.66960 (tc 0.57379 hrr 0.31935)  lr 6.25e-05  *
    epoch  218  train 0.47495 (tc 0.40256 hrr 0.24129)  valid 0.66886 (tc 0.57332 hrr 0.31847)  lr 6.25e-05  *
    epoch  219  train 0.47480 (tc 0.40241 hrr 0.24131)  valid 0.66805 (tc 0.57283 hrr 0.31741)  lr 6.25e-05  *
    epoch  220  train 0.47451 (tc 0.40215 hrr 0.24122)  valid 0.66792 (tc 0.57288 hrr 0.31680)  lr 6.25e-05  *
    epoch  221  train 0.47443 (tc 0.40209 hrr 0.24114)  valid 0.66720 (tc 0.57205 hrr 0.31716)  lr 6.25e-05  *
    epoch  230  train 0.47361 (tc 0.40139 hrr 0.24073)  valid 0.67009 (tc 0.57469 hrr 0.31800)  lr 6.25e-05
    epoch  240  train 0.47327 (tc 0.40122 hrr 0.24016)  valid 0.66879 (tc 0.57347 hrr 0.31771)  lr 3.13e-05
    epoch  250  train 0.47272 (tc 0.40069 hrr 0.24007)  valid 0.67087 (tc 0.57485 hrr 0.32007)  lr 3.13e-05
    epoch  254  train 0.47270 (tc 0.40067 hrr 0.24009)  valid 0.66719 (tc 0.57183 hrr 0.31785)  lr 1.56e-05  *
    epoch  255  train 0.47218 (tc 0.40018 hrr 0.23998)  valid 0.66661 (tc 0.57149 hrr 0.31708)  lr 1.56e-05  *
    epoch  260  train 0.47211 (tc 0.40024 hrr 0.23954)  valid 0.66799 (tc 0.57254 hrr 0.31819)  lr 1.56e-05
    epoch  270  train 0.47184 (tc 0.40003 hrr 0.23937)  valid 0.66676 (tc 0.57168 hrr 0.31694)  lr 1.56e-05
    epoch  280  train 0.47142 (tc 0.39960 hrr 0.23942)  valid 0.66663 (tc 0.57159 hrr 0.31680)  lr 7.81e-06
    epoch  290  train 0.47148 (tc 0.39967 hrr 0.23938)  valid 0.66716 (tc 0.57185 hrr 0.31769)  lr 3.91e-06
    epoch  297  train 0.47143 (tc 0.39962 hrr 0.23937)  valid 0.66657 (tc 0.57145 hrr 0.31705)  lr 3.91e-06  *
    epoch  298  train 0.47153 (tc 0.39970 hrr 0.23943)  valid 0.66646 (tc 0.57138 hrr 0.31693)  lr 3.91e-06  *
    epoch  299  train 0.47145 (tc 0.39960 hrr 0.23949)  valid 0.66634 (tc 0.57131 hrr 0.31680)  lr 3.91e-06  *
    epoch  300  train 0.47150 (tc 0.39964 hrr 0.23953)  valid 0.66622 (tc 0.57125 hrr 0.31657)  lr 3.91e-06  *
    epoch  302  train 0.47123 (tc 0.39941 hrr 0.23941)  valid 0.66620 (tc 0.57128 hrr 0.31637)  lr 3.91e-06  *
    epoch  303  train 0.47146 (tc 0.39960 hrr 0.23953)  valid 0.66604 (tc 0.57116 hrr 0.31628)  lr 3.91e-06  *
    epoch  305  train 0.47139 (tc 0.39957 hrr 0.23940)  valid 0.66582 (tc 0.57098 hrr 0.31614)  lr 3.91e-06  *
    epoch  310  train 0.47144 (tc 0.39961 hrr 0.23944)  valid 0.66597 (tc 0.57107 hrr 0.31631)  lr 3.91e-06
    epoch  320  train 0.47138 (tc 0.39963 hrr 0.23917)  valid 0.66583 (tc 0.57101 hrr 0.31606)  lr 3.91e-06
    epoch  322  train 0.47105 (tc 0.39926 hrr 0.23928)  valid 0.66579 (tc 0.57100 hrr 0.31599)  lr 1.95e-06  *
    epoch  325  train 0.47131 (tc 0.39950 hrr 0.23935)  valid 0.66561 (tc 0.57087 hrr 0.31580)  lr 1.95e-06  *
    epoch  330  train 0.47138 (tc 0.39956 hrr 0.23938)  valid 0.66570 (tc 0.57097 hrr 0.31577)  lr 1.95e-06
    epoch  332  train 0.47144 (tc 0.39965 hrr 0.23931)  valid 0.66555 (tc 0.57085 hrr 0.31567)  lr 1.95e-06  *
    epoch  333  train 0.47121 (tc 0.39943 hrr 0.23928)  valid 0.66537 (tc 0.57069 hrr 0.31561)  lr 1.95e-06  *
    epoch  334  train 0.47133 (tc 0.39957 hrr 0.23921)  valid 0.66531 (tc 0.57064 hrr 0.31556)  lr 1.95e-06  *
    epoch  339  train 0.47125 (tc 0.39944 hrr 0.23938)  valid 0.66517 (tc 0.57053 hrr 0.31549)  lr 1.95e-06  *
    epoch  340  train 0.47115 (tc 0.39939 hrr 0.23920)  valid 0.66510 (tc 0.57044 hrr 0.31553)  lr 1.95e-06  *
    epoch  343  train 0.47111 (tc 0.39931 hrr 0.23933)  valid 0.66508 (tc 0.57043 hrr 0.31552)  lr 1.95e-06  *
    epoch  350  train 0.47121 (tc 0.39944 hrr 0.23924)  valid 0.66540 (tc 0.57065 hrr 0.31582)  lr 1.95e-06
    epoch  360  train 0.47118 (tc 0.39941 hrr 0.23924)  valid 0.66522 (tc 0.57053 hrr 0.31564)  lr 9.77e-07
    epoch  370  train 0.47107 (tc 0.39927 hrr 0.23936)  valid 0.66512 (tc 0.57046 hrr 0.31556)  lr 9.77e-07
    epoch  372  train 0.47123 (tc 0.39946 hrr 0.23925)  valid 0.66506 (tc 0.57040 hrr 0.31554)  lr 4.88e-07  *
    epoch  373  train 0.47124 (tc 0.39944 hrr 0.23933)  valid 0.66504 (tc 0.57038 hrr 0.31552)  lr 4.88e-07  *
    epoch  374  train 0.47124 (tc 0.39948 hrr 0.23920)  valid 0.66503 (tc 0.57038 hrr 0.31550)  lr 4.88e-07  *
    epoch  376  train 0.47119 (tc 0.39939 hrr 0.23932)  valid 0.66501 (tc 0.57037 hrr 0.31548)  lr 4.88e-07  *
    epoch  380  train 0.47132 (tc 0.39954 hrr 0.23928)  valid 0.66501 (tc 0.57037 hrr 0.31548)  lr 4.88e-07
    epoch  390  train 0.47120 (tc 0.39942 hrr 0.23926)  valid 0.66504 (tc 0.57039 hrr 0.31551)  lr 2.44e-07
    epoch  400  train 0.47111 (tc 0.39931 hrr 0.23934)  valid 0.66505 (tc 0.57038 hrr 0.31555)  lr 2.44e-07
    epoch  410  train 0.47127 (tc 0.39954 hrr 0.23909)  valid 0.66509 (tc 0.57042 hrr 0.31558)  lr 1.22e-07
    epoch  420  train 0.47113 (tc 0.39943 hrr 0.23898)  valid 0.66510 (tc 0.57042 hrr 0.31560)  lr 1.22e-07
    epoch  430  train 0.47119 (tc 0.39938 hrr 0.23936)  valid 0.66510 (tc 0.57041 hrr 0.31563)  lr 6.10e-08
    early stop at epoch 436 (best 0.66501 @ 376)
    saved models_part1_bal_s42_r3\part1_member0.pt  (2.3 min)

  === member 2/3 (seed 43) ===
    [sentinel] weights moved after epoch 0: |dW| = 3.2484e+00
    epoch    0  train 1.79579 (tc 1.44210 hrr 1.17897)  valid 1.45432 (tc 1.22337 hrr 0.76983)  lr 1.00e-03  *
    epoch    1  train 1.19651 (tc 1.01486 hrr 0.60547)  valid 1.30093 (tc 1.11790 hrr 0.61010)  lr 1.00e-03  *
    epoch    2  train 1.11556 (tc 0.95515 hrr 0.53470)  valid 1.23187 (tc 1.05313 hrr 0.59580)  lr 1.00e-03  *
    epoch    3  train 1.06831 (tc 0.91447 hrr 0.51278)  valid 1.18940 (tc 1.01444 hrr 0.58318)  lr 1.00e-03  *
    epoch    5  train 1.00579 (tc 0.86129 hrr 0.48167)  valid 1.14882 (tc 0.97979 hrr 0.56345)  lr 1.00e-03  *
    epoch    6  train 0.98223 (tc 0.84031 hrr 0.47306)  valid 1.11633 (tc 0.95168 hrr 0.54886)  lr 1.00e-03  *
    epoch    7  train 0.94584 (tc 0.80467 hrr 0.47058)  valid 1.10007 (tc 0.93355 hrr 0.55505)  lr 1.00e-03  *
    epoch    8  train 0.91851 (tc 0.78053 hrr 0.45993)  valid 1.06205 (tc 0.90137 hrr 0.53560)  lr 1.00e-03  *
    epoch   10  train 0.86678 (tc 0.73337 hrr 0.44469)  valid 1.04400 (tc 0.88187 hrr 0.54045)  lr 1.00e-03  *
    epoch   11  train 0.84140 (tc 0.70758 hrr 0.44607)  valid 1.01017 (tc 0.85322 hrr 0.52318)  lr 1.00e-03  *
    epoch   12  train 0.81670 (tc 0.68441 hrr 0.44099)  valid 1.00756 (tc 0.85017 hrr 0.52465)  lr 1.00e-03  *
    epoch   13  train 0.80038 (tc 0.67066 hrr 0.43241)  valid 0.98412 (tc 0.82715 hrr 0.52323)  lr 1.00e-03  *
    epoch   14  train 0.78932 (tc 0.65916 hrr 0.43387)  valid 0.95592 (tc 0.80036 hrr 0.51854)  lr 1.00e-03  *
    epoch   15  train 0.76724 (tc 0.63791 hrr 0.43108)  valid 0.94646 (tc 0.79104 hrr 0.51806)  lr 1.00e-03  *
    epoch   16  train 0.74835 (tc 0.62108 hrr 0.42425)  valid 0.93539 (tc 0.78738 hrr 0.49339)  lr 1.00e-03  *
    epoch   17  train 0.73586 (tc 0.61222 hrr 0.41214)  valid 0.92190 (tc 0.77511 hrr 0.48931)  lr 1.00e-03  *
    epoch   18  train 0.72521 (tc 0.60315 hrr 0.40686)  valid 0.91851 (tc 0.77081 hrr 0.49233)  lr 1.00e-03  *
    epoch   19  train 0.71668 (tc 0.59513 hrr 0.40517)  valid 0.91172 (tc 0.76520 hrr 0.48840)  lr 1.00e-03  *
    epoch   20  train 0.71077 (tc 0.59179 hrr 0.39660)  valid 0.89237 (tc 0.74871 hrr 0.47887)  lr 1.00e-03  *
    epoch   21  train 0.70403 (tc 0.58565 hrr 0.39463)  valid 0.88365 (tc 0.73995 hrr 0.47900)  lr 1.00e-03  *
    epoch   23  train 0.68962 (tc 0.57289 hrr 0.38912)  valid 0.87904 (tc 0.73932 hrr 0.46576)  lr 1.00e-03  *
    epoch   25  train 0.69762 (tc 0.57997 hrr 0.39217)  valid 0.87204 (tc 0.73114 hrr 0.46967)  lr 1.00e-03  *
    epoch   26  train 0.69087 (tc 0.57442 hrr 0.38818)  valid 0.87020 (tc 0.73048 hrr 0.46574)  lr 1.00e-03  *
    epoch   27  train 0.67745 (tc 0.56384 hrr 0.37870)  valid 0.86116 (tc 0.72439 hrr 0.45591)  lr 1.00e-03  *
    epoch   29  train 0.66870 (tc 0.55795 hrr 0.36918)  valid 0.85837 (tc 0.72233 hrr 0.45347)  lr 1.00e-03  *
    epoch   30  train 0.65759 (tc 0.54768 hrr 0.36637)  valid 0.84603 (tc 0.71053 hrr 0.45165)  lr 1.00e-03  *
    epoch   34  train 0.66014 (tc 0.54935 hrr 0.36931)  valid 0.84369 (tc 0.70781 hrr 0.45293)  lr 1.00e-03  *
    epoch   40  train 0.62617 (tc 0.52126 hrr 0.34968)  valid 0.84502 (tc 0.71189 hrr 0.44376)  lr 1.00e-03
    epoch   41  train 0.62388 (tc 0.51940 hrr 0.34827)  valid 0.82795 (tc 0.69719 hrr 0.43587)  lr 1.00e-03  *
    epoch   50  train 0.61192 (tc 0.50887 hrr 0.34349)  valid 0.81897 (tc 0.69025 hrr 0.42906)  lr 1.00e-03  *
    epoch   51  train 0.60958 (tc 0.50709 hrr 0.34165)  valid 0.81114 (tc 0.68355 hrr 0.42530)  lr 1.00e-03  *
    epoch   53  train 0.60375 (tc 0.50257 hrr 0.33726)  valid 0.80940 (tc 0.68236 hrr 0.42344)  lr 1.00e-03  *
    epoch   54  train 0.59814 (tc 0.49797 hrr 0.33389)  valid 0.79758 (tc 0.67041 hrr 0.42390)  lr 1.00e-03  *
    epoch   56  train 0.59091 (tc 0.49130 hrr 0.33205)  valid 0.79711 (tc 0.67166 hrr 0.41818)  lr 1.00e-03  *
    epoch   57  train 0.58688 (tc 0.48767 hrr 0.33071)  valid 0.79193 (tc 0.66687 hrr 0.41684)  lr 1.00e-03  *
    epoch   59  train 0.59019 (tc 0.48997 hrr 0.33407)  valid 0.78827 (tc 0.66265 hrr 0.41875)  lr 1.00e-03  *
    epoch   60  train 0.58478 (tc 0.48595 hrr 0.32944)  valid 0.78984 (tc 0.66440 hrr 0.41811)  lr 1.00e-03
    epoch   67  train 0.57757 (tc 0.47941 hrr 0.32721)  valid 0.77357 (tc 0.64849 hrr 0.41692)  lr 1.00e-03  *
    epoch   70  train 0.57175 (tc 0.47507 hrr 0.32227)  valid 0.78868 (tc 0.66471 hrr 0.41322)  lr 1.00e-03
    epoch   73  train 0.56852 (tc 0.47263 hrr 0.31963)  valid 0.77093 (tc 0.64733 hrr 0.41202)  lr 1.00e-03  *
    epoch   74  train 0.56134 (tc 0.46564 hrr 0.31897)  valid 0.76659 (tc 0.64362 hrr 0.40987)  lr 1.00e-03  *
    epoch   77  train 0.55457 (tc 0.46048 hrr 0.31364)  valid 0.76069 (tc 0.64069 hrr 0.40001)  lr 1.00e-03  *
    epoch   78  train 0.55214 (tc 0.45866 hrr 0.31160)  valid 0.75338 (tc 0.63227 hrr 0.40370)  lr 1.00e-03  *
    epoch   80  train 0.54695 (tc 0.45425 hrr 0.30898)  valid 0.74839 (tc 0.62961 hrr 0.39593)  lr 1.00e-03  *
    epoch   90  train 0.54452 (tc 0.45363 hrr 0.30297)  valid 0.76913 (tc 0.65085 hrr 0.39425)  lr 1.00e-03
    epoch   92  train 0.54621 (tc 0.45428 hrr 0.30643)  valid 0.74716 (tc 0.62896 hrr 0.39403)  lr 1.00e-03  *
    epoch   96  train 0.54899 (tc 0.45686 hrr 0.30712)  valid 0.74679 (tc 0.62917 hrr 0.39207)  lr 1.00e-03  *
    epoch  100  train 0.55762 (tc 0.46515 hrr 0.30822)  valid 0.74652 (tc 0.62554 hrr 0.40326)  lr 1.00e-03  *
    epoch  101  train 0.54300 (tc 0.45130 hrr 0.30567)  valid 0.74401 (tc 0.62618 hrr 0.39277)  lr 1.00e-03  *
    epoch  102  train 0.53674 (tc 0.44640 hrr 0.30113)  valid 0.73089 (tc 0.61511 hrr 0.38593)  lr 1.00e-03  *
    epoch  106  train 0.52023 (tc 0.43240 hrr 0.29278)  valid 0.73018 (tc 0.61422 hrr 0.38655)  lr 1.00e-03  *
    epoch  108  train 0.52056 (tc 0.43298 hrr 0.29193)  valid 0.72664 (tc 0.61047 hrr 0.38722)  lr 1.00e-03  *
    epoch  110  train 0.51840 (tc 0.43133 hrr 0.29022)  valid 0.74150 (tc 0.62210 hrr 0.39799)  lr 1.00e-03
    epoch  111  train 0.52114 (tc 0.43365 hrr 0.29161)  valid 0.72593 (tc 0.61100 hrr 0.38309)  lr 1.00e-03  *
    epoch  116  train 0.51704 (tc 0.42921 hrr 0.29278)  valid 0.72292 (tc 0.60567 hrr 0.39083)  lr 1.00e-03  *
    epoch  117  train 0.51536 (tc 0.42769 hrr 0.29226)  valid 0.72001 (tc 0.60178 hrr 0.39410)  lr 1.00e-03  *
    epoch  118  train 0.51101 (tc 0.42467 hrr 0.28779)  valid 0.71357 (tc 0.59975 hrr 0.37940)  lr 1.00e-03  *
    epoch  120  train 0.50792 (tc 0.42251 hrr 0.28472)  valid 0.71101 (tc 0.59696 hrr 0.38017)  lr 1.00e-03  *
    epoch  123  train 0.50650 (tc 0.42138 hrr 0.28374)  valid 0.70762 (tc 0.59505 hrr 0.37524)  lr 1.00e-03  *
    epoch  124  train 0.50563 (tc 0.42064 hrr 0.28329)  valid 0.70456 (tc 0.59305 hrr 0.37169)  lr 1.00e-03  *
    epoch  127  train 0.50048 (tc 0.41660 hrr 0.27960)  valid 0.70277 (tc 0.59116 hrr 0.37203)  lr 1.00e-03  *
    epoch  130  train 0.50274 (tc 0.41896 hrr 0.27927)  valid 0.70609 (tc 0.59615 hrr 0.36648)  lr 1.00e-03
    epoch  137  train 0.50195 (tc 0.41888 hrr 0.27691)  valid 0.70056 (tc 0.59225 hrr 0.36104)  lr 1.00e-03  *
    epoch  140  train 0.49746 (tc 0.41468 hrr 0.27596)  valid 0.69451 (tc 0.58467 hrr 0.36614)  lr 1.00e-03  *
    epoch  150  train 0.48993 (tc 0.40851 hrr 0.27141)  valid 0.69311 (tc 0.58560 hrr 0.35838)  lr 1.00e-03  *
    epoch  160  train 0.48644 (tc 0.40624 hrr 0.26734)  valid 0.71070 (tc 0.59717 hrr 0.37844)  lr 1.00e-03
    epoch  170  train 0.48135 (tc 0.40311 hrr 0.26079)  valid 0.71366 (tc 0.59694 hrr 0.38908)  lr 5.00e-04
    epoch  180  train 0.47568 (tc 0.39842 hrr 0.25751)  valid 0.70149 (tc 0.58939 hrr 0.37365)  lr 5.00e-04
    epoch  190  train 0.47093 (tc 0.39454 hrr 0.25464)  valid 0.70074 (tc 0.59014 hrr 0.36867)  lr 2.50e-04
    epoch  198  train 0.46945 (tc 0.39347 hrr 0.25326)  valid 0.69214 (tc 0.58273 hrr 0.36469)  lr 2.50e-04  *
    epoch  200  train 0.46925 (tc 0.39329 hrr 0.25320)  valid 0.69163 (tc 0.58210 hrr 0.36511)  lr 2.50e-04  *
    epoch  210  train 0.46729 (tc 0.39180 hrr 0.25163)  valid 0.69769 (tc 0.58792 hrr 0.36591)  lr 2.50e-04
    epoch  217  train 0.46609 (tc 0.39081 hrr 0.25095)  valid 0.69146 (tc 0.58239 hrr 0.36355)  lr 1.25e-04  *
    epoch  220  train 0.46526 (tc 0.39015 hrr 0.25037)  valid 0.69237 (tc 0.58338 hrr 0.36328)  lr 1.25e-04
    epoch  223  train 0.46478 (tc 0.38973 hrr 0.25017)  valid 0.69139 (tc 0.58231 hrr 0.36362)  lr 1.25e-04  *
    epoch  230  train 0.46414 (tc 0.38924 hrr 0.24966)  valid 0.69152 (tc 0.58262 hrr 0.36300)  lr 1.25e-04
    epoch  231  train 0.46400 (tc 0.38915 hrr 0.24949)  valid 0.69026 (tc 0.58162 hrr 0.36213)  lr 1.25e-04  *
    epoch  240  train 0.46409 (tc 0.38943 hrr 0.24888)  valid 0.69157 (tc 0.58238 hrr 0.36395)  lr 1.25e-04
    epoch  243  train 0.46329 (tc 0.38869 hrr 0.24867)  valid 0.68875 (tc 0.58000 hrr 0.36249)  lr 1.25e-04  *
    epoch  245  train 0.46300 (tc 0.38848 hrr 0.24841)  valid 0.68866 (tc 0.58022 hrr 0.36147)  lr 1.25e-04  *
    epoch  250  train 0.46404 (tc 0.38951 hrr 0.24843)  valid 0.69581 (tc 0.58595 hrr 0.36621)  lr 1.25e-04
    epoch  260  train 0.46218 (tc 0.38791 hrr 0.24756)  valid 0.68994 (tc 0.58140 hrr 0.36182)  lr 1.25e-04
    epoch  270  train 0.46158 (tc 0.38747 hrr 0.24704)  valid 0.68959 (tc 0.58139 hrr 0.36067)  lr 6.25e-05
    epoch  277  train 0.46142 (tc 0.38737 hrr 0.24683)  valid 0.68839 (tc 0.58001 hrr 0.36128)  lr 6.25e-05  *
    epoch  278  train 0.46121 (tc 0.38719 hrr 0.24673)  valid 0.68817 (tc 0.57976 hrr 0.36139)  lr 6.25e-05  *
    epoch  280  train 0.46115 (tc 0.38714 hrr 0.24670)  valid 0.68807 (tc 0.57966 hrr 0.36137)  lr 6.25e-05  *
    epoch  281  train 0.46129 (tc 0.38728 hrr 0.24669)  valid 0.68768 (tc 0.57933 hrr 0.36116)  lr 6.25e-05  *
    epoch  282  train 0.46102 (tc 0.38708 hrr 0.24649)  valid 0.68716 (tc 0.57901 hrr 0.36050)  lr 6.25e-05  *
    epoch  285  train 0.46079 (tc 0.38687 hrr 0.24639)  valid 0.68702 (tc 0.57908 hrr 0.35978)  lr 6.25e-05  *
    epoch  290  train 0.46067 (tc 0.38674 hrr 0.24642)  valid 0.68792 (tc 0.57979 hrr 0.36045)  lr 6.25e-05
    epoch  300  train 0.46027 (tc 0.38637 hrr 0.24636)  valid 0.69001 (tc 0.58081 hrr 0.36401)  lr 6.25e-05
    epoch  310  train 0.45983 (tc 0.38602 hrr 0.24602)  valid 0.68818 (tc 0.57973 hrr 0.36151)  lr 3.13e-05
    epoch  320  train 0.45963 (tc 0.38595 hrr 0.24561)  valid 0.68765 (tc 0.57930 hrr 0.36117)  lr 1.56e-05
    epoch  330  train 0.45961 (tc 0.38592 hrr 0.24565)  valid 0.68907 (tc 0.58047 hrr 0.36201)  lr 1.56e-05
    epoch  340  train 0.45963 (tc 0.38597 hrr 0.24553)  valid 0.68879 (tc 0.58036 hrr 0.36143)  lr 7.81e-06
    early stop at epoch 345 (best 0.68702 @ 285)
    saved models_part1_bal_s42_r3\part1_member1.pt  (1.8 min)

  === member 3/3 (seed 44) ===
    [sentinel] weights moved after epoch 0: |dW| = 3.2581e+00
    epoch    0  train 1.81723 (tc 1.42507 hrr 1.30718)  valid 1.41011 (tc 1.13531 hrr 0.91599)  lr 1.00e-03  *
    epoch    1  train 1.17732 (tc 0.99123 hrr 0.62028)  valid 1.25911 (tc 1.06868 hrr 0.63479)  lr 1.00e-03  *
    epoch    2  train 1.09323 (tc 0.93058 hrr 0.54220)  valid 1.20202 (tc 1.02297 hrr 0.59685)  lr 1.00e-03  *
    epoch    3  train 1.03852 (tc 0.88293 hrr 0.51863)  valid 1.18299 (tc 1.00502 hrr 0.59322)  lr 1.00e-03  *
    epoch    4  train 1.01442 (tc 0.86673 hrr 0.49228)  valid 1.16004 (tc 0.98518 hrr 0.58285)  lr 1.00e-03  *
    epoch    5  train 0.98829 (tc 0.84242 hrr 0.48626)  valid 1.15198 (tc 0.98197 hrr 0.56668)  lr 1.00e-03  *
    epoch    6  train 0.95975 (tc 0.81705 hrr 0.47565)  valid 1.12361 (tc 0.95468 hrr 0.56311)  lr 1.00e-03  *
    epoch    7  train 0.93193 (tc 0.79108 hrr 0.46948)  valid 1.09342 (tc 0.92433 hrr 0.56365)  lr 1.00e-03  *
    epoch    8  train 0.90881 (tc 0.76849 hrr 0.46775)  valid 1.06265 (tc 0.89525 hrr 0.55800)  lr 1.00e-03  *
    epoch    9  train 0.88532 (tc 0.74748 hrr 0.45946)  valid 1.05576 (tc 0.88792 hrr 0.55946)  lr 1.00e-03  *
    epoch   10  train 0.86927 (tc 0.73314 hrr 0.45377)  valid 1.03660 (tc 0.87236 hrr 0.54746)  lr 1.00e-03  *
    epoch   11  train 0.85246 (tc 0.71803 hrr 0.44808)  valid 1.03283 (tc 0.86645 hrr 0.55458)  lr 1.00e-03  *
    epoch   14  train 0.82989 (tc 0.69759 hrr 0.44100)  valid 1.03017 (tc 0.86236 hrr 0.55937)  lr 1.00e-03  *
    epoch   15  train 0.81660 (tc 0.68449 hrr 0.44038)  valid 1.01732 (tc 0.85473 hrr 0.54198)  lr 1.00e-03  *
    epoch   16  train 0.79971 (tc 0.67050 hrr 0.43069)  valid 0.99810 (tc 0.83616 hrr 0.53978)  lr 1.00e-03  *
    epoch   17  train 0.78726 (tc 0.65888 hrr 0.42792)  valid 0.99707 (tc 0.83499 hrr 0.54026)  lr 1.00e-03  *
    epoch   18  train 0.77943 (tc 0.65101 hrr 0.42806)  valid 0.97097 (tc 0.80974 hrr 0.53743)  lr 1.00e-03  *
    epoch   19  train 0.75961 (tc 0.63258 hrr 0.42345)  valid 0.94706 (tc 0.78704 hrr 0.53339)  lr 1.00e-03  *
    epoch   20  train 0.73386 (tc 0.60733 hrr 0.42175)  valid 0.93266 (tc 0.77325 hrr 0.53137)  lr 1.00e-03  *
    epoch   21  train 0.72065 (tc 0.59616 hrr 0.41496)  valid 0.91700 (tc 0.76100 hrr 0.52002)  lr 1.00e-03  *
    epoch   22  train 0.70798 (tc 0.58587 hrr 0.40703)  valid 0.90940 (tc 0.75331 hrr 0.52027)  lr 1.00e-03  *
    epoch   25  train 0.69267 (tc 0.57317 hrr 0.39835)  valid 0.90344 (tc 0.75093 hrr 0.50837)  lr 1.00e-03  *
    epoch   26  train 0.68707 (tc 0.56843 hrr 0.39547)  valid 0.89800 (tc 0.74553 hrr 0.50826)  lr 1.00e-03  *
    epoch   27  train 0.67952 (tc 0.56227 hrr 0.39083)  valid 0.89432 (tc 0.74437 hrr 0.49985)  lr 1.00e-03  *
    epoch   30  train 0.67856 (tc 0.56193 hrr 0.38878)  valid 0.89360 (tc 0.74464 hrr 0.49654)  lr 1.00e-03  *
    epoch   31  train 0.66470 (tc 0.54875 hrr 0.38649)  valid 0.87903 (tc 0.73068 hrr 0.49452)  lr 1.00e-03  *
    epoch   32  train 0.66274 (tc 0.54807 hrr 0.38223)  valid 0.87671 (tc 0.72849 hrr 0.49405)  lr 1.00e-03  *
    epoch   36  train 0.64814 (tc 0.53714 hrr 0.37000)  valid 0.87437 (tc 0.72683 hrr 0.49180)  lr 1.00e-03  *
    epoch   37  train 0.65757 (tc 0.54452 hrr 0.37682)  valid 0.87422 (tc 0.72478 hrr 0.49813)  lr 1.00e-03  *
    epoch   38  train 0.64472 (tc 0.53368 hrr 0.37012)  valid 0.86334 (tc 0.71878 hrr 0.48184)  lr 1.00e-03  *
    epoch   39  train 0.63379 (tc 0.52549 hrr 0.36101)  valid 0.86106 (tc 0.71741 hrr 0.47882)  lr 1.00e-03  *
    epoch   40  train 0.63136 (tc 0.52385 hrr 0.35837)  valid 0.85537 (tc 0.71409 hrr 0.47092)  lr 1.00e-03  *
    epoch   43  train 0.63373 (tc 0.52640 hrr 0.35777)  valid 0.85142 (tc 0.71353 hrr 0.45965)  lr 1.00e-03  *
    epoch   44  train 0.62161 (tc 0.51565 hrr 0.35322)  valid 0.83603 (tc 0.69590 hrr 0.46709)  lr 1.00e-03  *
    epoch   49  train 0.62068 (tc 0.51481 hrr 0.35290)  valid 0.83158 (tc 0.69689 hrr 0.44896)  lr 1.00e-03  *
    epoch   50  train 0.61174 (tc 0.50844 hrr 0.34433)  valid 0.83499 (tc 0.70062 hrr 0.44791)  lr 1.00e-03
    epoch   52  train 0.60183 (tc 0.50071 hrr 0.33707)  valid 0.82727 (tc 0.69359 hrr 0.44562)  lr 1.00e-03  *
    epoch   53  train 0.59644 (tc 0.49567 hrr 0.33591)  valid 0.81938 (tc 0.68792 hrr 0.43820)  lr 1.00e-03  *
    epoch   55  train 0.59084 (tc 0.49137 hrr 0.33157)  valid 0.81420 (tc 0.68433 hrr 0.43290)  lr 1.00e-03  *
    epoch   56  train 0.58477 (tc 0.48643 hrr 0.32783)  valid 0.80833 (tc 0.67835 hrr 0.43326)  lr 1.00e-03  *
    epoch   57  train 0.58421 (tc 0.48555 hrr 0.32887)  valid 0.80709 (tc 0.67711 hrr 0.43327)  lr 1.00e-03  *
    epoch   58  train 0.58046 (tc 0.48269 hrr 0.32591)  valid 0.80693 (tc 0.67688 hrr 0.43351)  lr 1.00e-03  *
    epoch   59  train 0.58167 (tc 0.48440 hrr 0.32424)  valid 0.80261 (tc 0.67247 hrr 0.43383)  lr 1.00e-03  *
    epoch   60  train 0.58325 (tc 0.48526 hrr 0.32666)  valid 0.81446 (tc 0.68176 hrr 0.44232)  lr 1.00e-03
    epoch   64  train 0.57338 (tc 0.47785 hrr 0.31841)  valid 0.80072 (tc 0.67159 hrr 0.43044)  lr 1.00e-03  *
    epoch   65  train 0.56838 (tc 0.47356 hrr 0.31609)  valid 0.78532 (tc 0.65730 hrr 0.42674)  lr 1.00e-03  *
    epoch   67  train 0.56278 (tc 0.46891 hrr 0.31288)  valid 0.78233 (tc 0.65554 hrr 0.42264)  lr 1.00e-03  *
    epoch   70  train 0.56107 (tc 0.46726 hrr 0.31268)  valid 0.81692 (tc 0.68839 hrr 0.42843)  lr 1.00e-03
    epoch   78  train 0.55492 (tc 0.46371 hrr 0.30402)  valid 0.77744 (tc 0.65366 hrr 0.41261)  lr 1.00e-03  *
    epoch   79  train 0.55153 (tc 0.46090 hrr 0.30213)  valid 0.77392 (tc 0.65136 hrr 0.40854)  lr 1.00e-03  *
    epoch   80  train 0.55184 (tc 0.46139 hrr 0.30149)  valid 0.77161 (tc 0.64970 hrr 0.40635)  lr 1.00e-03  *
    epoch   83  train 0.54818 (tc 0.45874 hrr 0.29815)  valid 0.76833 (tc 0.64811 hrr 0.40071)  lr 1.00e-03  *
    epoch   84  train 0.54015 (tc 0.45175 hrr 0.29466)  valid 0.75277 (tc 0.63573 hrr 0.39013)  lr 1.00e-03  *
    epoch   86  train 0.53369 (tc 0.44639 hrr 0.29098)  valid 0.74860 (tc 0.63024 hrr 0.39454)  lr 1.00e-03  *
    epoch   87  train 0.53322 (tc 0.44533 hrr 0.29296)  valid 0.74554 (tc 0.62921 hrr 0.38777)  lr 1.00e-03  *
    epoch   90  train 0.53957 (tc 0.45095 hrr 0.29541)  valid 0.76294 (tc 0.64407 hrr 0.39622)  lr 1.00e-03
    epoch   98  train 0.54400 (tc 0.45607 hrr 0.29308)  valid 0.73677 (tc 0.62094 hrr 0.38610)  lr 1.00e-03  *
    epoch  100  train 0.52648 (tc 0.44119 hrr 0.28431)  valid 0.73237 (tc 0.61758 hrr 0.38261)  lr 1.00e-03  *
    epoch  108  train 0.50856 (tc 0.42663 hrr 0.27311)  valid 0.72591 (tc 0.61243 hrr 0.37826)  lr 1.00e-03  *
    epoch  110  train 0.50176 (tc 0.42102 hrr 0.26911)  valid 0.72899 (tc 0.61807 hrr 0.36973)  lr 1.00e-03
    epoch  112  train 0.49709 (tc 0.41729 hrr 0.26599)  valid 0.72434 (tc 0.61175 hrr 0.37529)  lr 1.00e-03  *
    epoch  113  train 0.49694 (tc 0.41721 hrr 0.26576)  valid 0.72337 (tc 0.61044 hrr 0.37643)  lr 1.00e-03  *
    epoch  115  train 0.49538 (tc 0.41619 hrr 0.26396)  valid 0.72182 (tc 0.61032 hrr 0.37165)  lr 1.00e-03  *
    epoch  117  train 0.49443 (tc 0.41562 hrr 0.26271)  valid 0.71792 (tc 0.60613 hrr 0.37262)  lr 1.00e-03  *
    epoch  119  train 0.50375 (tc 0.42372 hrr 0.26676)  valid 0.71762 (tc 0.60817 hrr 0.36483)  lr 1.00e-03  *
    epoch  120  train 0.49812 (tc 0.41852 hrr 0.26533)  valid 0.71849 (tc 0.61056 hrr 0.35978)  lr 1.00e-03
    epoch  125  train 0.48791 (tc 0.41033 hrr 0.25857)  valid 0.71649 (tc 0.60550 hrr 0.36995)  lr 1.00e-03  *
    epoch  128  train 0.48537 (tc 0.40884 hrr 0.25509)  valid 0.71420 (tc 0.60238 hrr 0.37274)  lr 1.00e-03  *
    epoch  130  train 0.48702 (tc 0.41044 hrr 0.25526)  valid 0.71121 (tc 0.60374 hrr 0.35825)  lr 1.00e-03  *
    epoch  134  train 0.48284 (tc 0.40762 hrr 0.25072)  valid 0.70219 (tc 0.59443 hrr 0.35921)  lr 1.00e-03  *
    epoch  138  train 0.47739 (tc 0.40341 hrr 0.24659)  valid 0.69860 (tc 0.59234 hrr 0.35417)  lr 1.00e-03  *
    epoch  140  train 0.47503 (tc 0.40153 hrr 0.24501)  valid 0.70627 (tc 0.59898 hrr 0.35761)  lr 1.00e-03
    epoch  142  train 0.47111 (tc 0.39796 hrr 0.24382)  valid 0.69398 (tc 0.58964 hrr 0.34778)  lr 1.00e-03  *
    epoch  146  train 0.47253 (tc 0.39925 hrr 0.24425)  valid 0.68809 (tc 0.58264 hrr 0.35150)  lr 1.00e-03  *
    epoch  150  train 0.48366 (tc 0.40734 hrr 0.25440)  valid 0.70022 (tc 0.59111 hrr 0.36369)  lr 1.00e-03
    epoch  158  train 0.46813 (tc 0.39598 hrr 0.24051)  valid 0.68465 (tc 0.58104 hrr 0.34537)  lr 1.00e-03  *
    epoch  160  train 0.45893 (tc 0.38817 hrr 0.23588)  valid 0.68876 (tc 0.58003 hrr 0.36244)  lr 1.00e-03
    epoch  164  train 0.45574 (tc 0.38572 hrr 0.23342)  valid 0.68204 (tc 0.57548 hrr 0.35523)  lr 1.00e-03  *
    epoch  166  train 0.45359 (tc 0.38386 hrr 0.23245)  valid 0.67036 (tc 0.56743 hrr 0.34311)  lr 1.00e-03  *
    epoch  170  train 0.45165 (tc 0.38268 hrr 0.22989)  valid 0.67261 (tc 0.57194 hrr 0.33556)  lr 1.00e-03
    epoch  179  train 0.44804 (tc 0.37993 hrr 0.22705)  valid 0.66808 (tc 0.56207 hrr 0.35337)  lr 1.00e-03  *
    epoch  180  train 0.44718 (tc 0.37909 hrr 0.22694)  valid 0.66692 (tc 0.56260 hrr 0.34775)  lr 1.00e-03  *
    epoch  181  train 0.44575 (tc 0.37794 hrr 0.22603)  valid 0.66296 (tc 0.56142 hrr 0.33847)  lr 1.00e-03  *
    epoch  190  train 0.44390 (tc 0.37629 hrr 0.22534)  valid 0.66657 (tc 0.56052 hrr 0.35350)  lr 1.00e-03
    epoch  192  train 0.44046 (tc 0.37344 hrr 0.22341)  valid 0.66140 (tc 0.55760 hrr 0.34599)  lr 1.00e-03  *
    epoch  194  train 0.43799 (tc 0.37169 hrr 0.22101)  valid 0.65516 (tc 0.55308 hrr 0.34025)  lr 1.00e-03  *
    epoch  195  train 0.43698 (tc 0.37063 hrr 0.22117)  valid 0.65141 (tc 0.55004 hrr 0.33790)  lr 1.00e-03  *
    epoch  200  train 0.43451 (tc 0.36887 hrr 0.21877)  valid 0.65907 (tc 0.55685 hrr 0.34070)  lr 1.00e-03
    epoch  206  train 0.43340 (tc 0.36798 hrr 0.21806)  valid 0.65005 (tc 0.55130 hrr 0.32919)  lr 1.00e-03  *
    epoch  207  train 0.43882 (tc 0.37306 hrr 0.21919)  valid 0.64823 (tc 0.54997 hrr 0.32752)  lr 1.00e-03  *
    epoch  208  train 0.43733 (tc 0.37136 hrr 0.21993)  valid 0.64014 (tc 0.54003 hrr 0.33368)  lr 1.00e-03  *
    epoch  210  train 0.43371 (tc 0.36790 hrr 0.21938)  valid 0.65570 (tc 0.55438 hrr 0.33773)  lr 1.00e-03
    epoch  216  train 0.43245 (tc 0.36631 hrr 0.22046)  valid 0.63860 (tc 0.54612 hrr 0.30825)  lr 1.00e-03  *
    epoch  220  train 0.42776 (tc 0.36284 hrr 0.21638)  valid 0.64123 (tc 0.54782 hrr 0.31136)  lr 1.00e-03
    epoch  230  train 0.42080 (tc 0.35567 hrr 0.21708)  valid 0.64290 (tc 0.54669 hrr 0.32068)  lr 1.00e-03
    epoch  231  train 0.41896 (tc 0.35457 hrr 0.21466)  valid 0.63516 (tc 0.53596 hrr 0.33066)  lr 1.00e-03  *
    epoch  233  train 0.41227 (tc 0.34745 hrr 0.21607)  valid 0.60976 (tc 0.50759 hrr 0.34056)  lr 1.00e-03  *
    epoch  234  train 0.38768 (tc 0.32272 hrr 0.21656)  valid 0.59622 (tc 0.49502 hrr 0.33734)  lr 1.00e-03  *
    epoch  235  train 0.37129 (tc 0.30727 hrr 0.21341)  valid 0.57744 (tc 0.47782 hrr 0.33206)  lr 1.00e-03  *
    epoch  236  train 0.36055 (tc 0.29614 hrr 0.21471)  valid 0.56943 (tc 0.47173 hrr 0.32564)  lr 1.00e-03  *
    epoch  237  train 0.35297 (tc 0.28856 hrr 0.21472)  valid 0.56790 (tc 0.46495 hrr 0.34314)  lr 1.00e-03  *
    epoch  238  train 0.35314 (tc 0.28720 hrr 0.21982)  valid 0.56674 (tc 0.46533 hrr 0.33801)  lr 1.00e-03  *
    epoch  240  train 0.34937 (tc 0.28208 hrr 0.22429)  valid 0.54941 (tc 0.45233 hrr 0.32361)  lr 1.00e-03  *
    epoch  243  train 0.34603 (tc 0.28167 hrr 0.21452)  valid 0.54266 (tc 0.44926 hrr 0.31136)  lr 1.00e-03  *
    epoch  244  train 0.34155 (tc 0.27776 hrr 0.21263)  valid 0.53514 (tc 0.44266 hrr 0.30827)  lr 1.00e-03  *
    epoch  246  train 0.33588 (tc 0.27281 hrr 0.21024)  valid 0.53489 (tc 0.44208 hrr 0.30936)  lr 1.00e-03  *
    epoch  247  train 0.33510 (tc 0.27205 hrr 0.21016)  valid 0.53321 (tc 0.43790 hrr 0.31770)  lr 1.00e-03  *
    epoch  249  train 0.33353 (tc 0.27090 hrr 0.20877)  valid 0.53122 (tc 0.43499 hrr 0.32078)  lr 1.00e-03  *
    epoch  250  train 0.33270 (tc 0.27025 hrr 0.20817)  valid 0.52444 (tc 0.42983 hrr 0.31537)  lr 1.00e-03  *
    epoch  260  train 0.33595 (tc 0.27264 hrr 0.21105)  valid 0.52441 (tc 0.42801 hrr 0.32135)  lr 1.00e-03  *
    epoch  265  train 0.32803 (tc 0.26594 hrr 0.20697)  valid 0.52185 (tc 0.42434 hrr 0.32502)  lr 1.00e-03  *
    epoch  266  train 0.32784 (tc 0.26582 hrr 0.20673)  valid 0.52124 (tc 0.42433 hrr 0.32303)  lr 1.00e-03  *
    epoch  270  train 0.32579 (tc 0.26443 hrr 0.20452)  valid 0.52882 (tc 0.43314 hrr 0.31892)  lr 1.00e-03
    epoch  274  train 0.32459 (tc 0.26347 hrr 0.20375)  valid 0.52055 (tc 0.42785 hrr 0.30899)  lr 1.00e-03  *
    epoch  278  train 0.32136 (tc 0.26058 hrr 0.20263)  valid 0.51967 (tc 0.42517 hrr 0.31502)  lr 1.00e-03  *
    epoch  280  train 0.31914 (tc 0.25879 hrr 0.20115)  valid 0.52177 (tc 0.42612 hrr 0.31881)  lr 1.00e-03
    epoch  282  train 0.31828 (tc 0.25816 hrr 0.20039)  valid 0.51677 (tc 0.42175 hrr 0.31674)  lr 1.00e-03  *
    epoch  288  train 0.31689 (tc 0.25696 hrr 0.19978)  valid 0.51536 (tc 0.41815 hrr 0.32401)  lr 1.00e-03  *
    epoch  290  train 0.31727 (tc 0.25725 hrr 0.20008)  valid 0.52141 (tc 0.42174 hrr 0.33223)  lr 1.00e-03
    epoch  295  train 0.33981 (tc 0.27433 hrr 0.21825)  valid 0.50935 (tc 0.41762 hrr 0.30575)  lr 1.00e-03  *
    epoch  300  train 0.33453 (tc 0.27168 hrr 0.20951)  valid 0.53929 (tc 0.43780 hrr 0.33829)  lr 1.00e-03
    epoch  304  train 0.33834 (tc 0.27104 hrr 0.22436)  valid 0.50085 (tc 0.41594 hrr 0.28303)  lr 1.00e-03  *
    epoch  310  train 0.31560 (tc 0.25587 hrr 0.19909)  valid 0.51979 (tc 0.42124 hrr 0.32852)  lr 1.00e-03
    epoch  314  train 0.31677 (tc 0.25716 hrr 0.19872)  valid 0.50070 (tc 0.41161 hrr 0.29697)  lr 1.00e-03  *
    epoch  320  train 0.31072 (tc 0.25205 hrr 0.19559)  valid 0.49952 (tc 0.41428 hrr 0.28416)  lr 1.00e-03  *
    epoch  321  train 0.30956 (tc 0.25109 hrr 0.19489)  valid 0.49875 (tc 0.41199 hrr 0.28923)  lr 1.00e-03  *
    epoch  330  train 0.31376 (tc 0.25430 hrr 0.19819)  valid 0.51893 (tc 0.42498 hrr 0.31316)  lr 1.00e-03
    epoch  337  train 0.31051 (tc 0.25134 hrr 0.19723)  valid 0.49391 (tc 0.40673 hrr 0.29058)  lr 1.00e-03  *
    epoch  340  train 0.30973 (tc 0.25076 hrr 0.19659)  valid 0.51621 (tc 0.41698 hrr 0.33076)  lr 1.00e-03
    epoch  344  train 0.31336 (tc 0.25410 hrr 0.19751)  valid 0.49350 (tc 0.40652 hrr 0.28992)  lr 1.00e-03  *
    epoch  350  train 0.32736 (tc 0.26438 hrr 0.20992)  valid 0.52144 (tc 0.42106 hrr 0.33460)  lr 1.00e-03
    epoch  360  train 0.31319 (tc 0.25358 hrr 0.19869)  valid 0.50171 (tc 0.41597 hrr 0.28579)  lr 5.00e-04
    epoch  370  train 0.30283 (tc 0.24499 hrr 0.19280)  valid 0.50539 (tc 0.40899 hrr 0.32136)  lr 5.00e-04
    epoch  380  train 0.29939 (tc 0.24228 hrr 0.19039)  valid 0.49606 (tc 0.40693 hrr 0.29710)  lr 2.50e-04
    epoch  381  train 0.29960 (tc 0.24251 hrr 0.19031)  valid 0.49231 (tc 0.40489 hrr 0.29140)  lr 2.50e-04  *
    epoch  382  train 0.30007 (tc 0.24300 hrr 0.19022)  valid 0.49085 (tc 0.40504 hrr 0.28601)  lr 2.50e-04  *
    epoch  385  train 0.30001 (tc 0.24293 hrr 0.19025)  valid 0.49041 (tc 0.40474 hrr 0.28556)  lr 2.50e-04  *
    epoch  389  train 0.29899 (tc 0.24202 hrr 0.18992)  valid 0.48820 (tc 0.40296 hrr 0.28414)  lr 2.50e-04  *
    epoch  390  train 0.29903 (tc 0.24196 hrr 0.19024)  valid 0.48904 (tc 0.40396 hrr 0.28362)  lr 2.50e-04
    epoch  400  train 0.29745 (tc 0.24065 hrr 0.18936)  valid 0.50014 (tc 0.40457 hrr 0.31854)  lr 2.50e-04
    epoch  410  train 0.29633 (tc 0.23967 hrr 0.18884)  valid 0.49836 (tc 0.40421 hrr 0.31381)  lr 1.25e-04
    epoch  420  train 0.29500 (tc 0.23846 hrr 0.18847)  valid 0.49804 (tc 0.40356 hrr 0.31495)  lr 1.25e-04
    epoch  430  train 0.29458 (tc 0.23817 hrr 0.18804)  valid 0.49418 (tc 0.40162 hrr 0.30855)  lr 6.25e-05
    epoch  440  train 0.29412 (tc 0.23782 hrr 0.18768)  valid 0.49369 (tc 0.40154 hrr 0.30718)  lr 3.13e-05
    early stop at epoch 449 (best 0.48820 @ 389)
    saved models_part1_bal_s42_r3\part1_member2.pt  (2.3 min)

  done. 3 member(s) in models_part1_bal_s42_r3
  next: python evaluate_part1.py --model-dir models_part1_bal_s42_r3
