======================================================================
  BS8414 MLP-Attention-LSTM Surrogate - Training (KAN ablation control)
======================================================================
Device: cuda
  Scanning for simulations...
  [training_data/] 60 folders, 60 with DEVC CSV
  Total: 60 discovered, 60 with output data

  Summary:
    Complete:   60 simulations
    Partial:    0 simulations (padded + masked)
    Total:      60 usable
    No output:  0
    Too short:  0 (< 30 timesteps)
    Bad params: 0
    Input:  (60, 16)
    Output: (60, 181, 24)

Data splits (deterministic, hash-based):
  Train: 40 samples
    - Test_1_PE_PIR HRR1333 M008  [DCLG_Test_1_PE_PIR_HRR1333_M008_0_1]
    - Test_1_PE_PIR HRR1667 M008  [DCLG_Test_1_PE_PIR_HRR1667_M008_0_1]
    - Test_1_PE_PIR HRR1667 M009  [DCLG_Test_1_PE_PIR_HRR1667_M009_0_1]
    - Test_1_PE_PIR HRR1667 M010  [DCLG_Test_1_PE_PIR_HRR1667_M010_0_1]
    - Test_1_PE_PIR HRR2000 M008  [DCLG_Test_1_PE_PIR_HRR2000_M008_0_1]
    - Test_1_PE_PIR HRR2000 M009  [DCLG_Test_1_PE_PIR_HRR2000_M009_0_1]
    - Test_1_PE_PIR HRR2000 M010  [DCLG_Test_1_PE_PIR_HRR2000_M010_0_1]
    - Test_1_PE_PIR HRR2100 M008  [DCLG_Test_1_PE_PIR_HRR2100_M008_0_1]
    - Test_1_PE_PIR HRR2100 M009  [DCLG_Test_1_PE_PIR_HRR2100_M009_0_1]
    - Test_1_PE_PIR HRR2333 M008  [DCLG_Test_1_new_version02_0_08]
    - Test_1_PE_PIR HRR2333 M010  [DCLG_Test_1_new_version02_0_1]
    - Test_3_FRPE_PIR HRR2333 M008  [DCLG_Test_3_FRPE_PIR_0_08]
    - Test_3_FRPE_PIR HRR2333 M009  [DCLG_Test_3_FRPE_PIR_0_09]
    - Test_3_FRPE_PIR HRR2333 M010  [DCLG_Test_3_FRPE_PIR_0_1]
    - Test_3_FRPE_PIR HRR1333 M009  [DCLG_Test_3_FRPE_PIR_HRR1333_M009_0_1]
    - Test_3_FRPE_PIR HRR2000 M010  [DCLG_Test_3_FRPE_PIR_HRR2000_M010_0_1]
    - Test_3_FRPE_PIR HRR2100 M008  [DCLG_Test_3_FRPE_PIR_HRR2100_M008_0_1]
    - Test_3_FRPE_PIR HRR2100 M009  [DCLG_Test_3_FRPE_PIR_HRR2100_M009_0_1]
    - Test_5_LCM_PIR HRR2333 M009  [DCLG_Test_5_LCM_PIR_0_09]
    - Test_5_LCM_PIR HRR1333 M008  [DCLG_Test_5_LCM_PIR_HRR1333_M008_0_1]
    - Test_5_LCM_PIR HRR1333 M009  [DCLG_Test_5_LCM_PIR_HRR1333_M009_0_1]
    - Test_5_LCM_PIR HRR1333 M010  [DCLG_Test_5_LCM_PIR_HRR1333_M010_0_1]
    - Test_5_LCM_PIR HRR1667 M008  [DCLG_Test_5_LCM_PIR_HRR1667_M008_0_1]
    - Test_5_LCM_PIR HRR1667 M010  [DCLG_Test_5_LCM_PIR_HRR1667_M010_0_1]
    - Test_5_LCM_PIR HRR2100 M008  [DCLG_Test_5_LCM_PIR_HRR2100_M008_0_1]
    - Test_5_LCM_PIR HRR2100 M009  [DCLG_Test_5_LCM_PIR_HRR2100_M009_0_1]
    - Test_5_LCM_PIR HRR2100 M010  [DCLG_Test_5_LCM_PIR_HRR2100_M010_0_1]
    - Test_7_FRPE_Phenolic HRR2333 M008  [DCLG_Test_7_FRPE_Phenolic_0_08]
    - Test_7_FRPE_Phenolic HRR2333 M009  [DCLG_Test_7_FRPE_Phenolic_0_09]
    - Test_7_FRPE_Phenolic HRR2333 M010  [DCLG_Test_7_FRPE_Phenolic_0_1]
    - Test_7_FRPE_Phenolic HRR1333 M008  [DCLG_Test_7_FRPE_Phenolic_HRR1333_M008_0_1]
    - Test_7_FRPE_Phenolic HRR1333 M009  [DCLG_Test_7_FRPE_Phenolic_HRR1333_M009_0_1]
    - Test_7_FRPE_Phenolic HRR1333 M010  [DCLG_Test_7_FRPE_Phenolic_HRR1333_M010_0_1]
    - Test_7_FRPE_Phenolic HRR1667 M008  [DCLG_Test_7_FRPE_Phenolic_HRR1667_M008_0_1]
    - Test_7_FRPE_Phenolic HRR1667 M009  [DCLG_Test_7_FRPE_Phenolic_HRR1667_M009_0_1]
    - Test_7_FRPE_Phenolic HRR1667 M010  [DCLG_Test_7_FRPE_Phenolic_HRR1667_M010_0_1]
    - Test_7_FRPE_Phenolic HRR2000 M008  [DCLG_Test_7_FRPE_Phenolic_HRR2000_M008_0_1]
    - Test_7_FRPE_Phenolic HRR2000 M009  [DCLG_Test_7_FRPE_Phenolic_HRR2000_M009_0_1]
    - Test_7_FRPE_Phenolic HRR2100 M008  [DCLG_Test_7_FRPE_Phenolic_HRR2100_M008_0_1]
    - Test_7_FRPE_Phenolic HRR2100 M010  [DCLG_Test_7_FRPE_Phenolic_HRR2100_M010_0_1]
  Valid: 12 samples
    - Test_1_PE_PIR HRR1333 M010  [DCLG_Test_1_PE_PIR_HRR1333_M010_0_1]
    - Test_1_PE_PIR HRR2333 M009  [DCLG_Test_1_new_version02_0_09]
    - Test_3_FRPE_PIR HRR1333 M010  [DCLG_Test_3_FRPE_PIR_HRR1333_M010_0_1]
    - Test_3_FRPE_PIR HRR1667 M008  [DCLG_Test_3_FRPE_PIR_HRR1667_M008_0_1]
    - Test_3_FRPE_PIR HRR1667 M009  [DCLG_Test_3_FRPE_PIR_HRR1667_M009_0_1]
    - Test_3_FRPE_PIR HRR2000 M008  [DCLG_Test_3_FRPE_PIR_HRR2000_M008_0_1]
    - Test_5_LCM_PIR HRR2333 M008  [DCLG_Test_5_LCM_PIR_08]
    - Test_5_LCM_PIR HRR1667 M009  [DCLG_Test_5_LCM_PIR_HRR1667_M009_0_1]
    - Test_5_LCM_PIR HRR2000 M008  [DCLG_Test_5_LCM_PIR_HRR2000_M008_0_1]
    - Test_5_LCM_PIR HRR2000 M010  [DCLG_Test_5_LCM_PIR_HRR2000_M010_0_1]
    - Test_7_FRPE_Phenolic HRR2000 M010  [DCLG_Test_7_FRPE_Phenolic_HRR2000_M010_0_1]
    - Test_7_FRPE_Phenolic HRR2100 M009  [DCLG_Test_7_FRPE_Phenolic_HRR2100_M009_0_1]
  Test:  8 samples
    - Test_1_PE_PIR HRR1333 M009  [DCLG_Test_1_PE_PIR_HRR1333_M009_0_1]
    - Test_1_PE_PIR HRR2100 M010  [DCLG_Test_1_PE_PIR_HRR2100_M010_0_1]
    - Test_3_FRPE_PIR HRR1333 M008  [DCLG_Test_3_FRPE_PIR_HRR1333_M008_0_1]
    - Test_3_FRPE_PIR HRR1667 M010  [DCLG_Test_3_FRPE_PIR_HRR1667_M010_0_1]
    - Test_3_FRPE_PIR HRR2000 M009  [DCLG_Test_3_FRPE_PIR_HRR2000_M009_0_1]
    - Test_3_FRPE_PIR HRR2100 M010  [DCLG_Test_3_FRPE_PIR_HRR2100_M010_0_1]
    - Test_5_LCM_PIR HRR2333 M010  [DCLG_Test_5_LCM_PIR_0_1]
    - Test_5_LCM_PIR HRR2000 M009  [DCLG_Test_5_LCM_PIR_HRR2000_M009_0_1]

  Input vector: 39 features (60 sims: 40/12/8)
  Robust data loss: tail-downweight TAU=1.8 (scaled); ambient clamp on
  MLP blocks param-matched to KAN: True
  Train: 40 real -> 160 augmented

--- Training 12 candidate members ---
  Params: 853,099
  [M 1] valid loss=3.4086  valid R2=0.7702  (336s elapsed)
  [M 2] valid loss=3.1025  valid R2=0.7630  (631s elapsed)
  [M 3] valid loss=2.7858  valid R2=0.7908  (927s elapsed)
  [M 4] valid loss=2.8734  valid R2=0.7719  (1270s elapsed)
  [M 5] valid loss=3.1288  valid R2=0.7756  (1543s elapsed)
  [M 6] valid loss=2.9441  valid R2=0.7695  (1806s elapsed)
  [M 7] valid loss=2.9311  valid R2=0.7899  (2097s elapsed)
  [M 8] valid loss=3.0399  valid R2=0.7958  (2423s elapsed)
  [M 9] valid loss=3.0539  valid R2=0.7674  (2708s elapsed)
  [M10] valid loss=2.9776  valid R2=0.7842  (3012s elapsed)
  [M11] valid loss=2.9280  valid R2=0.7823  (3296s elapsed)
  [M12] valid loss=3.1931  valid R2=0.7991  (3614s elapsed)

--- Greedy ensemble selection (max 5 members, by valid R2) ---
  + M12  -> valid R2=0.7991
  + M8  -> valid R2=0.8118
  + M11  -> valid R2=0.8131
  + M5  -> valid R2=0.8145
  Selected: ['M12', 'M8', 'M11', 'M5']  weights=['0.240', '0.252', '0.262', '0.245']
  Time: 3614s

  Valid: R2=0.8145  RMSE=93.2C  MAPE(T>100)=17.3%  sub-ambient pts=0
    sim 0: R2=0.455
    sim 1: R2=0.832
    sim 2: R2=0.693
    sim 3: R2=0.911
    sim 4: R2=0.938
    sim 5: R2=0.977
    sim 6: R2=0.320
    sim 7: R2=0.919
    sim 8: R2=0.981
    sim 9: R2=0.961
    sim 10: R2=0.892
    sim 11: R2=0.937

  Test: R2=0.8647  RMSE=81.7C  MAPE(T>100)=14.6%  sub-ambient pts=0
    sim 0: R2=0.664
    sim 1: R2=0.789
    sim 2: R2=0.932
    sim 3: R2=0.851
    sim 4: R2=0.974
    sim 5: R2=0.902
    sim 6: R2=0.953
    sim 7: R2=0.972

  Saved -> D:\VS_projects\bs8414_MLP_surrogate\models_mlp\best_model.pt
