  device: NVIDIA GeForce RTX 4090

  building dataset ...
  corpus: D:\Bs8414_05052026\Part1\_completed
  184 usable, 2 rejected
    - BS8414_DCLG_Test1_adv_debug: excluded: debug case; Core_MATERIAL HEAT_OF_REACTION=1500 vs 2300 in every other DCLG_Test1_adv deck, so it is a different system under the same name
    - BS8414_DCLG_Test7: excluded: declares insulation system PF like 33 other decks, but its Phenolic_Foam MATL is inert - HEAT_OF_REACTION absent (0 kJ/kg) with REFERENCE_TEMPERATURE=429 degC - where every other PF deck decomposes at HEAT_OF_REACTION=400 with no explicit reference temperature (cp 1.2 vs 1.5, k 0.020 vs 0.022, rho 32 vs 39). Same defect class as the debug case above: a different system under the same name. Found 2026-08-19 by explain_part1.check_group_determinism, which verifies that an insulation id fixes its material block; this was the only violation in 185 cases
  params (184, 16)  tc (184, 181, 16)  hrr (184, 181, 5)
  partial: BS8414_HPL_WC_noair_nogap (180/181 steps, padded+masked)

  split mode: system
    train   97 sims  22 systems  8/8 geometries
    valid   57 sims  12 systems  8/8 geometries
    test    30 sims   6 systems  8/8 geometries

  target: 16 thermocouples (External_LV1 x8 + External_LV2 x8)
          5 HRR channels (HRR, Q_RADI, Q_CONV, Q_COND, Q_TOTAL)
  model:  MLP-Attention-LSTM (Part1, KAN ablation control)
  loss:   tc + 0.3 * hrr  (no weight penalty)
  physics constraints: off

  === member 1/3 (seed 42) ===
    [sentinel] weights moved after epoch 0: |dW| = 2.8979e+00
    epoch    0  train 2.04087 (tc 1.55156 hrr 1.63103)  valid 1.82706 (tc 1.49599 hrr 1.10357)  lr 1.00e-03  *
    epoch    1  train 1.29979 (tc 1.05825 hrr 0.80514)  valid 1.71271 (tc 1.50053 hrr 0.70727)  lr 1.00e-03  *
    epoch    2  train 1.11952 (tc 0.94794 hrr 0.57195)  valid 1.58192 (tc 1.37433 hrr 0.69199)  lr 1.00e-03  *
    epoch    3  train 1.04126 (tc 0.87934 hrr 0.53974)  valid 1.50972 (tc 1.31633 hrr 0.64464)  lr 1.00e-03  *
    epoch    4  train 1.00130 (tc 0.84717 hrr 0.51378)  valid 1.46162 (tc 1.26937 hrr 0.64084)  lr 1.00e-03  *
    epoch    5  train 0.98744 (tc 0.83342 hrr 0.51338)  valid 1.42788 (tc 1.24120 hrr 0.62228)  lr 1.00e-03  *
    epoch    6  train 0.95726 (tc 0.80779 hrr 0.49821)  valid 1.42224 (tc 1.23947 hrr 0.60924)  lr 1.00e-03  *
    epoch    7  train 0.93070 (tc 0.78517 hrr 0.48511)  valid 1.41760 (tc 1.23417 hrr 0.61141)  lr 1.00e-03  *
    epoch    8  train 0.91331 (tc 0.76991 hrr 0.47798)  valid 1.38620 (tc 1.20724 hrr 0.59655)  lr 1.00e-03  *
    epoch    9  train 0.89800 (tc 0.75692 hrr 0.47026)  valid 1.36246 (tc 1.17794 hrr 0.61506)  lr 1.00e-03  *
    epoch   10  train 0.89220 (tc 0.74781 hrr 0.48131)  valid 1.36894 (tc 1.18583 hrr 0.61036)  lr 1.00e-03
    epoch   11  train 0.87727 (tc 0.73701 hrr 0.46752)  valid 1.35801 (tc 1.17883 hrr 0.59725)  lr 1.00e-03  *
    epoch   12  train 0.86425 (tc 0.72665 hrr 0.45865)  valid 1.34750 (tc 1.16991 hrr 0.59199)  lr 1.00e-03  *
    epoch   13  train 0.85944 (tc 0.72425 hrr 0.45063)  valid 1.34741 (tc 1.17012 hrr 0.59094)  lr 1.00e-03  *
    epoch   15  train 0.83783 (tc 0.70468 hrr 0.44381)  valid 1.32958 (tc 1.15623 hrr 0.57783)  lr 1.00e-03  *
    epoch   17  train 0.82014 (tc 0.68983 hrr 0.43439)  valid 1.32731 (tc 1.15367 hrr 0.57878)  lr 1.00e-03  *
    epoch   19  train 0.80892 (tc 0.68086 hrr 0.42688)  valid 1.30458 (tc 1.13331 hrr 0.57091)  lr 1.00e-03  *
    epoch   20  train 0.80426 (tc 0.67609 hrr 0.42724)  valid 1.35743 (tc 1.18926 hrr 0.56056)  lr 1.00e-03
    epoch   25  train 0.79046 (tc 0.66561 hrr 0.41619)  valid 1.30293 (tc 1.13770 hrr 0.55077)  lr 1.00e-03  *
    epoch   26  train 0.78109 (tc 0.65806 hrr 0.41010)  valid 1.29676 (tc 1.13308 hrr 0.54559)  lr 1.00e-03  *
    epoch   28  train 0.76186 (tc 0.64223 hrr 0.39877)  valid 1.29393 (tc 1.13136 hrr 0.54191)  lr 1.00e-03  *
    epoch   30  train 0.76223 (tc 0.64361 hrr 0.39537)  valid 1.27300 (tc 1.11369 hrr 0.53102)  lr 1.00e-03  *
    epoch   32  train 0.75215 (tc 0.63317 hrr 0.39659)  valid 1.26192 (tc 1.10469 hrr 0.52411)  lr 1.00e-03  *
    epoch   35  train 0.71933 (tc 0.60319 hrr 0.38715)  valid 1.23824 (tc 1.08496 hrr 0.51096)  lr 1.00e-03  *
    epoch   40  train 0.69312 (tc 0.57970 hrr 0.37808)  valid 1.24482 (tc 1.08820 hrr 0.52205)  lr 1.00e-03
    epoch   42  train 0.68721 (tc 0.57586 hrr 0.37115)  valid 1.22295 (tc 1.07243 hrr 0.50172)  lr 1.00e-03  *
    epoch   44  train 0.69151 (tc 0.57765 hrr 0.37953)  valid 1.19981 (tc 1.04836 hrr 0.50484)  lr 1.00e-03  *
    epoch   50  train 0.65069 (tc 0.54257 hrr 0.36042)  valid 1.18585 (tc 1.03652 hrr 0.49774)  lr 1.00e-03  *
    epoch   53  train 0.65100 (tc 0.54364 hrr 0.35788)  valid 1.17656 (tc 1.02796 hrr 0.49534)  lr 1.00e-03  *
    epoch   58  train 0.62845 (tc 0.52527 hrr 0.34394)  valid 1.17490 (tc 1.03344 hrr 0.47154)  lr 1.00e-03  *
    epoch   60  train 0.63248 (tc 0.52916 hrr 0.34438)  valid 1.15643 (tc 1.01137 hrr 0.48354)  lr 1.00e-03  *
    epoch   67  train 0.61761 (tc 0.51535 hrr 0.34087)  valid 1.15158 (tc 1.00955 hrr 0.47343)  lr 1.00e-03  *
    epoch   70  train 0.60450 (tc 0.50498 hrr 0.33174)  valid 1.15292 (tc 1.01106 hrr 0.47288)  lr 1.00e-03
    epoch   72  train 0.60445 (tc 0.50534 hrr 0.33038)  valid 1.14025 (tc 0.99986 hrr 0.46795)  lr 1.00e-03  *
    epoch   77  train 0.59482 (tc 0.49789 hrr 0.32309)  valid 1.13674 (tc 0.99686 hrr 0.46624)  lr 1.00e-03  *
    epoch   80  train 0.59391 (tc 0.49736 hrr 0.32180)  valid 1.15378 (tc 1.01369 hrr 0.46696)  lr 1.00e-03
    epoch   88  train 0.58285 (tc 0.48709 hrr 0.31919)  valid 1.11936 (tc 0.98187 hrr 0.45832)  lr 1.00e-03  *
    epoch   90  train 0.59302 (tc 0.49631 hrr 0.32238)  valid 1.14504 (tc 1.00744 hrr 0.45867)  lr 1.00e-03
    epoch   95  train 0.57323 (tc 0.47960 hrr 0.31209)  valid 1.11243 (tc 0.97614 hrr 0.45430)  lr 1.00e-03  *
    epoch   98  train 0.57351 (tc 0.47978 hrr 0.31243)  valid 1.10745 (tc 0.97247 hrr 0.44993)  lr 1.00e-03  *
    epoch  100  train 0.56778 (tc 0.47399 hrr 0.31264)  valid 1.14511 (tc 1.00390 hrr 0.47067)  lr 1.00e-03
    epoch  110  train 0.55926 (tc 0.46691 hrr 0.30782)  valid 1.12572 (tc 0.98876 hrr 0.45653)  lr 1.00e-03
    epoch  112  train 0.55568 (tc 0.46357 hrr 0.30704)  valid 1.10682 (tc 0.97348 hrr 0.44446)  lr 1.00e-03  *
    epoch  117  train 0.55972 (tc 0.46680 hrr 0.30972)  valid 1.09332 (tc 0.95962 hrr 0.44565)  lr 1.00e-03  *
    epoch  120  train 0.57156 (tc 0.47482 hrr 0.32247)  valid 1.13426 (tc 0.99870 hrr 0.45186)  lr 1.00e-03
    epoch  122  train 0.55990 (tc 0.46625 hrr 0.31217)  valid 1.09098 (tc 0.95702 hrr 0.44651)  lr 1.00e-03  *
    epoch  124  train 0.55144 (tc 0.45855 hrr 0.30964)  valid 1.08591 (tc 0.94837 hrr 0.45848)  lr 1.00e-03  *
    epoch  130  train 0.53997 (tc 0.45013 hrr 0.29947)  valid 1.11927 (tc 0.98265 hrr 0.45539)  lr 1.00e-03
    epoch  138  train 0.53667 (tc 0.44583 hrr 0.30282)  valid 1.08092 (tc 0.94903 hrr 0.43962)  lr 1.00e-03  *
    epoch  140  train 0.53059 (tc 0.44172 hrr 0.29623)  valid 1.10292 (tc 0.96816 hrr 0.44921)  lr 1.00e-03
    epoch  141  train 0.52999 (tc 0.44073 hrr 0.29753)  valid 1.08053 (tc 0.94838 hrr 0.44052)  lr 1.00e-03  *
    epoch  148  train 0.52261 (tc 0.43519 hrr 0.29138)  valid 1.08021 (tc 0.94675 hrr 0.44485)  lr 1.00e-03  *
    epoch  150  train 0.52120 (tc 0.43457 hrr 0.28876)  valid 1.10738 (tc 0.97323 hrr 0.44716)  lr 1.00e-03
    epoch  157  train 0.51811 (tc 0.43173 hrr 0.28792)  valid 1.07260 (tc 0.94335 hrr 0.43081)  lr 1.00e-03  *
    epoch  160  train 0.52049 (tc 0.43317 hrr 0.29106)  valid 1.06905 (tc 0.93705 hrr 0.44001)  lr 1.00e-03  *
    epoch  167  train 0.51857 (tc 0.43146 hrr 0.29035)  valid 1.05959 (tc 0.92748 hrr 0.44037)  lr 1.00e-03  *
    epoch  170  train 0.51962 (tc 0.43105 hrr 0.29521)  valid 1.07692 (tc 0.94864 hrr 0.42760)  lr 1.00e-03
    epoch  180  train 0.51296 (tc 0.42714 hrr 0.28606)  valid 1.09956 (tc 0.96588 hrr 0.44558)  lr 1.00e-03
    epoch  187  train 0.50304 (tc 0.41826 hrr 0.28260)  valid 1.05843 (tc 0.92809 hrr 0.43445)  lr 5.00e-04  *
    epoch  188  train 0.50297 (tc 0.41825 hrr 0.28239)  valid 1.05413 (tc 0.92342 hrr 0.43571)  lr 5.00e-04  *
    epoch  190  train 0.50045 (tc 0.41596 hrr 0.28166)  valid 1.07630 (tc 0.94517 hrr 0.43707)  lr 5.00e-04
    epoch  200  train 0.49549 (tc 0.41205 hrr 0.27813)  valid 1.05766 (tc 0.92518 hrr 0.44161)  lr 5.00e-04
    epoch  203  train 0.49196 (tc 0.40909 hrr 0.27626)  valid 1.05236 (tc 0.92030 hrr 0.44018)  lr 5.00e-04  *
    epoch  205  train 0.49619 (tc 0.41315 hrr 0.27681)  valid 1.03979 (tc 0.90902 hrr 0.43592)  lr 5.00e-04  *
    epoch  210  train 0.49186 (tc 0.40907 hrr 0.27595)  valid 1.06441 (tc 0.93062 hrr 0.44599)  lr 5.00e-04
    epoch  217  train 0.47007 (tc 0.38729 hrr 0.27593)  valid 1.02791 (tc 0.89715 hrr 0.43588)  lr 5.00e-04  *
    epoch  218  train 0.45573 (tc 0.37320 hrr 0.27511)  valid 1.00867 (tc 0.87919 hrr 0.43158)  lr 5.00e-04  *
    epoch  219  train 0.44760 (tc 0.36522 hrr 0.27459)  valid 1.00686 (tc 0.87676 hrr 0.43366)  lr 5.00e-04  *
    epoch  220  train 0.44043 (tc 0.35806 hrr 0.27457)  valid 1.00182 (tc 0.87118 hrr 0.43547)  lr 5.00e-04  *
    epoch  221  train 0.43440 (tc 0.35232 hrr 0.27360)  valid 0.99374 (tc 0.86248 hrr 0.43752)  lr 5.00e-04  *
    epoch  222  train 0.43141 (tc 0.34918 hrr 0.27409)  valid 0.99299 (tc 0.86154 hrr 0.43817)  lr 5.00e-04  *
    epoch  224  train 0.42598 (tc 0.34374 hrr 0.27414)  valid 0.98943 (tc 0.85644 hrr 0.44333)  lr 5.00e-04  *
    epoch  226  train 0.41992 (tc 0.33789 hrr 0.27346)  valid 0.98082 (tc 0.84750 hrr 0.44442)  lr 5.00e-04  *
    epoch  229  train 0.41466 (tc 0.33278 hrr 0.27296)  valid 0.97719 (tc 0.84293 hrr 0.44755)  lr 5.00e-04  *
    epoch  230  train 0.41209 (tc 0.33038 hrr 0.27235)  valid 0.98090 (tc 0.84755 hrr 0.44453)  lr 5.00e-04
    epoch  231  train 0.41106 (tc 0.32947 hrr 0.27198)  valid 0.97090 (tc 0.83793 hrr 0.44323)  lr 5.00e-04  *
    epoch  233  train 0.41005 (tc 0.32818 hrr 0.27293)  valid 0.96763 (tc 0.83402 hrr 0.44534)  lr 5.00e-04  *
    epoch  237  train 0.40160 (tc 0.32029 hrr 0.27103)  valid 0.96593 (tc 0.83312 hrr 0.44272)  lr 5.00e-04  *
    epoch  238  train 0.40006 (tc 0.31890 hrr 0.27054)  valid 0.96449 (tc 0.83269 hrr 0.43933)  lr 5.00e-04  *
    epoch  239  train 0.39930 (tc 0.31815 hrr 0.27049)  valid 0.95674 (tc 0.82469 hrr 0.44016)  lr 5.00e-04  *
    epoch  240  train 0.39856 (tc 0.31752 hrr 0.27013)  valid 0.95791 (tc 0.82662 hrr 0.43766)  lr 5.00e-04
    epoch  242  train 0.39650 (tc 0.31554 hrr 0.26987)  valid 0.95522 (tc 0.82432 hrr 0.43635)  lr 5.00e-04  *
    epoch  243  train 0.39564 (tc 0.31481 hrr 0.26944)  valid 0.95109 (tc 0.81937 hrr 0.43907)  lr 5.00e-04  *
    epoch  244  train 0.39450 (tc 0.31372 hrr 0.26925)  valid 0.95084 (tc 0.81982 hrr 0.43676)  lr 5.00e-04  *
    epoch  245  train 0.39402 (tc 0.31323 hrr 0.26929)  valid 0.94701 (tc 0.81598 hrr 0.43677)  lr 5.00e-04  *
    epoch  250  train 0.39221 (tc 0.31155 hrr 0.26888)  valid 0.95749 (tc 0.82570 hrr 0.43929)  lr 5.00e-04
    epoch  260  train 0.38772 (tc 0.30735 hrr 0.26791)  valid 0.95612 (tc 0.82337 hrr 0.44247)  lr 5.00e-04
    epoch  264  train 0.38439 (tc 0.30433 hrr 0.26688)  valid 0.94334 (tc 0.81257 hrr 0.43593)  lr 2.50e-04  *
    epoch  265  train 0.38414 (tc 0.30413 hrr 0.26671)  valid 0.94269 (tc 0.81198 hrr 0.43571)  lr 2.50e-04  *
    epoch  266  train 0.38400 (tc 0.30396 hrr 0.26680)  valid 0.93791 (tc 0.80700 hrr 0.43636)  lr 2.50e-04  *
    epoch  267  train 0.38386 (tc 0.30378 hrr 0.26692)  valid 0.93559 (tc 0.80492 hrr 0.43556)  lr 2.50e-04  *
    epoch  270  train 0.38322 (tc 0.30333 hrr 0.26631)  valid 0.93995 (tc 0.80933 hrr 0.43539)  lr 2.50e-04
    epoch  273  train 0.38212 (tc 0.30232 hrr 0.26600)  valid 0.93330 (tc 0.80364 hrr 0.43220)  lr 2.50e-04  *
    epoch  274  train 0.38191 (tc 0.30204 hrr 0.26622)  valid 0.93281 (tc 0.80309 hrr 0.43238)  lr 2.50e-04  *
    epoch  275  train 0.38170 (tc 0.30188 hrr 0.26609)  valid 0.92803 (tc 0.79887 hrr 0.43054)  lr 2.50e-04  *
    epoch  280  train 0.38187 (tc 0.30200 hrr 0.26625)  valid 0.93585 (tc 0.80618 hrr 0.43225)  lr 2.50e-04
    epoch  290  train 0.37945 (tc 0.29989 hrr 0.26517)  valid 0.93773 (tc 0.80783 hrr 0.43298)  lr 2.50e-04
    epoch  300  train 0.37781 (tc 0.29838 hrr 0.26476)  valid 0.93202 (tc 0.80325 hrr 0.42923)  lr 1.25e-04
    epoch  310  train 0.37713 (tc 0.29784 hrr 0.26430)  valid 0.93161 (tc 0.80301 hrr 0.42867)  lr 6.25e-05
    epoch  320  train 0.37613 (tc 0.29701 hrr 0.26374)  valid 0.93329 (tc 0.80414 hrr 0.43049)  lr 6.25e-05
    epoch  330  train 0.37591 (tc 0.29684 hrr 0.26356)  valid 0.93162 (tc 0.80235 hrr 0.43090)  lr 3.13e-05
    early stop at epoch 335 (best 0.92803 @ 275)
    saved models_part1_sys_mlp_seed42\part1_member0.pt  (1.7 min)

  === member 2/3 (seed 43) ===
    [sentinel] weights moved after epoch 0: |dW| = 2.8638e+00
    epoch    0  train 1.92556 (tc 1.53542 hrr 1.30045)  valid 1.84181 (tc 1.56958 hrr 0.90743)  lr 1.00e-03  *
    epoch    1  train 1.36687 (tc 1.15224 hrr 0.71542)  valid 1.73426 (tc 1.52013 hrr 0.71374)  lr 1.00e-03  *
    epoch    2  train 1.26269 (tc 1.09888 hrr 0.54604)  valid 1.68071 (tc 1.48494 hrr 0.65256)  lr 1.00e-03  *
    epoch    3  train 1.20263 (tc 1.04924 hrr 0.51130)  valid 1.59614 (tc 1.40071 hrr 0.65142)  lr 1.00e-03  *
    epoch    4  train 1.10684 (tc 0.95829 hrr 0.49516)  valid 1.58037 (tc 1.38678 hrr 0.64532)  lr 1.00e-03  *
    epoch    5  train 1.05394 (tc 0.90311 hrr 0.50275)  valid 1.55302 (tc 1.35365 hrr 0.66459)  lr 1.00e-03  *
    epoch    6  train 1.01963 (tc 0.87410 hrr 0.48509)  valid 1.52727 (tc 1.34196 hrr 0.61768)  lr 1.00e-03  *
    epoch    7  train 1.00672 (tc 0.86495 hrr 0.47256)  valid 1.50160 (tc 1.30991 hrr 0.63898)  lr 1.00e-03  *
    epoch    9  train 0.97707 (tc 0.83831 hrr 0.46253)  valid 1.48046 (tc 1.29505 hrr 0.61803)  lr 1.00e-03  *
    epoch   10  train 0.95521 (tc 0.81671 hrr 0.46168)  valid 1.51346 (tc 1.32870 hrr 0.61585)  lr 1.00e-03
    epoch   13  train 0.91345 (tc 0.77995 hrr 0.44502)  valid 1.47456 (tc 1.29075 hrr 0.61269)  lr 1.00e-03  *
    epoch   14  train 0.89518 (tc 0.76411 hrr 0.43690)  valid 1.44309 (tc 1.26322 hrr 0.59955)  lr 1.00e-03  *
    epoch   15  train 0.88256 (tc 0.75326 hrr 0.43100)  valid 1.43351 (tc 1.25300 hrr 0.60169)  lr 1.00e-03  *
    epoch   16  train 0.87337 (tc 0.74487 hrr 0.42834)  valid 1.42943 (tc 1.25238 hrr 0.59016)  lr 1.00e-03  *
    epoch   17  train 0.86597 (tc 0.73839 hrr 0.42526)  valid 1.38467 (tc 1.20836 hrr 0.58769)  lr 1.00e-03  *
    epoch   19  train 0.85332 (tc 0.72790 hrr 0.41804)  valid 1.37416 (tc 1.20196 hrr 0.57399)  lr 1.00e-03  *
    epoch   20  train 0.84166 (tc 0.71725 hrr 0.41470)  valid 1.36859 (tc 1.19537 hrr 0.57740)  lr 1.00e-03  *
    epoch   23  train 0.81765 (tc 0.69615 hrr 0.40499)  valid 1.35683 (tc 1.18310 hrr 0.57910)  lr 1.00e-03  *
    epoch   24  train 0.80634 (tc 0.68804 hrr 0.39432)  valid 1.35154 (tc 1.18271 hrr 0.56275)  lr 1.00e-03  *
    epoch   27  train 0.79359 (tc 0.67842 hrr 0.38391)  valid 1.32728 (tc 1.16211 hrr 0.55057)  lr 1.00e-03  *
    epoch   30  train 0.78453 (tc 0.67006 hrr 0.38154)  valid 1.36214 (tc 1.19504 hrr 0.55700)  lr 1.00e-03
    epoch   35  train 0.75518 (tc 0.64514 hrr 0.36681)  valid 1.31177 (tc 1.15465 hrr 0.52372)  lr 1.00e-03  *
    epoch   37  train 0.74010 (tc 0.63168 hrr 0.36138)  valid 1.30054 (tc 1.14321 hrr 0.52442)  lr 1.00e-03  *
    epoch   40  train 0.72722 (tc 0.61954 hrr 0.35894)  valid 1.29678 (tc 1.13854 hrr 0.52747)  lr 1.00e-03  *
    epoch   43  train 0.71176 (tc 0.60773 hrr 0.34674)  valid 1.29351 (tc 1.13783 hrr 0.51892)  lr 1.00e-03  *
    epoch   44  train 0.70803 (tc 0.60414 hrr 0.34631)  valid 1.26327 (tc 1.11040 hrr 0.50957)  lr 1.00e-03  *
    epoch   50  train 0.69275 (tc 0.58879 hrr 0.34656)  valid 1.31286 (tc 1.15594 hrr 0.52309)  lr 1.00e-03
    epoch   55  train 0.66717 (tc 0.56664 hrr 0.33509)  valid 1.24694 (tc 1.09427 hrr 0.50891)  lr 1.00e-03  *
    epoch   57  train 0.66114 (tc 0.55868 hrr 0.34154)  valid 1.24543 (tc 1.09519 hrr 0.50081)  lr 1.00e-03  *
    epoch   59  train 0.65593 (tc 0.55406 hrr 0.33956)  valid 1.23094 (tc 1.08028 hrr 0.50221)  lr 1.00e-03  *
    epoch   60  train 0.64605 (tc 0.54557 hrr 0.33495)  valid 1.23736 (tc 1.08305 hrr 0.51436)  lr 1.00e-03
    epoch   61  train 0.63915 (tc 0.53904 hrr 0.33370)  valid 1.21626 (tc 1.06792 hrr 0.49448)  lr 1.00e-03  *
    epoch   63  train 0.63146 (tc 0.53265 hrr 0.32937)  valid 1.21556 (tc 1.06755 hrr 0.49335)  lr 1.00e-03  *
    epoch   69  train 0.59729 (tc 0.49964 hrr 0.32548)  valid 1.21491 (tc 1.06414 hrr 0.50259)  lr 1.00e-03  *
    epoch   70  train 0.59074 (tc 0.49406 hrr 0.32226)  valid 1.21262 (tc 1.06276 hrr 0.49952)  lr 1.00e-03  *
    epoch   71  train 0.58432 (tc 0.48812 hrr 0.32068)  valid 1.18705 (tc 1.03980 hrr 0.49082)  lr 1.00e-03  *
    epoch   75  train 0.57504 (tc 0.47696 hrr 0.32693)  valid 1.17964 (tc 1.03063 hrr 0.49669)  lr 1.00e-03  *
    epoch   78  train 0.55067 (tc 0.45531 hrr 0.31787)  valid 1.14193 (tc 0.99185 hrr 0.50027)  lr 1.00e-03  *
    epoch   80  train 0.54103 (tc 0.44654 hrr 0.31497)  valid 1.13063 (tc 0.98115 hrr 0.49825)  lr 1.00e-03  *
    epoch   87  train 0.51468 (tc 0.42016 hrr 0.31506)  valid 1.12322 (tc 0.97300 hrr 0.50073)  lr 1.00e-03  *
    epoch   88  train 0.51184 (tc 0.41560 hrr 0.32080)  valid 1.12124 (tc 0.97416 hrr 0.49026)  lr 1.00e-03  *
    epoch   89  train 0.50466 (tc 0.40989 hrr 0.31589)  valid 1.11473 (tc 0.96773 hrr 0.49003)  lr 1.00e-03  *
    epoch   90  train 0.50469 (tc 0.40982 hrr 0.31625)  valid 1.12272 (tc 0.97499 hrr 0.49243)  lr 1.00e-03
    epoch   91  train 0.50001 (tc 0.40566 hrr 0.31452)  valid 1.10659 (tc 0.95699 hrr 0.49866)  lr 1.00e-03  *
    epoch   97  train 0.48531 (tc 0.39065 hrr 0.31554)  valid 1.08646 (tc 0.93896 hrr 0.49167)  lr 1.00e-03  *
    epoch   99  train 0.46996 (tc 0.37780 hrr 0.30722)  valid 1.08578 (tc 0.94219 hrr 0.47861)  lr 1.00e-03  *
    epoch  100  train 0.46556 (tc 0.37345 hrr 0.30705)  valid 1.07292 (tc 0.92544 hrr 0.49160)  lr 1.00e-03  *
    epoch  103  train 0.45240 (tc 0.36187 hrr 0.30176)  valid 1.06987 (tc 0.92496 hrr 0.48302)  lr 1.00e-03  *
    epoch  104  train 0.45011 (tc 0.35975 hrr 0.30121)  valid 1.06336 (tc 0.91632 hrr 0.49016)  lr 1.00e-03  *
    epoch  107  train 0.44760 (tc 0.35675 hrr 0.30284)  valid 1.05758 (tc 0.91451 hrr 0.47691)  lr 1.00e-03  *
    epoch  109  train 0.44155 (tc 0.35110 hrr 0.30152)  valid 1.04098 (tc 0.89863 hrr 0.47450)  lr 1.00e-03  *
    epoch  110  train 0.43884 (tc 0.34856 hrr 0.30093)  valid 1.02788 (tc 0.88545 hrr 0.47476)  lr 1.00e-03  *
    epoch  112  train 0.43312 (tc 0.34376 hrr 0.29786)  valid 1.01742 (tc 0.87535 hrr 0.47358)  lr 1.00e-03  *
    epoch  120  train 0.43041 (tc 0.33973 hrr 0.30228)  valid 1.03024 (tc 0.88262 hrr 0.49208)  lr 1.00e-03
    epoch  126  train 0.41226 (tc 0.32392 hrr 0.29447)  valid 1.01503 (tc 0.87134 hrr 0.47898)  lr 1.00e-03  *
    epoch  130  train 0.40419 (tc 0.31647 hrr 0.29240)  valid 1.01599 (tc 0.87252 hrr 0.47825)  lr 1.00e-03
    epoch  131  train 0.40151 (tc 0.31418 hrr 0.29112)  valid 1.01103 (tc 0.86835 hrr 0.47561)  lr 1.00e-03  *
    epoch  139  train 0.39837 (tc 0.31193 hrr 0.28815)  valid 0.99537 (tc 0.84990 hrr 0.48489)  lr 1.00e-03  *
    epoch  140  train 0.40333 (tc 0.31652 hrr 0.28938)  valid 1.03850 (tc 0.89462 hrr 0.47961)  lr 1.00e-03
    epoch  149  train 0.38082 (tc 0.29574 hrr 0.28361)  valid 0.99133 (tc 0.84946 hrr 0.47289)  lr 1.00e-03  *
    epoch  150  train 0.38784 (tc 0.30079 hrr 0.29016)  valid 0.99418 (tc 0.85268 hrr 0.47166)  lr 1.00e-03
    epoch  158  train 0.37584 (tc 0.29095 hrr 0.28297)  valid 0.99131 (tc 0.84755 hrr 0.47921)  lr 1.00e-03  *
    epoch  159  train 0.37579 (tc 0.29027 hrr 0.28505)  valid 0.98624 (tc 0.84481 hrr 0.47146)  lr 1.00e-03  *
    epoch  160  train 0.37597 (tc 0.29096 hrr 0.28336)  valid 0.99955 (tc 0.85660 hrr 0.47649)  lr 1.00e-03
    epoch  162  train 0.38458 (tc 0.29754 hrr 0.29015)  valid 0.98561 (tc 0.84066 hrr 0.48316)  lr 1.00e-03  *
    epoch  164  train 0.38534 (tc 0.29808 hrr 0.29087)  valid 0.97191 (tc 0.83033 hrr 0.47194)  lr 1.00e-03  *
    epoch  169  train 0.37367 (tc 0.28926 hrr 0.28137)  valid 0.96706 (tc 0.82711 hrr 0.46648)  lr 1.00e-03  *
    epoch  170  train 0.37273 (tc 0.28822 hrr 0.28170)  valid 0.97768 (tc 0.83776 hrr 0.46641)  lr 1.00e-03
    epoch  180  train 0.36026 (tc 0.27736 hrr 0.27633)  valid 0.97979 (tc 0.84068 hrr 0.46370)  lr 1.00e-03
    epoch  182  train 0.35992 (tc 0.27734 hrr 0.27524)  valid 0.96365 (tc 0.82517 hrr 0.46162)  lr 1.00e-03  *
    epoch  190  train 0.36908 (tc 0.28439 hrr 0.28227)  valid 0.95005 (tc 0.81124 hrr 0.46270)  lr 1.00e-03  *
    epoch  200  train 0.36835 (tc 0.28383 hrr 0.28175)  valid 1.00499 (tc 0.86297 hrr 0.47339)  lr 1.00e-03
    epoch  210  train 0.34929 (tc 0.26745 hrr 0.27280)  valid 0.98389 (tc 0.84726 hrr 0.45545)  lr 5.00e-04
    epoch  220  train 0.34359 (tc 0.26302 hrr 0.26856)  valid 0.98021 (tc 0.84204 hrr 0.46056)  lr 5.00e-04
    epoch  230  train 0.34067 (tc 0.26051 hrr 0.26721)  valid 0.96940 (tc 0.83213 hrr 0.45758)  lr 2.50e-04
    epoch  240  train 0.33847 (tc 0.25868 hrr 0.26598)  valid 0.97002 (tc 0.83312 hrr 0.45632)  lr 1.25e-04
    epoch  250  train 0.33713 (tc 0.25750 hrr 0.26546)  valid 0.97306 (tc 0.83607 hrr 0.45661)  lr 1.25e-04
    early stop at epoch 250 (best 0.95005 @ 190)
    saved models_part1_sys_mlp_seed42\part1_member1.pt  (1.3 min)

  === member 3/3 (seed 44) ===
    [sentinel] weights moved after epoch 0: |dW| = 2.8548e+00
    epoch    0  train 2.04049 (tc 1.59065 hrr 1.49946)  valid 1.93924 (tc 1.60223 hrr 1.12334)  lr 1.00e-03  *
    epoch    1  train 1.42031 (tc 1.19543 hrr 0.74961)  valid 1.78033 (tc 1.50337 hrr 0.92320)  lr 1.00e-03  *
    epoch    2  train 1.30950 (tc 1.11582 hrr 0.64561)  valid 1.65903 (tc 1.45769 hrr 0.67112)  lr 1.00e-03  *
    epoch    3  train 1.19768 (tc 1.03650 hrr 0.53726)  valid 1.59296 (tc 1.39636 hrr 0.65534)  lr 1.00e-03  *
    epoch    4  train 1.12586 (tc 0.97151 hrr 0.51447)  valid 1.54852 (tc 1.35577 hrr 0.64250)  lr 1.00e-03  *
    epoch    5  train 1.07378 (tc 0.92081 hrr 0.50987)  valid 1.48666 (tc 1.29463 hrr 0.64012)  lr 1.00e-03  *
    epoch    6  train 1.01833 (tc 0.86862 hrr 0.49901)  valid 1.43989 (tc 1.25046 hrr 0.63143)  lr 1.00e-03  *
    epoch    7  train 0.97890 (tc 0.83217 hrr 0.48912)  valid 1.42687 (tc 1.23678 hrr 0.63361)  lr 1.00e-03  *
    epoch    8  train 0.94831 (tc 0.80331 hrr 0.48332)  valid 1.40678 (tc 1.21853 hrr 0.62749)  lr 1.00e-03  *
    epoch    9  train 0.92089 (tc 0.77723 hrr 0.47887)  valid 1.36979 (tc 1.18366 hrr 0.62042)  lr 1.00e-03  *
    epoch   10  train 0.90752 (tc 0.76523 hrr 0.47433)  valid 1.32742 (tc 1.14119 hrr 0.62076)  lr 1.00e-03  *
    epoch   12  train 0.87630 (tc 0.73685 hrr 0.46483)  valid 1.25759 (tc 1.07714 hrr 0.60152)  lr 1.00e-03  *
    epoch   20  train 0.79283 (tc 0.65854 hrr 0.44765)  valid 1.30960 (tc 1.13077 hrr 0.59612)  lr 1.00e-03
    epoch   24  train 0.76097 (tc 0.63150 hrr 0.43157)  valid 1.25464 (tc 1.08468 hrr 0.56655)  lr 1.00e-03  *
    epoch   25  train 0.74409 (tc 0.61672 hrr 0.42458)  valid 1.24415 (tc 1.07330 hrr 0.56950)  lr 1.00e-03  *
    epoch   26  train 0.74155 (tc 0.61481 hrr 0.42248)  valid 1.23205 (tc 1.06382 hrr 0.56075)  lr 1.00e-03  *
    epoch   29  train 0.73584 (tc 0.60810 hrr 0.42578)  valid 1.19423 (tc 1.03014 hrr 0.54695)  lr 1.00e-03  *
    epoch   30  train 0.73051 (tc 0.60530 hrr 0.41734)  valid 1.24333 (tc 1.07904 hrr 0.54761)  lr 1.00e-03
    epoch   37  train 0.68725 (tc 0.56940 hrr 0.39284)  valid 1.19062 (tc 1.03436 hrr 0.52087)  lr 1.00e-03  *
    epoch   39  train 0.68385 (tc 0.56729 hrr 0.38852)  valid 1.15967 (tc 1.00435 hrr 0.51773)  lr 1.00e-03  *
    epoch   40  train 0.68385 (tc 0.56783 hrr 0.38675)  valid 1.20173 (tc 1.04744 hrr 0.51430)  lr 1.00e-03
    epoch   45  train 0.65736 (tc 0.54497 hrr 0.37462)  valid 1.13800 (tc 0.98740 hrr 0.50201)  lr 1.00e-03  *
    epoch   50  train 0.63707 (tc 0.52791 hrr 0.36389)  valid 1.17601 (tc 1.02569 hrr 0.50108)  lr 1.00e-03
    epoch   60  train 0.62496 (tc 0.51913 hrr 0.35275)  valid 1.15820 (tc 1.01513 hrr 0.47689)  lr 1.00e-03
    epoch   65  train 0.60324 (tc 0.49990 hrr 0.34448)  valid 1.13779 (tc 0.99387 hrr 0.47973)  lr 5.00e-04  *
    epoch   68  train 0.59739 (tc 0.49534 hrr 0.34016)  valid 1.13678 (tc 0.99402 hrr 0.47587)  lr 5.00e-04  *
    epoch   70  train 0.60392 (tc 0.50163 hrr 0.34094)  valid 1.14170 (tc 0.99744 hrr 0.48088)  lr 5.00e-04
    epoch   71  train 0.59884 (tc 0.49707 hrr 0.33922)  valid 1.12776 (tc 0.98393 hrr 0.47945)  lr 5.00e-04  *
    epoch   77  train 0.59280 (tc 0.49175 hrr 0.33684)  valid 1.12597 (tc 0.98521 hrr 0.46922)  lr 5.00e-04  *
    epoch   80  train 0.58434 (tc 0.48444 hrr 0.33301)  valid 1.13002 (tc 0.98895 hrr 0.47023)  lr 5.00e-04
    epoch   83  train 0.58480 (tc 0.48430 hrr 0.33502)  valid 1.12271 (tc 0.98185 hrr 0.46955)  lr 5.00e-04  *
    epoch   90  train 0.58224 (tc 0.48334 hrr 0.32966)  valid 1.11094 (tc 0.97551 hrr 0.45142)  lr 5.00e-04  *
    epoch   99  train 0.57318 (tc 0.47633 hrr 0.32283)  valid 1.10631 (tc 0.96971 hrr 0.45533)  lr 5.00e-04  *
    epoch  100  train 0.57103 (tc 0.47364 hrr 0.32464)  valid 1.10863 (tc 0.97173 hrr 0.45633)  lr 5.00e-04
    epoch  102  train 0.56563 (tc 0.46944 hrr 0.32063)  valid 1.09893 (tc 0.96369 hrr 0.45079)  lr 5.00e-04  *
    epoch  110  train 0.56051 (tc 0.46528 hrr 0.31744)  valid 1.11878 (tc 0.98418 hrr 0.44866)  lr 5.00e-04
    epoch  116  train 0.55177 (tc 0.45792 hrr 0.31284)  valid 1.08731 (tc 0.95434 hrr 0.44324)  lr 5.00e-04  *
    epoch  120  train 0.54800 (tc 0.45471 hrr 0.31097)  valid 1.10339 (tc 0.97054 hrr 0.44283)  lr 5.00e-04
    epoch  126  train 0.54236 (tc 0.45027 hrr 0.30697)  valid 1.08689 (tc 0.95615 hrr 0.43578)  lr 5.00e-04  *
    epoch  127  train 0.54195 (tc 0.44996 hrr 0.30662)  valid 1.08415 (tc 0.95326 hrr 0.43633)  lr 5.00e-04  *
    epoch  128  train 0.54135 (tc 0.44954 hrr 0.30603)  valid 1.08404 (tc 0.95365 hrr 0.43461)  lr 5.00e-04  *
    epoch  130  train 0.54121 (tc 0.44936 hrr 0.30615)  valid 1.07170 (tc 0.94111 hrr 0.43530)  lr 5.00e-04  *
    epoch  140  train 0.54540 (tc 0.45374 hrr 0.30553)  valid 1.06863 (tc 0.93871 hrr 0.43307)  lr 5.00e-04  *
    epoch  143  train 0.53600 (tc 0.44539 hrr 0.30205)  valid 1.06708 (tc 0.93802 hrr 0.43022)  lr 5.00e-04  *
    epoch  145  train 0.53518 (tc 0.44511 hrr 0.30022)  valid 1.04909 (tc 0.92083 hrr 0.42754)  lr 5.00e-04  *
    epoch  150  train 0.54323 (tc 0.45150 hrr 0.30579)  valid 1.15167 (tc 1.01653 hrr 0.45048)  lr 5.00e-04
    epoch  160  train 0.52853 (tc 0.43990 hrr 0.29540)  valid 1.10946 (tc 0.97597 hrr 0.44495)  lr 5.00e-04
    epoch  170  train 0.52052 (tc 0.43317 hrr 0.29116)  valid 1.08966 (tc 0.95919 hrr 0.43488)  lr 2.50e-04
    epoch  180  train 0.51638 (tc 0.42963 hrr 0.28917)  valid 1.08347 (tc 0.95441 hrr 0.43019)  lr 1.25e-04
    epoch  190  train 0.51414 (tc 0.42796 hrr 0.28727)  valid 1.07011 (tc 0.94157 hrr 0.42849)  lr 1.25e-04
    epoch  200  train 0.51306 (tc 0.42712 hrr 0.28648)  valid 1.08092 (tc 0.95146 hrr 0.43152)  lr 6.25e-05
    early stop at epoch 205 (best 1.04909 @ 145)
    saved models_part1_sys_mlp_seed42\part1_member2.pt  (1.0 min)

  done. 3 member(s) in models_part1_sys_mlp_seed42
  next: python evaluate_part1.py --model-dir models_part1_sys_mlp_seed42
