  device: NVIDIA GeForce RTX 4090

  building dataset ...
  corpus: D:\Bs8414_05052026\Part1\_completed
  184 usable, 2 rejected
    - BS8414_DCLG_Test1_adv_debug: excluded: debug case; Core_MATERIAL HEAT_OF_REACTION=1500 vs 2300 in every other DCLG_Test1_adv deck, so it is a different system under the same name
    - BS8414_DCLG_Test7: excluded: declares insulation system PF like 33 other decks, but its Phenolic_Foam MATL is inert - HEAT_OF_REACTION absent (0 kJ/kg) with REFERENCE_TEMPERATURE=429 degC - where every other PF deck decomposes at HEAT_OF_REACTION=400 with no explicit reference temperature (cp 1.2 vs 1.5, k 0.020 vs 0.022, rho 32 vs 39). Same defect class as the debug case above: a different system under the same name. Found 2026-08-19 by explain_part1.check_group_determinism, which verifies that an insulation id fixes its material block; this was the only violation in 185 cases
  params (184, 16)  tc (184, 181, 16)  hrr (184, 181, 5)
  partial: BS8414_HPL_WC_noair_nogap (180/181 steps, padded+masked)

  split mode: hash
    train  141 sims  40 systems  8/8 geometries
    valid   20 sims  16 systems  8/8 geometries
    test    23 sims  20 systems  8/8 geometries

  target: 16 thermocouples (External_LV1 x8 + External_LV2 x8)
          5 HRR channels (HRR, Q_RADI, Q_CONV, Q_COND, Q_TOTAL)
  model:  MLP-Attention-LSTM (Part1, KAN ablation control)
  loss:   tc + 0.3 * hrr  (no weight penalty)
  physics constraints: off

  === member 1/3 (seed 48) ===
    [sentinel] weights moved after epoch 0: |dW| = 3.3194e+00
    epoch    0  train 1.84655 (tc 1.47077 hrr 1.25259)  valid 1.44913 (tc 1.20139 hrr 0.82578)  lr 1.00e-03  *
    epoch    1  train 1.19203 (tc 1.01253 hrr 0.59834)  valid 1.26872 (tc 1.07620 hrr 0.64174)  lr 1.00e-03  *
    epoch    2  train 1.03280 (tc 0.87354 hrr 0.53085)  valid 1.15954 (tc 0.97734 hrr 0.60733)  lr 1.00e-03  *
    epoch    3  train 0.98033 (tc 0.82808 hrr 0.50750)  valid 1.11827 (tc 0.94253 hrr 0.58577)  lr 1.00e-03  *
    epoch    4  train 0.94157 (tc 0.79178 hrr 0.49931)  valid 1.08042 (tc 0.91069 hrr 0.56578)  lr 1.00e-03  *
    epoch    5  train 0.90772 (tc 0.76464 hrr 0.47694)  valid 1.06878 (tc 0.90067 hrr 0.56035)  lr 1.00e-03  *
    epoch    6  train 0.88570 (tc 0.74641 hrr 0.46428)  valid 1.05267 (tc 0.88592 hrr 0.55586)  lr 1.00e-03  *
    epoch    7  train 0.87442 (tc 0.73604 hrr 0.46126)  valid 1.03931 (tc 0.87400 hrr 0.55102)  lr 1.00e-03  *
    epoch    8  train 0.85669 (tc 0.72218 hrr 0.44838)  valid 1.03516 (tc 0.87253 hrr 0.54213)  lr 1.00e-03  *
    epoch   10  train 0.84282 (tc 0.70897 hrr 0.44617)  valid 1.01231 (tc 0.85202 hrr 0.53429)  lr 1.00e-03  *
    epoch   11  train 0.83106 (tc 0.70024 hrr 0.43608)  valid 0.99792 (tc 0.84145 hrr 0.52157)  lr 1.00e-03  *
    epoch   14  train 0.80570 (tc 0.67887 hrr 0.42275)  valid 0.98682 (tc 0.83489 hrr 0.50644)  lr 1.00e-03  *
    epoch   15  train 0.79833 (tc 0.67361 hrr 0.41573)  valid 0.97824 (tc 0.82820 hrr 0.50014)  lr 1.00e-03  *
    epoch   17  train 0.78854 (tc 0.66517 hrr 0.41124)  valid 0.96737 (tc 0.81698 hrr 0.50127)  lr 1.00e-03  *
    epoch   20  train 0.77125 (tc 0.65115 hrr 0.40031)  valid 0.97985 (tc 0.83357 hrr 0.48761)  lr 1.00e-03
    epoch   21  train 0.76096 (tc 0.64166 hrr 0.39769)  valid 0.95071 (tc 0.80296 hrr 0.49250)  lr 1.00e-03  *
    epoch   22  train 0.75458 (tc 0.63647 hrr 0.39369)  valid 0.94247 (tc 0.79602 hrr 0.48817)  lr 1.00e-03  *
    epoch   23  train 0.74659 (tc 0.62885 hrr 0.39247)  valid 0.93114 (tc 0.78638 hrr 0.48255)  lr 1.00e-03  *
    epoch   24  train 0.73648 (tc 0.61933 hrr 0.39051)  valid 0.91928 (tc 0.77563 hrr 0.47883)  lr 1.00e-03  *
    epoch   25  train 0.72181 (tc 0.60566 hrr 0.38717)  valid 0.90328 (tc 0.75966 hrr 0.47875)  lr 1.00e-03  *
    epoch   27  train 0.69396 (tc 0.57927 hrr 0.38227)  valid 0.89920 (tc 0.75633 hrr 0.47624)  lr 1.00e-03  *
    epoch   28  train 0.68281 (tc 0.56884 hrr 0.37990)  valid 0.88259 (tc 0.74394 hrr 0.46216)  lr 1.00e-03  *
    epoch   30  train 0.67240 (tc 0.55964 hrr 0.37586)  valid 0.87110 (tc 0.73209 hrr 0.46338)  lr 1.00e-03  *
    epoch   31  train 0.66079 (tc 0.54956 hrr 0.37078)  valid 0.85977 (tc 0.72091 hrr 0.46288)  lr 1.00e-03  *
    epoch   33  train 0.64574 (tc 0.53711 hrr 0.36211)  valid 0.85435 (tc 0.71968 hrr 0.44890)  lr 1.00e-03  *
    epoch   35  train 0.64802 (tc 0.53870 hrr 0.36443)  valid 0.85360 (tc 0.71409 hrr 0.46502)  lr 1.00e-03  *
    epoch   37  train 0.63626 (tc 0.52849 hrr 0.35923)  valid 0.84373 (tc 0.70809 hrr 0.45214)  lr 1.00e-03  *
    epoch   40  train 0.62606 (tc 0.52028 hrr 0.35258)  valid 0.84175 (tc 0.70817 hrr 0.44528)  lr 1.00e-03  *
    epoch   44  train 0.61861 (tc 0.51418 hrr 0.34810)  valid 0.83123 (tc 0.69992 hrr 0.43771)  lr 1.00e-03  *
    epoch   45  train 0.61457 (tc 0.51061 hrr 0.34653)  valid 0.82747 (tc 0.69830 hrr 0.43057)  lr 1.00e-03  *
    epoch   46  train 0.61055 (tc 0.50772 hrr 0.34279)  valid 0.82691 (tc 0.69662 hrr 0.43430)  lr 1.00e-03  *
    epoch   48  train 0.61103 (tc 0.50812 hrr 0.34302)  valid 0.82168 (tc 0.69187 hrr 0.43272)  lr 1.00e-03  *
    epoch   50  train 0.61658 (tc 0.51218 hrr 0.34803)  valid 0.81327 (tc 0.68742 hrr 0.41951)  lr 1.00e-03  *
    epoch   51  train 0.61170 (tc 0.50726 hrr 0.34811)  valid 0.80596 (tc 0.67689 hrr 0.43024)  lr 1.00e-03  *
    epoch   55  train 0.59239 (tc 0.49183 hrr 0.33518)  valid 0.80489 (tc 0.67774 hrr 0.42382)  lr 1.00e-03  *
    epoch   56  train 0.58729 (tc 0.48793 hrr 0.33120)  valid 0.80247 (tc 0.67335 hrr 0.43037)  lr 1.00e-03  *
    epoch   59  train 0.58768 (tc 0.48833 hrr 0.33117)  valid 0.79535 (tc 0.66959 hrr 0.41920)  lr 1.00e-03  *
    epoch   60  train 0.58048 (tc 0.48211 hrr 0.32791)  valid 0.80384 (tc 0.67409 hrr 0.43248)  lr 1.00e-03
    epoch   61  train 0.57454 (tc 0.47692 hrr 0.32541)  valid 0.79287 (tc 0.66532 hrr 0.42516)  lr 1.00e-03  *
    epoch   62  train 0.56980 (tc 0.47295 hrr 0.32283)  valid 0.79143 (tc 0.66515 hrr 0.42092)  lr 1.00e-03  *
    epoch   63  train 0.56762 (tc 0.47137 hrr 0.32084)  valid 0.78267 (tc 0.65809 hrr 0.41527)  lr 1.00e-03  *
    epoch   68  train 0.55723 (tc 0.46239 hrr 0.31611)  valid 0.77356 (tc 0.64973 hrr 0.41278)  lr 1.00e-03  *
    epoch   70  train 0.57264 (tc 0.47539 hrr 0.32419)  valid 0.78562 (tc 0.65921 hrr 0.42138)  lr 1.00e-03
    epoch   76  train 0.55507 (tc 0.46102 hrr 0.31350)  valid 0.77119 (tc 0.64893 hrr 0.40754)  lr 1.00e-03  *
    epoch   77  train 0.55030 (tc 0.45681 hrr 0.31164)  valid 0.75835 (tc 0.63754 hrr 0.40271)  lr 1.00e-03  *
    epoch   80  train 0.54416 (tc 0.45167 hrr 0.30833)  valid 0.76259 (tc 0.64059 hrr 0.40666)  lr 1.00e-03
    epoch   81  train 0.54188 (tc 0.44977 hrr 0.30705)  valid 0.75315 (tc 0.63169 hrr 0.40485)  lr 1.00e-03  *
    epoch   82  train 0.54701 (tc 0.45361 hrr 0.31134)  valid 0.75166 (tc 0.63195 hrr 0.39904)  lr 1.00e-03  *
    epoch   89  train 0.53135 (tc 0.44131 hrr 0.30014)  valid 0.74723 (tc 0.62832 hrr 0.39637)  lr 1.00e-03  *
    epoch   90  train 0.53089 (tc 0.44076 hrr 0.30041)  valid 0.75058 (tc 0.63101 hrr 0.39857)  lr 1.00e-03
    epoch   91  train 0.52816 (tc 0.43837 hrr 0.29930)  valid 0.73729 (tc 0.61966 hrr 0.39211)  lr 1.00e-03  *
    epoch   93  train 0.52544 (tc 0.43624 hrr 0.29732)  valid 0.73192 (tc 0.61526 hrr 0.38888)  lr 1.00e-03  *
    epoch  100  train 0.51281 (tc 0.42552 hrr 0.29097)  valid 0.73164 (tc 0.61365 hrr 0.39332)  lr 1.00e-03  *
    epoch  104  train 0.50653 (tc 0.42045 hrr 0.28695)  valid 0.72172 (tc 0.60594 hrr 0.38593)  lr 1.00e-03  *
    epoch  106  train 0.50360 (tc 0.41803 hrr 0.28523)  valid 0.71584 (tc 0.60163 hrr 0.38070)  lr 1.00e-03  *
    epoch  110  train 0.49869 (tc 0.41367 hrr 0.28338)  valid 0.72244 (tc 0.61012 hrr 0.37442)  lr 1.00e-03
    epoch  111  train 0.49819 (tc 0.41356 hrr 0.28209)  valid 0.71570 (tc 0.60016 hrr 0.38515)  lr 1.00e-03  *
    epoch  112  train 0.49552 (tc 0.41113 hrr 0.28129)  valid 0.70744 (tc 0.59530 hrr 0.37379)  lr 1.00e-03  *
    epoch  118  train 0.49789 (tc 0.41320 hrr 0.28233)  valid 0.70541 (tc 0.59198 hrr 0.37810)  lr 1.00e-03  *
    epoch  120  train 0.49294 (tc 0.40847 hrr 0.28156)  valid 0.70939 (tc 0.59625 hrr 0.37714)  lr 1.00e-03
    epoch  121  train 0.49082 (tc 0.40730 hrr 0.27840)  valid 0.70211 (tc 0.58940 hrr 0.37569)  lr 1.00e-03  *
    epoch  124  train 0.48599 (tc 0.40331 hrr 0.27558)  valid 0.69821 (tc 0.58772 hrr 0.36829)  lr 1.00e-03  *
    epoch  130  train 0.48094 (tc 0.39978 hrr 0.27052)  valid 0.70243 (tc 0.58857 hrr 0.37956)  lr 1.00e-03
    epoch  131  train 0.48285 (tc 0.40149 hrr 0.27122)  valid 0.69596 (tc 0.58252 hrr 0.37814)  lr 1.00e-03  *
    epoch  134  train 0.47893 (tc 0.39823 hrr 0.26899)  valid 0.68098 (tc 0.57347 hrr 0.35836)  lr 1.00e-03  *
    epoch  135  train 0.47656 (tc 0.39582 hrr 0.26914)  valid 0.67708 (tc 0.57213 hrr 0.34986)  lr 1.00e-03  *
    epoch  137  train 0.47325 (tc 0.39337 hrr 0.26626)  valid 0.67475 (tc 0.56969 hrr 0.35023)  lr 1.00e-03  *
    epoch  138  train 0.47407 (tc 0.39429 hrr 0.26594)  valid 0.67166 (tc 0.56644 hrr 0.35074)  lr 1.00e-03  *
    epoch  140  train 0.46924 (tc 0.39022 hrr 0.26340)  valid 0.67808 (tc 0.57390 hrr 0.34728)  lr 1.00e-03
    epoch  146  train 0.46077 (tc 0.38315 hrr 0.25873)  valid 0.67086 (tc 0.56408 hrr 0.35595)  lr 1.00e-03  *
    epoch  148  train 0.45876 (tc 0.38123 hrr 0.25845)  valid 0.66056 (tc 0.55735 hrr 0.34402)  lr 1.00e-03  *
    epoch  150  train 0.45544 (tc 0.37874 hrr 0.25569)  valid 0.66425 (tc 0.55555 hrr 0.36234)  lr 1.00e-03
    epoch  152  train 0.45197 (tc 0.37565 hrr 0.25440)  valid 0.65725 (tc 0.54950 hrr 0.35917)  lr 1.00e-03  *
    epoch  153  train 0.44898 (tc 0.37285 hrr 0.25375)  valid 0.64685 (tc 0.53852 hrr 0.36109)  lr 1.00e-03  *
    epoch  154  train 0.42926 (tc 0.35260 hrr 0.25553)  valid 0.62665 (tc 0.51827 hrr 0.36127)  lr 1.00e-03  *
    epoch  155  train 0.41283 (tc 0.33625 hrr 0.25529)  valid 0.60483 (tc 0.49770 hrr 0.35709)  lr 1.00e-03  *
    epoch  156  train 0.40195 (tc 0.32553 hrr 0.25472)  valid 0.59678 (tc 0.48957 hrr 0.35736)  lr 1.00e-03  *
    epoch  157  train 0.39328 (tc 0.31726 hrr 0.25338)  valid 0.59128 (tc 0.48441 hrr 0.35626)  lr 1.00e-03  *
    epoch  158  train 0.38774 (tc 0.31193 hrr 0.25269)  valid 0.58133 (tc 0.47412 hrr 0.35739)  lr 1.00e-03  *
    epoch  159  train 0.38322 (tc 0.30762 hrr 0.25201)  valid 0.57878 (tc 0.47232 hrr 0.35485)  lr 1.00e-03  *
    epoch  160  train 0.37982 (tc 0.30445 hrr 0.25123)  valid 0.57714 (tc 0.47119 hrr 0.35315)  lr 1.00e-03  *
    epoch  161  train 0.37709 (tc 0.30186 hrr 0.25076)  valid 0.57463 (tc 0.46828 hrr 0.35450)  lr 1.00e-03  *
    epoch  162  train 0.37488 (tc 0.29969 hrr 0.25063)  valid 0.56996 (tc 0.46441 hrr 0.35185)  lr 1.00e-03  *
    epoch  164  train 0.37149 (tc 0.29622 hrr 0.25088)  valid 0.56611 (tc 0.46158 hrr 0.34846)  lr 1.00e-03  *
    epoch  165  train 0.37132 (tc 0.29621 hrr 0.25036)  valid 0.56557 (tc 0.45945 hrr 0.35373)  lr 1.00e-03  *
    epoch  168  train 0.36893 (tc 0.29421 hrr 0.24906)  valid 0.56176 (tc 0.45672 hrr 0.35011)  lr 1.00e-03  *
    epoch  170  train 0.36688 (tc 0.29258 hrr 0.24768)  valid 0.55976 (tc 0.45361 hrr 0.35381)  lr 1.00e-03  *
    epoch  171  train 0.36586 (tc 0.29171 hrr 0.24719)  valid 0.55690 (tc 0.45197 hrr 0.34976)  lr 1.00e-03  *
    epoch  173  train 0.36347 (tc 0.28967 hrr 0.24599)  valid 0.55560 (tc 0.45207 hrr 0.34510)  lr 1.00e-03  *
    epoch  177  train 0.36078 (tc 0.28733 hrr 0.24483)  valid 0.55489 (tc 0.45058 hrr 0.34772)  lr 1.00e-03  *
    epoch  178  train 0.35953 (tc 0.28625 hrr 0.24426)  valid 0.55332 (tc 0.44927 hrr 0.34682)  lr 1.00e-03  *
    epoch  179  train 0.35900 (tc 0.28585 hrr 0.24384)  valid 0.55193 (tc 0.44767 hrr 0.34753)  lr 1.00e-03  *
    epoch  180  train 0.35818 (tc 0.28512 hrr 0.24352)  valid 0.55267 (tc 0.44841 hrr 0.34753)  lr 1.00e-03
    epoch  181  train 0.35804 (tc 0.28506 hrr 0.24329)  valid 0.54957 (tc 0.44603 hrr 0.34514)  lr 1.00e-03  *
    epoch  182  train 0.35967 (tc 0.28646 hrr 0.24405)  valid 0.54643 (tc 0.44392 hrr 0.34169)  lr 1.00e-03  *
    epoch  183  train 0.35868 (tc 0.28563 hrr 0.24351)  valid 0.54525 (tc 0.44240 hrr 0.34285)  lr 1.00e-03  *
    epoch  190  train 0.35450 (tc 0.28195 hrr 0.24184)  valid 0.54682 (tc 0.44346 hrr 0.34455)  lr 1.00e-03
    epoch  193  train 0.35490 (tc 0.28206 hrr 0.24278)  valid 0.54265 (tc 0.43904 hrr 0.34536)  lr 1.00e-03  *
    epoch  195  train 0.35733 (tc 0.28374 hrr 0.24530)  valid 0.54004 (tc 0.43852 hrr 0.33841)  lr 1.00e-03  *
    epoch  200  train 0.36148 (tc 0.28689 hrr 0.24861)  valid 0.55086 (tc 0.44628 hrr 0.34862)  lr 1.00e-03
    epoch  210  train 0.35227 (tc 0.27972 hrr 0.24185)  valid 0.54360 (tc 0.44129 hrr 0.34101)  lr 1.00e-03
    epoch  211  train 0.34925 (tc 0.27727 hrr 0.23995)  valid 0.53661 (tc 0.43500 hrr 0.33870)  lr 1.00e-03  *
    epoch  214  train 0.35291 (tc 0.28034 hrr 0.24190)  valid 0.53363 (tc 0.43241 hrr 0.33738)  lr 1.00e-03  *
    epoch  218  train 0.35095 (tc 0.27929 hrr 0.23887)  valid 0.53151 (tc 0.42923 hrr 0.34096)  lr 1.00e-03  *
    epoch  220  train 0.35142 (tc 0.27969 hrr 0.23910)  valid 0.54028 (tc 0.43744 hrr 0.34280)  lr 1.00e-03
    epoch  223  train 0.35366 (tc 0.28121 hrr 0.24150)  valid 0.53086 (tc 0.42764 hrr 0.34407)  lr 1.00e-03  *
    epoch  224  train 0.35001 (tc 0.27811 hrr 0.23965)  valid 0.52505 (tc 0.42332 hrr 0.33907)  lr 1.00e-03  *
    epoch  230  train 0.34737 (tc 0.27557 hrr 0.23932)  valid 0.53230 (tc 0.42779 hrr 0.34837)  lr 1.00e-03
    epoch  240  train 0.35595 (tc 0.28070 hrr 0.25084)  valid 0.53233 (tc 0.42914 hrr 0.34397)  lr 5.00e-04
    epoch  243  train 0.34124 (tc 0.26997 hrr 0.23759)  valid 0.52431 (tc 0.42044 hrr 0.34623)  lr 5.00e-04  *
    epoch  246  train 0.33820 (tc 0.26779 hrr 0.23470)  valid 0.52370 (tc 0.42063 hrr 0.34356)  lr 5.00e-04  *
    epoch  247  train 0.33846 (tc 0.26796 hrr 0.23501)  valid 0.52268 (tc 0.42017 hrr 0.34169)  lr 5.00e-04  *
    epoch  248  train 0.33772 (tc 0.26740 hrr 0.23441)  valid 0.52220 (tc 0.42064 hrr 0.33853)  lr 5.00e-04  *
    epoch  249  train 0.33726 (tc 0.26701 hrr 0.23416)  valid 0.52156 (tc 0.41932 hrr 0.34078)  lr 5.00e-04  *
    epoch  250  train 0.33669 (tc 0.26667 hrr 0.23341)  valid 0.52519 (tc 0.42276 hrr 0.34142)  lr 5.00e-04
    epoch  251  train 0.33615 (tc 0.26629 hrr 0.23288)  valid 0.51944 (tc 0.41778 hrr 0.33886)  lr 5.00e-04  *
    epoch  253  train 0.33711 (tc 0.26709 hrr 0.23342)  valid 0.51771 (tc 0.41640 hrr 0.33770)  lr 5.00e-04  *
    epoch  256  train 0.33549 (tc 0.26582 hrr 0.23225)  valid 0.51684 (tc 0.41601 hrr 0.33612)  lr 5.00e-04  *
    epoch  260  train 0.33569 (tc 0.26609 hrr 0.23202)  valid 0.53826 (tc 0.43616 hrr 0.34032)  lr 5.00e-04
    epoch  265  train 0.33852 (tc 0.26877 hrr 0.23249)  valid 0.51268 (tc 0.41478 hrr 0.32633)  lr 5.00e-04  *
    epoch  267  train 0.33767 (tc 0.26771 hrr 0.23320)  valid 0.51086 (tc 0.41165 hrr 0.33069)  lr 5.00e-04  *
    epoch  270  train 0.33550 (tc 0.26599 hrr 0.23171)  valid 0.51550 (tc 0.41571 hrr 0.33262)  lr 5.00e-04
    epoch  280  train 0.33135 (tc 0.26238 hrr 0.22989)  valid 0.51044 (tc 0.41159 hrr 0.32949)  lr 5.00e-04  *
    epoch  282  train 0.33191 (tc 0.26304 hrr 0.22955)  valid 0.50938 (tc 0.41034 hrr 0.33013)  lr 5.00e-04  *
    epoch  284  train 0.33102 (tc 0.26222 hrr 0.22933)  valid 0.50864 (tc 0.40934 hrr 0.33101)  lr 5.00e-04  *
    epoch  287  train 0.33035 (tc 0.26157 hrr 0.22928)  valid 0.50859 (tc 0.40916 hrr 0.33143)  lr 5.00e-04  *
    epoch  290  train 0.33231 (tc 0.26345 hrr 0.22951)  valid 0.51236 (tc 0.41302 hrr 0.33112)  lr 5.00e-04
    epoch  293  train 0.33004 (tc 0.26130 hrr 0.22913)  valid 0.50791 (tc 0.40961 hrr 0.32765)  lr 5.00e-04  *
    epoch  294  train 0.32943 (tc 0.26093 hrr 0.22836)  valid 0.50590 (tc 0.40733 hrr 0.32856)  lr 5.00e-04  *
    epoch  296  train 0.33039 (tc 0.26177 hrr 0.22873)  valid 0.50502 (tc 0.40768 hrr 0.32447)  lr 5.00e-04  *
    epoch  297  train 0.32980 (tc 0.26127 hrr 0.22841)  valid 0.50365 (tc 0.40683 hrr 0.32274)  lr 5.00e-04  *
    epoch  300  train 0.33192 (tc 0.26265 hrr 0.23091)  valid 0.50801 (tc 0.41001 hrr 0.32668)  lr 5.00e-04
    epoch  302  train 0.32926 (tc 0.26071 hrr 0.22848)  valid 0.50104 (tc 0.40694 hrr 0.31368)  lr 5.00e-04  *
    epoch  310  train 0.32806 (tc 0.25984 hrr 0.22741)  valid 0.50549 (tc 0.40531 hrr 0.33393)  lr 5.00e-04
    epoch  320  train 0.32629 (tc 0.25844 hrr 0.22618)  valid 0.50510 (tc 0.40570 hrr 0.33132)  lr 2.50e-04
    epoch  330  train 0.32417 (tc 0.25656 hrr 0.22536)  valid 0.50635 (tc 0.40728 hrr 0.33025)  lr 2.50e-04
    epoch  340  train 0.32345 (tc 0.25602 hrr 0.22477)  valid 0.50761 (tc 0.40838 hrr 0.33075)  lr 1.25e-04
    epoch  350  train 0.32286 (tc 0.25560 hrr 0.22420)  valid 0.50614 (tc 0.40725 hrr 0.32961)  lr 6.25e-05
    epoch  360  train 0.32246 (tc 0.25519 hrr 0.22424)  valid 0.50290 (tc 0.40401 hrr 0.32963)  lr 6.25e-05
    early stop at epoch 362 (best 0.50104 @ 302)
    saved models_part1_bal_s48_r2\part1_member0.pt  (1.9 min)

  === member 2/3 (seed 49) ===
    [sentinel] weights moved after epoch 0: |dW| = 3.2947e+00
    epoch    0  train 1.60625 (tc 1.24481 hrr 1.20479)  valid 1.35788 (tc 1.11318 hrr 0.81567)  lr 1.00e-03  *
    epoch    1  train 1.17841 (tc 0.97963 hrr 0.66263)  valid 1.27794 (tc 1.07586 hrr 0.67361)  lr 1.00e-03  *
    epoch    2  train 1.10131 (tc 0.93094 hrr 0.56792)  valid 1.22457 (tc 1.03478 hrr 0.63263)  lr 1.00e-03  *
    epoch    3  train 1.03643 (tc 0.87940 hrr 0.52343)  valid 1.16527 (tc 0.98640 hrr 0.59623)  lr 1.00e-03  *
    epoch    4  train 0.98947 (tc 0.83966 hrr 0.49936)  valid 1.14074 (tc 0.96764 hrr 0.57700)  lr 1.00e-03  *
    epoch    5  train 0.95943 (tc 0.81488 hrr 0.48182)  valid 1.11487 (tc 0.94358 hrr 0.57099)  lr 1.00e-03  *
    epoch    6  train 0.93029 (tc 0.78695 hrr 0.47781)  valid 1.09084 (tc 0.92193 hrr 0.56304)  lr 1.00e-03  *
    epoch    7  train 0.91637 (tc 0.77436 hrr 0.47336)  valid 1.07161 (tc 0.90394 hrr 0.55890)  lr 1.00e-03  *
    epoch    8  train 0.89447 (tc 0.75447 hrr 0.46667)  valid 1.05394 (tc 0.88830 hrr 0.55215)  lr 1.00e-03  *
    epoch    9  train 0.87723 (tc 0.74078 hrr 0.45481)  valid 1.03251 (tc 0.87129 hrr 0.53740)  lr 1.00e-03  *
    epoch   10  train 0.86213 (tc 0.72906 hrr 0.44355)  valid 1.03649 (tc 0.87651 hrr 0.53325)  lr 1.00e-03
    epoch   12  train 0.84896 (tc 0.71707 hrr 0.43963)  valid 1.01747 (tc 0.86020 hrr 0.52425)  lr 1.00e-03  *
    epoch   15  train 0.81950 (tc 0.69345 hrr 0.42018)  valid 1.00800 (tc 0.85602 hrr 0.50658)  lr 1.00e-03  *
    epoch   17  train 0.81111 (tc 0.68755 hrr 0.41186)  valid 0.98600 (tc 0.83477 hrr 0.50410)  lr 1.00e-03  *
    epoch   19  train 0.78584 (tc 0.66517 hrr 0.40225)  valid 0.96959 (tc 0.82317 hrr 0.48807)  lr 1.00e-03  *
    epoch   20  train 0.77594 (tc 0.65779 hrr 0.39384)  valid 0.99084 (tc 0.84555 hrr 0.48431)  lr 1.00e-03
    epoch   22  train 0.76955 (tc 0.65206 hrr 0.39162)  valid 0.95863 (tc 0.81349 hrr 0.48378)  lr 1.00e-03  *
    epoch   23  train 0.75919 (tc 0.64285 hrr 0.38778)  valid 0.95394 (tc 0.80952 hrr 0.48140)  lr 1.00e-03  *
    epoch   30  train 0.71436 (tc 0.60400 hrr 0.36787)  valid 0.96254 (tc 0.82127 hrr 0.47091)  lr 1.00e-03
    epoch   32  train 0.69581 (tc 0.58767 hrr 0.36050)  valid 0.93970 (tc 0.80261 hrr 0.45697)  lr 1.00e-03  *
    epoch   33  train 0.69152 (tc 0.58278 hrr 0.36248)  valid 0.93723 (tc 0.79615 hrr 0.47027)  lr 1.00e-03  *
    epoch   34  train 0.68759 (tc 0.57929 hrr 0.36099)  valid 0.93209 (tc 0.79631 hrr 0.45258)  lr 1.00e-03  *
    epoch   35  train 0.68487 (tc 0.57699 hrr 0.35960)  valid 0.92293 (tc 0.78586 hrr 0.45689)  lr 1.00e-03  *
    epoch   40  train 0.65859 (tc 0.55324 hrr 0.35117)  valid 0.92521 (tc 0.79098 hrr 0.44746)  lr 1.00e-03
    epoch   42  train 0.63845 (tc 0.53550 hrr 0.34318)  valid 0.91286 (tc 0.77634 hrr 0.45508)  lr 1.00e-03  *
    epoch   43  train 0.63355 (tc 0.53128 hrr 0.34090)  valid 0.89415 (tc 0.76051 hrr 0.44546)  lr 1.00e-03  *
    epoch   47  train 0.60809 (tc 0.50786 hrr 0.33409)  valid 0.87636 (tc 0.74606 hrr 0.43434)  lr 1.00e-03  *
    epoch   49  train 0.59617 (tc 0.49690 hrr 0.33089)  valid 0.86577 (tc 0.73365 hrr 0.44040)  lr 1.00e-03  *
    epoch   50  train 0.58966 (tc 0.49040 hrr 0.33087)  valid 0.86404 (tc 0.73346 hrr 0.43524)  lr 1.00e-03  *
    epoch   51  train 0.58443 (tc 0.48597 hrr 0.32819)  valid 0.84874 (tc 0.71971 hrr 0.43013)  lr 1.00e-03  *
    epoch   52  train 0.57901 (tc 0.48086 hrr 0.32716)  valid 0.84219 (tc 0.71376 hrr 0.42809)  lr 1.00e-03  *
    epoch   54  train 0.57006 (tc 0.47200 hrr 0.32684)  valid 0.83854 (tc 0.70545 hrr 0.44362)  lr 1.00e-03  *
    epoch   56  train 0.55522 (tc 0.45822 hrr 0.32333)  valid 0.82249 (tc 0.69406 hrr 0.42810)  lr 1.00e-03  *
    epoch   58  train 0.54309 (tc 0.44677 hrr 0.32107)  valid 0.79486 (tc 0.66674 hrr 0.42710)  lr 1.00e-03  *
    epoch   60  train 0.52973 (tc 0.43471 hrr 0.31674)  valid 0.80293 (tc 0.67515 hrr 0.42592)  lr 1.00e-03
    epoch   62  train 0.52128 (tc 0.42615 hrr 0.31709)  valid 0.77457 (tc 0.64423 hrr 0.43448)  lr 1.00e-03  *
    epoch   63  train 0.51441 (tc 0.41916 hrr 0.31748)  valid 0.76996 (tc 0.64247 hrr 0.42496)  lr 1.00e-03  *
    epoch   66  train 0.49874 (tc 0.40457 hrr 0.31393)  valid 0.75313 (tc 0.62755 hrr 0.41861)  lr 1.00e-03  *
    epoch   68  train 0.48605 (tc 0.39300 hrr 0.31017)  valid 0.75119 (tc 0.62512 hrr 0.42025)  lr 1.00e-03  *
    epoch   69  train 0.47929 (tc 0.38673 hrr 0.30853)  valid 0.72622 (tc 0.60201 hrr 0.41403)  lr 1.00e-03  *
    epoch   70  train 0.47523 (tc 0.38258 hrr 0.30884)  valid 0.73477 (tc 0.60737 hrr 0.42467)  lr 1.00e-03
    epoch   75  train 0.46079 (tc 0.36901 hrr 0.30593)  valid 0.71090 (tc 0.58828 hrr 0.40871)  lr 1.00e-03  *
    epoch   76  train 0.45542 (tc 0.36419 hrr 0.30409)  valid 0.71047 (tc 0.58713 hrr 0.41114)  lr 1.00e-03  *
    epoch   77  train 0.44928 (tc 0.35866 hrr 0.30207)  valid 0.70950 (tc 0.58407 hrr 0.41812)  lr 1.00e-03  *
    epoch   78  train 0.44569 (tc 0.35528 hrr 0.30135)  valid 0.69784 (tc 0.57286 hrr 0.41662)  lr 1.00e-03  *
    epoch   79  train 0.44055 (tc 0.35016 hrr 0.30129)  valid 0.68974 (tc 0.56483 hrr 0.41636)  lr 1.00e-03  *
    epoch   80  train 0.43619 (tc 0.34610 hrr 0.30028)  valid 0.69557 (tc 0.57099 hrr 0.41528)  lr 1.00e-03
    epoch   81  train 0.43157 (tc 0.34172 hrr 0.29950)  valid 0.68636 (tc 0.56204 hrr 0.41441)  lr 1.00e-03  *
    epoch   82  train 0.42896 (tc 0.33939 hrr 0.29858)  valid 0.67999 (tc 0.55706 hrr 0.40979)  lr 1.00e-03  *
    epoch   86  train 0.41865 (tc 0.33000 hrr 0.29551)  valid 0.67075 (tc 0.54901 hrr 0.40580)  lr 1.00e-03  *
    epoch   88  train 0.41204 (tc 0.32431 hrr 0.29244)  valid 0.67048 (tc 0.54865 hrr 0.40610)  lr 1.00e-03  *
    epoch   89  train 0.41165 (tc 0.32381 hrr 0.29280)  valid 0.66615 (tc 0.54452 hrr 0.40543)  lr 1.00e-03  *
    epoch   90  train 0.40876 (tc 0.32132 hrr 0.29147)  valid 0.67065 (tc 0.54771 hrr 0.40981)  lr 1.00e-03
    epoch   92  train 0.40429 (tc 0.31738 hrr 0.28971)  valid 0.65358 (tc 0.53250 hrr 0.40360)  lr 1.00e-03  *
    epoch   94  train 0.40177 (tc 0.31527 hrr 0.28834)  valid 0.65112 (tc 0.52962 hrr 0.40499)  lr 1.00e-03  *
    epoch   98  train 0.40047 (tc 0.31396 hrr 0.28836)  valid 0.64016 (tc 0.52266 hrr 0.39167)  lr 1.00e-03  *
    epoch   99  train 0.39491 (tc 0.30888 hrr 0.28678)  valid 0.63827 (tc 0.51914 hrr 0.39709)  lr 1.00e-03  *
    epoch  100  train 0.39129 (tc 0.30574 hrr 0.28515)  valid 0.64322 (tc 0.52560 hrr 0.39205)  lr 1.00e-03
    epoch  102  train 0.38676 (tc 0.30203 hrr 0.28244)  valid 0.63418 (tc 0.51471 hrr 0.39824)  lr 1.00e-03  *
    epoch  105  train 0.37777 (tc 0.29404 hrr 0.27910)  valid 0.63015 (tc 0.51028 hrr 0.39958)  lr 1.00e-03  *
    epoch  108  train 0.37530 (tc 0.29169 hrr 0.27868)  valid 0.62731 (tc 0.50981 hrr 0.39167)  lr 1.00e-03  *
    epoch  110  train 0.37369 (tc 0.28978 hrr 0.27968)  valid 0.61847 (tc 0.49984 hrr 0.39545)  lr 1.00e-03  *
    epoch  111  train 0.37071 (tc 0.28759 hrr 0.27706)  valid 0.61568 (tc 0.49996 hrr 0.38573)  lr 1.00e-03  *
    epoch  114  train 0.36865 (tc 0.28551 hrr 0.27714)  valid 0.60828 (tc 0.49202 hrr 0.38753)  lr 1.00e-03  *
    epoch  120  train 0.35727 (tc 0.27687 hrr 0.26801)  valid 0.61202 (tc 0.49488 hrr 0.39047)  lr 1.00e-03
    epoch  121  train 0.35558 (tc 0.27548 hrr 0.26700)  valid 0.60396 (tc 0.48709 hrr 0.38958)  lr 1.00e-03  *
    epoch  123  train 0.35440 (tc 0.27444 hrr 0.26652)  valid 0.60035 (tc 0.48460 hrr 0.38585)  lr 1.00e-03  *
    epoch  126  train 0.35264 (tc 0.27322 hrr 0.26473)  valid 0.59935 (tc 0.48194 hrr 0.39137)  lr 1.00e-03  *
    epoch  127  train 0.35208 (tc 0.27266 hrr 0.26475)  valid 0.59839 (tc 0.48319 hrr 0.38399)  lr 1.00e-03  *
    epoch  130  train 0.35917 (tc 0.27789 hrr 0.27095)  valid 0.62268 (tc 0.49874 hrr 0.41314)  lr 1.00e-03
    epoch  134  train 0.35415 (tc 0.27462 hrr 0.26511)  valid 0.58312 (tc 0.46762 hrr 0.38500)  lr 1.00e-03  *
    epoch  140  train 0.33993 (tc 0.26288 hrr 0.25686)  valid 0.58706 (tc 0.47254 hrr 0.38172)  lr 1.00e-03
    epoch  148  train 0.33451 (tc 0.25827 hrr 0.25412)  valid 0.57387 (tc 0.46099 hrr 0.37626)  lr 1.00e-03  *
    epoch  150  train 0.33493 (tc 0.25877 hrr 0.25385)  valid 0.58455 (tc 0.47019 hrr 0.38120)  lr 1.00e-03
    epoch  155  train 0.33926 (tc 0.26238 hrr 0.25627)  valid 0.57017 (tc 0.45782 hrr 0.37449)  lr 1.00e-03  *
    epoch  158  train 0.33448 (tc 0.25845 hrr 0.25343)  valid 0.55816 (tc 0.44503 hrr 0.37708)  lr 1.00e-03  *
    epoch  160  train 0.33216 (tc 0.25642 hrr 0.25248)  valid 0.58282 (tc 0.46771 hrr 0.38371)  lr 1.00e-03
    epoch  170  train 0.33613 (tc 0.25946 hrr 0.25554)  valid 0.57725 (tc 0.46691 hrr 0.36779)  lr 1.00e-03
    epoch  171  train 0.34012 (tc 0.26184 hrr 0.26095)  valid 0.54759 (tc 0.43968 hrr 0.35971)  lr 1.00e-03  *
    epoch  180  train 0.31763 (tc 0.24422 hrr 0.24468)  valid 0.55470 (tc 0.44378 hrr 0.36972)  lr 1.00e-03
    epoch  190  train 0.31095 (tc 0.23873 hrr 0.24075)  valid 0.56318 (tc 0.45253 hrr 0.36885)  lr 5.00e-04
    epoch  200  train 0.30890 (tc 0.23701 hrr 0.23965)  valid 0.55856 (tc 0.44858 hrr 0.36661)  lr 5.00e-04
    epoch  210  train 0.30536 (tc 0.23385 hrr 0.23837)  valid 0.55231 (tc 0.44208 hrr 0.36743)  lr 2.50e-04
    epoch  220  train 0.30360 (tc 0.23240 hrr 0.23734)  valid 0.55274 (tc 0.44272 hrr 0.36674)  lr 1.25e-04
    epoch  230  train 0.30279 (tc 0.23176 hrr 0.23677)  valid 0.54908 (tc 0.43930 hrr 0.36592)  lr 1.25e-04
    early stop at epoch 231 (best 0.54759 @ 171)
    saved models_part1_bal_s48_r2\part1_member1.pt  (1.2 min)

  === member 3/3 (seed 50) ===
    [sentinel] weights moved after epoch 0: |dW| = 3.3119e+00
    epoch    0  train 1.79631 (tc 1.38962 hrr 1.35565)  valid 1.41490 (tc 1.17890 hrr 0.78665)  lr 1.00e-03  *
    epoch    1  train 1.21123 (tc 1.02609 hrr 0.61714)  valid 1.31262 (tc 1.12206 hrr 0.63520)  lr 1.00e-03  *
    epoch    2  train 1.12547 (tc 0.96273 hrr 0.54248)  valid 1.24438 (tc 1.06208 hrr 0.60768)  lr 1.00e-03  *
    epoch    3  train 1.04689 (tc 0.89212 hrr 0.51591)  valid 1.17498 (tc 0.99825 hrr 0.58911)  lr 1.00e-03  *
    epoch    4  train 0.98712 (tc 0.83795 hrr 0.49723)  valid 1.12318 (tc 0.94894 hrr 0.58079)  lr 1.00e-03  *
    epoch    5  train 0.94611 (tc 0.79807 hrr 0.49345)  valid 1.09758 (tc 0.92323 hrr 0.58116)  lr 1.00e-03  *
    epoch    7  train 0.89930 (tc 0.75884 hrr 0.46822)  valid 1.06852 (tc 0.90222 hrr 0.55436)  lr 1.00e-03  *
    epoch    9  train 0.86338 (tc 0.72760 hrr 0.45261)  valid 1.02127 (tc 0.85955 hrr 0.53908)  lr 1.00e-03  *
    epoch   10  train 0.84854 (tc 0.71399 hrr 0.44850)  valid 1.03397 (tc 0.87207 hrr 0.53967)  lr 1.00e-03
    epoch   13  train 0.81490 (tc 0.68647 hrr 0.42810)  valid 1.00108 (tc 0.84663 hrr 0.51484)  lr 1.00e-03  *
    epoch   15  train 0.80087 (tc 0.67495 hrr 0.41972)  valid 0.99038 (tc 0.83659 hrr 0.51264)  lr 1.00e-03  *
    epoch   18  train 0.78621 (tc 0.66331 hrr 0.40965)  valid 0.98425 (tc 0.83341 hrr 0.50282)  lr 1.00e-03  *
    epoch   19  train 0.78384 (tc 0.66203 hrr 0.40602)  valid 0.97934 (tc 0.83163 hrr 0.49240)  lr 1.00e-03  *
    epoch   20  train 0.76995 (tc 0.65034 hrr 0.39870)  valid 0.98586 (tc 0.83554 hrr 0.50104)  lr 1.00e-03
    epoch   22  train 0.75764 (tc 0.64097 hrr 0.38891)  valid 0.96386 (tc 0.82029 hrr 0.47857)  lr 1.00e-03  *
    epoch   23  train 0.75194 (tc 0.63593 hrr 0.38670)  valid 0.94707 (tc 0.80449 hrr 0.47527)  lr 1.00e-03  *
    epoch   24  train 0.74368 (tc 0.62876 hrr 0.38308)  valid 0.94351 (tc 0.80171 hrr 0.47265)  lr 1.00e-03  *
    epoch   28  train 0.71528 (tc 0.60445 hrr 0.36944)  valid 0.93212 (tc 0.79252 hrr 0.46534)  lr 1.00e-03  *
    epoch   30  train 0.69798 (tc 0.58816 hrr 0.36606)  valid 0.91772 (tc 0.78125 hrr 0.45490)  lr 1.00e-03  *
    epoch   32  train 0.69471 (tc 0.58473 hrr 0.36659)  valid 0.91275 (tc 0.77487 hrr 0.45961)  lr 1.00e-03  *
    epoch   33  train 0.68914 (tc 0.57941 hrr 0.36578)  valid 0.90603 (tc 0.77189 hrr 0.44714)  lr 1.00e-03  *
    epoch   34  train 0.67964 (tc 0.57146 hrr 0.36061)  valid 0.89327 (tc 0.75739 hrr 0.45293)  lr 1.00e-03  *
    epoch   36  train 0.65764 (tc 0.55165 hrr 0.35328)  valid 0.88418 (tc 0.75144 hrr 0.44247)  lr 1.00e-03  *
    epoch   37  train 0.64989 (tc 0.54423 hrr 0.35218)  valid 0.87954 (tc 0.74665 hrr 0.44298)  lr 1.00e-03  *
    epoch   38  train 0.64354 (tc 0.53849 hrr 0.35014)  valid 0.86627 (tc 0.73337 hrr 0.44300)  lr 1.00e-03  *
    epoch   39  train 0.63572 (tc 0.53109 hrr 0.34879)  valid 0.86246 (tc 0.73111 hrr 0.43782)  lr 1.00e-03  *
    epoch   40  train 0.63066 (tc 0.52684 hrr 0.34606)  valid 0.86022 (tc 0.72915 hrr 0.43690)  lr 1.00e-03  *
    epoch   42  train 0.62704 (tc 0.52242 hrr 0.34871)  valid 0.85250 (tc 0.72040 hrr 0.44033)  lr 1.00e-03  *
    epoch   43  train 0.62200 (tc 0.51801 hrr 0.34662)  valid 0.85017 (tc 0.71992 hrr 0.43417)  lr 1.00e-03  *
    epoch   44  train 0.61167 (tc 0.50896 hrr 0.34239)  valid 0.84350 (tc 0.71499 hrr 0.42839)  lr 1.00e-03  *
    epoch   45  train 0.60349 (tc 0.50216 hrr 0.33777)  valid 0.84183 (tc 0.71302 hrr 0.42938)  lr 1.00e-03  *
    epoch   46  train 0.60133 (tc 0.49999 hrr 0.33780)  valid 0.83806 (tc 0.71131 hrr 0.42250)  lr 1.00e-03  *
    epoch   47  train 0.59828 (tc 0.49770 hrr 0.33527)  valid 0.83683 (tc 0.70925 hrr 0.42528)  lr 1.00e-03  *
    epoch   48  train 0.59539 (tc 0.49512 hrr 0.33424)  valid 0.81927 (tc 0.69389 hrr 0.41793)  lr 1.00e-03  *
    epoch   50  train 0.59148 (tc 0.49188 hrr 0.33201)  valid 0.83544 (tc 0.70761 hrr 0.42612)  lr 1.00e-03
    epoch   54  train 0.58889 (tc 0.48899 hrr 0.33298)  valid 0.81266 (tc 0.68690 hrr 0.41921)  lr 1.00e-03  *
    epoch   55  train 0.57953 (tc 0.48112 hrr 0.32806)  valid 0.81238 (tc 0.68717 hrr 0.41737)  lr 1.00e-03  *
    epoch   56  train 0.57472 (tc 0.47695 hrr 0.32591)  valid 0.80522 (tc 0.68113 hrr 0.41364)  lr 1.00e-03  *
    epoch   57  train 0.57385 (tc 0.47617 hrr 0.32563)  valid 0.80468 (tc 0.67818 hrr 0.42165)  lr 1.00e-03  *
    epoch   59  train 0.56842 (tc 0.47151 hrr 0.32301)  valid 0.79848 (tc 0.67534 hrr 0.41047)  lr 1.00e-03  *
    epoch   60  train 0.56533 (tc 0.46877 hrr 0.32187)  valid 0.80421 (tc 0.67937 hrr 0.41613)  lr 1.00e-03
    epoch   62  train 0.56018 (tc 0.46429 hrr 0.31966)  valid 0.79241 (tc 0.67059 hrr 0.40606)  lr 1.00e-03  *
    epoch   63  train 0.55879 (tc 0.46303 hrr 0.31921)  valid 0.78241 (tc 0.65976 hrr 0.40883)  lr 1.00e-03  *
    epoch   68  train 0.55890 (tc 0.46380 hrr 0.31698)  valid 0.77406 (tc 0.65174 hrr 0.40773)  lr 1.00e-03  *
    epoch   70  train 0.54787 (tc 0.45406 hrr 0.31272)  valid 0.77306 (tc 0.65057 hrr 0.40830)  lr 1.00e-03  *
    epoch   73  train 0.55510 (tc 0.46064 hrr 0.31487)  valid 0.76868 (tc 0.64684 hrr 0.40613)  lr 1.00e-03  *
    epoch   76  train 0.53757 (tc 0.44467 hrr 0.30966)  valid 0.76264 (tc 0.64085 hrr 0.40596)  lr 1.00e-03  *
    epoch   77  train 0.53434 (tc 0.44221 hrr 0.30711)  valid 0.76108 (tc 0.63871 hrr 0.40789)  lr 1.00e-03  *
    epoch   78  train 0.53097 (tc 0.43934 hrr 0.30544)  valid 0.76012 (tc 0.64043 hrr 0.39897)  lr 1.00e-03  *
    epoch   79  train 0.52853 (tc 0.43735 hrr 0.30392)  valid 0.75805 (tc 0.63668 hrr 0.40458)  lr 1.00e-03  *
    epoch   80  train 0.52538 (tc 0.43464 hrr 0.30247)  valid 0.74982 (tc 0.63133 hrr 0.39499)  lr 1.00e-03  *
    epoch   88  train 0.52097 (tc 0.43021 hrr 0.30252)  valid 0.74740 (tc 0.62665 hrr 0.40250)  lr 1.00e-03  *
    epoch   89  train 0.51671 (tc 0.42634 hrr 0.30124)  valid 0.74341 (tc 0.62455 hrr 0.39619)  lr 1.00e-03  *
    epoch   90  train 0.51288 (tc 0.42274 hrr 0.30046)  valid 0.72967 (tc 0.61030 hrr 0.39789)  lr 1.00e-03  *
    epoch   91  train 0.50952 (tc 0.41991 hrr 0.29871)  valid 0.71764 (tc 0.60082 hrr 0.38941)  lr 1.00e-03  *
    epoch   96  train 0.49060 (tc 0.40109 hrr 0.29837)  valid 0.70709 (tc 0.58831 hrr 0.39593)  lr 1.00e-03  *
    epoch   97  train 0.47833 (tc 0.38914 hrr 0.29731)  valid 0.67746 (tc 0.56098 hrr 0.38828)  lr 1.00e-03  *
    epoch   98  train 0.46896 (tc 0.38034 hrr 0.29541)  valid 0.67447 (tc 0.55738 hrr 0.39032)  lr 1.00e-03  *
    epoch   99  train 0.46050 (tc 0.37229 hrr 0.29404)  valid 0.66608 (tc 0.55040 hrr 0.38559)  lr 1.00e-03  *
    epoch  100  train 0.45501 (tc 0.36729 hrr 0.29242)  valid 0.66474 (tc 0.54719 hrr 0.39182)  lr 1.00e-03  *
    epoch  101  train 0.45021 (tc 0.36260 hrr 0.29205)  valid 0.65562 (tc 0.53827 hrr 0.39115)  lr 1.00e-03  *
    epoch  102  train 0.44881 (tc 0.36109 hrr 0.29240)  valid 0.64437 (tc 0.52609 hrr 0.39427)  lr 1.00e-03  *
    epoch  105  train 0.43718 (tc 0.35045 hrr 0.28909)  valid 0.64001 (tc 0.52147 hrr 0.39515)  lr 1.00e-03  *
    epoch  107  train 0.43474 (tc 0.34770 hrr 0.29012)  valid 0.63489 (tc 0.51815 hrr 0.38912)  lr 1.00e-03  *
    epoch  109  train 0.43244 (tc 0.34544 hrr 0.29001)  valid 0.63392 (tc 0.51874 hrr 0.38395)  lr 1.00e-03  *
    epoch  110  train 0.42873 (tc 0.34255 hrr 0.28725)  valid 0.63357 (tc 0.51865 hrr 0.38308)  lr 1.00e-03  *
    epoch  112  train 0.42346 (tc 0.33840 hrr 0.28354)  valid 0.63215 (tc 0.51791 hrr 0.38080)  lr 1.00e-03  *
    epoch  113  train 0.42046 (tc 0.33555 hrr 0.28305)  valid 0.62464 (tc 0.50997 hrr 0.38223)  lr 1.00e-03  *
    epoch  118  train 0.41937 (tc 0.33463 hrr 0.28246)  valid 0.62327 (tc 0.50897 hrr 0.38099)  lr 1.00e-03  *
    epoch  120  train 0.41475 (tc 0.33072 hrr 0.28010)  valid 0.62382 (tc 0.50902 hrr 0.38268)  lr 1.00e-03
    epoch  121  train 0.41276 (tc 0.32898 hrr 0.27927)  valid 0.61643 (tc 0.50349 hrr 0.37648)  lr 1.00e-03  *
    epoch  122  train 0.41048 (tc 0.32711 hrr 0.27790)  valid 0.61277 (tc 0.49994 hrr 0.37610)  lr 1.00e-03  *
    epoch  123  train 0.40879 (tc 0.32581 hrr 0.27662)  valid 0.61055 (tc 0.49780 hrr 0.37582)  lr 1.00e-03  *
    epoch  127  train 0.40633 (tc 0.32405 hrr 0.27425)  valid 0.60460 (tc 0.49376 hrr 0.36945)  lr 1.00e-03  *
    epoch  128  train 0.40555 (tc 0.32333 hrr 0.27406)  valid 0.60440 (tc 0.49010 hrr 0.38101)  lr 1.00e-03  *
    epoch  130  train 0.40292 (tc 0.32092 hrr 0.27332)  valid 0.60814 (tc 0.49164 hrr 0.38835)  lr 1.00e-03
    epoch  135  train 0.39778 (tc 0.31651 hrr 0.27089)  valid 0.59653 (tc 0.48235 hrr 0.38060)  lr 1.00e-03  *
    epoch  137  train 0.39612 (tc 0.31506 hrr 0.27018)  valid 0.59160 (tc 0.48177 hrr 0.36607)  lr 1.00e-03  *
    epoch  140  train 0.39503 (tc 0.31422 hrr 0.26937)  valid 0.59623 (tc 0.48763 hrr 0.36200)  lr 1.00e-03
    epoch  150  train 0.38663 (tc 0.30729 hrr 0.26446)  valid 0.58979 (tc 0.48254 hrr 0.35749)  lr 1.00e-03  *
    epoch  152  train 0.38386 (tc 0.30513 hrr 0.26244)  valid 0.58890 (tc 0.47740 hrr 0.37166)  lr 1.00e-03  *
    epoch  153  train 0.38307 (tc 0.30460 hrr 0.26160)  valid 0.58794 (tc 0.47677 hrr 0.37056)  lr 1.00e-03  *
    epoch  154  train 0.38204 (tc 0.30380 hrr 0.26082)  valid 0.58753 (tc 0.47546 hrr 0.37357)  lr 1.00e-03  *
    epoch  157  train 0.38097 (tc 0.30303 hrr 0.25982)  valid 0.58621 (tc 0.47744 hrr 0.36257)  lr 1.00e-03  *
    epoch  159  train 0.37856 (tc 0.30089 hrr 0.25893)  valid 0.58529 (tc 0.47569 hrr 0.36534)  lr 1.00e-03  *
    epoch  160  train 0.37736 (tc 0.29987 hrr 0.25831)  valid 0.58562 (tc 0.47561 hrr 0.36670)  lr 1.00e-03
    epoch  161  train 0.37692 (tc 0.29949 hrr 0.25812)  valid 0.57365 (tc 0.46477 hrr 0.36293)  lr 1.00e-03  *
    epoch  163  train 0.37599 (tc 0.29868 hrr 0.25770)  valid 0.57151 (tc 0.46442 hrr 0.35696)  lr 1.00e-03  *
    epoch  168  train 0.37406 (tc 0.29727 hrr 0.25597)  valid 0.56947 (tc 0.46412 hrr 0.35118)  lr 1.00e-03  *
    epoch  170  train 0.38739 (tc 0.30682 hrr 0.26855)  valid 0.58288 (tc 0.47181 hrr 0.37022)  lr 1.00e-03
    epoch  180  train 0.37249 (tc 0.29612 hrr 0.25457)  valid 0.57438 (tc 0.46984 hrr 0.34848)  lr 1.00e-03
    epoch  185  train 0.36649 (tc 0.29175 hrr 0.24916)  valid 0.56767 (tc 0.46054 hrr 0.35710)  lr 5.00e-04  *
    epoch  186  train 0.36450 (tc 0.28993 hrr 0.24857)  valid 0.56602 (tc 0.45987 hrr 0.35381)  lr 5.00e-04  *
    epoch  188  train 0.36359 (tc 0.28933 hrr 0.24753)  valid 0.56599 (tc 0.45951 hrr 0.35495)  lr 5.00e-04  *
    epoch  190  train 0.36200 (tc 0.28797 hrr 0.24677)  valid 0.56968 (tc 0.46187 hrr 0.35937)  lr 5.00e-04
    epoch  192  train 0.36141 (tc 0.28758 hrr 0.24611)  valid 0.56528 (tc 0.45896 hrr 0.35441)  lr 5.00e-04  *
    epoch  193  train 0.36049 (tc 0.28668 hrr 0.24602)  valid 0.56277 (tc 0.45633 hrr 0.35477)  lr 5.00e-04  *
    epoch  194  train 0.35977 (tc 0.28609 hrr 0.24563)  valid 0.56190 (tc 0.45721 hrr 0.34895)  lr 5.00e-04  *
    epoch  196  train 0.35930 (tc 0.28566 hrr 0.24547)  valid 0.55844 (tc 0.45389 hrr 0.34853)  lr 5.00e-04  *
    epoch  199  train 0.35760 (tc 0.28421 hrr 0.24464)  valid 0.55584 (tc 0.45204 hrr 0.34599)  lr 5.00e-04  *
    epoch  200  train 0.35697 (tc 0.28368 hrr 0.24430)  valid 0.55398 (tc 0.44973 hrr 0.34751)  lr 5.00e-04  *
    epoch  210  train 0.35506 (tc 0.28221 hrr 0.24282)  valid 0.55986 (tc 0.45632 hrr 0.34515)  lr 5.00e-04
    epoch  215  train 0.35611 (tc 0.28315 hrr 0.24322)  valid 0.55173 (tc 0.44635 hrr 0.35125)  lr 5.00e-04  *
    epoch  220  train 0.35193 (tc 0.27956 hrr 0.24124)  valid 0.55314 (tc 0.44511 hrr 0.36012)  lr 5.00e-04
    epoch  222  train 0.35076 (tc 0.27856 hrr 0.24069)  valid 0.54766 (tc 0.44119 hrr 0.35491)  lr 5.00e-04  *
    epoch  224  train 0.35034 (tc 0.27823 hrr 0.24036)  valid 0.54561 (tc 0.44044 hrr 0.35055)  lr 5.00e-04  *
    epoch  230  train 0.34919 (tc 0.27731 hrr 0.23961)  valid 0.55464 (tc 0.44843 hrr 0.35403)  lr 5.00e-04
    epoch  235  train 0.34753 (tc 0.27600 hrr 0.23846)  valid 0.54419 (tc 0.43968 hrr 0.34837)  lr 5.00e-04  *
    epoch  237  train 0.34763 (tc 0.27611 hrr 0.23842)  valid 0.54417 (tc 0.44104 hrr 0.34378)  lr 5.00e-04  *
    epoch  239  train 0.34664 (tc 0.27520 hrr 0.23815)  valid 0.54397 (tc 0.44010 hrr 0.34623)  lr 5.00e-04  *
    epoch  240  train 0.34635 (tc 0.27496 hrr 0.23796)  valid 0.54962 (tc 0.44361 hrr 0.35337)  lr 5.00e-04
    epoch  243  train 0.34524 (tc 0.27404 hrr 0.23731)  valid 0.54336 (tc 0.43917 hrr 0.34730)  lr 5.00e-04  *
    epoch  244  train 0.34491 (tc 0.27381 hrr 0.23701)  valid 0.54150 (tc 0.43808 hrr 0.34475)  lr 5.00e-04  *
    epoch  246  train 0.34517 (tc 0.27407 hrr 0.23700)  valid 0.54145 (tc 0.43701 hrr 0.34812)  lr 5.00e-04  *
    epoch  248  train 0.34471 (tc 0.27374 hrr 0.23658)  valid 0.54066 (tc 0.43783 hrr 0.34276)  lr 5.00e-04  *
    epoch  250  train 0.34417 (tc 0.27327 hrr 0.23635)  valid 0.54059 (tc 0.43807 hrr 0.34172)  lr 5.00e-04  *
    epoch  251  train 0.34427 (tc 0.27342 hrr 0.23615)  valid 0.53809 (tc 0.43688 hrr 0.33738)  lr 5.00e-04  *
    epoch  260  train 0.34639 (tc 0.27542 hrr 0.23657)  valid 0.54603 (tc 0.44389 hrr 0.34046)  lr 5.00e-04
    epoch  270  train 0.34086 (tc 0.27056 hrr 0.23433)  valid 0.54184 (tc 0.44051 hrr 0.33775)  lr 2.50e-04
    epoch  271  train 0.34038 (tc 0.27017 hrr 0.23404)  valid 0.53799 (tc 0.43819 hrr 0.33264)  lr 2.50e-04  *
    epoch  274  train 0.33989 (tc 0.26976 hrr 0.23379)  valid 0.53795 (tc 0.43710 hrr 0.33618)  lr 2.50e-04  *
    epoch  280  train 0.33936 (tc 0.26928 hrr 0.23360)  valid 0.54266 (tc 0.43938 hrr 0.34424)  lr 2.50e-04
    epoch  290  train 0.33799 (tc 0.26820 hrr 0.23262)  valid 0.54384 (tc 0.44021 hrr 0.34543)  lr 1.25e-04
    epoch  300  train 0.33678 (tc 0.26712 hrr 0.23220)  valid 0.54110 (tc 0.43756 hrr 0.34512)  lr 1.25e-04
    epoch  310  train 0.33638 (tc 0.26685 hrr 0.23178)  valid 0.54225 (tc 0.43819 hrr 0.34686)  lr 6.25e-05
    epoch  320  train 0.33610 (tc 0.26658 hrr 0.23173)  valid 0.54440 (tc 0.44021 hrr 0.34732)  lr 3.13e-05
    epoch  330  train 0.33593 (tc 0.26646 hrr 0.23157)  valid 0.54267 (tc 0.43925 hrr 0.34473)  lr 3.13e-05
    early stop at epoch 334 (best 0.53795 @ 274)
    saved models_part1_bal_s48_r2\part1_member2.pt  (1.7 min)

  done. 3 member(s) in models_part1_bal_s48_r2
  next: python evaluate_part1.py --model-dir models_part1_bal_s48_r2
