  device: NVIDIA GeForce RTX 4090

  building dataset ...
  corpus: D:\Bs8414_05052026\Part1\_completed
  184 usable, 2 rejected
    - BS8414_DCLG_Test1_adv_debug: excluded: debug case; Core_MATERIAL HEAT_OF_REACTION=1500 vs 2300 in every other DCLG_Test1_adv deck, so it is a different system under the same name
    - BS8414_DCLG_Test7: excluded: declares insulation system PF like 33 other decks, but its Phenolic_Foam MATL is inert - HEAT_OF_REACTION absent (0 kJ/kg) with REFERENCE_TEMPERATURE=429 degC - where every other PF deck decomposes at HEAT_OF_REACTION=400 with no explicit reference temperature (cp 1.2 vs 1.5, k 0.020 vs 0.022, rho 32 vs 39). Same defect class as the debug case above: a different system under the same name. Found 2026-08-19 by explain_part1.check_group_determinism, which verifies that an insulation id fixes its material block; this was the only violation in 185 cases
  params (184, 16)  tc (184, 181, 16)  hrr (184, 181, 5)
  partial: BS8414_HPL_WC_noair_nogap (180/181 steps, padded+masked)

  split mode: hash
    train  141 sims  40 systems  8/8 geometries
    valid   20 sims  16 systems  8/8 geometries
    test    23 sims  20 systems  8/8 geometries

  target: 16 thermocouples (External_LV1 x8 + External_LV2 x8)
          5 HRR channels (HRR, Q_RADI, Q_CONV, Q_COND, Q_TOTAL)
  model:  MLP-Attention-LSTM (Part1, KAN ablation control)
  loss:   tc + 0.3 * hrr  (no weight penalty)
  physics constraints: off

  === member 1/3 (seed 42) ===
    [sentinel] weights moved after epoch 0: |dW| = 3.2321e+00
    epoch    0  train 1.86396 (tc 1.43355 hrr 1.43469)  valid 1.43004 (tc 1.18255 hrr 0.82499)  lr 1.00e-03  *
    epoch    1  train 1.15900 (tc 0.97507 hrr 0.61310)  valid 1.24211 (tc 1.04778 hrr 0.64777)  lr 1.00e-03  *
    epoch    2  train 1.05543 (tc 0.89349 hrr 0.53982)  valid 1.18277 (tc 0.99677 hrr 0.61999)  lr 1.00e-03  *
    epoch    3  train 0.99792 (tc 0.84159 hrr 0.52108)  valid 1.13509 (tc 0.95582 hrr 0.59757)  lr 1.00e-03  *
    epoch    4  train 0.95969 (tc 0.80908 hrr 0.50201)  valid 1.09980 (tc 0.92377 hrr 0.58676)  lr 1.00e-03  *
    epoch    5  train 0.92531 (tc 0.77761 hrr 0.49232)  valid 1.07743 (tc 0.90409 hrr 0.57779)  lr 1.00e-03  *
    epoch    6  train 0.89857 (tc 0.75447 hrr 0.48034)  valid 1.07221 (tc 0.90010 hrr 0.57367)  lr 1.00e-03  *
    epoch    7  train 0.88331 (tc 0.74195 hrr 0.47117)  valid 1.03970 (tc 0.87207 hrr 0.55878)  lr 1.00e-03  *
    epoch    8  train 0.86214 (tc 0.72272 hrr 0.46472)  valid 1.03138 (tc 0.86435 hrr 0.55677)  lr 1.00e-03  *
    epoch    9  train 0.83870 (tc 0.70083 hrr 0.45957)  valid 1.01089 (tc 0.84738 hrr 0.54503)  lr 1.00e-03  *
    epoch   10  train 0.81084 (tc 0.67478 hrr 0.45353)  valid 0.98069 (tc 0.81753 hrr 0.54387)  lr 1.00e-03  *
    epoch   11  train 0.78537 (tc 0.65032 hrr 0.45014)  valid 0.95259 (tc 0.78977 hrr 0.54275)  lr 1.00e-03  *
    epoch   12  train 0.76593 (tc 0.63180 hrr 0.44711)  valid 0.95020 (tc 0.78610 hrr 0.54700)  lr 1.00e-03  *
    epoch   13  train 0.75184 (tc 0.61909 hrr 0.44248)  valid 0.92739 (tc 0.76538 hrr 0.54004)  lr 1.00e-03  *
    epoch   15  train 0.74696 (tc 0.61508 hrr 0.43960)  valid 0.92491 (tc 0.76502 hrr 0.53297)  lr 1.00e-03  *
    epoch   17  train 0.72925 (tc 0.60075 hrr 0.42833)  valid 0.90362 (tc 0.74775 hrr 0.51957)  lr 1.00e-03  *
    epoch   20  train 0.70629 (tc 0.58080 hrr 0.41831)  valid 0.90463 (tc 0.75164 hrr 0.50998)  lr 1.00e-03
    epoch   21  train 0.70031 (tc 0.57623 hrr 0.41360)  valid 0.88939 (tc 0.73690 hrr 0.50829)  lr 1.00e-03  *
    epoch   22  train 0.69144 (tc 0.56873 hrr 0.40904)  valid 0.88736 (tc 0.73629 hrr 0.50357)  lr 1.00e-03  *
    epoch   23  train 0.68545 (tc 0.56405 hrr 0.40466)  valid 0.87942 (tc 0.72981 hrr 0.49868)  lr 1.00e-03  *
    epoch   25  train 0.69344 (tc 0.57123 hrr 0.40737)  valid 0.87554 (tc 0.72648 hrr 0.49689)  lr 1.00e-03  *
    epoch   28  train 0.68126 (tc 0.56254 hrr 0.39571)  valid 0.85570 (tc 0.71175 hrr 0.47983)  lr 1.00e-03  *
    epoch   30  train 0.67271 (tc 0.55447 hrr 0.39413)  valid 0.88178 (tc 0.73631 hrr 0.48492)  lr 1.00e-03
    epoch   35  train 0.65282 (tc 0.53800 hrr 0.38272)  valid 0.85390 (tc 0.71166 hrr 0.47412)  lr 1.00e-03  *
    epoch   38  train 0.63849 (tc 0.52694 hrr 0.37184)  valid 0.83972 (tc 0.70250 hrr 0.45740)  lr 1.00e-03  *
    epoch   40  train 0.62324 (tc 0.51443 hrr 0.36270)  valid 0.85657 (tc 0.71821 hrr 0.46120)  lr 1.00e-03
    epoch   49  train 0.60229 (tc 0.49706 hrr 0.35075)  valid 0.82916 (tc 0.69702 hrr 0.44047)  lr 1.00e-03  *
    epoch   50  train 0.60369 (tc 0.49800 hrr 0.35229)  valid 0.81982 (tc 0.68491 hrr 0.44967)  lr 1.00e-03  *
    epoch   53  train 0.59707 (tc 0.49223 hrr 0.34946)  valid 0.80559 (tc 0.67382 hrr 0.43924)  lr 1.00e-03  *
    epoch   54  train 0.59871 (tc 0.49475 hrr 0.34654)  valid 0.80274 (tc 0.67251 hrr 0.43412)  lr 1.00e-03  *
    epoch   55  train 0.59407 (tc 0.49133 hrr 0.34247)  valid 0.79457 (tc 0.66448 hrr 0.43364)  lr 1.00e-03  *
    epoch   60  train 0.57440 (tc 0.47457 hrr 0.33277)  valid 0.79632 (tc 0.66209 hrr 0.44742)  lr 1.00e-03
    epoch   61  train 0.57446 (tc 0.47502 hrr 0.33146)  valid 0.79401 (tc 0.66219 hrr 0.43937)  lr 1.00e-03  *
    epoch   63  train 0.57945 (tc 0.47976 hrr 0.33232)  valid 0.77769 (tc 0.65144 hrr 0.42085)  lr 1.00e-03  *
    epoch   68  train 0.56917 (tc 0.47108 hrr 0.32696)  valid 0.77372 (tc 0.64873 hrr 0.41665)  lr 1.00e-03  *
    epoch   70  train 0.55879 (tc 0.46280 hrr 0.31998)  valid 0.76557 (tc 0.63918 hrr 0.42132)  lr 1.00e-03  *
    epoch   73  train 0.55714 (tc 0.46166 hrr 0.31825)  valid 0.76488 (tc 0.63805 hrr 0.42276)  lr 1.00e-03  *
    epoch   76  train 0.55149 (tc 0.45714 hrr 0.31449)  valid 0.76128 (tc 0.63654 hrr 0.41578)  lr 1.00e-03  *
    epoch   78  train 0.54871 (tc 0.45549 hrr 0.31075)  valid 0.75847 (tc 0.63650 hrr 0.40658)  lr 1.00e-03  *
    epoch   80  train 0.54416 (tc 0.45177 hrr 0.30796)  valid 0.75045 (tc 0.62747 hrr 0.40995)  lr 1.00e-03  *
    epoch   82  train 0.54299 (tc 0.45115 hrr 0.30613)  valid 0.74542 (tc 0.62319 hrr 0.40743)  lr 1.00e-03  *
    epoch   88  train 0.54636 (tc 0.45302 hrr 0.31114)  valid 0.74318 (tc 0.61998 hrr 0.41067)  lr 1.00e-03  *
    epoch   90  train 0.53600 (tc 0.44553 hrr 0.30155)  valid 0.74103 (tc 0.61742 hrr 0.41205)  lr 1.00e-03  *
    epoch   93  train 0.53696 (tc 0.44551 hrr 0.30484)  valid 0.73395 (tc 0.61691 hrr 0.39014)  lr 1.00e-03  *
    epoch   94  train 0.53296 (tc 0.44251 hrr 0.30151)  valid 0.72416 (tc 0.60837 hrr 0.38597)  lr 1.00e-03  *
    epoch   97  train 0.52599 (tc 0.43817 hrr 0.29274)  valid 0.72088 (tc 0.60128 hrr 0.39867)  lr 1.00e-03  *
    epoch  100  train 0.52761 (tc 0.43982 hrr 0.29262)  valid 0.72818 (tc 0.61121 hrr 0.38987)  lr 1.00e-03
    epoch  110  train 0.52393 (tc 0.43799 hrr 0.28644)  valid 0.73074 (tc 0.60663 hrr 0.41370)  lr 1.00e-03
    epoch  112  train 0.51425 (tc 0.42928 hrr 0.28325)  valid 0.70681 (tc 0.59289 hrr 0.37974)  lr 1.00e-03  *
    epoch  117  train 0.51799 (tc 0.43409 hrr 0.27967)  valid 0.70304 (tc 0.59294 hrr 0.36701)  lr 1.00e-03  *
    epoch  120  train 0.51604 (tc 0.43247 hrr 0.27858)  valid 0.72487 (tc 0.60704 hrr 0.39277)  lr 1.00e-03
    epoch  124  train 0.50565 (tc 0.42405 hrr 0.27201)  valid 0.69697 (tc 0.58615 hrr 0.36941)  lr 1.00e-03  *
    epoch  127  train 0.49894 (tc 0.41869 hrr 0.26751)  valid 0.68792 (tc 0.57949 hrr 0.36145)  lr 1.00e-03  *
    epoch  130  train 0.50219 (tc 0.42169 hrr 0.26833)  valid 0.70912 (tc 0.59483 hrr 0.38097)  lr 1.00e-03
    epoch  140  train 0.48496 (tc 0.40810 hrr 0.25619)  valid 0.69370 (tc 0.58645 hrr 0.35752)  lr 1.00e-03
    epoch  145  train 0.48233 (tc 0.40664 hrr 0.25229)  valid 0.68219 (tc 0.57980 hrr 0.34132)  lr 5.00e-04  *
    epoch  146  train 0.48092 (tc 0.40542 hrr 0.25168)  valid 0.68051 (tc 0.57752 hrr 0.34330)  lr 5.00e-04  *
    epoch  150  train 0.47898 (tc 0.40421 hrr 0.24923)  valid 0.68564 (tc 0.58221 hrr 0.34479)  lr 5.00e-04
    epoch  151  train 0.47821 (tc 0.40350 hrr 0.24905)  valid 0.68046 (tc 0.57789 hrr 0.34190)  lr 5.00e-04  *
    epoch  152  train 0.47779 (tc 0.40320 hrr 0.24861)  valid 0.67938 (tc 0.57714 hrr 0.34082)  lr 5.00e-04  *
    epoch  153  train 0.47736 (tc 0.40296 hrr 0.24802)  valid 0.67772 (tc 0.57633 hrr 0.33794)  lr 5.00e-04  *
    epoch  154  train 0.47682 (tc 0.40260 hrr 0.24738)  valid 0.67742 (tc 0.57581 hrr 0.33868)  lr 5.00e-04  *
    epoch  160  train 0.47477 (tc 0.40100 hrr 0.24592)  valid 0.68660 (tc 0.58314 hrr 0.34487)  lr 5.00e-04
    epoch  163  train 0.47472 (tc 0.40113 hrr 0.24529)  valid 0.67738 (tc 0.57523 hrr 0.34050)  lr 5.00e-04  *
    epoch  164  train 0.47377 (tc 0.40045 hrr 0.24440)  valid 0.67686 (tc 0.57453 hrr 0.34110)  lr 5.00e-04  *
    epoch  167  train 0.47275 (tc 0.39959 hrr 0.24387)  valid 0.67564 (tc 0.57376 hrr 0.33960)  lr 5.00e-04  *
    epoch  168  train 0.47186 (tc 0.39893 hrr 0.24308)  valid 0.67373 (tc 0.57213 hrr 0.33868)  lr 5.00e-04  *
    epoch  169  train 0.47144 (tc 0.39857 hrr 0.24291)  valid 0.66955 (tc 0.56864 hrr 0.33637)  lr 5.00e-04  *
    epoch  170  train 0.47112 (tc 0.39843 hrr 0.24230)  valid 0.67084 (tc 0.56913 hrr 0.33903)  lr 5.00e-04
    epoch  172  train 0.47054 (tc 0.39803 hrr 0.24172)  valid 0.66702 (tc 0.56861 hrr 0.32802)  lr 5.00e-04  *
    epoch  173  train 0.47015 (tc 0.39777 hrr 0.24125)  valid 0.66510 (tc 0.56577 hrr 0.33113)  lr 5.00e-04  *
    epoch  177  train 0.46933 (tc 0.39724 hrr 0.24029)  valid 0.66503 (tc 0.56754 hrr 0.32495)  lr 5.00e-04  *
    epoch  179  train 0.46852 (tc 0.39665 hrr 0.23958)  valid 0.66137 (tc 0.56440 hrr 0.32324)  lr 5.00e-04  *
    epoch  180  train 0.46888 (tc 0.39706 hrr 0.23938)  valid 0.66590 (tc 0.56695 hrr 0.32981)  lr 5.00e-04
    epoch  189  train 0.46503 (tc 0.39392 hrr 0.23704)  valid 0.65944 (tc 0.56095 hrr 0.32828)  lr 5.00e-04  *
    epoch  190  train 0.46483 (tc 0.39383 hrr 0.23667)  valid 0.65775 (tc 0.56060 hrr 0.32381)  lr 5.00e-04  *
    epoch  191  train 0.46491 (tc 0.39379 hrr 0.23707)  valid 0.65158 (tc 0.55626 hrr 0.31774)  lr 5.00e-04  *
    epoch  197  train 0.46362 (tc 0.39308 hrr 0.23514)  valid 0.65028 (tc 0.55564 hrr 0.31547)  lr 5.00e-04  *
    epoch  200  train 0.46277 (tc 0.39243 hrr 0.23447)  valid 0.67294 (tc 0.57333 hrr 0.33201)  lr 5.00e-04
    epoch  210  train 0.46109 (tc 0.39144 hrr 0.23217)  valid 0.65516 (tc 0.55908 hrr 0.32025)  lr 5.00e-04
    epoch  220  train 0.45917 (tc 0.38972 hrr 0.23150)  valid 0.66799 (tc 0.56838 hrr 0.33204)  lr 2.50e-04
    epoch  230  train 0.45668 (tc 0.38800 hrr 0.22894)  valid 0.67188 (tc 0.57374 hrr 0.32712)  lr 1.25e-04
    epoch  240  train 0.45562 (tc 0.38714 hrr 0.22826)  valid 0.65719 (tc 0.56149 hrr 0.31898)  lr 1.25e-04
    epoch  250  train 0.45496 (tc 0.38664 hrr 0.22773)  valid 0.66156 (tc 0.56496 hrr 0.32200)  lr 6.25e-05
    early stop at epoch 257 (best 0.65028 @ 197)
    saved models_part1_fix184_a4\part1_member0.pt  (1.2 min)

  === member 2/3 (seed 43) ===
    [sentinel] weights moved after epoch 0: |dW| = 3.2484e+00
    epoch    0  train 1.79579 (tc 1.44210 hrr 1.17897)  valid 1.45433 (tc 1.22337 hrr 0.76984)  lr 1.00e-03  *
    epoch    1  train 1.19651 (tc 1.01486 hrr 0.60547)  valid 1.30093 (tc 1.11790 hrr 0.61010)  lr 1.00e-03  *
    epoch    2  train 1.11556 (tc 0.95515 hrr 0.53470)  valid 1.23187 (tc 1.05313 hrr 0.59580)  lr 1.00e-03  *
    epoch    3  train 1.06831 (tc 0.91447 hrr 0.51278)  valid 1.18940 (tc 1.01444 hrr 0.58318)  lr 1.00e-03  *
    epoch    5  train 1.00579 (tc 0.86129 hrr 0.48166)  valid 1.14883 (tc 0.97980 hrr 0.56344)  lr 1.00e-03  *
    epoch    6  train 0.98225 (tc 0.84032 hrr 0.47307)  valid 1.11636 (tc 0.95169 hrr 0.54888)  lr 1.00e-03  *
    epoch    7  train 0.94586 (tc 0.80468 hrr 0.47060)  valid 1.10011 (tc 0.93360 hrr 0.55504)  lr 1.00e-03  *
    epoch    8  train 0.91845 (tc 0.78047 hrr 0.45994)  valid 1.06194 (tc 0.90130 hrr 0.53548)  lr 1.00e-03  *
    epoch   10  train 0.86639 (tc 0.73303 hrr 0.44455)  valid 1.04462 (tc 0.88274 hrr 0.53959)  lr 1.00e-03  *
    epoch   11  train 0.84242 (tc 0.70834 hrr 0.44694)  valid 1.01442 (tc 0.85747 hrr 0.52314)  lr 1.00e-03  *
    epoch   12  train 0.81881 (tc 0.68606 hrr 0.44252)  valid 0.99207 (tc 0.83714 hrr 0.51645)  lr 1.00e-03  *
    epoch   13  train 0.79532 (tc 0.66594 hrr 0.43128)  valid 0.96244 (tc 0.81038 hrr 0.50687)  lr 1.00e-03  *
    epoch   15  train 0.76334 (tc 0.63636 hrr 0.42328)  valid 0.94666 (tc 0.79426 hrr 0.50800)  lr 1.00e-03  *
    epoch   16  train 0.75220 (tc 0.62506 hrr 0.42377)  valid 0.91385 (tc 0.76718 hrr 0.48890)  lr 1.00e-03  *
    epoch   17  train 0.74097 (tc 0.61630 hrr 0.41558)  valid 0.90338 (tc 0.75738 hrr 0.48667)  lr 1.00e-03  *
    epoch   18  train 0.73296 (tc 0.61021 hrr 0.40918)  valid 0.90098 (tc 0.75339 hrr 0.49197)  lr 1.00e-03  *
    epoch   20  train 0.71545 (tc 0.59543 hrr 0.40009)  valid 0.89302 (tc 0.74995 hrr 0.47690)  lr 1.00e-03  *
    epoch   21  train 0.70593 (tc 0.58716 hrr 0.39590)  valid 0.88238 (tc 0.73974 hrr 0.47547)  lr 1.00e-03  *
    epoch   23  train 0.69041 (tc 0.57412 hrr 0.38764)  valid 0.88091 (tc 0.74027 hrr 0.46879)  lr 1.00e-03  *
    epoch   24  train 0.68982 (tc 0.57484 hrr 0.38328)  valid 0.87204 (tc 0.73224 hrr 0.46601)  lr 1.00e-03  *
    epoch   25  train 0.68489 (tc 0.57038 hrr 0.38171)  valid 0.86404 (tc 0.72723 hrr 0.45605)  lr 1.00e-03  *
    epoch   26  train 0.68218 (tc 0.56931 hrr 0.37622)  valid 0.86260 (tc 0.72536 hrr 0.45747)  lr 1.00e-03  *
    epoch   27  train 0.66990 (tc 0.55805 hrr 0.37284)  valid 0.85849 (tc 0.72281 hrr 0.45226)  lr 1.00e-03  *
    epoch   30  train 0.65869 (tc 0.54834 hrr 0.36783)  valid 0.84661 (tc 0.71112 hrr 0.45163)  lr 1.00e-03  *
    epoch   34  train 0.64439 (tc 0.53524 hrr 0.36383)  valid 0.84622 (tc 0.71060 hrr 0.45205)  lr 1.00e-03  *
    epoch   36  train 0.63722 (tc 0.52995 hrr 0.35757)  valid 0.84013 (tc 0.70533 hrr 0.44934)  lr 1.00e-03  *
    epoch   37  train 0.63454 (tc 0.52793 hrr 0.35536)  valid 0.83712 (tc 0.70420 hrr 0.44307)  lr 1.00e-03  *
    epoch   40  train 0.62636 (tc 0.52118 hrr 0.35058)  valid 0.84033 (tc 0.70889 hrr 0.43814)  lr 1.00e-03
    epoch   42  train 0.63737 (tc 0.52964 hrr 0.35909)  valid 0.83551 (tc 0.70330 hrr 0.44071)  lr 1.00e-03  *
    epoch   43  train 0.62955 (tc 0.52246 hrr 0.35698)  valid 0.82510 (tc 0.69372 hrr 0.43794)  lr 1.00e-03  *
    epoch   50  train 0.61304 (tc 0.51033 hrr 0.34239)  valid 0.81581 (tc 0.68778 hrr 0.42676)  lr 1.00e-03  *
    epoch   51  train 0.60431 (tc 0.50284 hrr 0.33824)  valid 0.80985 (tc 0.68158 hrr 0.42757)  lr 1.00e-03  *
    epoch   53  train 0.59662 (tc 0.49566 hrr 0.33653)  valid 0.79488 (tc 0.67163 hrr 0.41084)  lr 1.00e-03  *
    epoch   60  train 0.57961 (tc 0.48183 hrr 0.32594)  valid 0.78144 (tc 0.65833 hrr 0.41038)  lr 1.00e-03  *
    epoch   62  train 0.57261 (tc 0.47636 hrr 0.32085)  valid 0.77964 (tc 0.65843 hrr 0.40405)  lr 1.00e-03  *
    epoch   70  train 0.57384 (tc 0.47555 hrr 0.32763)  valid 0.80054 (tc 0.67356 hrr 0.42324)  lr 1.00e-03
    epoch   74  train 0.56237 (tc 0.46778 hrr 0.31530)  valid 0.77781 (tc 0.65714 hrr 0.40223)  lr 1.00e-03  *
    epoch   76  train 0.55347 (tc 0.46019 hrr 0.31091)  valid 0.77484 (tc 0.65159 hrr 0.41083)  lr 1.00e-03  *
    epoch   77  train 0.55273 (tc 0.45931 hrr 0.31141)  valid 0.76798 (tc 0.64785 hrr 0.40045)  lr 1.00e-03  *
    epoch   80  train 0.54634 (tc 0.45403 hrr 0.30767)  valid 0.77209 (tc 0.65035 hrr 0.40580)  lr 1.00e-03
    epoch   83  train 0.53971 (tc 0.44863 hrr 0.30359)  valid 0.76582 (tc 0.64560 hrr 0.40073)  lr 1.00e-03  *
    epoch   84  train 0.53923 (tc 0.44834 hrr 0.30296)  valid 0.75897 (tc 0.64060 hrr 0.39455)  lr 1.00e-03  *
    epoch   90  train 0.54045 (tc 0.44976 hrr 0.30231)  valid 0.75489 (tc 0.63296 hrr 0.40643)  lr 1.00e-03  *
    epoch   91  train 0.53476 (tc 0.44486 hrr 0.29964)  valid 0.74530 (tc 0.62871 hrr 0.38862)  lr 1.00e-03  *
    epoch   93  train 0.53099 (tc 0.44163 hrr 0.29789)  valid 0.74478 (tc 0.62760 hrr 0.39058)  lr 1.00e-03  *
    epoch   95  train 0.53082 (tc 0.44150 hrr 0.29773)  valid 0.73424 (tc 0.62097 hrr 0.37756)  lr 1.00e-03  *
    epoch  100  train 0.53500 (tc 0.44582 hrr 0.29726)  valid 0.74270 (tc 0.62603 hrr 0.38889)  lr 1.00e-03
    epoch  102  train 0.52533 (tc 0.43765 hrr 0.29228)  valid 0.72760 (tc 0.61436 hrr 0.37749)  lr 1.00e-03  *
    epoch  110  train 0.52103 (tc 0.43396 hrr 0.29023)  valid 0.73239 (tc 0.61845 hrr 0.37979)  lr 1.00e-03
    epoch  111  train 0.51609 (tc 0.42939 hrr 0.28900)  valid 0.71952 (tc 0.60805 hrr 0.37155)  lr 1.00e-03  *
    epoch  120  train 0.51228 (tc 0.42603 hrr 0.28748)  valid 0.71246 (tc 0.60190 hrr 0.36854)  lr 1.00e-03  *
    epoch  125  train 0.51508 (tc 0.42919 hrr 0.28632)  valid 0.70111 (tc 0.59377 hrr 0.35782)  lr 1.00e-03  *
    epoch  127  train 0.50246 (tc 0.41855 hrr 0.27971)  valid 0.69918 (tc 0.59235 hrr 0.35611)  lr 1.00e-03  *
    epoch  128  train 0.50165 (tc 0.41805 hrr 0.27865)  valid 0.69708 (tc 0.59129 hrr 0.35262)  lr 1.00e-03  *
    epoch  130  train 0.50813 (tc 0.42418 hrr 0.27982)  valid 0.72735 (tc 0.61428 hrr 0.37690)  lr 1.00e-03
    epoch  140  train 0.49181 (tc 0.41009 hrr 0.27243)  valid 0.70613 (tc 0.59735 hrr 0.36261)  lr 1.00e-03
    epoch  142  train 0.50018 (tc 0.41747 hrr 0.27569)  valid 0.69527 (tc 0.58818 hrr 0.35697)  lr 1.00e-03  *
    epoch  143  train 0.49541 (tc 0.41355 hrr 0.27287)  valid 0.69297 (tc 0.58667 hrr 0.35434)  lr 1.00e-03  *
    epoch  144  train 0.49185 (tc 0.41027 hrr 0.27191)  valid 0.69240 (tc 0.58423 hrr 0.36057)  lr 1.00e-03  *
    epoch  145  train 0.48971 (tc 0.40858 hrr 0.27044)  valid 0.68937 (tc 0.58346 hrr 0.35305)  lr 1.00e-03  *
    epoch  147  train 0.48864 (tc 0.40787 hrr 0.26922)  valid 0.68688 (tc 0.57929 hrr 0.35860)  lr 1.00e-03  *
    epoch  148  train 0.48794 (tc 0.40738 hrr 0.26855)  valid 0.68232 (tc 0.57688 hrr 0.35149)  lr 1.00e-03  *
    epoch  150  train 0.48749 (tc 0.40718 hrr 0.26768)  valid 0.68378 (tc 0.57751 hrr 0.35426)  lr 1.00e-03
    epoch  153  train 0.48355 (tc 0.40399 hrr 0.26520)  valid 0.68145 (tc 0.57655 hrr 0.34966)  lr 1.00e-03  *
    epoch  155  train 0.48348 (tc 0.40358 hrr 0.26632)  valid 0.67120 (tc 0.56645 hrr 0.34915)  lr 1.00e-03  *
    epoch  160  train 0.47905 (tc 0.40056 hrr 0.26161)  valid 0.68564 (tc 0.57939 hrr 0.35420)  lr 1.00e-03
    epoch  170  train 0.49004 (tc 0.40947 hrr 0.26859)  valid 0.71772 (tc 0.60489 hrr 0.37608)  lr 1.00e-03
    epoch  180  train 0.47038 (tc 0.39428 hrr 0.25368)  valid 0.68429 (tc 0.57995 hrr 0.34780)  lr 5.00e-04
    epoch  187  train 0.46883 (tc 0.39278 hrr 0.25350)  valid 0.66710 (tc 0.56541 hrr 0.33897)  lr 5.00e-04  *
    epoch  190  train 0.46815 (tc 0.39251 hrr 0.25213)  valid 0.67192 (tc 0.56981 hrr 0.34036)  lr 5.00e-04
    epoch  192  train 0.46786 (tc 0.39252 hrr 0.25115)  valid 0.66494 (tc 0.56277 hrr 0.34057)  lr 5.00e-04  *
    epoch  200  train 0.46529 (tc 0.39030 hrr 0.24996)  valid 0.68621 (tc 0.58174 hrr 0.34823)  lr 5.00e-04
    epoch  210  train 0.46220 (tc 0.38815 hrr 0.24685)  valid 0.68116 (tc 0.57839 hrr 0.34258)  lr 2.50e-04
    epoch  220  train 0.46017 (tc 0.38661 hrr 0.24520)  valid 0.67460 (tc 0.57258 hrr 0.34005)  lr 2.50e-04
    epoch  230  train 0.45907 (tc 0.38588 hrr 0.24398)  valid 0.67870 (tc 0.57711 hrr 0.33864)  lr 1.25e-04
    epoch  240  train 0.45786 (tc 0.38479 hrr 0.24355)  valid 0.67892 (tc 0.57741 hrr 0.33836)  lr 6.25e-05
    epoch  250  train 0.45711 (tc 0.38419 hrr 0.24306)  valid 0.67929 (tc 0.57776 hrr 0.33841)  lr 6.25e-05
    early stop at epoch 252 (best 0.66494 @ 192)
    saved models_part1_fix184_a4\part1_member1.pt  (1.2 min)

  === member 3/3 (seed 44) ===
    [sentinel] weights moved after epoch 0: |dW| = 3.2581e+00
    epoch    0  train 1.81723 (tc 1.42507 hrr 1.30718)  valid 1.41011 (tc 1.13531 hrr 0.91599)  lr 1.00e-03  *
    epoch    1  train 1.17732 (tc 0.99123 hrr 0.62028)  valid 1.25911 (tc 1.06868 hrr 0.63479)  lr 1.00e-03  *
    epoch    2  train 1.09323 (tc 0.93058 hrr 0.54220)  valid 1.20202 (tc 1.02297 hrr 0.59685)  lr 1.00e-03  *
    epoch    3  train 1.03852 (tc 0.88293 hrr 0.51863)  valid 1.18299 (tc 1.00502 hrr 0.59321)  lr 1.00e-03  *
    epoch    4  train 1.01441 (tc 0.86673 hrr 0.49228)  valid 1.16004 (tc 0.98518 hrr 0.58285)  lr 1.00e-03  *
    epoch    5  train 0.98829 (tc 0.84242 hrr 0.48626)  valid 1.15198 (tc 0.98198 hrr 0.56668)  lr 1.00e-03  *
    epoch    6  train 0.95975 (tc 0.81705 hrr 0.47565)  valid 1.12362 (tc 0.95468 hrr 0.56311)  lr 1.00e-03  *
    epoch    7  train 0.93193 (tc 0.79108 hrr 0.46948)  valid 1.09342 (tc 0.92433 hrr 0.56365)  lr 1.00e-03  *
    epoch    8  train 0.90881 (tc 0.76849 hrr 0.46775)  valid 1.06265 (tc 0.89525 hrr 0.55799)  lr 1.00e-03  *
    epoch    9  train 0.88530 (tc 0.74746 hrr 0.45945)  valid 1.05568 (tc 0.88785 hrr 0.55944)  lr 1.00e-03  *
    epoch   10  train 0.86904 (tc 0.73310 hrr 0.45314)  valid 1.03852 (tc 0.87401 hrr 0.54838)  lr 1.00e-03  *
    epoch   11  train 0.85193 (tc 0.71824 hrr 0.44564)  valid 1.03032 (tc 0.86455 hrr 0.55257)  lr 1.00e-03  *
    epoch   14  train 0.82681 (tc 0.69506 hrr 0.43916)  valid 1.02502 (tc 0.85827 hrr 0.55583)  lr 1.00e-03  *
    epoch   15  train 0.81538 (tc 0.68362 hrr 0.43919)  valid 0.99236 (tc 0.83036 hrr 0.54001)  lr 1.00e-03  *
    epoch   16  train 0.80236 (tc 0.67326 hrr 0.43034)  valid 0.98617 (tc 0.82234 hrr 0.54611)  lr 1.00e-03  *
    epoch   17  train 0.78550 (tc 0.65654 hrr 0.42988)  valid 0.98145 (tc 0.81822 hrr 0.54408)  lr 1.00e-03  *
    epoch   18  train 0.75695 (tc 0.62920 hrr 0.42581)  valid 0.95511 (tc 0.79638 hrr 0.52911)  lr 1.00e-03  *
    epoch   19  train 0.73591 (tc 0.61043 hrr 0.41825)  valid 0.92929 (tc 0.77130 hrr 0.52665)  lr 1.00e-03  *
    epoch   20  train 0.72011 (tc 0.59654 hrr 0.41190)  valid 0.91597 (tc 0.75773 hrr 0.52746)  lr 1.00e-03  *
    epoch   23  train 0.69987 (tc 0.57867 hrr 0.40398)  valid 0.91523 (tc 0.76204 hrr 0.51063)  lr 1.00e-03  *
    epoch   24  train 0.69550 (tc 0.57595 hrr 0.39847)  valid 0.90971 (tc 0.75438 hrr 0.51775)  lr 1.00e-03  *
    epoch   25  train 0.69388 (tc 0.57429 hrr 0.39865)  valid 0.89732 (tc 0.74298 hrr 0.51446)  lr 1.00e-03  *
    epoch   26  train 0.68571 (tc 0.56708 hrr 0.39541)  valid 0.88827 (tc 0.73766 hrr 0.50201)  lr 1.00e-03  *
    epoch   30  train 0.66386 (tc 0.54904 hrr 0.38272)  valid 0.88627 (tc 0.73532 hrr 0.50316)  lr 1.00e-03  *
    epoch   33  train 0.67244 (tc 0.55719 hrr 0.38416)  valid 0.87751 (tc 0.72906 hrr 0.49485)  lr 1.00e-03  *
    epoch   34  train 0.66094 (tc 0.54733 hrr 0.37870)  valid 0.87404 (tc 0.72694 hrr 0.49030)  lr 1.00e-03  *
    epoch   36  train 0.65077 (tc 0.53887 hrr 0.37302)  valid 0.87165 (tc 0.72844 hrr 0.47739)  lr 1.00e-03  *
    epoch   37  train 0.64786 (tc 0.53719 hrr 0.36888)  valid 0.85007 (tc 0.70955 hrr 0.46838)  lr 1.00e-03  *
    epoch   40  train 0.63170 (tc 0.52425 hrr 0.35818)  valid 0.85233 (tc 0.71239 hrr 0.46647)  lr 1.00e-03
    epoch   43  train 0.61926 (tc 0.51393 hrr 0.35108)  valid 0.84193 (tc 0.70276 hrr 0.46390)  lr 1.00e-03  *
    epoch   44  train 0.61154 (tc 0.50744 hrr 0.34701)  valid 0.83025 (tc 0.69357 hrr 0.45559)  lr 1.00e-03  *
    epoch   50  train 0.61175 (tc 0.50898 hrr 0.34258)  valid 0.83812 (tc 0.70415 hrr 0.44657)  lr 1.00e-03
    epoch   53  train 0.60585 (tc 0.50385 hrr 0.34002)  valid 0.81752 (tc 0.68389 hrr 0.44546)  lr 1.00e-03  *
    epoch   56  train 0.59099 (tc 0.49144 hrr 0.33186)  valid 0.81340 (tc 0.68229 hrr 0.43703)  lr 1.00e-03  *
    epoch   59  train 0.58478 (tc 0.48724 hrr 0.32513)  valid 0.81098 (tc 0.68028 hrr 0.43567)  lr 1.00e-03  *
    epoch   60  train 0.58151 (tc 0.48401 hrr 0.32498)  valid 0.80797 (tc 0.67880 hrr 0.43058)  lr 1.00e-03  *
    epoch   64  train 0.58040 (tc 0.48195 hrr 0.32818)  valid 0.80170 (tc 0.67000 hrr 0.43898)  lr 1.00e-03  *
    epoch   65  train 0.57652 (tc 0.47997 hrr 0.32185)  valid 0.79411 (tc 0.66353 hrr 0.43527)  lr 1.00e-03  *
    epoch   70  train 0.57513 (tc 0.48009 hrr 0.31682)  valid 0.80435 (tc 0.67454 hrr 0.43269)  lr 1.00e-03
    epoch   72  train 0.56956 (tc 0.47542 hrr 0.31380)  valid 0.79106 (tc 0.66266 hrr 0.42799)  lr 1.00e-03  *
    epoch   74  train 0.56397 (tc 0.47099 hrr 0.30991)  valid 0.78517 (tc 0.65985 hrr 0.41775)  lr 1.00e-03  *
    epoch   75  train 0.55885 (tc 0.46653 hrr 0.30771)  valid 0.78285 (tc 0.65801 hrr 0.41613)  lr 1.00e-03  *
    epoch   76  train 0.55292 (tc 0.46129 hrr 0.30544)  valid 0.77698 (tc 0.65408 hrr 0.40970)  lr 1.00e-03  *
    epoch   77  train 0.55109 (tc 0.46016 hrr 0.30309)  valid 0.77305 (tc 0.65095 hrr 0.40701)  lr 1.00e-03  *
    epoch   78  train 0.54701 (tc 0.45667 hrr 0.30114)  valid 0.77222 (tc 0.65055 hrr 0.40557)  lr 1.00e-03  *
    epoch   79  train 0.54798 (tc 0.45819 hrr 0.29930)  valid 0.76737 (tc 0.64927 hrr 0.39366)  lr 1.00e-03  *
    epoch   80  train 0.54772 (tc 0.45854 hrr 0.29727)  valid 0.77081 (tc 0.65157 hrr 0.39745)  lr 1.00e-03
    epoch   86  train 0.54190 (tc 0.45359 hrr 0.29436)  valid 0.76280 (tc 0.64367 hrr 0.39713)  lr 1.00e-03  *
    epoch   87  train 0.53712 (tc 0.44939 hrr 0.29242)  valid 0.76212 (tc 0.64466 hrr 0.39154)  lr 1.00e-03  *
    epoch   89  train 0.53959 (tc 0.45210 hrr 0.29162)  valid 0.76084 (tc 0.64280 hrr 0.39348)  lr 1.00e-03  *
    epoch   90  train 0.53955 (tc 0.45258 hrr 0.28990)  valid 0.75096 (tc 0.63503 hrr 0.38642)  lr 1.00e-03  *
    epoch   91  train 0.53306 (tc 0.44650 hrr 0.28853)  valid 0.74983 (tc 0.63217 hrr 0.39219)  lr 1.00e-03  *
    epoch   99  train 0.52007 (tc 0.43566 hrr 0.28138)  valid 0.74321 (tc 0.62892 hrr 0.38096)  lr 1.00e-03  *
    epoch  100  train 0.52132 (tc 0.43698 hrr 0.28111)  valid 0.74962 (tc 0.63277 hrr 0.38948)  lr 1.00e-03
    epoch  102  train 0.52384 (tc 0.43928 hrr 0.28188)  valid 0.73025 (tc 0.61610 hrr 0.38049)  lr 1.00e-03  *
    epoch  104  train 0.51791 (tc 0.43481 hrr 0.27701)  valid 0.72918 (tc 0.61654 hrr 0.37545)  lr 1.00e-03  *
    epoch  110  train 0.50638 (tc 0.42520 hrr 0.27059)  valid 0.72963 (tc 0.62230 hrr 0.35777)  lr 1.00e-03
    epoch  111  train 0.50653 (tc 0.42513 hrr 0.27134)  valid 0.72891 (tc 0.62286 hrr 0.35349)  lr 1.00e-03  *
    epoch  115  train 0.50561 (tc 0.42479 hrr 0.26940)  valid 0.72247 (tc 0.61705 hrr 0.35141)  lr 1.00e-03  *
    epoch  120  train 0.49665 (tc 0.41833 hrr 0.26107)  valid 0.74977 (tc 0.63468 hrr 0.38361)  lr 1.00e-03
    epoch  122  train 0.50397 (tc 0.42437 hrr 0.26535)  valid 0.71872 (tc 0.61160 hrr 0.35706)  lr 1.00e-03  *
    epoch  124  train 0.49919 (tc 0.42033 hrr 0.26290)  valid 0.71611 (tc 0.61284 hrr 0.34426)  lr 1.00e-03  *
    epoch  130  train 0.49560 (tc 0.41729 hrr 0.26104)  valid 0.72811 (tc 0.62480 hrr 0.34435)  lr 1.00e-03
    epoch  131  train 0.49325 (tc 0.41557 hrr 0.25894)  valid 0.71477 (tc 0.61160 hrr 0.34389)  lr 1.00e-03  *
    epoch  133  train 0.49194 (tc 0.41534 hrr 0.25534)  valid 0.70890 (tc 0.60822 hrr 0.33562)  lr 1.00e-03  *
    epoch  134  train 0.48764 (tc 0.41116 hrr 0.25493)  valid 0.70745 (tc 0.60456 hrr 0.34295)  lr 1.00e-03  *
    epoch  135  train 0.48306 (tc 0.40748 hrr 0.25194)  valid 0.70732 (tc 0.60760 hrr 0.33237)  lr 1.00e-03  *
    epoch  136  train 0.48139 (tc 0.40626 hrr 0.25044)  valid 0.70242 (tc 0.60126 hrr 0.33719)  lr 1.00e-03  *
    epoch  137  train 0.48109 (tc 0.40604 hrr 0.25018)  valid 0.69766 (tc 0.59861 hrr 0.33015)  lr 1.00e-03  *
    epoch  139  train 0.48555 (tc 0.40894 hrr 0.25537)  valid 0.69588 (tc 0.59564 hrr 0.33411)  lr 1.00e-03  *
    epoch  140  train 0.48269 (tc 0.40748 hrr 0.25072)  valid 0.71042 (tc 0.61090 hrr 0.33171)  lr 1.00e-03
    epoch  142  train 0.47840 (tc 0.40398 hrr 0.24809)  valid 0.69533 (tc 0.59709 hrr 0.32746)  lr 1.00e-03  *
    epoch  150  train 0.47265 (tc 0.39992 hrr 0.24246)  valid 0.69196 (tc 0.59523 hrr 0.32244)  lr 1.00e-03  *
    epoch  160  train 0.47669 (tc 0.40377 hrr 0.24307)  valid 0.70068 (tc 0.59778 hrr 0.34299)  lr 1.00e-03
    epoch  162  train 0.46999 (tc 0.39783 hrr 0.24054)  valid 0.67932 (tc 0.58106 hrr 0.32754)  lr 1.00e-03  *
    epoch  163  train 0.46661 (tc 0.39513 hrr 0.23827)  valid 0.67430 (tc 0.57943 hrr 0.31625)  lr 1.00e-03  *
    epoch  165  train 0.46139 (tc 0.39057 hrr 0.23607)  valid 0.66742 (tc 0.57122 hrr 0.32066)  lr 1.00e-03  *
    epoch  166  train 0.46026 (tc 0.38970 hrr 0.23522)  valid 0.66587 (tc 0.57259 hrr 0.31094)  lr 1.00e-03  *
    epoch  168  train 0.45993 (tc 0.38990 hrr 0.23343)  valid 0.66525 (tc 0.57316 hrr 0.30696)  lr 1.00e-03  *
    epoch  170  train 0.45703 (tc 0.38771 hrr 0.23107)  valid 0.66567 (tc 0.57280 hrr 0.30958)  lr 1.00e-03
    epoch  173  train 0.45459 (tc 0.38572 hrr 0.22957)  valid 0.66336 (tc 0.57061 hrr 0.30916)  lr 1.00e-03  *
    epoch  177  train 0.45416 (tc 0.38527 hrr 0.22962)  valid 0.66285 (tc 0.57077 hrr 0.30694)  lr 1.00e-03  *
    epoch  179  train 0.45262 (tc 0.38402 hrr 0.22867)  valid 0.66195 (tc 0.57053 hrr 0.30471)  lr 1.00e-03  *
    epoch  180  train 0.45119 (tc 0.38305 hrr 0.22712)  valid 0.66149 (tc 0.57127 hrr 0.30076)  lr 1.00e-03  *
    epoch  181  train 0.45019 (tc 0.38231 hrr 0.22628)  valid 0.65936 (tc 0.56808 hrr 0.30427)  lr 1.00e-03  *
    epoch  182  train 0.44898 (tc 0.38141 hrr 0.22525)  valid 0.65721 (tc 0.56740 hrr 0.29936)  lr 1.00e-03  *
    epoch  183  train 0.44882 (tc 0.38132 hrr 0.22501)  valid 0.65661 (tc 0.56548 hrr 0.30375)  lr 1.00e-03  *
    epoch  185  train 0.44843 (tc 0.38076 hrr 0.22560)  valid 0.65607 (tc 0.56428 hrr 0.30598)  lr 1.00e-03  *
    epoch  186  train 0.44861 (tc 0.38095 hrr 0.22553)  valid 0.65492 (tc 0.56231 hrr 0.30867)  lr 1.00e-03  *
    epoch  190  train 0.44880 (tc 0.38084 hrr 0.22653)  valid 0.66249 (tc 0.56817 hrr 0.31440)  lr 1.00e-03
    epoch  200  train 0.46691 (tc 0.39410 hrr 0.24270)  valid 0.65674 (tc 0.56431 hrr 0.30810)  lr 1.00e-03
    epoch  202  train 0.45279 (tc 0.38419 hrr 0.22869)  valid 0.65143 (tc 0.56008 hrr 0.30450)  lr 1.00e-03  *
    epoch  209  train 0.44192 (tc 0.37597 hrr 0.21982)  valid 0.64539 (tc 0.55581 hrr 0.29858)  lr 1.00e-03  *
    epoch  210  train 0.44126 (tc 0.37551 hrr 0.21914)  valid 0.66150 (tc 0.56792 hrr 0.31194)  lr 1.00e-03
    epoch  220  train 0.43908 (tc 0.37299 hrr 0.22028)  valid 0.66527 (tc 0.56804 hrr 0.32409)  lr 1.00e-03
    epoch  230  train 0.43085 (tc 0.36702 hrr 0.21277)  valid 0.66291 (tc 0.56789 hrr 0.31675)  lr 5.00e-04
    epoch  240  train 0.42880 (tc 0.36509 hrr 0.21236)  valid 0.64941 (tc 0.55354 hrr 0.31958)  lr 5.00e-04
    epoch  241  train 0.42870 (tc 0.36511 hrr 0.21195)  valid 0.64406 (tc 0.55103 hrr 0.31011)  lr 5.00e-04  *
    epoch  250  train 0.42649 (tc 0.36326 hrr 0.21076)  valid 0.65433 (tc 0.55894 hrr 0.31795)  lr 5.00e-04
    epoch  260  train 0.42049 (tc 0.35804 hrr 0.20816)  valid 0.64690 (tc 0.55196 hrr 0.31649)  lr 2.50e-04
    epoch  268  train 0.41819 (tc 0.35612 hrr 0.20690)  valid 0.64349 (tc 0.55100 hrr 0.30829)  lr 2.50e-04  *
    epoch  269  train 0.41790 (tc 0.35588 hrr 0.20674)  valid 0.64170 (tc 0.54926 hrr 0.30812)  lr 2.50e-04  *
    epoch  270  train 0.41777 (tc 0.35579 hrr 0.20663)  valid 0.64107 (tc 0.54808 hrr 0.30994)  lr 2.50e-04  *
    epoch  275  train 0.41795 (tc 0.35581 hrr 0.20711)  valid 0.63959 (tc 0.54769 hrr 0.30634)  lr 2.50e-04  *
    epoch  276  train 0.41789 (tc 0.35561 hrr 0.20760)  valid 0.63923 (tc 0.54688 hrr 0.30783)  lr 2.50e-04  *
    epoch  277  train 0.41708 (tc 0.35497 hrr 0.20703)  valid 0.63902 (tc 0.54636 hrr 0.30888)  lr 2.50e-04  *
    epoch  280  train 0.41795 (tc 0.35562 hrr 0.20779)  valid 0.64255 (tc 0.54845 hrr 0.31367)  lr 2.50e-04
    epoch  288  train 0.41551 (tc 0.35383 hrr 0.20562)  valid 0.63825 (tc 0.54482 hrr 0.31142)  lr 2.50e-04  *
    epoch  290  train 0.41502 (tc 0.35337 hrr 0.20552)  valid 0.64408 (tc 0.54942 hrr 0.31553)  lr 2.50e-04
    epoch  300  train 0.41370 (tc 0.35221 hrr 0.20496)  valid 0.64288 (tc 0.54904 hrr 0.31282)  lr 2.50e-04
    epoch  310  train 0.41203 (tc 0.35072 hrr 0.20434)  valid 0.64493 (tc 0.54765 hrr 0.32427)  lr 1.25e-04
    epoch  320  train 0.41113 (tc 0.35007 hrr 0.20354)  valid 0.64162 (tc 0.54687 hrr 0.31585)  lr 6.25e-05
    epoch  330  train 0.41041 (tc 0.34942 hrr 0.20331)  valid 0.63972 (tc 0.54449 hrr 0.31744)  lr 6.25e-05
    epoch  340  train 0.41008 (tc 0.34912 hrr 0.20317)  valid 0.63969 (tc 0.54533 hrr 0.31452)  lr 3.13e-05
    early stop at epoch 348 (best 0.63825 @ 288)
    saved models_part1_fix184_a4\part1_member2.pt  (1.7 min)

  done. 3 member(s) in models_part1_fix184_a4
  next: python evaluate_part1.py --model-dir models_part1_fix184_a4
