  device: NVIDIA GeForce RTX 4090

  building dataset ...
  corpus: D:\Bs8414_05052026\Part1\_completed
  184 usable, 2 rejected
    - BS8414_DCLG_Test1_adv_debug: excluded: debug case; Core_MATERIAL HEAT_OF_REACTION=1500 vs 2300 in every other DCLG_Test1_adv deck, so it is a different system under the same name
    - BS8414_DCLG_Test7: excluded: declares insulation system PF like 33 other decks, but its Phenolic_Foam MATL is inert - HEAT_OF_REACTION absent (0 kJ/kg) with REFERENCE_TEMPERATURE=429 degC - where every other PF deck decomposes at HEAT_OF_REACTION=400 with no explicit reference temperature (cp 1.2 vs 1.5, k 0.020 vs 0.022, rho 32 vs 39). Same defect class as the debug case above: a different system under the same name. Found 2026-08-19 by explain_part1.check_group_determinism, which verifies that an insulation id fixes its material block; this was the only violation in 185 cases
  params (184, 16)  tc (184, 181, 16)  hrr (184, 181, 5)
  partial: BS8414_HPL_WC_noair_nogap (180/181 steps, padded+masked)

  split mode: hash
    train  141 sims  40 systems  8/8 geometries
    valid   20 sims  16 systems  8/8 geometries
    test    23 sims  20 systems  8/8 geometries

  target: 16 thermocouples (External_LV1 x8 + External_LV2 x8)
          5 HRR channels (HRR, Q_RADI, Q_CONV, Q_COND, Q_TOTAL)
  model:  MLP-Attention-LSTM (Part1, KAN ablation control)
  loss:   tc + 0.3 * hrr  (no weight penalty)
  physics constraints: off

  === member 1/3 (seed 42) ===
    [sentinel] weights moved after epoch 0: |dW| = 3.2321e+00
    epoch    0  train 1.86396 (tc 1.43355 hrr 1.43469)  valid 1.43005 (tc 1.18255 hrr 0.82500)  lr 1.00e-03  *
    epoch    1  train 1.15900 (tc 0.97507 hrr 0.61310)  valid 1.24211 (tc 1.04778 hrr 0.64777)  lr 1.00e-03  *
    epoch    2  train 1.05536 (tc 0.89342 hrr 0.53979)  valid 1.18268 (tc 0.99666 hrr 0.62008)  lr 1.00e-03  *
    epoch    3  train 0.99790 (tc 0.84155 hrr 0.52116)  valid 1.13506 (tc 0.95581 hrr 0.59752)  lr 1.00e-03  *
    epoch    4  train 0.95961 (tc 0.80902 hrr 0.50196)  valid 1.09976 (tc 0.92374 hrr 0.58674)  lr 1.00e-03  *
    epoch    5  train 0.92516 (tc 0.77752 hrr 0.49211)  valid 1.07783 (tc 0.90432 hrr 0.57835)  lr 1.00e-03  *
    epoch    6  train 0.89898 (tc 0.75475 hrr 0.48076)  valid 1.07271 (tc 0.90073 hrr 0.57324)  lr 1.00e-03  *
    epoch    7  train 0.88322 (tc 0.74184 hrr 0.47126)  valid 1.03865 (tc 0.87143 hrr 0.55742)  lr 1.00e-03  *
    epoch    8  train 0.86192 (tc 0.72267 hrr 0.46417)  valid 1.02966 (tc 0.86355 hrr 0.55370)  lr 1.00e-03  *
    epoch    9  train 0.83736 (tc 0.69964 hrr 0.45909)  valid 1.01086 (tc 0.84662 hrr 0.54747)  lr 1.00e-03  *
    epoch   10  train 0.80812 (tc 0.67180 hrr 0.45443)  valid 0.98035 (tc 0.81555 hrr 0.54936)  lr 1.00e-03  *
    epoch   11  train 0.78583 (tc 0.65041 hrr 0.45140)  valid 0.96071 (tc 0.79428 hrr 0.55476)  lr 1.00e-03  *
    epoch   12  train 0.76485 (tc 0.62953 hrr 0.45104)  valid 0.94345 (tc 0.78071 hrr 0.54247)  lr 1.00e-03  *
    epoch   13  train 0.75478 (tc 0.62194 hrr 0.44280)  valid 0.92739 (tc 0.76584 hrr 0.53849)  lr 1.00e-03  *
    epoch   14  train 0.74053 (tc 0.60933 hrr 0.43731)  valid 0.92489 (tc 0.76683 hrr 0.52689)  lr 1.00e-03  *
    epoch   16  train 0.72820 (tc 0.59898 hrr 0.43073)  valid 0.90505 (tc 0.75000 hrr 0.51685)  lr 1.00e-03  *
    epoch   20  train 0.71474 (tc 0.58722 hrr 0.42507)  valid 0.90656 (tc 0.75223 hrr 0.51440)  lr 1.00e-03
    epoch   21  train 0.70680 (tc 0.58151 hrr 0.41764)  valid 0.88200 (tc 0.73022 hrr 0.50592)  lr 1.00e-03  *
    epoch   23  train 0.69182 (tc 0.57017 hrr 0.40549)  valid 0.87401 (tc 0.72664 hrr 0.49122)  lr 1.00e-03  *
    epoch   28  train 0.67540 (tc 0.55777 hrr 0.39211)  valid 0.86961 (tc 0.72245 hrr 0.49054)  lr 1.00e-03  *
    epoch   29  train 0.66707 (tc 0.54946 hrr 0.39203)  valid 0.86051 (tc 0.71676 hrr 0.47919)  lr 1.00e-03  *
    epoch   30  train 0.65940 (tc 0.54255 hrr 0.38951)  valid 0.86674 (tc 0.72258 hrr 0.48054)  lr 1.00e-03
    epoch   32  train 0.65386 (tc 0.53860 hrr 0.38420)  valid 0.85164 (tc 0.71146 hrr 0.46725)  lr 1.00e-03  *
    epoch   39  train 0.62837 (tc 0.51829 hrr 0.36695)  valid 0.84948 (tc 0.71109 hrr 0.46129)  lr 1.00e-03  *
    epoch   40  train 0.63610 (tc 0.52556 hrr 0.36846)  valid 0.84501 (tc 0.70677 hrr 0.46078)  lr 1.00e-03  *
    epoch   44  train 0.61908 (tc 0.51068 hrr 0.36132)  valid 0.82928 (tc 0.69422 hrr 0.45021)  lr 1.00e-03  *
    epoch   47  train 0.61228 (tc 0.50563 hrr 0.35551)  valid 0.82062 (tc 0.68470 hrr 0.45307)  lr 1.00e-03  *
    epoch   50  train 0.59741 (tc 0.49269 hrr 0.34907)  valid 0.83026 (tc 0.69396 hrr 0.45434)  lr 1.00e-03
    epoch   54  train 0.59401 (tc 0.49056 hrr 0.34483)  valid 0.81200 (tc 0.67954 hrr 0.44154)  lr 1.00e-03  *
    epoch   59  train 0.61121 (tc 0.50440 hrr 0.35604)  valid 0.80701 (tc 0.67557 hrr 0.43815)  lr 1.00e-03  *
    epoch   60  train 0.60100 (tc 0.49726 hrr 0.34580)  valid 0.80743 (tc 0.67263 hrr 0.44934)  lr 1.00e-03
    epoch   63  train 0.58857 (tc 0.48516 hrr 0.34470)  valid 0.80595 (tc 0.67387 hrr 0.44029)  lr 1.00e-03  *
    epoch   65  train 0.58112 (tc 0.47920 hrr 0.33971)  valid 0.80231 (tc 0.67047 hrr 0.43946)  lr 1.00e-03  *
    epoch   66  train 0.57524 (tc 0.47375 hrr 0.33828)  valid 0.79230 (tc 0.66384 hrr 0.42822)  lr 1.00e-03  *
    epoch   68  train 0.57096 (tc 0.47106 hrr 0.33300)  valid 0.78383 (tc 0.65306 hrr 0.43592)  lr 1.00e-03  *
    epoch   70  train 0.56889 (tc 0.47072 hrr 0.32722)  valid 0.78020 (tc 0.65005 hrr 0.43385)  lr 1.00e-03  *
    epoch   75  train 0.55885 (tc 0.46208 hrr 0.32257)  valid 0.77433 (tc 0.64263 hrr 0.43898)  lr 1.00e-03  *
    epoch   80  train 0.54968 (tc 0.45546 hrr 0.31406)  valid 0.77181 (tc 0.64363 hrr 0.42726)  lr 1.00e-03  *
    epoch   82  train 0.54878 (tc 0.45492 hrr 0.31287)  valid 0.76005 (tc 0.63486 hrr 0.41730)  lr 1.00e-03  *
    epoch   89  train 0.53837 (tc 0.44694 hrr 0.30477)  valid 0.75761 (tc 0.63209 hrr 0.41838)  lr 1.00e-03  *
    epoch   90  train 0.53442 (tc 0.44371 hrr 0.30238)  valid 0.75783 (tc 0.63539 hrr 0.40814)  lr 1.00e-03
    epoch   92  train 0.53891 (tc 0.44611 hrr 0.30936)  valid 0.75186 (tc 0.62995 hrr 0.40638)  lr 1.00e-03  *
    epoch   95  train 0.53154 (tc 0.44127 hrr 0.30090)  valid 0.75179 (tc 0.62924 hrr 0.40848)  lr 1.00e-03  *
    epoch   98  train 0.53009 (tc 0.44073 hrr 0.29785)  valid 0.74755 (tc 0.62809 hrr 0.39818)  lr 1.00e-03  *
    epoch  100  train 0.53493 (tc 0.44447 hrr 0.30152)  valid 0.76035 (tc 0.63681 hrr 0.41183)  lr 1.00e-03
    epoch  102  train 0.52613 (tc 0.43747 hrr 0.29554)  valid 0.74745 (tc 0.62720 hrr 0.40084)  lr 1.00e-03  *
    epoch  104  train 0.53336 (tc 0.44500 hrr 0.29451)  valid 0.74475 (tc 0.62420 hrr 0.40183)  lr 1.00e-03  *
    epoch  105  train 0.52620 (tc 0.43791 hrr 0.29431)  valid 0.74152 (tc 0.62145 hrr 0.40022)  lr 1.00e-03  *
    epoch  106  train 0.52915 (tc 0.44040 hrr 0.29582)  valid 0.72891 (tc 0.61353 hrr 0.38459)  lr 1.00e-03  *
    epoch  107  train 0.52423 (tc 0.43657 hrr 0.29219)  valid 0.72657 (tc 0.61132 hrr 0.38418)  lr 1.00e-03  *
    epoch  110  train 0.53941 (tc 0.45190 hrr 0.29170)  valid 0.76731 (tc 0.64995 hrr 0.39121)  lr 1.00e-03
    epoch  118  train 0.51165 (tc 0.42768 hrr 0.27992)  valid 0.71750 (tc 0.60647 hrr 0.37008)  lr 1.00e-03  *
    epoch  119  train 0.50885 (tc 0.42503 hrr 0.27939)  valid 0.70345 (tc 0.59437 hrr 0.36359)  lr 1.00e-03  *
    epoch  120  train 0.51476 (tc 0.42957 hrr 0.28398)  valid 0.70990 (tc 0.59978 hrr 0.36706)  lr 1.00e-03
    epoch  130  train 0.51025 (tc 0.42758 hrr 0.27557)  valid 0.72090 (tc 0.60989 hrr 0.37001)  lr 1.00e-03
    epoch  140  train 0.48910 (tc 0.41065 hrr 0.26152)  valid 0.71035 (tc 0.59856 hrr 0.37265)  lr 5.00e-04
    epoch  146  train 0.48527 (tc 0.40791 hrr 0.25785)  valid 0.69573 (tc 0.58719 hrr 0.36181)  lr 5.00e-04  *
    epoch  147  train 0.48563 (tc 0.40822 hrr 0.25801)  valid 0.69303 (tc 0.58577 hrr 0.35753)  lr 5.00e-04  *
    epoch  148  train 0.48530 (tc 0.40823 hrr 0.25691)  valid 0.69213 (tc 0.58445 hrr 0.35892)  lr 5.00e-04  *
    epoch  150  train 0.48437 (tc 0.40745 hrr 0.25642)  valid 0.70109 (tc 0.59193 hrr 0.36386)  lr 5.00e-04
    epoch  158  train 0.48029 (tc 0.40432 hrr 0.25321)  valid 0.68876 (tc 0.58584 hrr 0.34306)  lr 5.00e-04  *
    epoch  160  train 0.47920 (tc 0.40349 hrr 0.25237)  valid 0.68958 (tc 0.58538 hrr 0.34735)  lr 5.00e-04
    epoch  162  train 0.47809 (tc 0.40263 hrr 0.25153)  valid 0.68382 (tc 0.57871 hrr 0.35037)  lr 5.00e-04  *
    epoch  164  train 0.47760 (tc 0.40243 hrr 0.25056)  valid 0.68362 (tc 0.57778 hrr 0.35282)  lr 5.00e-04  *
    epoch  170  train 0.47953 (tc 0.40453 hrr 0.25001)  valid 0.69863 (tc 0.59004 hrr 0.36198)  lr 5.00e-04
    epoch  171  train 0.47965 (tc 0.40440 hrr 0.25082)  valid 0.67716 (tc 0.57610 hrr 0.33685)  lr 5.00e-04  *
    epoch  180  train 0.47356 (tc 0.39967 hrr 0.24631)  valid 0.69777 (tc 0.58883 hrr 0.36314)  lr 5.00e-04
    epoch  190  train 0.46954 (tc 0.39677 hrr 0.24257)  valid 0.69186 (tc 0.58354 hrr 0.36110)  lr 2.50e-04
    epoch  200  train 0.46749 (tc 0.39513 hrr 0.24120)  valid 0.68838 (tc 0.58036 hrr 0.36008)  lr 2.50e-04
    epoch  210  train 0.46549 (tc 0.39359 hrr 0.23968)  valid 0.68828 (tc 0.58249 hrr 0.35261)  lr 1.25e-04
    epoch  220  train 0.46429 (tc 0.39269 hrr 0.23868)  valid 0.68632 (tc 0.58038 hrr 0.35313)  lr 6.25e-05
    epoch  230  train 0.46403 (tc 0.39256 hrr 0.23822)  valid 0.68866 (tc 0.58190 hrr 0.35587)  lr 6.25e-05
    early stop at epoch 231 (best 0.67716 @ 171)
    saved models_part1_184_r1\part1_member0.pt  (1.1 min)

  === member 2/3 (seed 43) ===
    [sentinel] weights moved after epoch 0: |dW| = 3.2484e+00
    epoch    0  train 1.79579 (tc 1.44210 hrr 1.17897)  valid 1.45432 (tc 1.22337 hrr 0.76983)  lr 1.00e-03  *
    epoch    1  train 1.19651 (tc 1.01486 hrr 0.60547)  valid 1.30093 (tc 1.11790 hrr 0.61010)  lr 1.00e-03  *
    epoch    2  train 1.11556 (tc 0.95515 hrr 0.53470)  valid 1.23187 (tc 1.05313 hrr 0.59580)  lr 1.00e-03  *
    epoch    3  train 1.06831 (tc 0.91447 hrr 0.51278)  valid 1.18940 (tc 1.01444 hrr 0.58318)  lr 1.00e-03  *
    epoch    5  train 1.00579 (tc 0.86129 hrr 0.48167)  valid 1.14882 (tc 0.97979 hrr 0.56345)  lr 1.00e-03  *
    epoch    6  train 0.98223 (tc 0.84031 hrr 0.47306)  valid 1.11634 (tc 0.95168 hrr 0.54886)  lr 1.00e-03  *
    epoch    7  train 0.94585 (tc 0.80467 hrr 0.47059)  valid 1.10007 (tc 0.93355 hrr 0.55505)  lr 1.00e-03  *
    epoch    8  train 0.91851 (tc 0.78053 hrr 0.45993)  valid 1.06204 (tc 0.90136 hrr 0.53559)  lr 1.00e-03  *
    epoch   10  train 0.86673 (tc 0.73334 hrr 0.44463)  valid 1.04530 (tc 0.88312 hrr 0.54059)  lr 1.00e-03  *
    epoch   11  train 0.84169 (tc 0.70778 hrr 0.44635)  valid 1.01327 (tc 0.85576 hrr 0.52501)  lr 1.00e-03  *
    epoch   12  train 0.81839 (tc 0.68556 hrr 0.44277)  valid 0.98695 (tc 0.83155 hrr 0.51797)  lr 1.00e-03  *
    epoch   13  train 0.79524 (tc 0.66592 hrr 0.43108)  valid 0.96831 (tc 0.81672 hrr 0.50528)  lr 1.00e-03  *
    epoch   14  train 0.77568 (tc 0.64771 hrr 0.42657)  valid 0.95074 (tc 0.79770 hrr 0.51014)  lr 1.00e-03  *
    epoch   15  train 0.75802 (tc 0.63201 hrr 0.42004)  valid 0.94993 (tc 0.79606 hrr 0.51292)  lr 1.00e-03  *
    epoch   16  train 0.74246 (tc 0.61797 hrr 0.41497)  valid 0.91429 (tc 0.76909 hrr 0.48402)  lr 1.00e-03  *
    epoch   18  train 0.72784 (tc 0.60341 hrr 0.41477)  valid 0.90739 (tc 0.75950 hrr 0.49298)  lr 1.00e-03  *
    epoch   19  train 0.71593 (tc 0.59465 hrr 0.40428)  valid 0.89963 (tc 0.75299 hrr 0.48881)  lr 1.00e-03  *
    epoch   20  train 0.71086 (tc 0.59107 hrr 0.39931)  valid 0.89520 (tc 0.74909 hrr 0.48706)  lr 1.00e-03  *
    epoch   21  train 0.70465 (tc 0.58638 hrr 0.39421)  valid 0.88455 (tc 0.74204 hrr 0.47504)  lr 1.00e-03  *
    epoch   24  train 0.68759 (tc 0.57190 hrr 0.38561)  valid 0.88280 (tc 0.74294 hrr 0.46619)  lr 1.00e-03  *
    epoch   25  train 0.68375 (tc 0.56997 hrr 0.37928)  valid 0.87449 (tc 0.73535 hrr 0.46381)  lr 1.00e-03  *
    epoch   26  train 0.68437 (tc 0.57055 hrr 0.37937)  valid 0.87219 (tc 0.72960 hrr 0.47528)  lr 1.00e-03  *
    epoch   29  train 0.67248 (tc 0.55959 hrr 0.37632)  valid 0.87146 (tc 0.73367 hrr 0.45932)  lr 1.00e-03  *
    epoch   30  train 0.67003 (tc 0.55712 hrr 0.37637)  valid 0.85898 (tc 0.72012 hrr 0.46285)  lr 1.00e-03  *
    epoch   32  train 0.66134 (tc 0.55057 hrr 0.36923)  valid 0.85344 (tc 0.71803 hrr 0.45134)  lr 1.00e-03  *
    epoch   34  train 0.64254 (tc 0.53509 hrr 0.35817)  valid 0.83749 (tc 0.70567 hrr 0.43941)  lr 1.00e-03  *
    epoch   36  train 0.63972 (tc 0.53320 hrr 0.35508)  valid 0.83534 (tc 0.70175 hrr 0.44529)  lr 1.00e-03  *
    epoch   39  train 0.62402 (tc 0.51950 hrr 0.34842)  valid 0.82764 (tc 0.69685 hrr 0.43598)  lr 1.00e-03  *
    epoch   40  train 0.62129 (tc 0.51703 hrr 0.34755)  valid 0.83912 (tc 0.70732 hrr 0.43934)  lr 1.00e-03
    epoch   42  train 0.62019 (tc 0.51683 hrr 0.34453)  valid 0.82474 (tc 0.69497 hrr 0.43255)  lr 1.00e-03  *
    epoch   43  train 0.61488 (tc 0.51206 hrr 0.34272)  valid 0.81444 (tc 0.68668 hrr 0.42585)  lr 1.00e-03  *
    epoch   49  train 0.59965 (tc 0.49900 hrr 0.33550)  valid 0.81074 (tc 0.68458 hrr 0.42054)  lr 1.00e-03  *
    epoch   50  train 0.59694 (tc 0.49640 hrr 0.33513)  valid 0.80434 (tc 0.67991 hrr 0.41476)  lr 1.00e-03  *
    epoch   51  train 0.59323 (tc 0.49350 hrr 0.33242)  valid 0.80302 (tc 0.67773 hrr 0.41762)  lr 1.00e-03  *
    epoch   52  train 0.59076 (tc 0.49139 hrr 0.33123)  valid 0.79832 (tc 0.67443 hrr 0.41297)  lr 1.00e-03  *
    epoch   53  train 0.58656 (tc 0.48811 hrr 0.32817)  valid 0.78903 (tc 0.66712 hrr 0.40637)  lr 1.00e-03  *
    epoch   60  train 0.57603 (tc 0.47898 hrr 0.32348)  valid 0.79851 (tc 0.67034 hrr 0.42723)  lr 1.00e-03
    epoch   68  train 0.57145 (tc 0.47416 hrr 0.32431)  valid 0.78850 (tc 0.66336 hrr 0.41714)  lr 1.00e-03  *
    epoch   70  train 0.56829 (tc 0.47247 hrr 0.31939)  valid 0.79775 (tc 0.66779 hrr 0.43322)  lr 1.00e-03
    epoch   71  train 0.57380 (tc 0.47717 hrr 0.32211)  valid 0.78760 (tc 0.66359 hrr 0.41336)  lr 1.00e-03  *
    epoch   75  train 0.56290 (tc 0.46712 hrr 0.31925)  valid 0.77257 (tc 0.64883 hrr 0.41248)  lr 1.00e-03  *
    epoch   78  train 0.55356 (tc 0.46026 hrr 0.31101)  valid 0.76034 (tc 0.64014 hrr 0.40067)  lr 1.00e-03  *
    epoch   80  train 0.54568 (tc 0.45380 hrr 0.30629)  valid 0.76001 (tc 0.64053 hrr 0.39829)  lr 1.00e-03  *
    epoch   81  train 0.54481 (tc 0.45313 hrr 0.30560)  valid 0.75665 (tc 0.63633 hrr 0.40106)  lr 1.00e-03  *
    epoch   85  train 0.54556 (tc 0.45350 hrr 0.30688)  valid 0.75140 (tc 0.63360 hrr 0.39269)  lr 1.00e-03  *
    epoch   90  train 0.54264 (tc 0.45258 hrr 0.30019)  valid 0.74451 (tc 0.62877 hrr 0.38581)  lr 1.00e-03  *
    epoch   91  train 0.53971 (tc 0.44958 hrr 0.30045)  valid 0.74266 (tc 0.62706 hrr 0.38531)  lr 1.00e-03  *
    epoch   96  train 0.53700 (tc 0.44678 hrr 0.30075)  valid 0.73125 (tc 0.61935 hrr 0.37301)  lr 1.00e-03  *
    epoch  100  train 0.55969 (tc 0.46685 hrr 0.30947)  valid 0.75824 (tc 0.63961 hrr 0.39545)  lr 1.00e-03
    epoch  103  train 0.53171 (tc 0.44087 hrr 0.30280)  valid 0.72933 (tc 0.61544 hrr 0.37965)  lr 1.00e-03  *
    epoch  105  train 0.52763 (tc 0.43831 hrr 0.29771)  valid 0.72455 (tc 0.61037 hrr 0.38061)  lr 1.00e-03  *
    epoch  106  train 0.52161 (tc 0.43384 hrr 0.29256)  valid 0.72312 (tc 0.60786 hrr 0.38419)  lr 1.00e-03  *
    epoch  110  train 0.51926 (tc 0.43161 hrr 0.29218)  valid 0.73950 (tc 0.62242 hrr 0.39026)  lr 1.00e-03
    epoch  113  train 0.51558 (tc 0.42922 hrr 0.28785)  valid 0.71466 (tc 0.60339 hrr 0.37089)  lr 1.00e-03  *
    epoch  114  train 0.51356 (tc 0.42734 hrr 0.28739)  valid 0.71097 (tc 0.60214 hrr 0.36279)  lr 1.00e-03  *
    epoch  115  train 0.51313 (tc 0.42724 hrr 0.28631)  valid 0.70329 (tc 0.59563 hrr 0.35885)  lr 1.00e-03  *
    epoch  118  train 0.50530 (tc 0.42065 hrr 0.28214)  valid 0.69991 (tc 0.59182 hrr 0.36032)  lr 1.00e-03  *
    epoch  120  train 0.50309 (tc 0.41880 hrr 0.28094)  valid 0.71539 (tc 0.60479 hrr 0.36869)  lr 1.00e-03
    epoch  130  train 0.50149 (tc 0.41775 hrr 0.27913)  valid 0.72455 (tc 0.60771 hrr 0.38944)  lr 1.00e-03
    epoch  132  train 0.49820 (tc 0.41468 hrr 0.27839)  valid 0.69701 (tc 0.58476 hrr 0.37418)  lr 1.00e-03  *
    epoch  135  train 0.49488 (tc 0.41232 hrr 0.27520)  valid 0.69371 (tc 0.58241 hrr 0.37102)  lr 1.00e-03  *
    epoch  140  train 0.49006 (tc 0.40876 hrr 0.27101)  valid 0.69887 (tc 0.58703 hrr 0.37282)  lr 1.00e-03
    epoch  141  train 0.49120 (tc 0.40992 hrr 0.27092)  valid 0.69227 (tc 0.58253 hrr 0.36582)  lr 1.00e-03  *
    epoch  148  train 0.48678 (tc 0.40608 hrr 0.26899)  valid 0.69049 (tc 0.57977 hrr 0.36908)  lr 1.00e-03  *
    epoch  149  train 0.48506 (tc 0.40459 hrr 0.26824)  valid 0.68656 (tc 0.57867 hrr 0.35965)  lr 1.00e-03  *
    epoch  150  train 0.48615 (tc 0.40544 hrr 0.26905)  valid 0.69106 (tc 0.58162 hrr 0.36480)  lr 1.00e-03
    epoch  151  train 0.48595 (tc 0.40552 hrr 0.26810)  valid 0.68494 (tc 0.57667 hrr 0.36090)  lr 1.00e-03  *
    epoch  152  train 0.48475 (tc 0.40444 hrr 0.26772)  valid 0.68242 (tc 0.57438 hrr 0.36016)  lr 1.00e-03  *
    epoch  160  train 0.47943 (tc 0.40041 hrr 0.26339)  valid 0.68979 (tc 0.58193 hrr 0.35955)  lr 1.00e-03
    epoch  161  train 0.47957 (tc 0.40059 hrr 0.26326)  valid 0.67418 (tc 0.56926 hrr 0.34972)  lr 1.00e-03  *
    epoch  170  train 0.49019 (tc 0.40948 hrr 0.26902)  valid 0.68343 (tc 0.57489 hrr 0.36179)  lr 1.00e-03
    epoch  180  train 0.47734 (tc 0.39925 hrr 0.26031)  valid 0.68943 (tc 0.58017 hrr 0.36422)  lr 5.00e-04
    epoch  182  train 0.47259 (tc 0.39563 hrr 0.25656)  valid 0.67160 (tc 0.56737 hrr 0.34743)  lr 5.00e-04  *
    epoch  183  train 0.47232 (tc 0.39563 hrr 0.25560)  valid 0.66946 (tc 0.56425 hrr 0.35069)  lr 5.00e-04  *
    epoch  190  train 0.46756 (tc 0.39189 hrr 0.25221)  valid 0.69018 (tc 0.58073 hrr 0.36482)  lr 5.00e-04
    epoch  194  train 0.46773 (tc 0.39235 hrr 0.25125)  valid 0.66938 (tc 0.56567 hrr 0.34570)  lr 5.00e-04  *
    epoch  195  train 0.46704 (tc 0.39178 hrr 0.25086)  valid 0.66770 (tc 0.56470 hrr 0.34334)  lr 5.00e-04  *
    epoch  200  train 0.46841 (tc 0.39339 hrr 0.25006)  valid 0.66845 (tc 0.56592 hrr 0.34174)  lr 5.00e-04
    epoch  202  train 0.46712 (tc 0.39185 hrr 0.25088)  valid 0.66253 (tc 0.56166 hrr 0.33623)  lr 5.00e-04  *
    epoch  207  train 0.46276 (tc 0.38815 hrr 0.24871)  valid 0.65806 (tc 0.55845 hrr 0.33201)  lr 5.00e-04  *
    epoch  210  train 0.46203 (tc 0.38769 hrr 0.24779)  valid 0.66953 (tc 0.56799 hrr 0.33844)  lr 5.00e-04
    epoch  216  train 0.46200 (tc 0.38805 hrr 0.24648)  valid 0.65651 (tc 0.55830 hrr 0.32736)  lr 5.00e-04  *
    epoch  217  train 0.46135 (tc 0.38744 hrr 0.24637)  valid 0.64692 (tc 0.54992 hrr 0.32334)  lr 5.00e-04  *
    epoch  220  train 0.45909 (tc 0.38564 hrr 0.24483)  valid 0.65942 (tc 0.56034 hrr 0.33027)  lr 5.00e-04
    epoch  230  train 0.45697 (tc 0.38388 hrr 0.24366)  valid 0.65219 (tc 0.55323 hrr 0.32986)  lr 5.00e-04
    epoch  240  train 0.45432 (tc 0.38199 hrr 0.24108)  valid 0.65110 (tc 0.55164 hrr 0.33153)  lr 2.50e-04
    epoch  249  train 0.45314 (tc 0.38106 hrr 0.24026)  valid 0.64510 (tc 0.54817 hrr 0.32311)  lr 2.50e-04  *
    epoch  250  train 0.45334 (tc 0.38126 hrr 0.24026)  valid 0.64488 (tc 0.54815 hrr 0.32244)  lr 2.50e-04  *
    epoch  251  train 0.45349 (tc 0.38136 hrr 0.24044)  valid 0.64130 (tc 0.54494 hrr 0.32121)  lr 2.50e-04  *
    epoch  260  train 0.45157 (tc 0.37986 hrr 0.23902)  valid 0.65265 (tc 0.55268 hrr 0.33326)  lr 2.50e-04
    epoch  270  train 0.45079 (tc 0.37933 hrr 0.23819)  valid 0.64701 (tc 0.54895 hrr 0.32687)  lr 1.25e-04
    epoch  280  train 0.44934 (tc 0.37806 hrr 0.23760)  valid 0.64621 (tc 0.54804 hrr 0.32723)  lr 1.25e-04
    epoch  290  train 0.44885 (tc 0.37768 hrr 0.23722)  valid 0.64655 (tc 0.54756 hrr 0.32999)  lr 6.25e-05
    epoch  300  train 0.44836 (tc 0.37728 hrr 0.23695)  valid 0.64522 (tc 0.54745 hrr 0.32590)  lr 3.13e-05
    epoch  310  train 0.44812 (tc 0.37704 hrr 0.23690)  valid 0.64863 (tc 0.55022 hrr 0.32803)  lr 3.13e-05
    early stop at epoch 311 (best 0.64130 @ 251)
    saved models_part1_184_r1\part1_member1.pt  (1.5 min)

  === member 3/3 (seed 44) ===
    [sentinel] weights moved after epoch 0: |dW| = 3.2581e+00
    epoch    0  train 1.81723 (tc 1.42507 hrr 1.30719)  valid 1.41013 (tc 1.13532 hrr 0.91604)  lr 1.00e-03  *
    epoch    1  train 1.17732 (tc 0.99123 hrr 0.62029)  valid 1.25911 (tc 1.06868 hrr 0.63479)  lr 1.00e-03  *
    epoch    2  train 1.09323 (tc 0.93058 hrr 0.54220)  valid 1.20202 (tc 1.02297 hrr 0.59685)  lr 1.00e-03  *
    epoch    3  train 1.03852 (tc 0.88293 hrr 0.51863)  valid 1.18299 (tc 1.00502 hrr 0.59322)  lr 1.00e-03  *
    epoch    4  train 1.01442 (tc 0.86673 hrr 0.49228)  valid 1.16004 (tc 0.98518 hrr 0.58285)  lr 1.00e-03  *
    epoch    5  train 0.98829 (tc 0.84242 hrr 0.48626)  valid 1.15198 (tc 0.98197 hrr 0.56668)  lr 1.00e-03  *
    epoch    6  train 0.95975 (tc 0.81705 hrr 0.47565)  valid 1.12362 (tc 0.95468 hrr 0.56311)  lr 1.00e-03  *
    epoch    7  train 0.93193 (tc 0.79108 hrr 0.46948)  valid 1.09342 (tc 0.92433 hrr 0.56364)  lr 1.00e-03  *
    epoch    8  train 0.90882 (tc 0.76849 hrr 0.46775)  valid 1.06263 (tc 0.89523 hrr 0.55798)  lr 1.00e-03  *
    epoch    9  train 0.88536 (tc 0.74752 hrr 0.45947)  valid 1.05585 (tc 0.88798 hrr 0.55958)  lr 1.00e-03  *
    epoch   10  train 0.86924 (tc 0.73306 hrr 0.45395)  valid 1.03696 (tc 0.87268 hrr 0.54761)  lr 1.00e-03  *
    epoch   11  train 0.85228 (tc 0.71812 hrr 0.44723)  valid 1.03561 (tc 0.86909 hrr 0.55506)  lr 1.00e-03  *
    epoch   14  train 0.82862 (tc 0.69652 hrr 0.44032)  valid 1.02637 (tc 0.86273 hrr 0.54544)  lr 1.00e-03  *
    epoch   15  train 0.81288 (tc 0.68173 hrr 0.43717)  valid 1.00843 (tc 0.84581 hrr 0.54207)  lr 1.00e-03  *
    epoch   16  train 0.79661 (tc 0.66813 hrr 0.42826)  valid 0.99352 (tc 0.83227 hrr 0.53751)  lr 1.00e-03  *
    epoch   17  train 0.78118 (tc 0.65414 hrr 0.42345)  valid 0.97594 (tc 0.81473 hrr 0.53737)  lr 1.00e-03  *
    epoch   18  train 0.76222 (tc 0.63513 hrr 0.42361)  valid 0.95909 (tc 0.80076 hrr 0.52778)  lr 1.00e-03  *
    epoch   19  train 0.75094 (tc 0.62399 hrr 0.42317)  valid 0.94432 (tc 0.77851 hrr 0.55270)  lr 1.00e-03  *
    epoch   20  train 0.72972 (tc 0.60377 hrr 0.41984)  valid 0.92354 (tc 0.76423 hrr 0.53104)  lr 1.00e-03  *
    epoch   21  train 0.71989 (tc 0.59645 hrr 0.41147)  valid 0.91471 (tc 0.75908 hrr 0.51876)  lr 1.00e-03  *
    epoch   23  train 0.70481 (tc 0.58295 hrr 0.40620)  valid 0.91259 (tc 0.75733 hrr 0.51751)  lr 1.00e-03  *
    epoch   25  train 0.69260 (tc 0.57286 hrr 0.39916)  valid 0.90234 (tc 0.74842 hrr 0.51306)  lr 1.00e-03  *
    epoch   26  train 0.68311 (tc 0.56406 hrr 0.39684)  valid 0.89835 (tc 0.74611 hrr 0.50747)  lr 1.00e-03  *
    epoch   27  train 0.67919 (tc 0.56142 hrr 0.39257)  valid 0.89648 (tc 0.74414 hrr 0.50780)  lr 1.00e-03  *
    epoch   28  train 0.67394 (tc 0.55695 hrr 0.38995)  valid 0.88288 (tc 0.73525 hrr 0.49211)  lr 1.00e-03  *
    epoch   29  train 0.67136 (tc 0.55591 hrr 0.38481)  valid 0.87852 (tc 0.73047 hrr 0.49352)  lr 1.00e-03  *
    epoch   30  train 0.66183 (tc 0.54763 hrr 0.38068)  valid 0.88468 (tc 0.73807 hrr 0.48872)  lr 1.00e-03
    epoch   31  train 0.65911 (tc 0.54592 hrr 0.37729)  valid 0.87603 (tc 0.73032 hrr 0.48572)  lr 1.00e-03  *
    epoch   32  train 0.65735 (tc 0.54432 hrr 0.37679)  valid 0.87452 (tc 0.72856 hrr 0.48653)  lr 1.00e-03  *
    epoch   34  train 0.64742 (tc 0.53656 hrr 0.36952)  valid 0.86454 (tc 0.72165 hrr 0.47630)  lr 1.00e-03  *
    epoch   36  train 0.63914 (tc 0.53021 hrr 0.36309)  valid 0.85455 (tc 0.71350 hrr 0.47019)  lr 1.00e-03  *
    epoch   40  train 0.62542 (tc 0.51824 hrr 0.35728)  valid 0.86046 (tc 0.72334 hrr 0.45705)  lr 1.00e-03
    epoch   41  train 0.62405 (tc 0.51806 hrr 0.35330)  valid 0.84835 (tc 0.71253 hrr 0.45274)  lr 1.00e-03  *
    epoch   43  train 0.62235 (tc 0.51742 hrr 0.34974)  valid 0.84410 (tc 0.70799 hrr 0.45369)  lr 1.00e-03  *
    epoch   44  train 0.62170 (tc 0.51687 hrr 0.34945)  valid 0.83576 (tc 0.70125 hrr 0.44837)  lr 1.00e-03  *
    epoch   46  train 0.61179 (tc 0.50861 hrr 0.34392)  valid 0.83022 (tc 0.69482 hrr 0.45134)  lr 1.00e-03  *
    epoch   47  train 0.60813 (tc 0.50590 hrr 0.34078)  valid 0.82516 (tc 0.69108 hrr 0.44691)  lr 1.00e-03  *
    epoch   49  train 0.60324 (tc 0.50220 hrr 0.33683)  valid 0.82035 (tc 0.68535 hrr 0.44999)  lr 1.00e-03  *
    epoch   50  train 0.60026 (tc 0.49907 hrr 0.33730)  valid 0.81386 (tc 0.68158 hrr 0.44095)  lr 1.00e-03  *
    epoch   51  train 0.59398 (tc 0.49399 hrr 0.33327)  valid 0.81187 (tc 0.67964 hrr 0.44076)  lr 1.00e-03  *
    epoch   52  train 0.59100 (tc 0.49156 hrr 0.33148)  valid 0.81046 (tc 0.67819 hrr 0.44091)  lr 1.00e-03  *
    epoch   53  train 0.58622 (tc 0.48782 hrr 0.32798)  valid 0.80434 (tc 0.67380 hrr 0.43516)  lr 1.00e-03  *
    epoch   55  train 0.58116 (tc 0.48391 hrr 0.32416)  valid 0.79558 (tc 0.66657 hrr 0.43002)  lr 1.00e-03  *
    epoch   58  train 0.57840 (tc 0.48162 hrr 0.32257)  valid 0.79461 (tc 0.66858 hrr 0.42010)  lr 1.00e-03  *
    epoch   60  train 0.58148 (tc 0.48495 hrr 0.32176)  valid 0.80219 (tc 0.67292 hrr 0.43090)  lr 1.00e-03
    epoch   61  train 0.58117 (tc 0.48503 hrr 0.32046)  valid 0.78572 (tc 0.65905 hrr 0.42221)  lr 1.00e-03  *
    epoch   64  train 0.57221 (tc 0.47674 hrr 0.31823)  valid 0.78219 (tc 0.65589 hrr 0.42100)  lr 1.00e-03  *
    epoch   65  train 0.56894 (tc 0.47435 hrr 0.31531)  valid 0.77473 (tc 0.64757 hrr 0.42388)  lr 1.00e-03  *
    epoch   66  train 0.56433 (tc 0.47080 hrr 0.31174)  valid 0.77214 (tc 0.64616 hrr 0.41994)  lr 1.00e-03  *
    epoch   70  train 0.55676 (tc 0.46461 hrr 0.30718)  valid 0.77352 (tc 0.65038 hrr 0.41044)  lr 1.00e-03
    epoch   71  train 0.55447 (tc 0.46288 hrr 0.30529)  valid 0.76789 (tc 0.64609 hrr 0.40598)  lr 1.00e-03  *
    epoch   72  train 0.55279 (tc 0.46128 hrr 0.30503)  valid 0.76536 (tc 0.64484 hrr 0.40173)  lr 1.00e-03  *
    epoch   77  train 0.55267 (tc 0.46153 hrr 0.30379)  valid 0.76108 (tc 0.64016 hrr 0.40308)  lr 1.00e-03  *
    epoch   80  train 0.54916 (tc 0.45904 hrr 0.30042)  valid 0.76403 (tc 0.64204 hrr 0.40664)  lr 1.00e-03
    epoch   85  train 0.53610 (tc 0.44891 hrr 0.29063)  valid 0.75868 (tc 0.63919 hrr 0.39829)  lr 1.00e-03  *
    epoch   87  train 0.53354 (tc 0.44699 hrr 0.28850)  valid 0.75826 (tc 0.63770 hrr 0.40189)  lr 1.00e-03  *
    epoch   88  train 0.53495 (tc 0.44810 hrr 0.28950)  valid 0.75094 (tc 0.63397 hrr 0.38991)  lr 1.00e-03  *
    epoch   90  train 0.54818 (tc 0.45929 hrr 0.29632)  valid 0.80110 (tc 0.67365 hrr 0.42482)  lr 1.00e-03
    epoch   91  train 0.55939 (tc 0.47031 hrr 0.29694)  valid 0.74996 (tc 0.63429 hrr 0.38558)  lr 1.00e-03  *
    epoch   92  train 0.56141 (tc 0.47149 hrr 0.29975)  valid 0.74645 (tc 0.63036 hrr 0.38698)  lr 1.00e-03  *
    epoch   97  train 0.53689 (tc 0.45030 hrr 0.28863)  valid 0.74338 (tc 0.62873 hrr 0.38216)  lr 1.00e-03  *
    epoch   98  train 0.53301 (tc 0.44762 hrr 0.28463)  valid 0.73762 (tc 0.62600 hrr 0.37208)  lr 1.00e-03  *
    epoch  100  train 0.52889 (tc 0.44416 hrr 0.28245)  valid 0.73683 (tc 0.62484 hrr 0.37332)  lr 1.00e-03  *
    epoch  101  train 0.52527 (tc 0.44154 hrr 0.27907)  valid 0.73408 (tc 0.62398 hrr 0.36698)  lr 1.00e-03  *
    epoch  102  train 0.52139 (tc 0.43847 hrr 0.27639)  valid 0.72265 (tc 0.61417 hrr 0.36162)  lr 1.00e-03  *
    epoch  110  train 0.51064 (tc 0.43079 hrr 0.26614)  valid 0.71792 (tc 0.61077 hrr 0.35718)  lr 1.00e-03  *
    epoch  117  train 0.50719 (tc 0.42820 hrr 0.26328)  valid 0.71744 (tc 0.60941 hrr 0.36009)  lr 1.00e-03  *
    epoch  120  train 0.50613 (tc 0.42741 hrr 0.26241)  valid 0.73217 (tc 0.62382 hrr 0.36117)  lr 1.00e-03
    epoch  122  train 0.50150 (tc 0.42432 hrr 0.25727)  valid 0.71534 (tc 0.61226 hrr 0.34361)  lr 1.00e-03  *
    epoch  124  train 0.50126 (tc 0.42439 hrr 0.25623)  valid 0.71084 (tc 0.60390 hrr 0.35647)  lr 1.00e-03  *
    epoch  128  train 0.50148 (tc 0.42500 hrr 0.25494)  valid 0.70977 (tc 0.60488 hrr 0.34964)  lr 1.00e-03  *
    epoch  130  train 0.50562 (tc 0.42837 hrr 0.25749)  valid 0.72133 (tc 0.61164 hrr 0.36566)  lr 1.00e-03
    epoch  132  train 0.50085 (tc 0.42423 hrr 0.25543)  valid 0.70755 (tc 0.59870 hrr 0.36285)  lr 1.00e-03  *
    epoch  140  train 0.49245 (tc 0.41740 hrr 0.25014)  valid 0.70304 (tc 0.60145 hrr 0.33865)  lr 1.00e-03  *
    epoch  147  train 0.48377 (tc 0.41084 hrr 0.24309)  valid 0.69464 (tc 0.58975 hrr 0.34964)  lr 1.00e-03  *
    epoch  150  train 0.47926 (tc 0.40726 hrr 0.24001)  valid 0.69439 (tc 0.58890 hrr 0.35163)  lr 1.00e-03  *
    epoch  153  train 0.47866 (tc 0.40674 hrr 0.23972)  valid 0.68594 (tc 0.58247 hrr 0.34490)  lr 1.00e-03  *
    epoch  156  train 0.48054 (tc 0.40856 hrr 0.23993)  valid 0.67301 (tc 0.57456 hrr 0.32815)  lr 1.00e-03  *
    epoch  160  train 0.48706 (tc 0.41242 hrr 0.24880)  valid 0.70857 (tc 0.60194 hrr 0.35542)  lr 1.00e-03
    epoch  170  train 0.47381 (tc 0.40366 hrr 0.23381)  valid 0.68813 (tc 0.58760 hrr 0.33511)  lr 1.00e-03
    epoch  180  train 0.46354 (tc 0.39547 hrr 0.22692)  valid 0.67092 (tc 0.57422 hrr 0.32231)  lr 5.00e-04  *
    epoch  190  train 0.45952 (tc 0.39221 hrr 0.22437)  valid 0.68476 (tc 0.58166 hrr 0.34366)  lr 5.00e-04
    epoch  197  train 0.45775 (tc 0.39098 hrr 0.22257)  valid 0.67074 (tc 0.57099 hrr 0.33250)  lr 2.50e-04  *
    epoch  200  train 0.45673 (tc 0.39016 hrr 0.22189)  valid 0.67622 (tc 0.57767 hrr 0.32848)  lr 2.50e-04
    epoch  210  train 0.45570 (tc 0.38949 hrr 0.22068)  valid 0.67326 (tc 0.57564 hrr 0.32540)  lr 2.50e-04
    epoch  220  train 0.45439 (tc 0.38846 hrr 0.21978)  valid 0.67625 (tc 0.57656 hrr 0.33227)  lr 1.25e-04
    epoch  230  train 0.45342 (tc 0.38772 hrr 0.21899)  valid 0.67255 (tc 0.57338 hrr 0.33058)  lr 6.25e-05
    epoch  240  train 0.45304 (tc 0.38736 hrr 0.21892)  valid 0.67122 (tc 0.57256 hrr 0.32884)  lr 6.25e-05
    epoch  250  train 0.45275 (tc 0.38718 hrr 0.21859)  valid 0.67138 (tc 0.57269 hrr 0.32897)  lr 3.13e-05
    epoch  254  train 0.45269 (tc 0.38714 hrr 0.21852)  valid 0.67039 (tc 0.57187 hrr 0.32840)  lr 3.13e-05  *
    epoch  255  train 0.45254 (tc 0.38698 hrr 0.21856)  valid 0.67017 (tc 0.57146 hrr 0.32904)  lr 3.13e-05  *
    epoch  258  train 0.45243 (tc 0.38695 hrr 0.21828)  valid 0.67015 (tc 0.57151 hrr 0.32880)  lr 3.13e-05  *
    epoch  260  train 0.45242 (tc 0.38688 hrr 0.21848)  valid 0.67057 (tc 0.57180 hrr 0.32923)  lr 3.13e-05
    epoch  265  train 0.45219 (tc 0.38671 hrr 0.21828)  valid 0.66995 (tc 0.57157 hrr 0.32792)  lr 3.13e-05  *
    epoch  270  train 0.45218 (tc 0.38674 hrr 0.21813)  valid 0.67000 (tc 0.57132 hrr 0.32893)  lr 3.13e-05
    epoch  271  train 0.45221 (tc 0.38669 hrr 0.21839)  valid 0.66980 (tc 0.57100 hrr 0.32931)  lr 3.13e-05  *
    epoch  272  train 0.45225 (tc 0.38674 hrr 0.21837)  valid 0.66976 (tc 0.57092 hrr 0.32945)  lr 3.13e-05  *
    epoch  277  train 0.45208 (tc 0.38667 hrr 0.21803)  valid 0.66952 (tc 0.57130 hrr 0.32740)  lr 3.13e-05  *
    epoch  278  train 0.45193 (tc 0.38647 hrr 0.21820)  valid 0.66926 (tc 0.57105 hrr 0.32735)  lr 3.13e-05  *
    epoch  280  train 0.45183 (tc 0.38642 hrr 0.21804)  valid 0.66972 (tc 0.57139 hrr 0.32775)  lr 3.13e-05
    epoch  290  train 0.45168 (tc 0.38632 hrr 0.21786)  valid 0.67078 (tc 0.57205 hrr 0.32908)  lr 3.13e-05
    epoch  300  train 0.45161 (tc 0.38627 hrr 0.21780)  valid 0.67043 (tc 0.57194 hrr 0.32830)  lr 1.56e-05
    epoch  310  train 0.45133 (tc 0.38600 hrr 0.21777)  valid 0.67096 (tc 0.57239 hrr 0.32856)  lr 7.81e-06
    epoch  320  train 0.45132 (tc 0.38598 hrr 0.21780)  valid 0.67070 (tc 0.57210 hrr 0.32867)  lr 7.81e-06
    epoch  330  train 0.45131 (tc 0.38606 hrr 0.21750)  valid 0.67051 (tc 0.57183 hrr 0.32895)  lr 3.91e-06
    early stop at epoch 338 (best 0.66926 @ 278)
    saved models_part1_184_r1\part1_member2.pt  (1.3 min)

  done. 3 member(s) in models_part1_184_r1
  next: python evaluate_part1.py --model-dir models_part1_184_r1
