  device: NVIDIA GeForce RTX 4090

  building dataset ...
  corpus: D:\Bs8414_05052026\Part1\_completed
  184 usable, 2 rejected
    - BS8414_DCLG_Test1_adv_debug: excluded: debug case; Core_MATERIAL HEAT_OF_REACTION=1500 vs 2300 in every other DCLG_Test1_adv deck, so it is a different system under the same name
    - BS8414_DCLG_Test7: excluded: declares insulation system PF like 33 other decks, but its Phenolic_Foam MATL is inert - HEAT_OF_REACTION absent (0 kJ/kg) with REFERENCE_TEMPERATURE=429 degC - where every other PF deck decomposes at HEAT_OF_REACTION=400 with no explicit reference temperature (cp 1.2 vs 1.5, k 0.020 vs 0.022, rho 32 vs 39). Same defect class as the debug case above: a different system under the same name. Found 2026-08-19 by explain_part1.check_group_determinism, which verifies that an insulation id fixes its material block; this was the only violation in 185 cases
  params (184, 16)  tc (184, 181, 16)  hrr (184, 181, 5)
  partial: BS8414_HPL_WC_noair_nogap (180/181 steps, padded+masked)

  split mode: hash
    train  141 sims  40 systems  8/8 geometries
    valid   20 sims  16 systems  8/8 geometries
    test    23 sims  20 systems  8/8 geometries

  target: 16 thermocouples (External_LV1 x8 + External_LV2 x8)
          5 HRR channels (HRR, Q_RADI, Q_CONV, Q_COND, Q_TOTAL)
  model:  MLP-Attention-LSTM (Part1, KAN ablation control)
  loss:   tc + 0.3 * hrr  (no weight penalty)
  physics constraints: off

  === member 1/3 (seed 45) ===
    [sentinel] weights moved after epoch 0: |dW| = 3.2853e+00
    epoch    0  train 1.99053 (tc 1.55697 hrr 1.44522)  valid 1.46447 (tc 1.20452 hrr 0.86651)  lr 1.00e-03  *
    epoch    1  train 1.23192 (tc 1.02733 hrr 0.68199)  valid 1.26149 (tc 1.06585 hrr 0.65214)  lr 1.00e-03  *
    epoch    2  train 1.10481 (tc 0.94450 hrr 0.53437)  valid 1.22259 (tc 1.04457 hrr 0.59339)  lr 1.00e-03  *
    epoch    3  train 1.05506 (tc 0.90349 hrr 0.50525)  valid 1.18806 (tc 1.01454 hrr 0.57843)  lr 1.00e-03  *
    epoch    4  train 1.01209 (tc 0.86611 hrr 0.48661)  valid 1.16465 (tc 0.99248 hrr 0.57391)  lr 1.00e-03  *
    epoch    5  train 0.97234 (tc 0.82826 hrr 0.48026)  valid 1.13480 (tc 0.96501 hrr 0.56595)  lr 1.00e-03  *
    epoch    7  train 0.92450 (tc 0.78469 hrr 0.46603)  valid 1.08709 (tc 0.92153 hrr 0.55186)  lr 1.00e-03  *
    epoch    8  train 0.89921 (tc 0.76142 hrr 0.45929)  valid 1.06559 (tc 0.90115 hrr 0.54814)  lr 1.00e-03  *
    epoch    9  train 0.88286 (tc 0.74575 hrr 0.45704)  valid 1.05436 (tc 0.89013 hrr 0.54744)  lr 1.00e-03  *
    epoch   10  train 0.86708 (tc 0.73331 hrr 0.44590)  valid 1.03657 (tc 0.87250 hrr 0.54690)  lr 1.00e-03  *
    epoch   11  train 0.85343 (tc 0.72065 hrr 0.44259)  valid 1.01564 (tc 0.85532 hrr 0.53437)  lr 1.00e-03  *
    epoch   13  train 0.82829 (tc 0.70022 hrr 0.42689)  valid 0.99200 (tc 0.83690 hrr 0.51701)  lr 1.00e-03  *
    epoch   15  train 0.81660 (tc 0.69011 hrr 0.42166)  valid 0.99130 (tc 0.83866 hrr 0.50878)  lr 1.00e-03  *
    epoch   16  train 0.80741 (tc 0.68359 hrr 0.41272)  valid 0.98407 (tc 0.83009 hrr 0.51327)  lr 1.00e-03  *
    epoch   18  train 0.79705 (tc 0.67525 hrr 0.40602)  valid 0.98065 (tc 0.82768 hrr 0.50993)  lr 1.00e-03  *
    epoch   19  train 0.78764 (tc 0.66654 hrr 0.40366)  valid 0.97290 (tc 0.82511 hrr 0.49263)  lr 1.00e-03  *
    epoch   20  train 0.78481 (tc 0.66404 hrr 0.40256)  valid 0.97098 (tc 0.82258 hrr 0.49469)  lr 1.00e-03  *
    epoch   21  train 0.77163 (tc 0.65279 hrr 0.39615)  valid 0.96112 (tc 0.81462 hrr 0.48833)  lr 1.00e-03  *
    epoch   24  train 0.75515 (tc 0.63889 hrr 0.38752)  valid 0.95334 (tc 0.80788 hrr 0.48489)  lr 1.00e-03  *
    epoch   25  train 0.74891 (tc 0.63389 hrr 0.38340)  valid 0.94241 (tc 0.79661 hrr 0.48600)  lr 1.00e-03  *
    epoch   26  train 0.74599 (tc 0.63113 hrr 0.38285)  valid 0.94193 (tc 0.79835 hrr 0.47860)  lr 1.00e-03  *
    epoch   30  train 0.72592 (tc 0.61443 hrr 0.37165)  valid 0.94303 (tc 0.80065 hrr 0.47461)  lr 1.00e-03
    epoch   31  train 0.71693 (tc 0.60674 hrr 0.36731)  valid 0.93487 (tc 0.79552 hrr 0.46447)  lr 1.00e-03  *
    epoch   33  train 0.70711 (tc 0.59755 hrr 0.36520)  valid 0.91838 (tc 0.78013 hrr 0.46082)  lr 1.00e-03  *
    epoch   34  train 0.69752 (tc 0.58937 hrr 0.36050)  valid 0.90896 (tc 0.77164 hrr 0.45773)  lr 1.00e-03  *
    epoch   35  train 0.69400 (tc 0.58540 hrr 0.36201)  valid 0.90782 (tc 0.77296 hrr 0.44954)  lr 1.00e-03  *
    epoch   38  train 0.68289 (tc 0.57658 hrr 0.35437)  valid 0.89296 (tc 0.75599 hrr 0.45659)  lr 1.00e-03  *
    epoch   40  train 0.67001 (tc 0.56343 hrr 0.35528)  valid 0.88389 (tc 0.74887 hrr 0.45008)  lr 1.00e-03  *
    epoch   42  train 0.65094 (tc 0.54714 hrr 0.34601)  valid 0.88260 (tc 0.74773 hrr 0.44955)  lr 1.00e-03  *
    epoch   43  train 0.64484 (tc 0.54161 hrr 0.34411)  valid 0.87711 (tc 0.74301 hrr 0.44700)  lr 1.00e-03  *
    epoch   44  train 0.63603 (tc 0.53344 hrr 0.34194)  valid 0.86743 (tc 0.73184 hrr 0.45196)  lr 1.00e-03  *
    epoch   46  train 0.62925 (tc 0.52687 hrr 0.34128)  valid 0.86110 (tc 0.72504 hrr 0.45354)  lr 1.00e-03  *
    epoch   48  train 0.62137 (tc 0.51878 hrr 0.34199)  valid 0.85698 (tc 0.72064 hrr 0.45447)  lr 1.00e-03  *
    epoch   49  train 0.61905 (tc 0.51641 hrr 0.34215)  valid 0.83785 (tc 0.70535 hrr 0.44168)  lr 1.00e-03  *
    epoch   50  train 0.61157 (tc 0.50968 hrr 0.33965)  valid 0.84211 (tc 0.70499 hrr 0.45707)  lr 1.00e-03
    epoch   51  train 0.60027 (tc 0.49890 hrr 0.33789)  valid 0.83136 (tc 0.69860 hrr 0.44253)  lr 1.00e-03  *
    epoch   52  train 0.59271 (tc 0.49241 hrr 0.33432)  valid 0.81251 (tc 0.68183 hrr 0.43561)  lr 1.00e-03  *
    epoch   53  train 0.58516 (tc 0.48544 hrr 0.33241)  valid 0.80772 (tc 0.67621 hrr 0.43839)  lr 1.00e-03  *
    epoch   54  train 0.57715 (tc 0.47802 hrr 0.33044)  valid 0.80484 (tc 0.67431 hrr 0.43512)  lr 1.00e-03  *
    epoch   56  train 0.56410 (tc 0.46577 hrr 0.32776)  valid 0.78869 (tc 0.65831 hrr 0.43461)  lr 1.00e-03  *
    epoch   57  train 0.55774 (tc 0.45955 hrr 0.32729)  valid 0.77935 (tc 0.64912 hrr 0.43412)  lr 1.00e-03  *
    epoch   58  train 0.55102 (tc 0.45355 hrr 0.32489)  valid 0.77490 (tc 0.64672 hrr 0.42725)  lr 1.00e-03  *
    epoch   59  train 0.54502 (tc 0.44797 hrr 0.32348)  valid 0.77328 (tc 0.64389 hrr 0.43129)  lr 1.00e-03  *
    epoch   60  train 0.53951 (tc 0.44272 hrr 0.32264)  valid 0.77397 (tc 0.64486 hrr 0.43039)  lr 1.00e-03
    epoch   61  train 0.53647 (tc 0.43986 hrr 0.32203)  valid 0.75879 (tc 0.63068 hrr 0.42704)  lr 1.00e-03  *
    epoch   63  train 0.52459 (tc 0.42835 hrr 0.32079)  valid 0.74899 (tc 0.62108 hrr 0.42637)  lr 1.00e-03  *
    epoch   64  train 0.51991 (tc 0.42393 hrr 0.31994)  valid 0.74699 (tc 0.62022 hrr 0.42257)  lr 1.00e-03  *
    epoch   65  train 0.51353 (tc 0.41807 hrr 0.31820)  valid 0.73994 (tc 0.61297 hrr 0.42320)  lr 1.00e-03  *
    epoch   66  train 0.50867 (tc 0.41335 hrr 0.31774)  valid 0.73769 (tc 0.60915 hrr 0.42847)  lr 1.00e-03  *
    epoch   67  train 0.50476 (tc 0.40975 hrr 0.31672)  valid 0.72771 (tc 0.59882 hrr 0.42962)  lr 1.00e-03  *
    epoch   69  train 0.49794 (tc 0.40322 hrr 0.31573)  valid 0.72422 (tc 0.59586 hrr 0.42789)  lr 1.00e-03  *
    epoch   70  train 0.49600 (tc 0.40119 hrr 0.31603)  valid 0.71395 (tc 0.59017 hrr 0.41260)  lr 1.00e-03  *
    epoch   72  train 0.48809 (tc 0.39407 hrr 0.31339)  valid 0.69933 (tc 0.57434 hrr 0.41664)  lr 1.00e-03  *
    epoch   77  train 0.47850 (tc 0.38420 hrr 0.31436)  valid 0.69317 (tc 0.56702 hrr 0.42050)  lr 1.00e-03  *
    epoch   80  train 0.47163 (tc 0.37847 hrr 0.31053)  valid 0.70098 (tc 0.57457 hrr 0.42137)  lr 1.00e-03
    epoch   82  train 0.47104 (tc 0.37682 hrr 0.31410)  valid 0.68908 (tc 0.56348 hrr 0.41868)  lr 1.00e-03  *
    epoch   84  train 0.47081 (tc 0.37751 hrr 0.31099)  valid 0.67105 (tc 0.54737 hrr 0.41227)  lr 1.00e-03  *
    epoch   87  train 0.45850 (tc 0.36671 hrr 0.30596)  valid 0.67009 (tc 0.54644 hrr 0.41214)  lr 1.00e-03  *
    epoch   89  train 0.45017 (tc 0.35934 hrr 0.30279)  valid 0.66082 (tc 0.53907 hrr 0.40583)  lr 1.00e-03  *
    epoch   90  train 0.44794 (tc 0.35746 hrr 0.30160)  valid 0.66650 (tc 0.54303 hrr 0.41155)  lr 1.00e-03
    epoch   91  train 0.44704 (tc 0.35603 hrr 0.30336)  valid 0.65150 (tc 0.53032 hrr 0.40393)  lr 1.00e-03  *
    epoch   96  train 0.43600 (tc 0.34669 hrr 0.29770)  valid 0.65117 (tc 0.52968 hrr 0.40496)  lr 1.00e-03  *
    epoch   98  train 0.43334 (tc 0.34448 hrr 0.29620)  valid 0.64915 (tc 0.52753 hrr 0.40541)  lr 1.00e-03  *
    epoch  100  train 0.43345 (tc 0.34454 hrr 0.29637)  valid 0.65708 (tc 0.53215 hrr 0.41645)  lr 1.00e-03
    epoch  101  train 0.43298 (tc 0.34416 hrr 0.29607)  valid 0.64794 (tc 0.52623 hrr 0.40572)  lr 1.00e-03  *
    epoch  102  train 0.43166 (tc 0.34318 hrr 0.29493)  valid 0.64713 (tc 0.52516 hrr 0.40657)  lr 1.00e-03  *
    epoch  105  train 0.42983 (tc 0.34132 hrr 0.29502)  valid 0.64552 (tc 0.52501 hrr 0.40169)  lr 1.00e-03  *
    epoch  106  train 0.42597 (tc 0.33809 hrr 0.29292)  valid 0.64083 (tc 0.52013 hrr 0.40232)  lr 1.00e-03  *
    epoch  107  train 0.42445 (tc 0.33700 hrr 0.29152)  valid 0.63617 (tc 0.51613 hrr 0.40014)  lr 1.00e-03  *
    epoch  109  train 0.42209 (tc 0.33481 hrr 0.29093)  valid 0.63311 (tc 0.51468 hrr 0.39475)  lr 1.00e-03  *
    epoch  110  train 0.42097 (tc 0.33391 hrr 0.29020)  valid 0.62674 (tc 0.50921 hrr 0.39176)  lr 1.00e-03  *
    epoch  112  train 0.42181 (tc 0.33455 hrr 0.29087)  valid 0.62392 (tc 0.50536 hrr 0.39520)  lr 1.00e-03  *
    epoch  120  train 0.41498 (tc 0.32845 hrr 0.28843)  valid 0.63440 (tc 0.51638 hrr 0.39343)  lr 1.00e-03
    epoch  127  train 0.41909 (tc 0.33233 hrr 0.28922)  valid 0.62116 (tc 0.50275 hrr 0.39471)  lr 1.00e-03  *
    epoch  130  train 0.41111 (tc 0.32500 hrr 0.28703)  valid 0.64265 (tc 0.52114 hrr 0.40503)  lr 1.00e-03
    epoch  138  train 0.41188 (tc 0.32536 hrr 0.28838)  valid 0.61601 (tc 0.50126 hrr 0.38251)  lr 1.00e-03  *
    epoch  140  train 0.40538 (tc 0.32037 hrr 0.28337)  valid 0.62170 (tc 0.50471 hrr 0.38996)  lr 1.00e-03
    epoch  141  train 0.40016 (tc 0.31599 hrr 0.28057)  valid 0.60811 (tc 0.49255 hrr 0.38520)  lr 1.00e-03  *
    epoch  142  train 0.39735 (tc 0.31361 hrr 0.27910)  valid 0.60778 (tc 0.49108 hrr 0.38900)  lr 1.00e-03  *
    epoch  144  train 0.39347 (tc 0.31059 hrr 0.27627)  valid 0.60341 (tc 0.48673 hrr 0.38893)  lr 1.00e-03  *
    epoch  145  train 0.39351 (tc 0.31056 hrr 0.27650)  valid 0.59898 (tc 0.48422 hrr 0.38252)  lr 1.00e-03  *
    epoch  150  train 0.38999 (tc 0.30716 hrr 0.27610)  valid 0.59673 (tc 0.48398 hrr 0.37583)  lr 1.00e-03  *
    epoch  151  train 0.38709 (tc 0.30497 hrr 0.27372)  valid 0.59556 (tc 0.48194 hrr 0.37872)  lr 1.00e-03  *
    epoch  152  train 0.38668 (tc 0.30486 hrr 0.27275)  valid 0.59133 (tc 0.47744 hrr 0.37964)  lr 1.00e-03  *
    epoch  153  train 0.38491 (tc 0.30329 hrr 0.27207)  valid 0.58858 (tc 0.47583 hrr 0.37583)  lr 1.00e-03  *
    epoch  157  train 0.38112 (tc 0.30011 hrr 0.27002)  valid 0.58801 (tc 0.47435 hrr 0.37887)  lr 1.00e-03  *
    epoch  159  train 0.37976 (tc 0.29883 hrr 0.26977)  valid 0.58564 (tc 0.47266 hrr 0.37660)  lr 1.00e-03  *
    epoch  160  train 0.37927 (tc 0.29858 hrr 0.26897)  valid 0.58553 (tc 0.47348 hrr 0.37351)  lr 1.00e-03  *
    epoch  163  train 0.37764 (tc 0.29720 hrr 0.26814)  valid 0.57900 (tc 0.46605 hrr 0.37650)  lr 1.00e-03  *
    epoch  166  train 0.37577 (tc 0.29550 hrr 0.26757)  valid 0.57627 (tc 0.46365 hrr 0.37539)  lr 1.00e-03  *
    epoch  168  train 0.37672 (tc 0.29636 hrr 0.26786)  valid 0.57430 (tc 0.46217 hrr 0.37378)  lr 1.00e-03  *
    epoch  170  train 0.37770 (tc 0.29730 hrr 0.26802)  valid 0.58976 (tc 0.47597 hrr 0.37929)  lr 1.00e-03
    epoch  180  train 0.41583 (tc 0.32791 hrr 0.29307)  valid 0.58289 (tc 0.46145 hrr 0.40480)  lr 1.00e-03
    epoch  185  train 0.38419 (tc 0.30186 hrr 0.27444)  valid 0.56114 (tc 0.44850 hrr 0.37545)  lr 5.00e-04  *
    epoch  187  train 0.37473 (tc 0.29387 hrr 0.26951)  valid 0.55725 (tc 0.44553 hrr 0.37243)  lr 5.00e-04  *
    epoch  188  train 0.37162 (tc 0.29132 hrr 0.26764)  valid 0.55679 (tc 0.44622 hrr 0.36860)  lr 5.00e-04  *
    epoch  190  train 0.36822 (tc 0.28846 hrr 0.26585)  valid 0.55385 (tc 0.44237 hrr 0.37162)  lr 5.00e-04  *
    epoch  191  train 0.36805 (tc 0.28856 hrr 0.26495)  valid 0.55067 (tc 0.44178 hrr 0.36297)  lr 5.00e-04  *
    epoch  200  train 0.36403 (tc 0.28501 hrr 0.26340)  valid 0.55416 (tc 0.44428 hrr 0.36626)  lr 5.00e-04
    epoch  201  train 0.36626 (tc 0.28705 hrr 0.26406)  valid 0.54979 (tc 0.44292 hrr 0.35623)  lr 5.00e-04  *
    epoch  210  train 0.36453 (tc 0.28587 hrr 0.26220)  valid 0.57171 (tc 0.45839 hrr 0.37771)  lr 5.00e-04
    epoch  220  train 0.35588 (tc 0.27850 hrr 0.25793)  valid 0.55022 (tc 0.44082 hrr 0.36466)  lr 2.50e-04
    epoch  230  train 0.35256 (tc 0.27570 hrr 0.25620)  valid 0.55665 (tc 0.44630 hrr 0.36784)  lr 2.50e-04
    epoch  240  train 0.35110 (tc 0.27459 hrr 0.25506)  valid 0.55228 (tc 0.44280 hrr 0.36493)  lr 1.25e-04
    epoch  250  train 0.35039 (tc 0.27393 hrr 0.25486)  valid 0.55538 (tc 0.44435 hrr 0.37011)  lr 6.25e-05
    epoch  260  train 0.34992 (tc 0.27355 hrr 0.25458)  valid 0.55253 (tc 0.44245 hrr 0.36693)  lr 6.25e-05
    early stop at epoch 261 (best 0.54979 @ 201)
    saved models_part1_fix184_s45\part1_member0.pt  (1.4 min)

  === member 2/3 (seed 46) ===
    [sentinel] weights moved after epoch 0: |dW| = 3.2595e+00
    epoch    0  train 1.92959 (tc 1.53204 hrr 1.32517)  valid 1.51236 (tc 1.25463 hrr 0.85912)  lr 1.00e-03  *
    epoch    1  train 1.29345 (tc 1.10863 hrr 0.61607)  valid 1.35633 (tc 1.16839 hrr 0.62645)  lr 1.00e-03  *
    epoch    2  train 1.18367 (tc 1.02381 hrr 0.53286)  valid 1.28675 (tc 1.10711 hrr 0.59879)  lr 1.00e-03  *
    epoch    3  train 1.12817 (tc 0.97602 hrr 0.50715)  valid 1.25782 (tc 1.08085 hrr 0.58993)  lr 1.00e-03  *
    epoch    4  train 1.08446 (tc 0.93424 hrr 0.50073)  valid 1.21439 (tc 1.03868 hrr 0.58570)  lr 1.00e-03  *
    epoch    5  train 1.04002 (tc 0.89364 hrr 0.48794)  valid 1.17071 (tc 0.99814 hrr 0.57523)  lr 1.00e-03  *
    epoch    6  train 1.01899 (tc 0.87364 hrr 0.48452)  valid 1.16488 (tc 0.98894 hrr 0.58647)  lr 1.00e-03  *
    epoch    7  train 0.99125 (tc 0.84833 hrr 0.47640)  valid 1.12031 (tc 0.95425 hrr 0.55351)  lr 1.00e-03  *
    epoch    8  train 0.96664 (tc 0.82813 hrr 0.46171)  valid 1.10169 (tc 0.93479 hrr 0.55634)  lr 1.00e-03  *
    epoch    9  train 0.95428 (tc 0.81790 hrr 0.45460)  valid 1.08806 (tc 0.92345 hrr 0.54870)  lr 1.00e-03  *
    epoch   10  train 0.94254 (tc 0.80720 hrr 0.45112)  valid 1.06926 (tc 0.90985 hrr 0.53138)  lr 1.00e-03  *
    epoch   11  train 0.92622 (tc 0.79399 hrr 0.44075)  valid 1.06436 (tc 0.90544 hrr 0.52974)  lr 1.00e-03  *
    epoch   12  train 0.91567 (tc 0.78522 hrr 0.43484)  valid 1.05001 (tc 0.89213 hrr 0.52627)  lr 1.00e-03  *
    epoch   13  train 0.89530 (tc 0.76586 hrr 0.43149)  valid 1.02352 (tc 0.86847 hrr 0.51683)  lr 1.00e-03  *
    epoch   15  train 0.85704 (tc 0.73129 hrr 0.41914)  valid 1.01574 (tc 0.86159 hrr 0.51382)  lr 1.00e-03  *
    epoch   16  train 0.84562 (tc 0.72144 hrr 0.41391)  valid 1.00180 (tc 0.85289 hrr 0.49639)  lr 1.00e-03  *
    epoch   17  train 0.82593 (tc 0.70276 hrr 0.41055)  valid 0.97577 (tc 0.82842 hrr 0.49117)  lr 1.00e-03  *
    epoch   20  train 0.79230 (tc 0.67204 hrr 0.40089)  valid 0.96563 (tc 0.82055 hrr 0.48360)  lr 1.00e-03  *
    epoch   21  train 0.78616 (tc 0.66754 hrr 0.39540)  valid 0.95620 (tc 0.81467 hrr 0.47178)  lr 1.00e-03  *
    epoch   22  train 0.77119 (tc 0.65434 hrr 0.38948)  valid 0.94937 (tc 0.80647 hrr 0.47633)  lr 1.00e-03  *
    epoch   24  train 0.76653 (tc 0.65012 hrr 0.38804)  valid 0.92751 (tc 0.78921 hrr 0.46101)  lr 1.00e-03  *
    epoch   27  train 0.73593 (tc 0.62299 hrr 0.37647)  valid 0.91441 (tc 0.78056 hrr 0.44616)  lr 1.00e-03  *
    epoch   29  train 0.71351 (tc 0.60276 hrr 0.36917)  valid 0.90419 (tc 0.76965 hrr 0.44846)  lr 1.00e-03  *
    epoch   30  train 0.71548 (tc 0.60536 hrr 0.36707)  valid 0.90508 (tc 0.76951 hrr 0.45187)  lr 1.00e-03
    epoch   35  train 0.70194 (tc 0.59098 hrr 0.36985)  valid 0.89355 (tc 0.75891 hrr 0.44882)  lr 1.00e-03  *
    epoch   36  train 0.69327 (tc 0.58463 hrr 0.36212)  valid 0.87892 (tc 0.74739 hrr 0.43844)  lr 1.00e-03  *
    epoch   37  train 0.68084 (tc 0.57375 hrr 0.35697)  valid 0.87140 (tc 0.73973 hrr 0.43888)  lr 1.00e-03  *
    epoch   38  train 0.66670 (tc 0.56094 hrr 0.35254)  valid 0.85575 (tc 0.72448 hrr 0.43756)  lr 1.00e-03  *
    epoch   40  train 0.64456 (tc 0.54057 hrr 0.34664)  valid 0.85475 (tc 0.72482 hrr 0.43313)  lr 1.00e-03  *
    epoch   42  train 0.62863 (tc 0.52550 hrr 0.34378)  valid 0.83507 (tc 0.70647 hrr 0.42867)  lr 1.00e-03  *
    epoch   43  train 0.61744 (tc 0.51530 hrr 0.34048)  valid 0.82828 (tc 0.70005 hrr 0.42746)  lr 1.00e-03  *
    epoch   44  train 0.60887 (tc 0.50734 hrr 0.33842)  valid 0.82104 (tc 0.69272 hrr 0.42771)  lr 1.00e-03  *
    epoch   45  train 0.60260 (tc 0.50145 hrr 0.33717)  valid 0.81702 (tc 0.68750 hrr 0.43174)  lr 1.00e-03  *
    epoch   46  train 0.60151 (tc 0.50074 hrr 0.33587)  valid 0.79956 (tc 0.67197 hrr 0.42530)  lr 1.00e-03  *
    epoch   47  train 0.59679 (tc 0.49629 hrr 0.33497)  valid 0.79496 (tc 0.67067 hrr 0.41431)  lr 1.00e-03  *
    epoch   50  train 0.58086 (tc 0.48138 hrr 0.33160)  valid 0.80774 (tc 0.67796 hrr 0.43261)  lr 1.00e-03
    epoch   51  train 0.57703 (tc 0.47801 hrr 0.33009)  valid 0.78080 (tc 0.65711 hrr 0.41232)  lr 1.00e-03  *
    epoch   52  train 0.57415 (tc 0.47554 hrr 0.32873)  valid 0.77457 (tc 0.65107 hrr 0.41166)  lr 1.00e-03  *
    epoch   55  train 0.56131 (tc 0.46405 hrr 0.32420)  valid 0.76231 (tc 0.63939 hrr 0.40971)  lr 1.00e-03  *
    epoch   56  train 0.55605 (tc 0.45951 hrr 0.32180)  valid 0.76172 (tc 0.63607 hrr 0.41885)  lr 1.00e-03  *
    epoch   57  train 0.55015 (tc 0.45434 hrr 0.31935)  valid 0.75688 (tc 0.63426 hrr 0.40874)  lr 1.00e-03  *
    epoch   58  train 0.54600 (tc 0.45082 hrr 0.31727)  valid 0.74013 (tc 0.62098 hrr 0.39717)  lr 1.00e-03  *
    epoch   60  train 0.53839 (tc 0.44430 hrr 0.31365)  valid 0.74884 (tc 0.62715 hrr 0.40563)  lr 1.00e-03
    epoch   63  train 0.53811 (tc 0.44339 hrr 0.31574)  valid 0.73680 (tc 0.61273 hrr 0.41356)  lr 1.00e-03  *
    epoch   64  train 0.53455 (tc 0.44048 hrr 0.31358)  valid 0.73219 (tc 0.61026 hrr 0.40644)  lr 1.00e-03  *
    epoch   65  train 0.53276 (tc 0.43903 hrr 0.31243)  valid 0.72980 (tc 0.60916 hrr 0.40212)  lr 1.00e-03  *
    epoch   66  train 0.53004 (tc 0.43663 hrr 0.31135)  valid 0.72838 (tc 0.60709 hrr 0.40430)  lr 1.00e-03  *
    epoch   67  train 0.52954 (tc 0.43640 hrr 0.31047)  valid 0.72243 (tc 0.60222 hrr 0.40069)  lr 1.00e-03  *
    epoch   68  train 0.52368 (tc 0.43077 hrr 0.30972)  valid 0.71983 (tc 0.59895 hrr 0.40294)  lr 1.00e-03  *
    epoch   69  train 0.51684 (tc 0.42441 hrr 0.30811)  valid 0.71547 (tc 0.59294 hrr 0.40845)  lr 1.00e-03  *
    epoch   70  train 0.51251 (tc 0.42056 hrr 0.30649)  valid 0.70431 (tc 0.58391 hrr 0.40134)  lr 1.00e-03  *
    epoch   72  train 0.50090 (tc 0.40987 hrr 0.30342)  valid 0.69159 (tc 0.57233 hrr 0.39753)  lr 1.00e-03  *
    epoch   73  train 0.49026 (tc 0.39943 hrr 0.30275)  valid 0.66898 (tc 0.55043 hrr 0.39518)  lr 1.00e-03  *
    epoch   75  train 0.47365 (tc 0.38370 hrr 0.29984)  valid 0.65758 (tc 0.54034 hrr 0.39081)  lr 1.00e-03  *
    epoch   77  train 0.46548 (tc 0.37607 hrr 0.29803)  valid 0.64248 (tc 0.52649 hrr 0.38663)  lr 1.00e-03  *
    epoch   80  train 0.44985 (tc 0.36161 hrr 0.29413)  valid 0.64562 (tc 0.52800 hrr 0.39208)  lr 1.00e-03
    epoch   81  train 0.44798 (tc 0.35974 hrr 0.29414)  valid 0.63170 (tc 0.51668 hrr 0.38341)  lr 1.00e-03  *
    epoch   82  train 0.44637 (tc 0.35791 hrr 0.29485)  valid 0.63136 (tc 0.51375 hrr 0.39203)  lr 1.00e-03  *
    epoch   84  train 0.43835 (tc 0.35089 hrr 0.29153)  valid 0.61662 (tc 0.50080 hrr 0.38607)  lr 1.00e-03  *
    epoch   85  train 0.43327 (tc 0.34621 hrr 0.29022)  valid 0.61510 (tc 0.50060 hrr 0.38165)  lr 1.00e-03  *
    epoch   90  train 0.43132 (tc 0.34353 hrr 0.29261)  valid 0.61842 (tc 0.50178 hrr 0.38878)  lr 1.00e-03
    epoch   92  train 0.42327 (tc 0.33677 hrr 0.28835)  valid 0.61328 (tc 0.49625 hrr 0.39011)  lr 1.00e-03  *
    epoch   93  train 0.41970 (tc 0.33405 hrr 0.28549)  valid 0.61070 (tc 0.49629 hrr 0.38138)  lr 1.00e-03  *
    epoch   97  train 0.41724 (tc 0.33161 hrr 0.28543)  valid 0.60766 (tc 0.49233 hrr 0.38444)  lr 1.00e-03  *
    epoch   98  train 0.41696 (tc 0.33161 hrr 0.28451)  valid 0.60359 (tc 0.48917 hrr 0.38143)  lr 1.00e-03  *
    epoch   99  train 0.41405 (tc 0.32912 hrr 0.28307)  valid 0.59333 (tc 0.47999 hrr 0.37779)  lr 1.00e-03  *
    epoch  100  train 0.41078 (tc 0.32598 hrr 0.28267)  valid 0.59679 (tc 0.48445 hrr 0.37447)  lr 1.00e-03
    epoch  102  train 0.40722 (tc 0.32340 hrr 0.27942)  valid 0.59310 (tc 0.48089 hrr 0.37404)  lr 1.00e-03  *
    epoch  103  train 0.40298 (tc 0.31958 hrr 0.27798)  valid 0.59057 (tc 0.47864 hrr 0.37309)  lr 1.00e-03  *
    epoch  104  train 0.40090 (tc 0.31795 hrr 0.27651)  valid 0.58554 (tc 0.47417 hrr 0.37122)  lr 1.00e-03  *
    epoch  105  train 0.39808 (tc 0.31543 hrr 0.27551)  valid 0.57981 (tc 0.46828 hrr 0.37177)  lr 1.00e-03  *
    epoch  110  train 0.39393 (tc 0.31216 hrr 0.27258)  valid 0.57519 (tc 0.46447 hrr 0.36908)  lr 1.00e-03  *
    epoch  117  train 0.39379 (tc 0.31256 hrr 0.27074)  valid 0.56980 (tc 0.46143 hrr 0.36125)  lr 1.00e-03  *
    epoch  118  train 0.39043 (tc 0.30939 hrr 0.27014)  valid 0.56561 (tc 0.45748 hrr 0.36045)  lr 1.00e-03  *
    epoch  120  train 0.38857 (tc 0.30774 hrr 0.26941)  valid 0.57192 (tc 0.46191 hrr 0.36670)  lr 1.00e-03
    epoch  128  train 0.40516 (tc 0.32145 hrr 0.27904)  valid 0.56369 (tc 0.45208 hrr 0.37202)  lr 1.00e-03  *
    epoch  130  train 0.39185 (tc 0.31071 hrr 0.27048)  valid 0.55629 (tc 0.45007 hrr 0.35405)  lr 1.00e-03  *
    epoch  137  train 0.38469 (tc 0.30514 hrr 0.26519)  valid 0.55403 (tc 0.44657 hrr 0.35819)  lr 1.00e-03  *
    epoch  140  train 0.37679 (tc 0.29842 hrr 0.26125)  valid 0.55254 (tc 0.44391 hrr 0.36212)  lr 1.00e-03  *
    epoch  145  train 0.36804 (tc 0.29082 hrr 0.25743)  valid 0.54437 (tc 0.43873 hrr 0.35211)  lr 1.00e-03  *
    epoch  147  train 0.36561 (tc 0.28888 hrr 0.25576)  valid 0.54183 (tc 0.43576 hrr 0.35357)  lr 1.00e-03  *
    epoch  150  train 0.36417 (tc 0.28761 hrr 0.25521)  valid 0.54986 (tc 0.44259 hrr 0.35758)  lr 1.00e-03
    epoch  156  train 0.35752 (tc 0.28221 hrr 0.25101)  valid 0.54099 (tc 0.43515 hrr 0.35279)  lr 1.00e-03  *
    epoch  157  train 0.35581 (tc 0.28065 hrr 0.25056)  valid 0.53833 (tc 0.43319 hrr 0.35044)  lr 1.00e-03  *
    epoch  160  train 0.35358 (tc 0.27868 hrr 0.24966)  valid 0.54045 (tc 0.43411 hrr 0.35444)  lr 1.00e-03
    epoch  162  train 0.35312 (tc 0.27829 hrr 0.24942)  valid 0.53541 (tc 0.43007 hrr 0.35114)  lr 1.00e-03  *
    epoch  166  train 0.35073 (tc 0.27624 hrr 0.24830)  valid 0.53264 (tc 0.42779 hrr 0.34948)  lr 1.00e-03  *
    epoch  170  train 0.34838 (tc 0.27434 hrr 0.24680)  valid 0.54337 (tc 0.43739 hrr 0.35328)  lr 1.00e-03
    epoch  180  train 0.34269 (tc 0.26926 hrr 0.24478)  valid 0.53418 (tc 0.42779 hrr 0.35463)  lr 1.00e-03
    epoch  181  train 0.34144 (tc 0.26820 hrr 0.24413)  valid 0.52999 (tc 0.42394 hrr 0.35349)  lr 1.00e-03  *
    epoch  187  train 0.33640 (tc 0.26368 hrr 0.24241)  valid 0.52760 (tc 0.42149 hrr 0.35370)  lr 1.00e-03  *
    epoch  188  train 0.33493 (tc 0.26241 hrr 0.24174)  valid 0.52501 (tc 0.42043 hrr 0.34861)  lr 1.00e-03  *
    epoch  189  train 0.33478 (tc 0.26231 hrr 0.24157)  valid 0.52327 (tc 0.41926 hrr 0.34673)  lr 1.00e-03  *
    epoch  190  train 0.33399 (tc 0.26159 hrr 0.24134)  valid 0.52674 (tc 0.42228 hrr 0.34818)  lr 1.00e-03
    epoch  192  train 0.33258 (tc 0.26043 hrr 0.24048)  valid 0.52318 (tc 0.41778 hrr 0.35134)  lr 1.00e-03  *
    epoch  195  train 0.33368 (tc 0.26151 hrr 0.24056)  valid 0.51939 (tc 0.41508 hrr 0.34770)  lr 1.00e-03  *
    epoch  200  train 0.33053 (tc 0.25842 hrr 0.24036)  valid 0.52441 (tc 0.42007 hrr 0.34781)  lr 1.00e-03
    epoch  210  train 0.34896 (tc 0.27467 hrr 0.24762)  valid 0.53677 (tc 0.43042 hrr 0.35452)  lr 1.00e-03
    epoch  216  train 0.33103 (tc 0.25898 hrr 0.24017)  valid 0.51710 (tc 0.41251 hrr 0.34865)  lr 5.00e-04  *
    epoch  219  train 0.32711 (tc 0.25573 hrr 0.23795)  valid 0.51398 (tc 0.41012 hrr 0.34621)  lr 5.00e-04  *
    epoch  220  train 0.32579 (tc 0.25456 hrr 0.23745)  valid 0.51558 (tc 0.41082 hrr 0.34920)  lr 5.00e-04
    epoch  225  train 0.32369 (tc 0.25282 hrr 0.23623)  valid 0.51368 (tc 0.40916 hrr 0.34838)  lr 5.00e-04  *
    epoch  227  train 0.32252 (tc 0.25173 hrr 0.23597)  valid 0.51118 (tc 0.40680 hrr 0.34791)  lr 5.00e-04  *
    epoch  228  train 0.32195 (tc 0.25122 hrr 0.23578)  valid 0.51043 (tc 0.40649 hrr 0.34647)  lr 5.00e-04  *
    epoch  229  train 0.32175 (tc 0.25108 hrr 0.23554)  valid 0.50980 (tc 0.40594 hrr 0.34622)  lr 5.00e-04  *
    epoch  230  train 0.32156 (tc 0.25089 hrr 0.23557)  valid 0.51322 (tc 0.40866 hrr 0.34852)  lr 5.00e-04
    epoch  240  train 0.31965 (tc 0.24938 hrr 0.23423)  valid 0.51247 (tc 0.40763 hrr 0.34947)  lr 5.00e-04
    epoch  243  train 0.31917 (tc 0.24894 hrr 0.23412)  valid 0.50744 (tc 0.40396 hrr 0.34494)  lr 5.00e-04  *
    epoch  250  train 0.31657 (tc 0.24664 hrr 0.23308)  valid 0.50886 (tc 0.40518 hrr 0.34562)  lr 5.00e-04
    epoch  260  train 0.31537 (tc 0.24567 hrr 0.23234)  valid 0.50515 (tc 0.40194 hrr 0.34405)  lr 2.50e-04  *
    epoch  261  train 0.31448 (tc 0.24491 hrr 0.23190)  valid 0.50455 (tc 0.40098 hrr 0.34522)  lr 2.50e-04  *
    epoch  270  train 0.31288 (tc 0.24357 hrr 0.23105)  valid 0.50789 (tc 0.40344 hrr 0.34816)  lr 2.50e-04
    epoch  280  train 0.31186 (tc 0.24266 hrr 0.23066)  valid 0.51384 (tc 0.40781 hrr 0.35343)  lr 1.25e-04
    epoch  290  train 0.31081 (tc 0.24169 hrr 0.23040)  valid 0.51041 (tc 0.40527 hrr 0.35045)  lr 1.25e-04
    epoch  300  train 0.31020 (tc 0.24122 hrr 0.22996)  valid 0.50889 (tc 0.40435 hrr 0.34849)  lr 6.25e-05
    epoch  310  train 0.31011 (tc 0.24109 hrr 0.23007)  valid 0.50526 (tc 0.40145 hrr 0.34604)  lr 3.13e-05
    epoch  320  train 0.30976 (tc 0.24080 hrr 0.22987)  valid 0.50775 (tc 0.40365 hrr 0.34698)  lr 3.13e-05
    early stop at epoch 321 (best 0.50455 @ 261)
    saved models_part1_fix184_s45\part1_member1.pt  (1.6 min)

  === member 3/3 (seed 47) ===
    [sentinel] weights moved after epoch 0: |dW| = 3.3185e+00
    epoch    0  train 1.87066 (tc 1.48833 hrr 1.27444)  valid 1.39779 (tc 1.18758 hrr 0.70069)  lr 1.00e-03  *
    epoch    1  train 1.21079 (tc 1.02288 hrr 0.62636)  valid 1.26759 (tc 1.08128 hrr 0.62103)  lr 1.00e-03  *
    epoch    2  train 1.09934 (tc 0.94123 hrr 0.52706)  valid 1.20346 (tc 1.02364 hrr 0.59940)  lr 1.00e-03  *
    epoch    3  train 1.04950 (tc 0.89859 hrr 0.50303)  valid 1.19318 (tc 1.01783 hrr 0.58449)  lr 1.00e-03  *
    epoch    4  train 1.01925 (tc 0.87011 hrr 0.49714)  valid 1.17115 (tc 0.99975 hrr 0.57131)  lr 1.00e-03  *
    epoch    6  train 0.98590 (tc 0.84341 hrr 0.47498)  valid 1.16140 (tc 0.99590 hrr 0.55167)  lr 1.00e-03  *
    epoch    7  train 0.96934 (tc 0.82987 hrr 0.46489)  valid 1.12180 (tc 0.95873 hrr 0.54356)  lr 1.00e-03  *
    epoch    8  train 0.93866 (tc 0.80109 hrr 0.45856)  valid 1.11235 (tc 0.94870 hrr 0.54551)  lr 1.00e-03  *
    epoch    9  train 0.91398 (tc 0.77924 hrr 0.44912)  valid 1.09284 (tc 0.93363 hrr 0.53069)  lr 1.00e-03  *
    epoch   10  train 0.89357 (tc 0.75978 hrr 0.44597)  valid 1.06957 (tc 0.90996 hrr 0.53204)  lr 1.00e-03  *
    epoch   11  train 0.87413 (tc 0.74211 hrr 0.44005)  valid 1.05509 (tc 0.89749 hrr 0.52534)  lr 1.00e-03  *
    epoch   12  train 0.85692 (tc 0.72646 hrr 0.43487)  valid 1.03833 (tc 0.87718 hrr 0.53719)  lr 1.00e-03  *
    epoch   13  train 0.84300 (tc 0.71275 hrr 0.43415)  valid 1.03122 (tc 0.87457 hrr 0.52216)  lr 1.00e-03  *
    epoch   14  train 0.82069 (tc 0.69328 hrr 0.42468)  valid 1.00362 (tc 0.84825 hrr 0.51788)  lr 1.00e-03  *
    epoch   15  train 0.79019 (tc 0.66403 hrr 0.42052)  valid 0.99527 (tc 0.84166 hrr 0.51201)  lr 1.00e-03  *
    epoch   16  train 0.77605 (tc 0.64997 hrr 0.42027)  valid 0.97314 (tc 0.82019 hrr 0.50981)  lr 1.00e-03  *
    epoch   17  train 0.75764 (tc 0.63277 hrr 0.41624)  valid 0.95801 (tc 0.80823 hrr 0.49928)  lr 1.00e-03  *
    epoch   19  train 0.74453 (tc 0.62065 hrr 0.41291)  valid 0.95431 (tc 0.80452 hrr 0.49930)  lr 1.00e-03  *
    epoch   20  train 0.73867 (tc 0.61533 hrr 0.41113)  valid 0.97000 (tc 0.81993 hrr 0.50023)  lr 1.00e-03
    epoch   21  train 0.73993 (tc 0.61632 hrr 0.41203)  valid 0.95361 (tc 0.80260 hrr 0.50338)  lr 1.00e-03  *
    epoch   22  train 0.72928 (tc 0.60880 hrr 0.40159)  valid 0.94236 (tc 0.79647 hrr 0.48632)  lr 1.00e-03  *
    epoch   23  train 0.72904 (tc 0.60997 hrr 0.39692)  valid 0.91853 (tc 0.77386 hrr 0.48222)  lr 1.00e-03  *
    epoch   24  train 0.72647 (tc 0.60806 hrr 0.39469)  valid 0.90117 (tc 0.75970 hrr 0.47157)  lr 1.00e-03  *
    epoch   28  train 0.69298 (tc 0.57808 hrr 0.38301)  valid 0.90115 (tc 0.76099 hrr 0.46722)  lr 1.00e-03  *
    epoch   29  train 0.69682 (tc 0.58137 hrr 0.38483)  valid 0.89670 (tc 0.75417 hrr 0.47509)  lr 1.00e-03  *
    epoch   30  train 0.69337 (tc 0.57814 hrr 0.38413)  valid 0.87725 (tc 0.74058 hrr 0.45557)  lr 1.00e-03  *
    epoch   33  train 0.68355 (tc 0.57108 hrr 0.37490)  valid 0.87663 (tc 0.74012 hrr 0.45502)  lr 1.00e-03  *
    epoch   34  train 0.67585 (tc 0.56405 hrr 0.37266)  valid 0.87080 (tc 0.73341 hrr 0.45795)  lr 1.00e-03  *
    epoch   38  train 0.66685 (tc 0.55799 hrr 0.36286)  valid 0.86749 (tc 0.73346 hrr 0.44676)  lr 1.00e-03  *
    epoch   40  train 0.66050 (tc 0.55159 hrr 0.36304)  valid 0.88461 (tc 0.74785 hrr 0.45584)  lr 1.00e-03
    epoch   42  train 0.65893 (tc 0.55014 hrr 0.36263)  valid 0.85960 (tc 0.72749 hrr 0.44035)  lr 1.00e-03  *
    epoch   44  train 0.65089 (tc 0.54284 hrr 0.36019)  valid 0.85243 (tc 0.71976 hrr 0.44226)  lr 1.00e-03  *
    epoch   46  train 0.63650 (tc 0.53084 hrr 0.35222)  valid 0.83855 (tc 0.70674 hrr 0.43937)  lr 1.00e-03  *
    epoch   50  train 0.62087 (tc 0.51748 hrr 0.34463)  valid 0.83860 (tc 0.70728 hrr 0.43774)  lr 1.00e-03
    epoch   52  train 0.61371 (tc 0.51178 hrr 0.33975)  valid 0.83271 (tc 0.70287 hrr 0.43280)  lr 1.00e-03  *
    epoch   55  train 0.60435 (tc 0.50373 hrr 0.33542)  valid 0.82900 (tc 0.70104 hrr 0.42652)  lr 1.00e-03  *
    epoch   56  train 0.60189 (tc 0.50138 hrr 0.33501)  valid 0.82315 (tc 0.69171 hrr 0.43816)  lr 1.00e-03  *
    epoch   60  train 0.59762 (tc 0.49723 hrr 0.33463)  valid 0.82633 (tc 0.69761 hrr 0.42906)  lr 1.00e-03
    epoch   64  train 0.58686 (tc 0.48862 hrr 0.32746)  valid 0.81830 (tc 0.69026 hrr 0.42679)  lr 1.00e-03  *
    epoch   67  train 0.58245 (tc 0.48528 hrr 0.32391)  valid 0.80912 (tc 0.68474 hrr 0.41460)  lr 1.00e-03  *
    epoch   70  train 0.58328 (tc 0.48492 hrr 0.32786)  valid 0.83509 (tc 0.71049 hrr 0.41536)  lr 1.00e-03
    epoch   71  train 0.57896 (tc 0.48131 hrr 0.32550)  valid 0.80627 (tc 0.68105 hrr 0.41742)  lr 1.00e-03  *
    epoch   80  train 0.56532 (tc 0.47100 hrr 0.31440)  valid 0.81807 (tc 0.69526 hrr 0.40936)  lr 1.00e-03
    epoch   83  train 0.57174 (tc 0.47762 hrr 0.31374)  valid 0.78697 (tc 0.66319 hrr 0.41260)  lr 1.00e-03  *
    epoch   90  train 0.55306 (tc 0.46035 hrr 0.30902)  valid 0.78051 (tc 0.66145 hrr 0.39687)  lr 1.00e-03  *
    epoch   91  train 0.55169 (tc 0.45868 hrr 0.31003)  valid 0.77199 (tc 0.65449 hrr 0.39169)  lr 1.00e-03  *
    epoch   95  train 0.54677 (tc 0.45454 hrr 0.30743)  valid 0.76661 (tc 0.64514 hrr 0.40492)  lr 1.00e-03  *
    epoch  100  train 0.54266 (tc 0.45166 hrr 0.30335)  valid 0.79712 (tc 0.67740 hrr 0.39905)  lr 1.00e-03
    epoch  103  train 0.53444 (tc 0.44524 hrr 0.29733)  valid 0.76086 (tc 0.64542 hrr 0.38481)  lr 1.00e-03  *
    epoch  110  train 0.52728 (tc 0.44017 hrr 0.29035)  valid 0.77738 (tc 0.66039 hrr 0.38997)  lr 1.00e-03
    epoch  117  train 0.51546 (tc 0.42977 hrr 0.28561)  valid 0.75711 (tc 0.64413 hrr 0.37662)  lr 1.00e-03  *
    epoch  118  train 0.51460 (tc 0.42921 hrr 0.28464)  valid 0.75558 (tc 0.64284 hrr 0.37578)  lr 1.00e-03  *
    epoch  120  train 0.52060 (tc 0.43476 hrr 0.28613)  valid 0.76613 (tc 0.65004 hrr 0.38696)  lr 1.00e-03
    epoch  121  train 0.51753 (tc 0.43150 hrr 0.28679)  valid 0.74939 (tc 0.63427 hrr 0.38375)  lr 1.00e-03  *
    epoch  122  train 0.52079 (tc 0.43382 hrr 0.28990)  valid 0.74448 (tc 0.63166 hrr 0.37605)  lr 1.00e-03  *
    epoch  130  train 0.51109 (tc 0.42680 hrr 0.28099)  valid 0.73627 (tc 0.62702 hrr 0.36415)  lr 1.00e-03  *
    epoch  140  train 0.49832 (tc 0.41606 hrr 0.27420)  valid 0.73380 (tc 0.62176 hrr 0.37347)  lr 1.00e-03  *
    epoch  144  train 0.49738 (tc 0.41528 hrr 0.27365)  valid 0.72952 (tc 0.61738 hrr 0.37379)  lr 1.00e-03  *
    epoch  150  train 0.50446 (tc 0.42164 hrr 0.27606)  valid 0.73750 (tc 0.62425 hrr 0.37750)  lr 1.00e-03
    epoch  157  train 0.50839 (tc 0.42381 hrr 0.28194)  valid 0.72558 (tc 0.61056 hrr 0.38341)  lr 1.00e-03  *
    epoch  160  train 0.49876 (tc 0.41813 hrr 0.26878)  valid 0.73653 (tc 0.62786 hrr 0.36223)  lr 1.00e-03
    epoch  161  train 0.49359 (tc 0.41363 hrr 0.26655)  valid 0.71905 (tc 0.60980 hrr 0.36418)  lr 1.00e-03  *
    epoch  162  train 0.49123 (tc 0.41171 hrr 0.26508)  valid 0.71725 (tc 0.60955 hrr 0.35899)  lr 1.00e-03  *
    epoch  164  train 0.48803 (tc 0.40804 hrr 0.26661)  valid 0.70559 (tc 0.59942 hrr 0.35391)  lr 1.00e-03  *
    epoch  166  train 0.48776 (tc 0.40822 hrr 0.26515)  valid 0.69960 (tc 0.59547 hrr 0.34710)  lr 1.00e-03  *
    epoch  170  train 0.48363 (tc 0.40583 hrr 0.25931)  valid 0.71641 (tc 0.60991 hrr 0.35499)  lr 1.00e-03
    epoch  180  train 0.48757 (tc 0.40860 hrr 0.26323)  valid 0.72727 (tc 0.60976 hrr 0.39171)  lr 1.00e-03
    epoch  190  train 0.47095 (tc 0.39544 hrr 0.25168)  valid 0.72286 (tc 0.61390 hrr 0.36319)  lr 5.00e-04
    epoch  200  train 0.46919 (tc 0.39469 hrr 0.24832)  valid 0.70331 (tc 0.60060 hrr 0.34235)  lr 2.50e-04
    epoch  210  train 0.46711 (tc 0.39309 hrr 0.24673)  valid 0.70411 (tc 0.60161 hrr 0.34167)  lr 2.50e-04
    epoch  220  train 0.46481 (tc 0.39116 hrr 0.24550)  valid 0.70404 (tc 0.60049 hrr 0.34516)  lr 1.25e-04
    early stop at epoch 226 (best 0.69960 @ 166)
    saved models_part1_fix184_s45\part1_member2.pt  (1.2 min)

  done. 3 member(s) in models_part1_fix184_s45
  next: python evaluate_part1.py --model-dir models_part1_fix184_s45
