  device: NVIDIA GeForce RTX 4090

  building dataset ...
  corpus: D:\Bs8414_05052026\Part1\_completed
  184 usable, 2 rejected
    - BS8414_DCLG_Test1_adv_debug: excluded: debug case; Core_MATERIAL HEAT_OF_REACTION=1500 vs 2300 in every other DCLG_Test1_adv deck, so it is a different system under the same name
    - BS8414_DCLG_Test7: excluded: declares insulation system PF like 33 other decks, but its Phenolic_Foam MATL is inert - HEAT_OF_REACTION absent (0 kJ/kg) with REFERENCE_TEMPERATURE=429 degC - where every other PF deck decomposes at HEAT_OF_REACTION=400 with no explicit reference temperature (cp 1.2 vs 1.5, k 0.020 vs 0.022, rho 32 vs 39). Same defect class as the debug case above: a different system under the same name. Found 2026-08-19 by explain_part1.check_group_determinism, which verifies that an insulation id fixes its material block; this was the only violation in 185 cases
  params (184, 16)  tc (184, 181, 16)  hrr (184, 181, 5)
  partial: BS8414_HPL_WC_noair_nogap (180/181 steps, padded+masked)

  split mode: system
    train   97 sims  22 systems  8/8 geometries
    valid   57 sims  12 systems  8/8 geometries
    test    30 sims   6 systems  8/8 geometries

  target: 16 thermocouples (External_LV1 x8 + External_LV2 x8)
          5 HRR channels (HRR, Q_RADI, Q_CONV, Q_COND, Q_TOTAL)
  model:  MLP-Attention-LSTM (Part1, KAN ablation control)
  loss:   tc + 0.3 * hrr  (no weight penalty)
  physics constraints: off

  === member 1/3 (seed 48) ===
    [sentinel] weights moved after epoch 0: |dW| = 2.8675e+00
    epoch    0  train 1.98306 (tc 1.55140 hrr 1.43886)  valid 1.74327 (tc 1.46867 hrr 0.91532)  lr 1.00e-03  *
    epoch    1  train 1.33008 (tc 1.11862 hrr 0.70488)  valid 1.59475 (tc 1.39757 hrr 0.65726)  lr 1.00e-03  *
    epoch    2  train 1.20847 (tc 1.03314 hrr 0.58445)  valid 1.57485 (tc 1.37281 hrr 0.67346)  lr 1.00e-03  *
    epoch    3  train 1.12433 (tc 0.96340 hrr 0.53643)  valid 1.49677 (tc 1.30668 hrr 0.63364)  lr 1.00e-03  *
    epoch    5  train 1.05308 (tc 0.90473 hrr 0.49452)  valid 1.47965 (tc 1.29946 hrr 0.60063)  lr 1.00e-03  *
    epoch    6  train 1.02895 (tc 0.88349 hrr 0.48485)  valid 1.41089 (tc 1.22770 hrr 0.61061)  lr 1.00e-03  *
    epoch    7  train 1.00429 (tc 0.86011 hrr 0.48061)  valid 1.35487 (tc 1.17779 hrr 0.59024)  lr 1.00e-03  *
    epoch   10  train 0.95420 (tc 0.81768 hrr 0.45509)  valid 1.35058 (tc 1.17711 hrr 0.57823)  lr 1.00e-03  *
    epoch   11  train 0.95179 (tc 0.81614 hrr 0.45218)  valid 1.32219 (tc 1.14518 hrr 0.59002)  lr 1.00e-03  *
    epoch   19  train 0.87370 (tc 0.74658 hrr 0.42371)  valid 1.31216 (tc 1.14901 hrr 0.54385)  lr 1.00e-03  *
    epoch   20  train 0.86097 (tc 0.73468 hrr 0.42096)  valid 1.33650 (tc 1.16920 hrr 0.55767)  lr 1.00e-03
    epoch   21  train 0.85207 (tc 0.72832 hrr 0.41249)  valid 1.29387 (tc 1.13144 hrr 0.54142)  lr 1.00e-03  *
    epoch   30  train 0.79003 (tc 0.67185 hrr 0.39393)  valid 1.27772 (tc 1.12316 hrr 0.51519)  lr 1.00e-03  *
    epoch   35  train 0.74823 (tc 0.63643 hrr 0.37266)  valid 1.24992 (tc 1.09292 hrr 0.52333)  lr 1.00e-03  *
    epoch   40  train 0.71702 (tc 0.60872 hrr 0.36101)  valid 1.24740 (tc 1.09411 hrr 0.51096)  lr 1.00e-03  *
    epoch   49  train 0.67996 (tc 0.57396 hrr 0.35334)  valid 1.21831 (tc 1.06883 hrr 0.49826)  lr 1.00e-03  *
    epoch   50  train 0.67782 (tc 0.57228 hrr 0.35178)  valid 1.21689 (tc 1.06704 hrr 0.49948)  lr 1.00e-03  *
    epoch   52  train 0.65872 (tc 0.55417 hrr 0.34848)  valid 1.21593 (tc 1.06914 hrr 0.48929)  lr 1.00e-03  *
    epoch   54  train 0.64053 (tc 0.53770 hrr 0.34274)  valid 1.17887 (tc 1.02961 hrr 0.49756)  lr 1.00e-03  *
    epoch   60  train 0.62349 (tc 0.52208 hrr 0.33804)  valid 1.22910 (tc 1.07860 hrr 0.50170)  lr 1.00e-03
    epoch   61  train 0.62464 (tc 0.52250 hrr 0.34048)  valid 1.14460 (tc 0.99919 hrr 0.48470)  lr 1.00e-03  *
    epoch   70  train 0.59379 (tc 0.49515 hrr 0.32881)  valid 1.17313 (tc 1.02690 hrr 0.48741)  lr 1.00e-03
    epoch   76  train 0.58696 (tc 0.48836 hrr 0.32867)  valid 1.14435 (tc 1.00161 hrr 0.47578)  lr 1.00e-03  *
    epoch   77  train 0.57990 (tc 0.48140 hrr 0.32833)  valid 1.14256 (tc 0.99888 hrr 0.47892)  lr 1.00e-03  *
    epoch   80  train 0.56168 (tc 0.46443 hrr 0.32418)  valid 1.15367 (tc 1.00802 hrr 0.48551)  lr 1.00e-03
    epoch   82  train 0.55726 (tc 0.45974 hrr 0.32508)  valid 1.12031 (tc 0.97776 hrr 0.47516)  lr 1.00e-03  *
    epoch   86  train 0.54192 (tc 0.44710 hrr 0.31608)  valid 1.10107 (tc 0.96113 hrr 0.46645)  lr 1.00e-03  *
    epoch   90  train 0.53209 (tc 0.43723 hrr 0.31620)  valid 1.10420 (tc 0.96347 hrr 0.46911)  lr 1.00e-03
    epoch   95  train 0.50078 (tc 0.40824 hrr 0.30845)  valid 1.05780 (tc 0.91937 hrr 0.46141)  lr 1.00e-03  *
    epoch   98  train 0.48127 (tc 0.38854 hrr 0.30908)  valid 1.05251 (tc 0.91149 hrr 0.47007)  lr 1.00e-03  *
    epoch  100  train 0.47222 (tc 0.38024 hrr 0.30658)  valid 1.06354 (tc 0.92392 hrr 0.46538)  lr 1.00e-03
    epoch  101  train 0.47197 (tc 0.37956 hrr 0.30802)  valid 1.05181 (tc 0.91135 hrr 0.46819)  lr 1.00e-03  *
    epoch  102  train 0.47123 (tc 0.37902 hrr 0.30735)  valid 1.04315 (tc 0.90518 hrr 0.45992)  lr 1.00e-03  *
    epoch  103  train 0.46525 (tc 0.37315 hrr 0.30700)  valid 1.03854 (tc 0.89913 hrr 0.46470)  lr 1.00e-03  *
    epoch  108  train 0.45031 (tc 0.35949 hrr 0.30271)  valid 1.03340 (tc 0.89393 hrr 0.46492)  lr 1.00e-03  *
    epoch  109  train 0.44827 (tc 0.35768 hrr 0.30199)  valid 1.03124 (tc 0.88946 hrr 0.47262)  lr 1.00e-03  *
    epoch  110  train 0.44408 (tc 0.35337 hrr 0.30237)  valid 1.02814 (tc 0.88890 hrr 0.46413)  lr 1.00e-03  *
    epoch  111  train 0.44194 (tc 0.35131 hrr 0.30213)  valid 1.01876 (tc 0.87894 hrr 0.46605)  lr 1.00e-03  *
    epoch  113  train 0.43590 (tc 0.34607 hrr 0.29944)  valid 1.01391 (tc 0.87510 hrr 0.46272)  lr 1.00e-03  *
    epoch  116  train 0.42932 (tc 0.33996 hrr 0.29784)  valid 1.00637 (tc 0.86802 hrr 0.46117)  lr 1.00e-03  *
    epoch  120  train 0.43665 (tc 0.34531 hrr 0.30446)  valid 0.96965 (tc 0.83221 hrr 0.45815)  lr 1.00e-03  *
    epoch  126  train 0.42054 (tc 0.33059 hrr 0.29984)  valid 0.96649 (tc 0.83212 hrr 0.44789)  lr 1.00e-03  *
    epoch  130  train 0.41396 (tc 0.32499 hrr 0.29657)  valid 0.99865 (tc 0.86432 hrr 0.44775)  lr 1.00e-03
    epoch  138  train 0.41137 (tc 0.32250 hrr 0.29624)  valid 0.95758 (tc 0.82383 hrr 0.44583)  lr 1.00e-03  *
    epoch  140  train 0.41408 (tc 0.32300 hrr 0.30359)  valid 0.96825 (tc 0.83203 hrr 0.45405)  lr 1.00e-03
    epoch  143  train 0.41112 (tc 0.32034 hrr 0.30259)  valid 0.95529 (tc 0.81974 hrr 0.45183)  lr 1.00e-03  *
    epoch  145  train 0.40183 (tc 0.31295 hrr 0.29628)  valid 0.95277 (tc 0.81953 hrr 0.44413)  lr 1.00e-03  *
    epoch  150  train 0.39669 (tc 0.30803 hrr 0.29551)  valid 0.97021 (tc 0.83589 hrr 0.44772)  lr 1.00e-03
    epoch  153  train 0.39463 (tc 0.30617 hrr 0.29484)  valid 0.94431 (tc 0.81009 hrr 0.44738)  lr 1.00e-03  *
    epoch  154  train 0.39805 (tc 0.30925 hrr 0.29602)  valid 0.94077 (tc 0.81127 hrr 0.43165)  lr 1.00e-03  *
    epoch  155  train 0.39080 (tc 0.30312 hrr 0.29226)  valid 0.93223 (tc 0.79889 hrr 0.44444)  lr 1.00e-03  *
    epoch  158  train 0.38342 (tc 0.29657 hrr 0.28950)  valid 0.92491 (tc 0.79201 hrr 0.44302)  lr 1.00e-03  *
    epoch  160  train 0.38281 (tc 0.29582 hrr 0.28994)  valid 0.94207 (tc 0.80921 hrr 0.44287)  lr 1.00e-03
    epoch  168  train 0.36839 (tc 0.28304 hrr 0.28452)  valid 0.91315 (tc 0.77941 hrr 0.44578)  lr 1.00e-03  *
    epoch  170  train 0.36337 (tc 0.27883 hrr 0.28180)  valid 0.92147 (tc 0.78810 hrr 0.44454)  lr 1.00e-03
    epoch  180  train 0.35052 (tc 0.26633 hrr 0.28063)  valid 0.93191 (tc 0.79886 hrr 0.44349)  lr 1.00e-03
    epoch  183  train 0.35022 (tc 0.26622 hrr 0.27998)  valid 0.91043 (tc 0.77816 hrr 0.44089)  lr 1.00e-03  *
    epoch  186  train 0.35319 (tc 0.26912 hrr 0.28023)  valid 0.90390 (tc 0.77402 hrr 0.43295)  lr 1.00e-03  *
    epoch  187  train 0.34933 (tc 0.26544 hrr 0.27966)  valid 0.89951 (tc 0.76805 hrr 0.43820)  lr 1.00e-03  *
    epoch  188  train 0.34707 (tc 0.26374 hrr 0.27776)  valid 0.85576 (tc 0.72693 hrr 0.42941)  lr 1.00e-03  *
    epoch  190  train 0.34567 (tc 0.26218 hrr 0.27828)  valid 0.88197 (tc 0.74983 hrr 0.44048)  lr 1.00e-03
    epoch  200  train 0.33158 (tc 0.24973 hrr 0.27285)  valid 0.89939 (tc 0.76697 hrr 0.44142)  lr 1.00e-03
    epoch  210  train 0.32272 (tc 0.24158 hrr 0.27049)  valid 0.90848 (tc 0.77688 hrr 0.43865)  lr 5.00e-04
    epoch  220  train 0.31864 (tc 0.23796 hrr 0.26894)  valid 0.90577 (tc 0.77185 hrr 0.44638)  lr 2.50e-04
    epoch  230  train 0.31603 (tc 0.23578 hrr 0.26751)  valid 0.89407 (tc 0.76241 hrr 0.43886)  lr 2.50e-04
    epoch  240  train 0.31415 (tc 0.23423 hrr 0.26641)  valid 0.89450 (tc 0.76310 hrr 0.43799)  lr 1.25e-04
    early stop at epoch 248 (best 0.85576 @ 188)
    saved models_part1_sys_mlp_seed48\part1_member0.pt  (1.3 min)

  === member 2/3 (seed 49) ===
    [sentinel] weights moved after epoch 0: |dW| = 2.9277e+00
    epoch    0  train 1.76611 (tc 1.35234 hrr 1.37925)  valid 1.86110 (tc 1.54507 hrr 1.05344)  lr 1.00e-03  *
    epoch    1  train 1.26754 (tc 1.04015 hrr 0.75796)  valid 1.62198 (tc 1.38932 hrr 0.77554)  lr 1.00e-03  *
    epoch    2  train 1.12340 (tc 0.94314 hrr 0.60088)  valid 1.54535 (tc 1.34432 hrr 0.67010)  lr 1.00e-03  *
    epoch    3  train 1.03614 (tc 0.87229 hrr 0.54617)  valid 1.48078 (tc 1.29304 hrr 0.62581)  lr 1.00e-03  *
    epoch    4  train 0.98878 (tc 0.83493 hrr 0.51284)  valid 1.45488 (tc 1.27193 hrr 0.60983)  lr 1.00e-03  *
    epoch    5  train 0.95069 (tc 0.80262 hrr 0.49358)  valid 1.42515 (tc 1.23406 hrr 0.63697)  lr 1.00e-03  *
    epoch    6  train 0.94740 (tc 0.79668 hrr 0.50239)  valid 1.41893 (tc 1.23439 hrr 0.61514)  lr 1.00e-03  *
    epoch    7  train 0.92365 (tc 0.77648 hrr 0.49059)  valid 1.41453 (tc 1.22273 hrr 0.63932)  lr 1.00e-03  *
    epoch    8  train 0.91294 (tc 0.76659 hrr 0.48784)  valid 1.35465 (tc 1.17658 hrr 0.59357)  lr 1.00e-03  *
    epoch   10  train 0.88514 (tc 0.74787 hrr 0.45759)  valid 1.34444 (tc 1.16775 hrr 0.58898)  lr 1.00e-03  *
    epoch   12  train 0.86055 (tc 0.72749 hrr 0.44352)  valid 1.33489 (tc 1.16042 hrr 0.58160)  lr 1.00e-03  *
    epoch   14  train 0.84389 (tc 0.71358 hrr 0.43436)  valid 1.32026 (tc 1.15031 hrr 0.56649)  lr 1.00e-03  *
    epoch   18  train 0.82919 (tc 0.70397 hrr 0.41741)  valid 1.31991 (tc 1.15280 hrr 0.55703)  lr 1.00e-03  *
    epoch   20  train 0.82033 (tc 0.69514 hrr 0.41729)  valid 1.32084 (tc 1.15628 hrr 0.54855)  lr 1.00e-03
    epoch   23  train 0.79674 (tc 0.67697 hrr 0.39924)  valid 1.31041 (tc 1.15201 hrr 0.52800)  lr 1.00e-03  *
    epoch   26  train 0.78190 (tc 0.66493 hrr 0.38989)  valid 1.29111 (tc 1.13444 hrr 0.52224)  lr 1.00e-03  *
    epoch   30  train 0.77123 (tc 0.65405 hrr 0.39059)  valid 1.32425 (tc 1.15597 hrr 0.56096)  lr 1.00e-03
    epoch   36  train 0.73939 (tc 0.62887 hrr 0.36841)  valid 1.28806 (tc 1.13537 hrr 0.50896)  lr 1.00e-03  *
    epoch   38  train 0.72993 (tc 0.62080 hrr 0.36377)  valid 1.26158 (tc 1.11473 hrr 0.48949)  lr 1.00e-03  *
    epoch   40  train 0.73542 (tc 0.62310 hrr 0.37440)  valid 1.22382 (tc 1.07656 hrr 0.49086)  lr 1.00e-03  *
    epoch   49  train 0.68503 (tc 0.58145 hrr 0.34526)  valid 1.21650 (tc 1.07145 hrr 0.48347)  lr 1.00e-03  *
    epoch   50  train 0.68701 (tc 0.57999 hrr 0.35674)  valid 1.24080 (tc 1.09504 hrr 0.48586)  lr 1.00e-03
    epoch   51  train 0.68652 (tc 0.57897 hrr 0.35852)  valid 1.20774 (tc 1.06132 hrr 0.48805)  lr 1.00e-03  *
    epoch   55  train 0.65321 (tc 0.55187 hrr 0.33781)  valid 1.17526 (tc 1.03180 hrr 0.47817)  lr 1.00e-03  *
    epoch   56  train 0.64844 (tc 0.54741 hrr 0.33676)  valid 1.16281 (tc 1.02177 hrr 0.47015)  lr 1.00e-03  *
    epoch   58  train 0.63162 (tc 0.53247 hrr 0.33049)  valid 1.14318 (tc 1.00201 hrr 0.47058)  lr 1.00e-03  *
    epoch   60  train 0.62269 (tc 0.52427 hrr 0.32806)  valid 1.15795 (tc 1.01648 hrr 0.47157)  lr 1.00e-03
    epoch   61  train 0.61940 (tc 0.52077 hrr 0.32877)  valid 1.13966 (tc 0.99899 hrr 0.46890)  lr 1.00e-03  *
    epoch   63  train 0.60540 (tc 0.50771 hrr 0.32563)  valid 1.12734 (tc 0.98648 hrr 0.46952)  lr 1.00e-03  *
    epoch   66  train 0.59004 (tc 0.49257 hrr 0.32489)  valid 1.12325 (tc 0.98398 hrr 0.46422)  lr 1.00e-03  *
    epoch   67  train 0.58272 (tc 0.48587 hrr 0.32281)  valid 1.10462 (tc 0.96603 hrr 0.46197)  lr 1.00e-03  *
    epoch   68  train 0.58041 (tc 0.48290 hrr 0.32502)  valid 1.09502 (tc 0.95896 hrr 0.45352)  lr 1.00e-03  *
    epoch   70  train 0.57751 (tc 0.47931 hrr 0.32735)  valid 1.10047 (tc 0.96221 hrr 0.46088)  lr 1.00e-03
    epoch   71  train 0.56906 (tc 0.47170 hrr 0.32453)  valid 1.09142 (tc 0.95185 hrr 0.46526)  lr 1.00e-03  *
    epoch   72  train 0.55989 (tc 0.46355 hrr 0.32115)  valid 1.07494 (tc 0.93638 hrr 0.46187)  lr 1.00e-03  *
    epoch   74  train 0.54975 (tc 0.45345 hrr 0.32099)  valid 1.06915 (tc 0.92918 hrr 0.46657)  lr 1.00e-03  *
    epoch   76  train 0.55231 (tc 0.45562 hrr 0.32227)  valid 1.05437 (tc 0.91737 hrr 0.45666)  lr 1.00e-03  *
    epoch   78  train 0.53830 (tc 0.44077 hrr 0.32511)  valid 1.02800 (tc 0.89039 hrr 0.45871)  lr 1.00e-03  *
    epoch   80  train 0.53505 (tc 0.43762 hrr 0.32474)  valid 1.03821 (tc 0.90085 hrr 0.45787)  lr 1.00e-03
    epoch   82  train 0.52799 (tc 0.43110 hrr 0.32297)  valid 1.02437 (tc 0.88905 hrr 0.45109)  lr 1.00e-03  *
    epoch   83  train 0.52018 (tc 0.42399 hrr 0.32064)  valid 1.01572 (tc 0.87754 hrr 0.46058)  lr 1.00e-03  *
    epoch   88  train 0.50431 (tc 0.40997 hrr 0.31445)  valid 0.99505 (tc 0.85980 hrr 0.45082)  lr 1.00e-03  *
    epoch   89  train 0.50138 (tc 0.40688 hrr 0.31501)  valid 0.99336 (tc 0.86008 hrr 0.44427)  lr 1.00e-03  *
    epoch   90  train 0.49667 (tc 0.40208 hrr 0.31530)  valid 0.99611 (tc 0.86160 hrr 0.44839)  lr 1.00e-03
    epoch   92  train 0.49828 (tc 0.40264 hrr 0.31878)  valid 0.98092 (tc 0.84569 hrr 0.45074)  lr 1.00e-03  *
    epoch  100  train 0.48204 (tc 0.38782 hrr 0.31406)  valid 0.98531 (tc 0.84870 hrr 0.45536)  lr 1.00e-03
    epoch  104  train 0.46835 (tc 0.37562 hrr 0.30911)  valid 0.97908 (tc 0.84582 hrr 0.44418)  lr 1.00e-03  *
    epoch  105  train 0.46334 (tc 0.37146 hrr 0.30627)  valid 0.96766 (tc 0.83436 hrr 0.44433)  lr 1.00e-03  *
    epoch  107  train 0.46702 (tc 0.37529 hrr 0.30575)  valid 0.95749 (tc 0.82311 hrr 0.44794)  lr 1.00e-03  *
    epoch  110  train 0.46142 (tc 0.36977 hrr 0.30549)  valid 0.96580 (tc 0.83144 hrr 0.44786)  lr 1.00e-03
    epoch  112  train 0.45365 (tc 0.36344 hrr 0.30068)  valid 0.94359 (tc 0.81059 hrr 0.44333)  lr 1.00e-03  *
    epoch  116  train 0.44994 (tc 0.36002 hrr 0.29973)  valid 0.94141 (tc 0.80994 hrr 0.43824)  lr 1.00e-03  *
    epoch  118  train 0.45438 (tc 0.36328 hrr 0.30369)  valid 0.93989 (tc 0.81053 hrr 0.43122)  lr 1.00e-03  *
    epoch  119  train 0.45410 (tc 0.36361 hrr 0.30163)  valid 0.93416 (tc 0.80448 hrr 0.43228)  lr 1.00e-03  *
    epoch  120  train 0.44963 (tc 0.35986 hrr 0.29925)  valid 0.96882 (tc 0.83628 hrr 0.44180)  lr 1.00e-03
    epoch  122  train 0.44454 (tc 0.35517 hrr 0.29791)  valid 0.92696 (tc 0.79800 hrr 0.42988)  lr 1.00e-03  *
    epoch  125  train 0.43918 (tc 0.35008 hrr 0.29699)  valid 0.92012 (tc 0.79216 hrr 0.42653)  lr 1.00e-03  *
    epoch  130  train 0.45970 (tc 0.36949 hrr 0.30070)  valid 0.94337 (tc 0.81313 hrr 0.43412)  lr 1.00e-03
    epoch  136  train 0.45102 (tc 0.35882 hrr 0.30735)  valid 0.90429 (tc 0.77645 hrr 0.42612)  lr 1.00e-03  *
    epoch  140  train 0.43841 (tc 0.34953 hrr 0.29627)  valid 0.94354 (tc 0.81623 hrr 0.42436)  lr 1.00e-03
    epoch  148  train 0.43995 (tc 0.34911 hrr 0.30277)  valid 0.89268 (tc 0.76791 hrr 0.41589)  lr 1.00e-03  *
    epoch  150  train 0.43328 (tc 0.34441 hrr 0.29625)  valid 0.96252 (tc 0.83222 hrr 0.43432)  lr 1.00e-03
    epoch  153  train 0.43187 (tc 0.34374 hrr 0.29375)  valid 0.89249 (tc 0.76717 hrr 0.41772)  lr 1.00e-03  *
    epoch  160  train 0.42703 (tc 0.34027 hrr 0.28920)  valid 0.92137 (tc 0.79243 hrr 0.42980)  lr 1.00e-03
    epoch  170  train 0.43057 (tc 0.34107 hrr 0.29836)  valid 0.91676 (tc 0.78742 hrr 0.43114)  lr 5.00e-04
    epoch  180  train 0.40789 (tc 0.32320 hrr 0.28230)  valid 0.92676 (tc 0.79878 hrr 0.42658)  lr 5.00e-04
    epoch  190  train 0.40372 (tc 0.31990 hrr 0.27941)  valid 0.91291 (tc 0.78523 hrr 0.42560)  lr 2.50e-04
    epoch  200  train 0.40254 (tc 0.31896 hrr 0.27861)  valid 0.91849 (tc 0.78856 hrr 0.43312)  lr 2.50e-04
    epoch  210  train 0.39951 (tc 0.31629 hrr 0.27737)  valid 0.90218 (tc 0.77404 hrr 0.42712)  lr 1.25e-04
    early stop at epoch 213 (best 0.89249 @ 153)
    saved models_part1_sys_mlp_seed48\part1_member1.pt  (1.1 min)

  === member 3/3 (seed 50) ===
    [sentinel] weights moved after epoch 0: |dW| = 2.9378e+00
    epoch    0  train 1.99288 (tc 1.52567 hrr 1.55737)  valid 1.83065 (tc 1.54572 hrr 0.94979)  lr 1.00e-03  *
    epoch    1  train 1.27417 (tc 1.07113 hrr 0.67680)  valid 1.61199 (tc 1.41252 hrr 0.66490)  lr 1.00e-03  *
    epoch    3  train 1.11138 (tc 0.95224 hrr 0.53047)  valid 1.54808 (tc 1.35306 hrr 0.65007)  lr 1.00e-03  *
    epoch    5  train 1.00117 (tc 0.84960 hrr 0.50523)  valid 1.47494 (tc 1.28623 hrr 0.62905)  lr 1.00e-03  *
    epoch    6  train 0.97162 (tc 0.82294 hrr 0.49559)  valid 1.45244 (tc 1.26934 hrr 0.61032)  lr 1.00e-03  *
    epoch    7  train 0.93526 (tc 0.78905 hrr 0.48739)  valid 1.44744 (tc 1.26010 hrr 0.62447)  lr 1.00e-03  *
    epoch    8  train 0.90853 (tc 0.76612 hrr 0.47471)  valid 1.42712 (tc 1.24376 hrr 0.61118)  lr 1.00e-03  *
    epoch    9  train 0.89275 (tc 0.75205 hrr 0.46898)  valid 1.40784 (tc 1.22192 hrr 0.61972)  lr 1.00e-03  *
    epoch   10  train 0.88243 (tc 0.74451 hrr 0.45973)  valid 1.40733 (tc 1.22663 hrr 0.60233)  lr 1.00e-03  *
    epoch   11  train 0.86224 (tc 0.72739 hrr 0.44950)  valid 1.39383 (tc 1.21390 hrr 0.59977)  lr 1.00e-03  *
    epoch   12  train 0.84749 (tc 0.71465 hrr 0.44278)  valid 1.39004 (tc 1.21141 hrr 0.59542)  lr 1.00e-03  *
    epoch   13  train 0.83897 (tc 0.70576 hrr 0.44404)  valid 1.37572 (tc 1.19861 hrr 0.59036)  lr 1.00e-03  *
    epoch   16  train 0.81722 (tc 0.68992 hrr 0.42434)  valid 1.36564 (tc 1.19051 hrr 0.58377)  lr 1.00e-03  *
    epoch   20  train 0.80282 (tc 0.67912 hrr 0.41234)  valid 1.39586 (tc 1.22583 hrr 0.56678)  lr 1.00e-03
    epoch   21  train 0.79325 (tc 0.67063 hrr 0.40874)  valid 1.31356 (tc 1.14707 hrr 0.55497)  lr 1.00e-03  *
    epoch   30  train 0.75063 (tc 0.63621 hrr 0.38139)  valid 1.39504 (tc 1.22800 hrr 0.55679)  lr 1.00e-03
    epoch   31  train 0.75171 (tc 0.63829 hrr 0.37807)  valid 1.29270 (tc 1.13256 hrr 0.53378)  lr 1.00e-03  *
    epoch   40  train 0.70718 (tc 0.59994 hrr 0.35748)  valid 1.33110 (tc 1.17347 hrr 0.52543)  lr 1.00e-03
    epoch   47  train 0.69176 (tc 0.58546 hrr 0.35433)  valid 1.28218 (tc 1.12997 hrr 0.50738)  lr 1.00e-03  *
    epoch   50  train 0.68429 (tc 0.57839 hrr 0.35299)  valid 1.30455 (tc 1.14640 hrr 0.52717)  lr 1.00e-03
    epoch   52  train 0.68287 (tc 0.57655 hrr 0.35440)  valid 1.25671 (tc 1.10768 hrr 0.49675)  lr 1.00e-03  *
    epoch   56  train 0.65246 (tc 0.55118 hrr 0.33760)  valid 1.25268 (tc 1.10220 hrr 0.50159)  lr 1.00e-03  *
    epoch   58  train 0.64832 (tc 0.54656 hrr 0.33920)  valid 1.23028 (tc 1.08436 hrr 0.48638)  lr 1.00e-03  *
    epoch   60  train 0.63869 (tc 0.53740 hrr 0.33764)  valid 1.22036 (tc 1.07480 hrr 0.48522)  lr 1.00e-03  *
    epoch   62  train 0.62691 (tc 0.52676 hrr 0.33384)  valid 1.20301 (tc 1.05831 hrr 0.48232)  lr 1.00e-03  *
    epoch   67  train 0.60821 (tc 0.50894 hrr 0.33088)  valid 1.19851 (tc 1.05129 hrr 0.49073)  lr 1.00e-03  *
    epoch   70  train 0.59287 (tc 0.49520 hrr 0.32555)  valid 1.18832 (tc 1.04430 hrr 0.48006)  lr 1.00e-03  *
    epoch   72  train 0.57613 (tc 0.47973 hrr 0.32135)  valid 1.18250 (tc 1.03713 hrr 0.48455)  lr 1.00e-03  *
    epoch   73  train 0.56941 (tc 0.47365 hrr 0.31919)  valid 1.18060 (tc 1.03596 hrr 0.48212)  lr 1.00e-03  *
    epoch   74  train 0.56378 (tc 0.46842 hrr 0.31787)  valid 1.16414 (tc 1.01953 hrr 0.48204)  lr 1.00e-03  *
    epoch   76  train 0.55322 (tc 0.45846 hrr 0.31589)  valid 1.15672 (tc 1.01326 hrr 0.47819)  lr 1.00e-03  *
    epoch   77  train 0.54782 (tc 0.45347 hrr 0.31450)  valid 1.15075 (tc 1.00725 hrr 0.47833)  lr 1.00e-03  *
    epoch   79  train 0.53812 (tc 0.44388 hrr 0.31412)  valid 1.13922 (tc 0.99710 hrr 0.47374)  lr 1.00e-03  *
    epoch   80  train 0.53483 (tc 0.44076 hrr 0.31355)  valid 1.13689 (tc 0.99325 hrr 0.47879)  lr 1.00e-03  *
    epoch   81  train 0.52990 (tc 0.43601 hrr 0.31296)  valid 1.12552 (tc 0.98362 hrr 0.47299)  lr 1.00e-03  *
    epoch   82  train 0.52500 (tc 0.43169 hrr 0.31104)  valid 1.11463 (tc 0.97213 hrr 0.47502)  lr 1.00e-03  *
    epoch   87  train 0.51547 (tc 0.42205 hrr 0.31140)  valid 1.08603 (tc 0.93943 hrr 0.48869)  lr 1.00e-03  *
    epoch   90  train 0.52508 (tc 0.42605 hrr 0.33010)  valid 1.13275 (tc 0.98349 hrr 0.49753)  lr 1.00e-03
    epoch   96  train 0.52113 (tc 0.42596 hrr 0.31722)  valid 1.08577 (tc 0.94333 hrr 0.47480)  lr 1.00e-03  *
    epoch   97  train 0.50487 (tc 0.40849 hrr 0.32129)  valid 1.06616 (tc 0.92774 hrr 0.46139)  lr 1.00e-03  *
    epoch   99  train 0.49179 (tc 0.39823 hrr 0.31188)  valid 1.04875 (tc 0.90553 hrr 0.47737)  lr 1.00e-03  *
    epoch  100  train 0.49040 (tc 0.39708 hrr 0.31107)  valid 1.07437 (tc 0.93563 hrr 0.46247)  lr 1.00e-03
    epoch  101  train 0.48849 (tc 0.39490 hrr 0.31196)  valid 1.03912 (tc 0.89701 hrr 0.47370)  lr 1.00e-03  *
    epoch  103  train 0.48048 (tc 0.38817 hrr 0.30768)  valid 1.03007 (tc 0.89169 hrr 0.46127)  lr 1.00e-03  *
    epoch  110  train 0.46325 (tc 0.37285 hrr 0.30133)  valid 1.04705 (tc 0.90991 hrr 0.45712)  lr 1.00e-03
    epoch  120  train 0.45020 (tc 0.36129 hrr 0.29634)  valid 1.03710 (tc 0.89832 hrr 0.46258)  lr 5.00e-04
    epoch  124  train 0.44495 (tc 0.35694 hrr 0.29336)  valid 1.02737 (tc 0.89181 hrr 0.45187)  lr 5.00e-04  *
    epoch  130  train 0.44330 (tc 0.35549 hrr 0.29270)  valid 1.03846 (tc 0.90198 hrr 0.45492)  lr 5.00e-04
    epoch  135  train 0.43935 (tc 0.35183 hrr 0.29173)  valid 1.02478 (tc 0.89029 hrr 0.44827)  lr 5.00e-04  *
    epoch  136  train 0.43850 (tc 0.35100 hrr 0.29169)  valid 1.01575 (tc 0.88212 hrr 0.44541)  lr 5.00e-04  *
    epoch  140  train 0.43398 (tc 0.34717 hrr 0.28939)  valid 1.01845 (tc 0.88326 hrr 0.45065)  lr 5.00e-04
    epoch  148  train 0.43069 (tc 0.34442 hrr 0.28760)  valid 1.01421 (tc 0.87962 hrr 0.44863)  lr 5.00e-04  *
    epoch  149  train 0.43068 (tc 0.34425 hrr 0.28811)  valid 1.00790 (tc 0.87349 hrr 0.44804)  lr 5.00e-04  *
    epoch  150  train 0.42964 (tc 0.34344 hrr 0.28732)  valid 1.00656 (tc 0.87121 hrr 0.45115)  lr 5.00e-04  *
    epoch  151  train 0.42888 (tc 0.34278 hrr 0.28702)  valid 1.00415 (tc 0.86956 hrr 0.44863)  lr 5.00e-04  *
    epoch  160  train 0.43126 (tc 0.34524 hrr 0.28671)  valid 1.00924 (tc 0.87620 hrr 0.44347)  lr 5.00e-04
    epoch  162  train 0.42724 (tc 0.34147 hrr 0.28588)  valid 0.99973 (tc 0.86688 hrr 0.44286)  lr 5.00e-04  *
    epoch  164  train 0.42536 (tc 0.33986 hrr 0.28497)  valid 0.99539 (tc 0.86053 hrr 0.44953)  lr 5.00e-04  *
    epoch  170  train 0.42530 (tc 0.33939 hrr 0.28635)  valid 0.99708 (tc 0.86361 hrr 0.44488)  lr 5.00e-04
    epoch  172  train 0.42277 (tc 0.33734 hrr 0.28475)  valid 0.99318 (tc 0.85956 hrr 0.44543)  lr 5.00e-04  *
    epoch  179  train 0.42729 (tc 0.34091 hrr 0.28796)  valid 0.98719 (tc 0.85335 hrr 0.44613)  lr 5.00e-04  *
    epoch  180  train 0.42313 (tc 0.33732 hrr 0.28603)  valid 1.01114 (tc 0.87505 hrr 0.45364)  lr 5.00e-04
    epoch  185  train 0.41821 (tc 0.33354 hrr 0.28225)  valid 0.98694 (tc 0.85365 hrr 0.44430)  lr 5.00e-04  *
    epoch  187  train 0.41751 (tc 0.33303 hrr 0.28157)  valid 0.98231 (tc 0.84972 hrr 0.44197)  lr 5.00e-04  *
    epoch  188  train 0.42006 (tc 0.33527 hrr 0.28263)  valid 0.98077 (tc 0.84917 hrr 0.43866)  lr 5.00e-04  *
    epoch  190  train 0.41794 (tc 0.33324 hrr 0.28234)  valid 0.99308 (tc 0.86137 hrr 0.43904)  lr 5.00e-04
    epoch  200  train 0.41937 (tc 0.33490 hrr 0.28157)  valid 0.99081 (tc 0.85898 hrr 0.43946)  lr 5.00e-04
    epoch  202  train 0.41505 (tc 0.33104 hrr 0.28002)  valid 0.97691 (tc 0.84418 hrr 0.44244)  lr 5.00e-04  *
    epoch  203  train 0.41264 (tc 0.32880 hrr 0.27948)  valid 0.97344 (tc 0.84061 hrr 0.44278)  lr 5.00e-04  *
    epoch  210  train 0.41084 (tc 0.32709 hrr 0.27919)  valid 0.99104 (tc 0.85631 hrr 0.44911)  lr 5.00e-04
    epoch  213  train 0.40809 (tc 0.32487 hrr 0.27740)  valid 0.97164 (tc 0.83768 hrr 0.44653)  lr 5.00e-04  *
    epoch  220  train 0.40554 (tc 0.32240 hrr 0.27712)  valid 0.98700 (tc 0.85508 hrr 0.43974)  lr 5.00e-04
    epoch  227  train 0.40266 (tc 0.31938 hrr 0.27759)  valid 0.97016 (tc 0.83936 hrr 0.43600)  lr 5.00e-04  *
    epoch  229  train 0.40045 (tc 0.31778 hrr 0.27554)  valid 0.96447 (tc 0.83350 hrr 0.43658)  lr 5.00e-04  *
    epoch  230  train 0.39996 (tc 0.31750 hrr 0.27490)  valid 0.97994 (tc 0.84646 hrr 0.44492)  lr 5.00e-04
    epoch  231  train 0.40021 (tc 0.31744 hrr 0.27587)  valid 0.96132 (tc 0.83045 hrr 0.43624)  lr 5.00e-04  *
    epoch  240  train 0.40233 (tc 0.31911 hrr 0.27741)  valid 0.98331 (tc 0.85091 hrr 0.44134)  lr 5.00e-04
    epoch  250  train 0.39604 (tc 0.31410 hrr 0.27312)  valid 0.97711 (tc 0.84376 hrr 0.44451)  lr 2.50e-04
    epoch  260  train 0.39341 (tc 0.31192 hrr 0.27164)  valid 0.98759 (tc 0.85432 hrr 0.44424)  lr 2.50e-04
    epoch  270  train 0.38937 (tc 0.30814 hrr 0.27078)  valid 0.96886 (tc 0.83835 hrr 0.43504)  lr 1.25e-04
    epoch  280  train 0.38846 (tc 0.30735 hrr 0.27037)  valid 0.96954 (tc 0.83873 hrr 0.43604)  lr 6.25e-05
    epoch  290  train 0.38714 (tc 0.30622 hrr 0.26974)  valid 0.96733 (tc 0.83611 hrr 0.43740)  lr 6.25e-05
    early stop at epoch 291 (best 0.96132 @ 231)
    saved models_part1_sys_mlp_seed48\part1_member2.pt  (1.4 min)

  done. 3 member(s) in models_part1_sys_mlp_seed48
  next: python evaluate_part1.py --model-dir models_part1_sys_mlp_seed48
