  device: NVIDIA GeForce RTX 4090

  building dataset ...
  corpus: D:\Bs8414_05052026\Part1\_completed
  184 usable, 2 rejected
    - BS8414_DCLG_Test1_adv_debug: excluded: debug case; Core_MATERIAL HEAT_OF_REACTION=1500 vs 2300 in every other DCLG_Test1_adv deck, so it is a different system under the same name
    - BS8414_DCLG_Test7: excluded: declares insulation system PF like 33 other decks, but its Phenolic_Foam MATL is inert - HEAT_OF_REACTION absent (0 kJ/kg) with REFERENCE_TEMPERATURE=429 degC - where every other PF deck decomposes at HEAT_OF_REACTION=400 with no explicit reference temperature (cp 1.2 vs 1.5, k 0.020 vs 0.022, rho 32 vs 39). Same defect class as the debug case above: a different system under the same name. Found 2026-08-19 by explain_part1.check_group_determinism, which verifies that an insulation id fixes its material block; this was the only violation in 185 cases
  params (184, 16)  tc (184, 181, 16)  hrr (184, 181, 5)
  partial: BS8414_HPL_WC_noair_nogap (180/181 steps, padded+masked)

  split mode: hash
    train  141 sims  40 systems  8/8 geometries
    valid   20 sims  16 systems  8/8 geometries
    test    23 sims  20 systems  8/8 geometries

  target: 16 thermocouples (External_LV1 x8 + External_LV2 x8)
          5 HRR channels (HRR, Q_RADI, Q_CONV, Q_COND, Q_TOTAL)
  model:  MLP-Attention-LSTM (Part1, KAN ablation control)
  loss:   tc + 0.3 * hrr  (no weight penalty)
  physics constraints: off

  === member 1/3 (seed 52) ===
    [sentinel] weights moved after epoch 0: |dW| = 3.2269e+00
    epoch    0  train 1.71759 (tc 1.35638 hrr 1.20403)  valid 1.48501 (tc 1.21267 hrr 0.90780)  lr 1.00e-03  *
    epoch    1  train 1.20594 (tc 1.02265 hrr 0.61096)  valid 1.28033 (tc 1.08977 hrr 0.63521)  lr 1.00e-03  *
    epoch    2  train 1.07007 (tc 0.90811 hrr 0.53988)  valid 1.18522 (tc 1.00235 hrr 0.60954)  lr 1.00e-03  *
    epoch    3  train 0.99224 (tc 0.83955 hrr 0.50896)  valid 1.12455 (tc 0.95012 hrr 0.58141)  lr 1.00e-03  *
    epoch    4  train 0.93994 (tc 0.79277 hrr 0.49056)  valid 1.09067 (tc 0.91773 hrr 0.57646)  lr 1.00e-03  *
    epoch    5  train 0.89111 (tc 0.74874 hrr 0.47458)  valid 1.05739 (tc 0.88837 hrr 0.56343)  lr 1.00e-03  *
    epoch    6  train 0.85591 (tc 0.71531 hrr 0.46866)  valid 1.02691 (tc 0.85892 hrr 0.55997)  lr 1.00e-03  *
    epoch    7  train 0.83132 (tc 0.69360 hrr 0.45908)  valid 1.01114 (tc 0.84193 hrr 0.56404)  lr 1.00e-03  *
    epoch    8  train 0.81530 (tc 0.67737 hrr 0.45976)  valid 0.98556 (tc 0.81836 hrr 0.55734)  lr 1.00e-03  *
    epoch    9  train 0.79354 (tc 0.65662 hrr 0.45638)  valid 0.98316 (tc 0.81712 hrr 0.55345)  lr 1.00e-03  *
    epoch   10  train 0.78298 (tc 0.64839 hrr 0.44861)  valid 0.95412 (tc 0.79242 hrr 0.53902)  lr 1.00e-03  *
    epoch   11  train 0.76471 (tc 0.63199 hrr 0.44238)  valid 0.94421 (tc 0.78446 hrr 0.53249)  lr 1.00e-03  *
    epoch   15  train 0.74707 (tc 0.61722 hrr 0.43284)  valid 0.93462 (tc 0.77564 hrr 0.52995)  lr 1.00e-03  *
    epoch   16  train 0.73726 (tc 0.60848 hrr 0.42924)  valid 0.92475 (tc 0.76700 hrr 0.52580)  lr 1.00e-03  *
    epoch   17  train 0.72939 (tc 0.60236 hrr 0.42345)  valid 0.92112 (tc 0.76206 hrr 0.53021)  lr 1.00e-03  *
    epoch   18  train 0.72352 (tc 0.59788 hrr 0.41880)  valid 0.91620 (tc 0.76202 hrr 0.51392)  lr 1.00e-03  *
    epoch   20  train 0.72004 (tc 0.59517 hrr 0.41623)  valid 0.92888 (tc 0.77161 hrr 0.52425)  lr 1.00e-03
    epoch   25  train 0.70322 (tc 0.58214 hrr 0.40361)  valid 0.89807 (tc 0.74737 hrr 0.50232)  lr 1.00e-03  *
    epoch   26  train 0.69352 (tc 0.57439 hrr 0.39710)  valid 0.88797 (tc 0.74086 hrr 0.49036)  lr 1.00e-03  *
    epoch   27  train 0.68122 (tc 0.56437 hrr 0.38947)  valid 0.88142 (tc 0.73618 hrr 0.48415)  lr 1.00e-03  *
    epoch   29  train 0.66984 (tc 0.55547 hrr 0.38123)  valid 0.87397 (tc 0.73126 hrr 0.47570)  lr 1.00e-03  *
    epoch   30  train 0.66944 (tc 0.55470 hrr 0.38249)  valid 0.86904 (tc 0.72707 hrr 0.47323)  lr 1.00e-03  *
    epoch   39  train 0.63745 (tc 0.52915 hrr 0.36102)  valid 0.86296 (tc 0.72433 hrr 0.46211)  lr 1.00e-03  *
    epoch   40  train 0.63564 (tc 0.52776 hrr 0.35959)  valid 0.87031 (tc 0.73072 hrr 0.46529)  lr 1.00e-03
    epoch   42  train 0.62956 (tc 0.52152 hrr 0.36011)  valid 0.84634 (tc 0.70814 hrr 0.46067)  lr 1.00e-03  *
    epoch   50  train 0.60476 (tc 0.50060 hrr 0.34719)  valid 0.86950 (tc 0.73360 hrr 0.45302)  lr 1.00e-03
    epoch   60  train 0.59090 (tc 0.49007 hrr 0.33608)  valid 0.85132 (tc 0.72025 hrr 0.43689)  lr 5.00e-04
    epoch   61  train 0.58437 (tc 0.48450 hrr 0.33291)  valid 0.83046 (tc 0.70335 hrr 0.42372)  lr 5.00e-04  *
    epoch   70  train 0.56635 (tc 0.46949 hrr 0.32284)  valid 0.84185 (tc 0.71561 hrr 0.42079)  lr 5.00e-04
    epoch   73  train 0.56239 (tc 0.46573 hrr 0.32219)  valid 0.82468 (tc 0.70074 hrr 0.41313)  lr 5.00e-04  *
    epoch   75  train 0.55922 (tc 0.46293 hrr 0.32095)  valid 0.82162 (tc 0.69750 hrr 0.41374)  lr 5.00e-04  *
    epoch   78  train 0.55686 (tc 0.46157 hrr 0.31763)  valid 0.81958 (tc 0.69525 hrr 0.41443)  lr 5.00e-04  *
    epoch   80  train 0.55746 (tc 0.46181 hrr 0.31885)  valid 0.82161 (tc 0.69770 hrr 0.41302)  lr 5.00e-04
    epoch   81  train 0.55571 (tc 0.46055 hrr 0.31722)  valid 0.81930 (tc 0.69855 hrr 0.40251)  lr 5.00e-04  *
    epoch   82  train 0.55454 (tc 0.45956 hrr 0.31660)  valid 0.81246 (tc 0.69120 hrr 0.40421)  lr 5.00e-04  *
    epoch   84  train 0.55231 (tc 0.45737 hrr 0.31647)  valid 0.81110 (tc 0.68889 hrr 0.40735)  lr 5.00e-04  *
    epoch   85  train 0.55208 (tc 0.45727 hrr 0.31603)  valid 0.80726 (tc 0.68445 hrr 0.40937)  lr 5.00e-04  *
    epoch   86  train 0.55007 (tc 0.45564 hrr 0.31479)  valid 0.80623 (tc 0.68427 hrr 0.40652)  lr 5.00e-04  *
    epoch   89  train 0.54762 (tc 0.45379 hrr 0.31277)  valid 0.80051 (tc 0.67900 hrr 0.40501)  lr 5.00e-04  *
    epoch   90  train 0.54803 (tc 0.45399 hrr 0.31347)  valid 0.79292 (tc 0.67185 hrr 0.40359)  lr 5.00e-04  *
    epoch  100  train 0.53963 (tc 0.44750 hrr 0.30710)  valid 0.79878 (tc 0.67848 hrr 0.40098)  lr 5.00e-04
    epoch  104  train 0.53792 (tc 0.44615 hrr 0.30592)  valid 0.79036 (tc 0.66885 hrr 0.40504)  lr 5.00e-04  *
    epoch  110  train 0.54349 (tc 0.45147 hrr 0.30671)  valid 0.79456 (tc 0.67373 hrr 0.40276)  lr 5.00e-04
    epoch  111  train 0.53793 (tc 0.44621 hrr 0.30573)  valid 0.78808 (tc 0.66715 hrr 0.40310)  lr 5.00e-04  *
    epoch  112  train 0.53372 (tc 0.44286 hrr 0.30287)  valid 0.78148 (tc 0.66057 hrr 0.40302)  lr 5.00e-04  *
    epoch  115  train 0.53222 (tc 0.44158 hrr 0.30212)  valid 0.77824 (tc 0.65818 hrr 0.40020)  lr 5.00e-04  *
    epoch  120  train 0.52928 (tc 0.43940 hrr 0.29960)  valid 0.79385 (tc 0.67391 hrr 0.39980)  lr 5.00e-04
    epoch  126  train 0.52699 (tc 0.43780 hrr 0.29728)  valid 0.77703 (tc 0.66058 hrr 0.38815)  lr 5.00e-04  *
    epoch  127  train 0.52463 (tc 0.43561 hrr 0.29673)  valid 0.76887 (tc 0.65112 hrr 0.39250)  lr 5.00e-04  *
    epoch  130  train 0.52130 (tc 0.43295 hrr 0.29451)  valid 0.76562 (tc 0.64844 hrr 0.39057)  lr 5.00e-04  *
    epoch  132  train 0.51823 (tc 0.43031 hrr 0.29306)  valid 0.76398 (tc 0.64769 hrr 0.38764)  lr 5.00e-04  *
    epoch  140  train 0.51601 (tc 0.42868 hrr 0.29109)  valid 0.77684 (tc 0.65903 hrr 0.39269)  lr 5.00e-04
    epoch  143  train 0.51167 (tc 0.42504 hrr 0.28877)  valid 0.76354 (tc 0.64750 hrr 0.38680)  lr 5.00e-04  *
    epoch  149  train 0.51063 (tc 0.42426 hrr 0.28790)  valid 0.76202 (tc 0.64772 hrr 0.38100)  lr 5.00e-04  *
    epoch  150  train 0.50855 (tc 0.42259 hrr 0.28655)  valid 0.76519 (tc 0.64895 hrr 0.38746)  lr 5.00e-04
    epoch  153  train 0.50673 (tc 0.42121 hrr 0.28508)  valid 0.76182 (tc 0.64541 hrr 0.38805)  lr 5.00e-04  *
    epoch  154  train 0.50662 (tc 0.42139 hrr 0.28409)  valid 0.75898 (tc 0.64386 hrr 0.38373)  lr 5.00e-04  *
    epoch  156  train 0.50624 (tc 0.42107 hrr 0.28392)  valid 0.75200 (tc 0.63739 hrr 0.38205)  lr 5.00e-04  *
    epoch  158  train 0.50342 (tc 0.41868 hrr 0.28245)  valid 0.74943 (tc 0.63475 hrr 0.38227)  lr 5.00e-04  *
    epoch  159  train 0.50274 (tc 0.41823 hrr 0.28169)  valid 0.74609 (tc 0.63287 hrr 0.37738)  lr 5.00e-04  *
    epoch  160  train 0.50152 (tc 0.41714 hrr 0.28130)  valid 0.75313 (tc 0.63844 hrr 0.38228)  lr 5.00e-04
    epoch  170  train 0.50507 (tc 0.42051 hrr 0.28188)  valid 0.75878 (tc 0.64164 hrr 0.39046)  lr 5.00e-04
    epoch  173  train 0.50231 (tc 0.41815 hrr 0.28053)  valid 0.74475 (tc 0.63101 hrr 0.37912)  lr 5.00e-04  *
    epoch  179  train 0.50348 (tc 0.41917 hrr 0.28102)  valid 0.74268 (tc 0.63234 hrr 0.36779)  lr 5.00e-04  *
    epoch  180  train 0.49912 (tc 0.41573 hrr 0.27794)  valid 0.75667 (tc 0.64287 hrr 0.37936)  lr 5.00e-04
    epoch  181  train 0.49778 (tc 0.41460 hrr 0.27727)  valid 0.73966 (tc 0.62727 hrr 0.37465)  lr 5.00e-04  *
    epoch  185  train 0.49720 (tc 0.41472 hrr 0.27496)  valid 0.73663 (tc 0.62506 hrr 0.37192)  lr 5.00e-04  *
    epoch  186  train 0.49448 (tc 0.41231 hrr 0.27391)  valid 0.73084 (tc 0.61986 hrr 0.36993)  lr 5.00e-04  *
    epoch  187  train 0.49267 (tc 0.41091 hrr 0.27253)  valid 0.73028 (tc 0.61979 hrr 0.36832)  lr 5.00e-04  *
    epoch  190  train 0.49358 (tc 0.41235 hrr 0.27077)  valid 0.73771 (tc 0.62505 hrr 0.37553)  lr 5.00e-04
    epoch  200  train 0.48874 (tc 0.40837 hrr 0.26792)  valid 0.74259 (tc 0.62986 hrr 0.37576)  lr 5.00e-04
    epoch  210  train 0.48275 (tc 0.40373 hrr 0.26339)  valid 0.74629 (tc 0.63119 hrr 0.38366)  lr 2.50e-04
    epoch  220  train 0.47893 (tc 0.40060 hrr 0.26110)  valid 0.74407 (tc 0.62918 hrr 0.38298)  lr 1.25e-04
    epoch  230  train 0.47828 (tc 0.40006 hrr 0.26071)  valid 0.73478 (tc 0.62286 hrr 0.37306)  lr 1.25e-04
    epoch  240  train 0.47650 (tc 0.39871 hrr 0.25931)  valid 0.73782 (tc 0.62532 hrr 0.37502)  lr 6.25e-05
    early stop at epoch 247 (best 0.73028 @ 187)
    saved models_part1_bal_s52_r2\part1_member0.pt  (1.3 min)

  === member 2/3 (seed 53) ===
    [sentinel] weights moved after epoch 0: |dW| = 3.2529e+00
    epoch    0  train 1.91559 (tc 1.46776 hrr 1.49278)  valid 1.49524 (tc 1.22247 hrr 0.90923)  lr 1.00e-03  *
    epoch    1  train 1.22392 (tc 1.02353 hrr 0.66796)  valid 1.27586 (tc 1.08259 hrr 0.64424)  lr 1.00e-03  *
    epoch    2  train 1.09943 (tc 0.93872 hrr 0.53569)  valid 1.23598 (tc 1.05189 hrr 0.61364)  lr 1.00e-03  *
    epoch    3  train 1.04884 (tc 0.89309 hrr 0.51918)  valid 1.18818 (tc 1.01033 hrr 0.59282)  lr 1.00e-03  *
    epoch    4  train 0.99385 (tc 0.84317 hrr 0.50224)  valid 1.15584 (tc 0.97917 hrr 0.58890)  lr 1.00e-03  *
    epoch    5  train 0.95438 (tc 0.80995 hrr 0.48142)  valid 1.11427 (tc 0.94416 hrr 0.56702)  lr 1.00e-03  *
    epoch    6  train 0.93237 (tc 0.79040 hrr 0.47322)  valid 1.10919 (tc 0.93791 hrr 0.57095)  lr 1.00e-03  *
    epoch    7  train 0.91549 (tc 0.77691 hrr 0.46191)  valid 1.06412 (tc 0.89600 hrr 0.56041)  lr 1.00e-03  *
    epoch    8  train 0.88664 (tc 0.75055 hrr 0.45364)  valid 1.06037 (tc 0.89885 hrr 0.53837)  lr 1.00e-03  *
    epoch    9  train 0.86762 (tc 0.73337 hrr 0.44748)  valid 1.05142 (tc 0.88688 hrr 0.54847)  lr 1.00e-03  *
    epoch   10  train 0.85881 (tc 0.72586 hrr 0.44315)  valid 1.03854 (tc 0.87218 hrr 0.55453)  lr 1.00e-03  *
    epoch   11  train 0.85552 (tc 0.72318 hrr 0.44116)  valid 1.01455 (tc 0.85370 hrr 0.53617)  lr 1.00e-03  *
    epoch   12  train 0.84101 (tc 0.71049 hrr 0.43506)  valid 1.01136 (tc 0.85152 hrr 0.53283)  lr 1.00e-03  *
    epoch   14  train 0.82031 (tc 0.69395 hrr 0.42122)  valid 1.01015 (tc 0.84999 hrr 0.53385)  lr 1.00e-03  *
    epoch   15  train 0.81288 (tc 0.68787 hrr 0.41670)  valid 0.99088 (tc 0.83601 hrr 0.51624)  lr 1.00e-03  *
    epoch   16  train 0.80207 (tc 0.67949 hrr 0.40859)  valid 0.98195 (tc 0.83005 hrr 0.50634)  lr 1.00e-03  *
    epoch   19  train 0.78672 (tc 0.66702 hrr 0.39898)  valid 0.97529 (tc 0.82098 hrr 0.51435)  lr 1.00e-03  *
    epoch   20  train 0.78008 (tc 0.66167 hrr 0.39469)  valid 0.96446 (tc 0.81363 hrr 0.50275)  lr 1.00e-03  *
    epoch   22  train 0.76524 (tc 0.64881 hrr 0.38808)  valid 0.95820 (tc 0.81070 hrr 0.49164)  lr 1.00e-03  *
    epoch   24  train 0.76353 (tc 0.64897 hrr 0.38185)  valid 0.95774 (tc 0.80611 hrr 0.50545)  lr 1.00e-03  *
    epoch   25  train 0.75487 (tc 0.63955 hrr 0.38438)  valid 0.95133 (tc 0.80275 hrr 0.49528)  lr 1.00e-03  *
    epoch   26  train 0.74507 (tc 0.63077 hrr 0.38098)  valid 0.93746 (tc 0.79118 hrr 0.48760)  lr 1.00e-03  *
    epoch   28  train 0.72723 (tc 0.61638 hrr 0.36950)  valid 0.92930 (tc 0.78613 hrr 0.47725)  lr 1.00e-03  *
    epoch   29  train 0.72428 (tc 0.61286 hrr 0.37140)  valid 0.92251 (tc 0.77984 hrr 0.47556)  lr 1.00e-03  *
    epoch   30  train 0.71831 (tc 0.60810 hrr 0.36737)  valid 0.91476 (tc 0.77294 hrr 0.47273)  lr 1.00e-03  *
    epoch   33  train 0.70864 (tc 0.59920 hrr 0.36479)  valid 0.91470 (tc 0.77431 hrr 0.46797)  lr 1.00e-03  *
    epoch   34  train 0.70152 (tc 0.59354 hrr 0.35994)  valid 0.89688 (tc 0.75981 hrr 0.45689)  lr 1.00e-03  *
    epoch   37  train 0.68611 (tc 0.57913 hrr 0.35662)  valid 0.89369 (tc 0.75364 hrr 0.46681)  lr 1.00e-03  *
    epoch   38  train 0.67580 (tc 0.56991 hrr 0.35298)  valid 0.88297 (tc 0.74625 hrr 0.45574)  lr 1.00e-03  *
    epoch   39  train 0.66790 (tc 0.56306 hrr 0.34947)  valid 0.86514 (tc 0.73253 hrr 0.44202)  lr 1.00e-03  *
    epoch   40  train 0.66288 (tc 0.55858 hrr 0.34768)  valid 0.87069 (tc 0.73479 hrr 0.45301)  lr 1.00e-03
    epoch   41  train 0.65699 (tc 0.55335 hrr 0.34546)  valid 0.85766 (tc 0.72331 hrr 0.44784)  lr 1.00e-03  *
    epoch   43  train 0.65210 (tc 0.54753 hrr 0.34857)  valid 0.83034 (tc 0.69961 hrr 0.43579)  lr 1.00e-03  *
    epoch   48  train 0.61581 (tc 0.51483 hrr 0.33659)  valid 0.81623 (tc 0.68789 hrr 0.42779)  lr 1.00e-03  *
    epoch   50  train 0.60220 (tc 0.50182 hrr 0.33459)  valid 0.80307 (tc 0.67354 hrr 0.43178)  lr 1.00e-03  *
    epoch   51  train 0.59627 (tc 0.49616 hrr 0.33371)  valid 0.79512 (tc 0.66616 hrr 0.42987)  lr 1.00e-03  *
    epoch   52  train 0.58940 (tc 0.49014 hrr 0.33089)  valid 0.78960 (tc 0.66303 hrr 0.42189)  lr 1.00e-03  *
    epoch   53  train 0.58143 (tc 0.48281 hrr 0.32873)  valid 0.77829 (tc 0.65076 hrr 0.42510)  lr 1.00e-03  *
    epoch   55  train 0.56775 (tc 0.46996 hrr 0.32597)  valid 0.76257 (tc 0.63705 hrr 0.41841)  lr 1.00e-03  *
    epoch   56  train 0.56147 (tc 0.46396 hrr 0.32502)  valid 0.75428 (tc 0.62817 hrr 0.42037)  lr 1.00e-03  *
    epoch   57  train 0.55570 (tc 0.45848 hrr 0.32407)  valid 0.75361 (tc 0.62550 hrr 0.42706)  lr 1.00e-03  *
    epoch   58  train 0.54783 (tc 0.45103 hrr 0.32266)  valid 0.73424 (tc 0.61016 hrr 0.41362)  lr 1.00e-03  *
    epoch   59  train 0.54072 (tc 0.44453 hrr 0.32063)  valid 0.73176 (tc 0.60704 hrr 0.41572)  lr 1.00e-03  *
    epoch   60  train 0.53437 (tc 0.43832 hrr 0.32018)  valid 0.72445 (tc 0.60036 hrr 0.41363)  lr 1.00e-03  *
    epoch   62  train 0.52325 (tc 0.42764 hrr 0.31868)  valid 0.70000 (tc 0.57742 hrr 0.40860)  lr 1.00e-03  *
    epoch   64  train 0.51571 (tc 0.41948 hrr 0.32078)  valid 0.69734 (tc 0.57288 hrr 0.41486)  lr 1.00e-03  *
    epoch   65  train 0.50798 (tc 0.41238 hrr 0.31867)  valid 0.69037 (tc 0.56778 hrr 0.40863)  lr 1.00e-03  *
    epoch   68  train 0.49668 (tc 0.40145 hrr 0.31745)  valid 0.67982 (tc 0.55508 hrr 0.41579)  lr 1.00e-03  *
    epoch   70  train 0.49093 (tc 0.39430 hrr 0.32210)  valid 0.68021 (tc 0.55520 hrr 0.41669)  lr 1.00e-03
    epoch   71  train 0.48646 (tc 0.39063 hrr 0.31945)  valid 0.65878 (tc 0.53827 hrr 0.40172)  lr 1.00e-03  *
    epoch   72  train 0.48106 (tc 0.38564 hrr 0.31808)  valid 0.65589 (tc 0.53357 hrr 0.40775)  lr 1.00e-03  *
    epoch   77  train 0.46937 (tc 0.37387 hrr 0.31833)  valid 0.65163 (tc 0.52698 hrr 0.41550)  lr 1.00e-03  *
    epoch   78  train 0.46120 (tc 0.36744 hrr 0.31255)  valid 0.64376 (tc 0.52034 hrr 0.41141)  lr 1.00e-03  *
    epoch   79  train 0.45790 (tc 0.36480 hrr 0.31035)  valid 0.63664 (tc 0.51535 hrr 0.40429)  lr 1.00e-03  *
    epoch   80  train 0.44988 (tc 0.35720 hrr 0.30892)  valid 0.62720 (tc 0.50475 hrr 0.40818)  lr 1.00e-03  *
    epoch   81  train 0.44470 (tc 0.35250 hrr 0.30733)  valid 0.62594 (tc 0.50467 hrr 0.40424)  lr 1.00e-03  *
    epoch   82  train 0.44275 (tc 0.35101 hrr 0.30577)  valid 0.61332 (tc 0.49380 hrr 0.39840)  lr 1.00e-03  *
    epoch   83  train 0.43986 (tc 0.34883 hrr 0.30345)  valid 0.60768 (tc 0.48884 hrr 0.39614)  lr 1.00e-03  *
    epoch   84  train 0.43708 (tc 0.34587 hrr 0.30405)  valid 0.60452 (tc 0.48565 hrr 0.39622)  lr 1.00e-03  *
    epoch   87  train 0.43380 (tc 0.34287 hrr 0.30311)  valid 0.59875 (tc 0.48077 hrr 0.39327)  lr 1.00e-03  *
    epoch   88  train 0.42813 (tc 0.33792 hrr 0.30072)  valid 0.59328 (tc 0.47574 hrr 0.39181)  lr 1.00e-03  *
    epoch   90  train 0.42177 (tc 0.33229 hrr 0.29826)  valid 0.59493 (tc 0.47852 hrr 0.38804)  lr 1.00e-03
    epoch   97  train 0.41655 (tc 0.32707 hrr 0.29827)  valid 0.59176 (tc 0.47297 hrr 0.39598)  lr 1.00e-03  *
    epoch   99  train 0.41933 (tc 0.33047 hrr 0.29622)  valid 0.58836 (tc 0.47007 hrr 0.39428)  lr 1.00e-03  *
    epoch  100  train 0.41027 (tc 0.32200 hrr 0.29424)  valid 0.57625 (tc 0.46127 hrr 0.38326)  lr 1.00e-03  *
    epoch  101  train 0.40514 (tc 0.31753 hrr 0.29203)  valid 0.57419 (tc 0.46095 hrr 0.37747)  lr 1.00e-03  *
    epoch  102  train 0.40251 (tc 0.31560 hrr 0.28968)  valid 0.57208 (tc 0.45803 hrr 0.38018)  lr 1.00e-03  *
    epoch  105  train 0.39745 (tc 0.31181 hrr 0.28548)  valid 0.56806 (tc 0.45434 hrr 0.37909)  lr 1.00e-03  *
    epoch  106  train 0.39545 (tc 0.30997 hrr 0.28493)  valid 0.56653 (tc 0.45284 hrr 0.37898)  lr 1.00e-03  *
    epoch  107  train 0.39324 (tc 0.30793 hrr 0.28436)  valid 0.55926 (tc 0.44614 hrr 0.37707)  lr 1.00e-03  *
    epoch  110  train 0.38866 (tc 0.30392 hrr 0.28246)  valid 0.55798 (tc 0.44462 hrr 0.37784)  lr 1.00e-03  *
    epoch  114  train 0.38634 (tc 0.30191 hrr 0.28143)  valid 0.55414 (tc 0.44334 hrr 0.36933)  lr 1.00e-03  *
    epoch  115  train 0.38590 (tc 0.30189 hrr 0.28005)  valid 0.55304 (tc 0.44092 hrr 0.37372)  lr 1.00e-03  *
    epoch  117  train 0.38284 (tc 0.29908 hrr 0.27922)  valid 0.55251 (tc 0.43881 hrr 0.37899)  lr 1.00e-03  *
    epoch  118  train 0.38123 (tc 0.29790 hrr 0.27775)  valid 0.54459 (tc 0.43208 hrr 0.37503)  lr 1.00e-03  *
    epoch  120  train 0.37937 (tc 0.29628 hrr 0.27696)  valid 0.56673 (tc 0.44862 hrr 0.39369)  lr 1.00e-03
    epoch  125  train 0.37768 (tc 0.29473 hrr 0.27651)  valid 0.54148 (tc 0.42953 hrr 0.37319)  lr 1.00e-03  *
    epoch  126  train 0.37411 (tc 0.29197 hrr 0.27380)  valid 0.54058 (tc 0.43097 hrr 0.36536)  lr 1.00e-03  *
    epoch  127  train 0.37217 (tc 0.28984 hrr 0.27442)  valid 0.52269 (tc 0.41647 hrr 0.35407)  lr 1.00e-03  *
    epoch  128  train 0.36831 (tc 0.28699 hrr 0.27107)  valid 0.52154 (tc 0.41527 hrr 0.35420)  lr 1.00e-03  *
    epoch  130  train 0.36687 (tc 0.28603 hrr 0.26949)  valid 0.53237 (tc 0.42421 hrr 0.36053)  lr 1.00e-03
    epoch  134  train 0.36063 (tc 0.28125 hrr 0.26462)  valid 0.52098 (tc 0.41465 hrr 0.35444)  lr 1.00e-03  *
    epoch  135  train 0.35859 (tc 0.27943 hrr 0.26386)  valid 0.51931 (tc 0.41263 hrr 0.35562)  lr 1.00e-03  *
    epoch  136  train 0.35708 (tc 0.27806 hrr 0.26340)  valid 0.51653 (tc 0.41129 hrr 0.35080)  lr 1.00e-03  *
    epoch  139  train 0.35530 (tc 0.27663 hrr 0.26224)  valid 0.51465 (tc 0.40895 hrr 0.35234)  lr 1.00e-03  *
    epoch  140  train 0.35544 (tc 0.27694 hrr 0.26167)  valid 0.52792 (tc 0.41976 hrr 0.36053)  lr 1.00e-03
    epoch  150  train 0.34786 (tc 0.27061 hrr 0.25751)  valid 0.51835 (tc 0.40966 hrr 0.36230)  lr 1.00e-03
    epoch  153  train 0.34393 (tc 0.26750 hrr 0.25476)  valid 0.51004 (tc 0.40469 hrr 0.35115)  lr 1.00e-03  *
    epoch  154  train 0.34306 (tc 0.26678 hrr 0.25425)  valid 0.50506 (tc 0.40051 hrr 0.34852)  lr 1.00e-03  *
    epoch  160  train 0.33909 (tc 0.26341 hrr 0.25225)  valid 0.50953 (tc 0.40480 hrr 0.34908)  lr 1.00e-03
    epoch  164  train 0.33610 (tc 0.26105 hrr 0.25019)  valid 0.50477 (tc 0.40048 hrr 0.34766)  lr 1.00e-03  *
    epoch  165  train 0.33553 (tc 0.26067 hrr 0.24955)  valid 0.50023 (tc 0.39781 hrr 0.34139)  lr 1.00e-03  *
    epoch  166  train 0.33441 (tc 0.25970 hrr 0.24905)  valid 0.49852 (tc 0.39603 hrr 0.34163)  lr 1.00e-03  *
    epoch  168  train 0.33436 (tc 0.25957 hrr 0.24931)  valid 0.49819 (tc 0.39442 hrr 0.34591)  lr 1.00e-03  *
    epoch  170  train 0.33447 (tc 0.25972 hrr 0.24915)  valid 0.49751 (tc 0.39556 hrr 0.33982)  lr 1.00e-03  *
    epoch  180  train 0.33099 (tc 0.25694 hrr 0.24684)  valid 0.50399 (tc 0.39814 hrr 0.35285)  lr 1.00e-03
    epoch  190  train 0.33175 (tc 0.25762 hrr 0.24711)  valid 0.50266 (tc 0.39767 hrr 0.34995)  lr 5.00e-04
    epoch  193  train 0.32559 (tc 0.25228 hrr 0.24435)  valid 0.49735 (tc 0.39298 hrr 0.34789)  lr 5.00e-04  *
    epoch  196  train 0.32406 (tc 0.25097 hrr 0.24363)  valid 0.49414 (tc 0.38974 hrr 0.34798)  lr 5.00e-04  *
    epoch  200  train 0.32282 (tc 0.25003 hrr 0.24263)  valid 0.49991 (tc 0.39430 hrr 0.35204)  lr 5.00e-04
    epoch  205  train 0.32341 (tc 0.25064 hrr 0.24256)  valid 0.49008 (tc 0.38876 hrr 0.33771)  lr 5.00e-04  *
    epoch  210  train 0.31977 (tc 0.24737 hrr 0.24133)  valid 0.49424 (tc 0.38976 hrr 0.34824)  lr 5.00e-04
    epoch  220  train 0.31870 (tc 0.24656 hrr 0.24047)  valid 0.49335 (tc 0.38903 hrr 0.34773)  lr 5.00e-04
    epoch  223  train 0.31773 (tc 0.24579 hrr 0.23980)  valid 0.48851 (tc 0.38493 hrr 0.34524)  lr 2.50e-04  *
    epoch  230  train 0.31548 (tc 0.24385 hrr 0.23878)  valid 0.48786 (tc 0.38524 hrr 0.34206)  lr 2.50e-04  *
    epoch  240  train 0.31485 (tc 0.24328 hrr 0.23855)  valid 0.49502 (tc 0.39183 hrr 0.34397)  lr 2.50e-04
    epoch  246  train 0.31331 (tc 0.24199 hrr 0.23774)  valid 0.48698 (tc 0.38476 hrr 0.34076)  lr 2.50e-04  *
    epoch  247  train 0.31330 (tc 0.24199 hrr 0.23770)  valid 0.48367 (tc 0.38188 hrr 0.33929)  lr 2.50e-04  *
    epoch  248  train 0.31295 (tc 0.24169 hrr 0.23754)  valid 0.48056 (tc 0.37907 hrr 0.33829)  lr 2.50e-04  *
    epoch  250  train 0.31360 (tc 0.24219 hrr 0.23804)  valid 0.48563 (tc 0.38295 hrr 0.34230)  lr 2.50e-04
    epoch  260  train 0.31139 (tc 0.24038 hrr 0.23669)  valid 0.48554 (tc 0.38194 hrr 0.34534)  lr 2.50e-04
    epoch  264  train 0.31219 (tc 0.24099 hrr 0.23732)  valid 0.47803 (tc 0.37626 hrr 0.33925)  lr 2.50e-04  *
    epoch  265  train 0.31198 (tc 0.24082 hrr 0.23721)  valid 0.47670 (tc 0.37525 hrr 0.33816)  lr 2.50e-04  *
    epoch  270  train 0.31030 (tc 0.23937 hrr 0.23642)  valid 0.48288 (tc 0.38005 hrr 0.34278)  lr 2.50e-04
    epoch  280  train 0.30977 (tc 0.23899 hrr 0.23591)  valid 0.48743 (tc 0.38455 hrr 0.34291)  lr 2.50e-04
    epoch  290  train 0.30856 (tc 0.23793 hrr 0.23541)  valid 0.48225 (tc 0.37965 hrr 0.34199)  lr 1.25e-04
    epoch  300  train 0.30777 (tc 0.23730 hrr 0.23489)  valid 0.48015 (tc 0.37838 hrr 0.33924)  lr 6.25e-05
    epoch  310  train 0.30748 (tc 0.23706 hrr 0.23472)  valid 0.47924 (tc 0.37785 hrr 0.33795)  lr 6.25e-05
    epoch  320  train 0.30732 (tc 0.23694 hrr 0.23459)  valid 0.48075 (tc 0.37772 hrr 0.34343)  lr 3.13e-05
    early stop at epoch 325 (best 0.47670 @ 265)
    saved models_part1_bal_s52_r2\part1_member1.pt  (1.6 min)

  === member 3/3 (seed 54) ===
    [sentinel] weights moved after epoch 0: |dW| = 3.2535e+00
    epoch    0  train 1.88874 (tc 1.49661 hrr 1.30710)  valid 1.45891 (tc 1.23594 hrr 0.74322)  lr 1.00e-03  *
    epoch    1  train 1.18958 (tc 1.00750 hrr 0.60695)  valid 1.23426 (tc 1.04480 hrr 0.63153)  lr 1.00e-03  *
    epoch    2  train 1.07818 (tc 0.91965 hrr 0.52841)  valid 1.22777 (tc 1.04658 hrr 0.60396)  lr 1.00e-03  *
    epoch    3  train 1.02855 (tc 0.87439 hrr 0.51388)  valid 1.18003 (tc 1.00094 hrr 0.59695)  lr 1.00e-03  *
    epoch    4  train 0.99337 (tc 0.84260 hrr 0.50255)  valid 1.14817 (tc 0.97095 hrr 0.59070)  lr 1.00e-03  *
    epoch    5  train 0.96046 (tc 0.81369 hrr 0.48923)  valid 1.12356 (tc 0.95249 hrr 0.57023)  lr 1.00e-03  *
    epoch    6  train 0.92951 (tc 0.78648 hrr 0.47680)  valid 1.07683 (tc 0.90894 hrr 0.55964)  lr 1.00e-03  *
    epoch    7  train 0.90147 (tc 0.76063 hrr 0.46946)  valid 1.06526 (tc 0.89633 hrr 0.56311)  lr 1.00e-03  *
    epoch    8  train 0.88325 (tc 0.74356 hrr 0.46562)  valid 1.04941 (tc 0.88389 hrr 0.55176)  lr 1.00e-03  *
    epoch    9  train 0.86531 (tc 0.72873 hrr 0.45527)  valid 1.04225 (tc 0.87837 hrr 0.54625)  lr 1.00e-03  *
    epoch   10  train 0.85365 (tc 0.71890 hrr 0.44916)  valid 1.06115 (tc 0.89917 hrr 0.53992)  lr 1.00e-03
    epoch   11  train 0.84889 (tc 0.71653 hrr 0.44120)  valid 1.02113 (tc 0.86231 hrr 0.52939)  lr 1.00e-03  *
    epoch   14  train 0.81427 (tc 0.68777 hrr 0.42167)  valid 1.00356 (tc 0.85291 hrr 0.50215)  lr 1.00e-03  *
    epoch   16  train 0.79271 (tc 0.67124 hrr 0.40490)  valid 0.99009 (tc 0.84172 hrr 0.49458)  lr 1.00e-03  *
    epoch   20  train 0.77047 (tc 0.65374 hrr 0.38910)  valid 0.96476 (tc 0.82179 hrr 0.47659)  lr 1.00e-03  *
    epoch   24  train 0.74713 (tc 0.63374 hrr 0.37796)  valid 0.94323 (tc 0.80475 hrr 0.46162)  lr 1.00e-03  *
    epoch   30  train 0.70904 (tc 0.60130 hrr 0.35912)  valid 0.94584 (tc 0.80868 hrr 0.45718)  lr 1.00e-03
    epoch   34  train 0.70055 (tc 0.59327 hrr 0.35758)  valid 0.93514 (tc 0.80055 hrr 0.44864)  lr 1.00e-03  *
    epoch   35  train 0.68853 (tc 0.58244 hrr 0.35363)  valid 0.93282 (tc 0.79655 hrr 0.45424)  lr 1.00e-03  *
    epoch   36  train 0.67650 (tc 0.57203 hrr 0.34825)  valid 0.93260 (tc 0.79670 hrr 0.45301)  lr 1.00e-03  *
    epoch   37  train 0.66977 (tc 0.56576 hrr 0.34670)  valid 0.91706 (tc 0.78479 hrr 0.44090)  lr 1.00e-03  *
    epoch   38  train 0.67006 (tc 0.56649 hrr 0.34523)  valid 0.91094 (tc 0.77926 hrr 0.43896)  lr 1.00e-03  *
    epoch   40  train 0.65551 (tc 0.55245 hrr 0.34355)  valid 0.91179 (tc 0.77892 hrr 0.44291)  lr 1.00e-03
    epoch   41  train 0.64810 (tc 0.54578 hrr 0.34109)  valid 0.88105 (tc 0.75093 hrr 0.43375)  lr 1.00e-03  *
    epoch   45  train 0.62968 (tc 0.52849 hrr 0.33730)  valid 0.87336 (tc 0.74460 hrr 0.42921)  lr 1.00e-03  *
    epoch   46  train 0.62398 (tc 0.52289 hrr 0.33696)  valid 0.85902 (tc 0.72987 hrr 0.43050)  lr 1.00e-03  *
    epoch   47  train 0.62022 (tc 0.51875 hrr 0.33823)  valid 0.83548 (tc 0.70671 hrr 0.42925)  lr 1.00e-03  *
    epoch   50  train 0.58909 (tc 0.49033 hrr 0.32918)  valid 0.84192 (tc 0.71353 hrr 0.42795)  lr 1.00e-03
    epoch   51  train 0.58117 (tc 0.48298 hrr 0.32729)  valid 0.82252 (tc 0.69602 hrr 0.42167)  lr 1.00e-03  *
    epoch   52  train 0.57345 (tc 0.47571 hrr 0.32579)  valid 0.80548 (tc 0.68007 hrr 0.41804)  lr 1.00e-03  *
    epoch   55  train 0.54976 (tc 0.45367 hrr 0.32032)  valid 0.79038 (tc 0.66482 hrr 0.41854)  lr 1.00e-03  *
    epoch   56  train 0.54138 (tc 0.44585 hrr 0.31842)  valid 0.78756 (tc 0.66293 hrr 0.41544)  lr 1.00e-03  *
    epoch   57  train 0.53410 (tc 0.43894 hrr 0.31721)  valid 0.77397 (tc 0.65029 hrr 0.41227)  lr 1.00e-03  *
    epoch   59  train 0.52141 (tc 0.42693 hrr 0.31493)  valid 0.76598 (tc 0.64267 hrr 0.41102)  lr 1.00e-03  *
    epoch   60  train 0.51954 (tc 0.42488 hrr 0.31553)  valid 0.75793 (tc 0.63533 hrr 0.40866)  lr 1.00e-03  *
    epoch   61  train 0.51527 (tc 0.42092 hrr 0.31451)  valid 0.75329 (tc 0.63019 hrr 0.41033)  lr 1.00e-03  *
    epoch   62  train 0.50968 (tc 0.41528 hrr 0.31468)  valid 0.74367 (tc 0.62072 hrr 0.40983)  lr 1.00e-03  *
    epoch   63  train 0.50232 (tc 0.40853 hrr 0.31263)  valid 0.72894 (tc 0.60781 hrr 0.40376)  lr 1.00e-03  *
    epoch   65  train 0.49276 (tc 0.39964 hrr 0.31039)  valid 0.72732 (tc 0.60412 hrr 0.41067)  lr 1.00e-03  *
    epoch   66  train 0.49026 (tc 0.39733 hrr 0.30977)  valid 0.71988 (tc 0.59721 hrr 0.40889)  lr 1.00e-03  *
    epoch   67  train 0.48151 (tc 0.38910 hrr 0.30805)  valid 0.69280 (tc 0.57235 hrr 0.40152)  lr 1.00e-03  *
    epoch   70  train 0.46955 (tc 0.37738 hrr 0.30725)  valid 0.69905 (tc 0.57907 hrr 0.39992)  lr 1.00e-03
    epoch   73  train 0.45801 (tc 0.36681 hrr 0.30399)  valid 0.68716 (tc 0.56556 hrr 0.40533)  lr 1.00e-03  *
    epoch   74  train 0.45387 (tc 0.36273 hrr 0.30378)  valid 0.67514 (tc 0.55416 hrr 0.40328)  lr 1.00e-03  *
    epoch   77  train 0.44181 (tc 0.35213 hrr 0.29893)  valid 0.67367 (tc 0.55312 hrr 0.40186)  lr 1.00e-03  *
    epoch   79  train 0.43709 (tc 0.34782 hrr 0.29756)  valid 0.66397 (tc 0.54640 hrr 0.39190)  lr 1.00e-03  *
    epoch   80  train 0.43426 (tc 0.34544 hrr 0.29608)  valid 0.66731 (tc 0.54950 hrr 0.39269)  lr 1.00e-03
    epoch   82  train 0.42861 (tc 0.34039 hrr 0.29407)  valid 0.64804 (tc 0.53177 hrr 0.38756)  lr 1.00e-03  *
    epoch   90  train 0.41646 (tc 0.32935 hrr 0.29040)  valid 0.64035 (tc 0.52361 hrr 0.38913)  lr 1.00e-03  *
    epoch   92  train 0.41297 (tc 0.32664 hrr 0.28778)  valid 0.61956 (tc 0.50415 hrr 0.38471)  lr 1.00e-03  *
    epoch  100  train 0.40310 (tc 0.31827 hrr 0.28275)  valid 0.61537 (tc 0.50230 hrr 0.37689)  lr 1.00e-03  *
    epoch  107  train 0.39498 (tc 0.31183 hrr 0.27716)  valid 0.61286 (tc 0.49992 hrr 0.37646)  lr 1.00e-03  *
    epoch  108  train 0.39273 (tc 0.30964 hrr 0.27696)  valid 0.60978 (tc 0.49714 hrr 0.37545)  lr 1.00e-03  *
    epoch  110  train 0.38881 (tc 0.30635 hrr 0.27487)  valid 0.61859 (tc 0.50506 hrr 0.37846)  lr 1.00e-03
    epoch  113  train 0.39437 (tc 0.31055 hrr 0.27939)  valid 0.59961 (tc 0.48838 hrr 0.37078)  lr 1.00e-03  *
    epoch  120  train 0.37689 (tc 0.29632 hrr 0.26856)  valid 0.59677 (tc 0.48397 hrr 0.37598)  lr 1.00e-03  *
    epoch  121  train 0.37400 (tc 0.29388 hrr 0.26706)  valid 0.59499 (tc 0.48382 hrr 0.37055)  lr 1.00e-03  *
    epoch  124  train 0.36740 (tc 0.28844 hrr 0.26319)  valid 0.59336 (tc 0.48112 hrr 0.37414)  lr 1.00e-03  *
    epoch  127  train 0.36681 (tc 0.28809 hrr 0.26240)  valid 0.58464 (tc 0.47402 hrr 0.36871)  lr 1.00e-03  *
    epoch  129  train 0.36337 (tc 0.28518 hrr 0.26062)  valid 0.57714 (tc 0.46710 hrr 0.36680)  lr 1.00e-03  *
    epoch  130  train 0.36190 (tc 0.28382 hrr 0.26027)  valid 0.57785 (tc 0.46977 hrr 0.36028)  lr 1.00e-03
    epoch  135  train 0.35577 (tc 0.27841 hrr 0.25787)  valid 0.57679 (tc 0.46676 hrr 0.36674)  lr 1.00e-03  *
    epoch  136  train 0.35664 (tc 0.27926 hrr 0.25793)  valid 0.57315 (tc 0.46590 hrr 0.35749)  lr 1.00e-03  *
    epoch  140  train 0.35142 (tc 0.27461 hrr 0.25603)  valid 0.58295 (tc 0.47007 hrr 0.37626)  lr 1.00e-03
    epoch  143  train 0.34866 (tc 0.27228 hrr 0.25458)  valid 0.56883 (tc 0.46111 hrr 0.35908)  lr 1.00e-03  *
    epoch  150  train 0.34135 (tc 0.26614 hrr 0.25071)  valid 0.57343 (tc 0.46213 hrr 0.37100)  lr 1.00e-03
    epoch  151  train 0.34016 (tc 0.26506 hrr 0.25033)  valid 0.55966 (tc 0.45025 hrr 0.36468)  lr 1.00e-03  *
    epoch  160  train 0.36053 (tc 0.27860 hrr 0.27308)  valid 0.56637 (tc 0.45409 hrr 0.37425)  lr 1.00e-03
    epoch  165  train 0.34925 (tc 0.27180 hrr 0.25818)  valid 0.55901 (tc 0.44670 hrr 0.37437)  lr 1.00e-03  *
    epoch  167  train 0.34734 (tc 0.27064 hrr 0.25566)  valid 0.53960 (tc 0.43312 hrr 0.35493)  lr 1.00e-03  *
    epoch  170  train 0.33868 (tc 0.26316 hrr 0.25173)  valid 0.55931 (tc 0.44792 hrr 0.37130)  lr 1.00e-03
    epoch  176  train 0.34928 (tc 0.27174 hrr 0.25848)  valid 0.53399 (tc 0.42931 hrr 0.34893)  lr 1.00e-03  *
    epoch  180  train 0.33481 (tc 0.25988 hrr 0.24975)  valid 0.54669 (tc 0.43836 hrr 0.36112)  lr 1.00e-03
    epoch  190  train 0.32611 (tc 0.25243 hrr 0.24559)  valid 0.53834 (tc 0.43195 hrr 0.35463)  lr 1.00e-03
    epoch  200  train 0.31776 (tc 0.24591 hrr 0.23949)  valid 0.53938 (tc 0.43073 hrr 0.36218)  lr 5.00e-04
    epoch  205  train 0.31693 (tc 0.24526 hrr 0.23889)  valid 0.53371 (tc 0.42773 hrr 0.35327)  lr 5.00e-04  *
    epoch  210  train 0.31519 (tc 0.24374 hrr 0.23818)  valid 0.53668 (tc 0.42933 hrr 0.35784)  lr 5.00e-04
    epoch  211  train 0.31501 (tc 0.24366 hrr 0.23785)  valid 0.53085 (tc 0.42505 hrr 0.35268)  lr 5.00e-04  *
    epoch  220  train 0.31429 (tc 0.24304 hrr 0.23750)  valid 0.53101 (tc 0.42489 hrr 0.35372)  lr 5.00e-04
    epoch  223  train 0.31432 (tc 0.24306 hrr 0.23755)  valid 0.52931 (tc 0.42368 hrr 0.35209)  lr 5.00e-04  *
    epoch  226  train 0.31396 (tc 0.24274 hrr 0.23741)  valid 0.52850 (tc 0.42131 hrr 0.35727)  lr 5.00e-04  *
    epoch  227  train 0.31358 (tc 0.24247 hrr 0.23704)  valid 0.52607 (tc 0.42130 hrr 0.34925)  lr 5.00e-04  *
    epoch  228  train 0.31237 (tc 0.24143 hrr 0.23646)  valid 0.52429 (tc 0.41919 hrr 0.35030)  lr 5.00e-04  *
    epoch  230  train 0.31177 (tc 0.24083 hrr 0.23646)  valid 0.52811 (tc 0.42344 hrr 0.34890)  lr 5.00e-04
    epoch  234  train 0.31202 (tc 0.24111 hrr 0.23638)  valid 0.52245 (tc 0.41870 hrr 0.34584)  lr 5.00e-04  *
    epoch  235  train 0.31142 (tc 0.24057 hrr 0.23615)  valid 0.51768 (tc 0.41367 hrr 0.34673)  lr 5.00e-04  *
    epoch  240  train 0.30960 (tc 0.23913 hrr 0.23492)  valid 0.52722 (tc 0.42091 hrr 0.35434)  lr 5.00e-04
    epoch  250  train 0.30891 (tc 0.23863 hrr 0.23424)  valid 0.52665 (tc 0.41946 hrr 0.35730)  lr 5.00e-04
    epoch  260  train 0.30688 (tc 0.23701 hrr 0.23289)  valid 0.52710 (tc 0.41958 hrr 0.35841)  lr 2.50e-04
    epoch  270  train 0.30582 (tc 0.23620 hrr 0.23205)  valid 0.52646 (tc 0.41893 hrr 0.35845)  lr 1.25e-04
    epoch  280  train 0.30499 (tc 0.23548 hrr 0.23171)  valid 0.52871 (tc 0.42015 hrr 0.36185)  lr 1.25e-04
    epoch  290  train 0.30446 (tc 0.23502 hrr 0.23145)  valid 0.52851 (tc 0.41939 hrr 0.36373)  lr 6.25e-05
    early stop at epoch 295 (best 0.51768 @ 235)
    saved models_part1_bal_s52_r2\part1_member2.pt  (1.5 min)

  done. 3 member(s) in models_part1_bal_s52_r2
  next: python evaluate_part1.py --model-dir models_part1_bal_s52_r2
